Archive member included to satisfy reference by file (symbol)

/media/ishu/Data/MS/Quarter5/ERTS/lab/Quadcopter/gcc-arm-none-eabi/bin/../lib/gcc/arm-none-eabi/5.4.1/../../../../arm-none-eabi/lib/armv6-m/libc_nano.a(lib_a-exit.o)
                              /media/ishu/Data/MS/Quarter5/ERTS/lab/Quadcopter/gcc-arm-none-eabi/bin/../lib/gcc/arm-none-eabi/5.4.1/../../../../arm-none-eabi/lib/armv6-m/crt0.o (exit)
/media/ishu/Data/MS/Quarter5/ERTS/lab/Quadcopter/gcc-arm-none-eabi/bin/../lib/gcc/arm-none-eabi/5.4.1/../../../../arm-none-eabi/lib/armv6-m/libc_nano.a(lib_a-impure.o)
                              /media/ishu/Data/MS/Quarter5/ERTS/lab/Quadcopter/gcc-arm-none-eabi/bin/../lib/gcc/arm-none-eabi/5.4.1/../../../../arm-none-eabi/lib/armv6-m/libc_nano.a(lib_a-exit.o) (_global_impure_ptr)
/media/ishu/Data/MS/Quarter5/ERTS/lab/Quadcopter/gcc-arm-none-eabi/bin/../lib/gcc/arm-none-eabi/5.4.1/../../../../arm-none-eabi/lib/armv6-m/libc_nano.a(lib_a-init.o)
                              /media/ishu/Data/MS/Quarter5/ERTS/lab/Quadcopter/gcc-arm-none-eabi/bin/../lib/gcc/arm-none-eabi/5.4.1/../../../../arm-none-eabi/lib/armv6-m/crt0.o (__libc_init_array)
/media/ishu/Data/MS/Quarter5/ERTS/lab/Quadcopter/gcc-arm-none-eabi/bin/../lib/gcc/arm-none-eabi/5.4.1/../../../../arm-none-eabi/lib/armv6-m/libc_nano.a(lib_a-memset.o)
                              /media/ishu/Data/MS/Quarter5/ERTS/lab/Quadcopter/gcc-arm-none-eabi/bin/../lib/gcc/arm-none-eabi/5.4.1/../../../../arm-none-eabi/lib/armv6-m/crt0.o (memset)
/media/ishu/Data/MS/Quarter5/ERTS/lab/Quadcopter/gcc-arm-none-eabi/bin/../lib/gcc/arm-none-eabi/5.4.1/../../../../arm-none-eabi/lib/armv6-m/libnosys.a(_exit.o)
                              /media/ishu/Data/MS/Quarter5/ERTS/lab/Quadcopter/gcc-arm-none-eabi/bin/../lib/gcc/arm-none-eabi/5.4.1/../../../../arm-none-eabi/lib/armv6-m/libc_nano.a(lib_a-exit.o) (_exit)
/media/ishu/Data/MS/Quarter5/ERTS/lab/Quadcopter/gcc-arm-none-eabi/bin/../lib/gcc/arm-none-eabi/5.4.1/../../../../arm-none-eabi/lib/armv6-m/libm.a(lib_a-s_fabs.o)
                              _build/inv_mpu.o (fabs)
/media/ishu/Data/MS/Quarter5/ERTS/lab/Quadcopter/gcc-arm-none-eabi/bin/../lib/gcc/arm-none-eabi/5.4.1/../../../../arm-none-eabi/lib/armv6-m/libm.a(lib_a-w_asin.o)
                              _build/mpu_wrapper.o (asin)
/media/ishu/Data/MS/Quarter5/ERTS/lab/Quadcopter/gcc-arm-none-eabi/bin/../lib/gcc/arm-none-eabi/5.4.1/../../../../arm-none-eabi/lib/armv6-m/libm.a(lib_a-w_atan2.o)
                              _build/mpu_wrapper.o (atan2)
/media/ishu/Data/MS/Quarter5/ERTS/lab/Quadcopter/gcc-arm-none-eabi/bin/../lib/gcc/arm-none-eabi/5.4.1/../../../../arm-none-eabi/lib/armv6-m/libm.a(lib_a-e_asin.o)
                              /media/ishu/Data/MS/Quarter5/ERTS/lab/Quadcopter/gcc-arm-none-eabi/bin/../lib/gcc/arm-none-eabi/5.4.1/../../../../arm-none-eabi/lib/armv6-m/libm.a(lib_a-w_asin.o) (__ieee754_asin)
/media/ishu/Data/MS/Quarter5/ERTS/lab/Quadcopter/gcc-arm-none-eabi/bin/../lib/gcc/arm-none-eabi/5.4.1/../../../../arm-none-eabi/lib/armv6-m/libm.a(lib_a-e_atan2.o)
                              /media/ishu/Data/MS/Quarter5/ERTS/lab/Quadcopter/gcc-arm-none-eabi/bin/../lib/gcc/arm-none-eabi/5.4.1/../../../../arm-none-eabi/lib/armv6-m/libm.a(lib_a-w_atan2.o) (__ieee754_atan2)
/media/ishu/Data/MS/Quarter5/ERTS/lab/Quadcopter/gcc-arm-none-eabi/bin/../lib/gcc/arm-none-eabi/5.4.1/../../../../arm-none-eabi/lib/armv6-m/libm.a(lib_a-e_sqrt.o)
                              /media/ishu/Data/MS/Quarter5/ERTS/lab/Quadcopter/gcc-arm-none-eabi/bin/../lib/gcc/arm-none-eabi/5.4.1/../../../../arm-none-eabi/lib/armv6-m/libm.a(lib_a-e_asin.o) (__ieee754_sqrt)
/media/ishu/Data/MS/Quarter5/ERTS/lab/Quadcopter/gcc-arm-none-eabi/bin/../lib/gcc/arm-none-eabi/5.4.1/../../../../arm-none-eabi/lib/armv6-m/libm.a(lib_a-s_atan.o)
                              /media/ishu/Data/MS/Quarter5/ERTS/lab/Quadcopter/gcc-arm-none-eabi/bin/../lib/gcc/arm-none-eabi/5.4.1/../../../../arm-none-eabi/lib/armv6-m/libm.a(lib_a-e_atan2.o) (atan)
/media/ishu/Data/MS/Quarter5/ERTS/lab/Quadcopter/gcc-arm-none-eabi/bin/../lib/gcc/arm-none-eabi/5.4.1/../../../../arm-none-eabi/lib/armv6-m/libm.a(lib_a-s_lib_ver.o)
                              /media/ishu/Data/MS/Quarter5/ERTS/lab/Quadcopter/gcc-arm-none-eabi/bin/../lib/gcc/arm-none-eabi/5.4.1/../../../../arm-none-eabi/lib/armv6-m/libm.a(lib_a-w_asin.o) (__fdlib_version)
/media/ishu/Data/MS/Quarter5/ERTS/lab/Quadcopter/gcc-arm-none-eabi/bin/../lib/gcc/arm-none-eabi/5.4.1/../../../../arm-none-eabi/lib/armv6-m/libm.a(lib_a-s_matherr.o)
                              /media/ishu/Data/MS/Quarter5/ERTS/lab/Quadcopter/gcc-arm-none-eabi/bin/../lib/gcc/arm-none-eabi/5.4.1/../../../../arm-none-eabi/lib/armv6-m/libm.a(lib_a-w_asin.o) (matherr)
/media/ishu/Data/MS/Quarter5/ERTS/lab/Quadcopter/gcc-arm-none-eabi/bin/../lib/gcc/arm-none-eabi/5.4.1/../../../../arm-none-eabi/lib/armv6-m/libm.a(lib_a-s_nan.o)
[...]
Memory Configuration

Name             Origin             Length             Attributes
FLASH            0x00018000         0x00028000         xr
RAM              0x20002000         0x00002000         xrw
*default*        0x00000000         0xffffffff

Linker script and memory map

LOAD /media/ishu/Data/MS/Quarter5/ERTS/lab/Quadcopter/gcc-arm-none-eabi/bin/../lib/gcc/arm-none-eabi/5.4.1/armv6-m/crti.o
LOAD /media/ishu/Data/MS/Quarter5/ERTS/lab/Quadcopter/gcc-arm-none-eabi/bin/../lib/gcc/arm-none-eabi/5.4.1/armv6-m/crtbegin.o
LOAD /media/ishu/Data/MS/Quarter5/ERTS/lab/Quadcopter/gcc-arm-none-eabi/bin/../lib/gcc/arm-none-eabi/5.4.1/../../../../arm-none-eabi/lib/armv6-m/crt0.o
LOAD /media/ishu/Data/MS/Quarter5/ERTS/lab/Quadcopter/gcc-arm-none-eabi/bin/../lib/gcc/arm-none-eabi/5.4.1/../../../../arm-none-eabi/lib/armv6-m/libc_nano.a
LOAD /media/ishu/Data/MS/Quarter5/ERTS/lab/Quadcopter/gcc-arm-none-eabi/bin/../lib/gcc/arm-none-eabi/5.4.1/../../../../arm-none-eabi/lib/armv6-m/libnosys.a
LOAD /media/ishu/Data/MS/Quarter5/ERTS/lab/Quadcopter/gcc-arm-none-eabi/bin/../lib/gcc/arm-none-eabi/5.4.1/../../../../arm-none-eabi/lib/armv6-m/libm.a
LOAD _build/system_nrf51.o
LOAD _build/nrf_delay.o
LOAD _build/in4073.o
LOAD _build/control.o
LOAD _build/sensors.o
LOAD _build/fix16.o
LOAD _build/crc.o
LOAD _build/packet.o
LOAD _build/packet_uav.o
LOAD _build/logging.o
LOAD _build/gpio.o
LOAD _build/timers.o
LOAD _build/uart.o
LOAD _build/queue.o
LOAD _build/twi.o
LOAD _build/adc.o
LOAD _build/baro.o
LOAD _build/ble.o
LOAD _build/spi_flash.o
LOAD _build/inv_mpu.o
LOAD _build/inv_mpu_dmp_motion_driver.o
LOAD _build/ml.o
LOAD _build/mpu_wrapper.o
LOAD _build/app_error.o
LOAD _build/app_timer.o
LOAD _build/nrf_assert.o
LOAD _build/nrf_drv_common.o
LOAD _build/pstorage.o
LOAD _build/ble_advdata.o
LOAD _build/ble_advertising.o
LOAD _build/ble_conn_params.o
LOAD _build/ble_nus.o
LOAD _build/ble_srv_common.o
LOAD _build/softdevice_handler.o
LOAD _build/gcc_startup_nrf51.o
LOAD /media/ishu/Data/MS/Quarter5/ERTS/lab/Quadcopter/gcc-arm-none-eabi/bin/../lib/gcc/arm-none-eabi/5.4.1/../../../../arm-none-eabi/lib/armv6-m/libm.a
START GROUP
LOAD /media/ishu/Data/MS/Quarter5/ERTS/lab/Quadcopter/gcc-arm-none-eabi/bin/../lib/gcc/arm-none-eabi/5.4.1/armv6-m/libgcc.a
LOAD /media/ishu/Data/MS/Quarter5/ERTS/lab/Quadcopter/gcc-arm-none-eabi/bin/../lib/gcc/arm-none-eabi/5.4.1/../../../../arm-none-eabi/lib/armv6-m/libc_nano.a
END GROUP
START GROUP
LOAD /media/ishu/Data/MS/Quarter5/ERTS/lab/Quadcopter/gcc-arm-none-eabi/bin/../lib/gcc/arm-none-eabi/5.4.1/armv6-m/libgcc.a
LOAD /media/ishu/Data/MS/Quarter5/ERTS/lab/Quadcopter/gcc-arm-none-eabi/bin/../lib/gcc/arm-none-eabi/5.4.1/../../../../arm-none-eabi/lib/armv6-m/libc_nano.a
END GROUP
LOAD /media/ishu/Data/MS/Quarter5/ERTS/lab/Quadcopter/gcc-arm-none-eabi/bin/../lib/gcc/arm-none-eabi/5.4.1/armv6-m/crtend.o
LOAD /media/ishu/Data/MS/Quarter5/ERTS/lab/Quadcopter/gcc-arm-none-eabi/bin/../lib/gcc/arm-none-eabi/5.4.1/armv6-m/crtn.o
START GROUP
LOAD /media/ishu/Data/MS/Quarter5/ERTS/lab/Quadcopter/gcc-arm-none-eabi/bin/../lib/gcc/arm-none-eabi/5.4.1/armv6-m/libgcc.a
LOAD /media/ishu/Data/MS/Quarter5/ERTS/lab/Quadcopter/gcc-arm-none-eabi/bin/../lib/gcc/arm-none-eabi/5.4.1/../../../../arm-none-eabi/lib/armv6-m/libc.a
LOAD /media/ishu/Data/MS/Quarter5/ERTS/lab/Quadcopter/gcc-arm-none-eabi/bin/../lib/gcc/arm-none-eabi/5.4.1/../../../../arm-none-eabi/lib/armv6-m/libnosys.a
END GROUP

.fs_data_out    0x00000000        0x0
                [!provide]                PROVIDE (__start_fs_data, .)
 *(fs_data)
                [!provide]                PROVIDE (__stop_fs_data, .)

.text           0x00018000     0xbe3c
 *(.Vectors)
 .Vectors       0x00018000       0xc0 _build/gcc_startup_nrf51.o
                0x00018000                __Vectors
 *(.text*)
 .text          0x000180c0       0x60 /media/ishu/Data/MS/Quarter5/ERTS/lab/Quadcopter/gcc-arm-none-eabi/bin/../lib/gcc/arm-none-eabi/5.4.1/armv6-m/crtbegin.o
 .text          0x00018120       0x78 /media/ishu/Data/MS/Quarter5/ERTS/lab/Quadcopter/gcc-arm-none-eabi/bin/../lib/gcc/arm-none-eabi/5.4.1/../../../../arm-none-eabi/lib/armv6-m/crt0.o
                0x00018120                _mainCRTStartup
                0x00018120                _start
 .text.exit     0x00018198       0x2c /media/ishu/Data/MS/Quarter5/ERTS/lab/Quadcopter/gcc-arm-none-eabi/bin/../lib/gcc/arm-none-eabi/5.4.1/../../../../arm-none-eabi/lib/armv6-m/libc_nano.a(lib_a-exit.o)
                0x00018198                exit
 .text.__libc_init_array
                0x000181c4       0x4c /media/ishu/Data/MS/Quarter5/ERTS/lab/Quadcopter/gcc-arm-none-eabi/bin/../lib/gcc/arm-none-eabi/5.4.1/../../../../arm-none-eabi/lib/armv6-m/libc_nano.a(lib_a-init.o)
                0x000181c4                __libc_init_array
 .text.memset   0x00018210       0x10 /media/ishu/Data/MS/Quarter5/ERTS/lab/Quadcopter/gcc-arm-none-eabi/bin/../lib/gcc/arm-none-eabi/5.4.1/../../../../arm-none-eabi/lib/armv6-m/libc_nano.a(lib_a-memset.o)
                0x00018210                memset
 .text._exit    0x00018220        0x4 /media/ishu/Data/MS/Quarter5/ERTS/lab/Quadcopter/gcc-arm-none-eabi/bin/../lib/gcc/arm-none-eabi/5.4.1/../../../../arm-none-eabi/lib/armv6-m/libnosys.a(_exit.o)
                0x00018220                _exit
 .text.SystemInit
                0x00018224       0x94 _build/system_nrf51.o
                0x00018224                SystemInit
 .text.nrf_delay_ms
                0x000182b8       0x3c _build/nrf_delay.o
                0x000182b8                nrf_delay_ms
 .text.determine_mode
                0x000182f4      0x1e8 _build/in4073.o
                0x000182f4                determine_mode
 .text.process_mode
                0x000184dc      0x1a0 _build/in4073.o
                0x000184dc                process_mode
 .text.startup.main
                0x0001867c      0x1f8 _build/in4073.o
                0x0001867c                main
 .text.update_actuator
                0x00018874      0x108 _build/control.o
                0x00018874                update_actuator
 .text.update_motors
                0x0001897c       0x90 _build/control.o
                0x0001897c                update_motors
 .text.run_filters_and_control
                0x00018a0c        0x4 _build/control.o
                0x00018a0c                run_filters_and_control
 .text.yaw_mode
                0x00018a10       0x8c _build/control.o
                0x00018a10                yaw_mode
 .text.full_mode
                0x00018a9c      0x13c _build/control.o
                0x00018a9c                full_mode
 .text.isCalibrated
                0x00018bd8        0xc _build/sensors.o
                0x00018bd8                isCalibrated
 .text.get_sensor
                0x00018be4       0xdc _build/sensors.o
                0x00018be4                get_sensor
 .text.insert_data
                0x00018cc0      0x13c _build/sensors.o
                0x00018cc0                insert_data
 .text.calibrate_sensors
                0x00018dfc      0x534 _build/sensors.o
                0x00018dfc                calibrate_sensors
 .text.crc_core
                0x00019330       0x24 _build/crc.o
                0x00019330                crc_core
 .text.decode_header_pc_uav
                0x00019354       0x7c _build/packet.o
                0x00019354                decode_header_pc_uav
 .text.decode_data_command
                0x000193d0       0x18 _build/packet.o
                0x000193d0                decode_data_command
 .text.decode   0x000193e8      0x140 _build/packet_uav.o
                0x000193e8                decode
 .text.init_logging
                0x00019528       0x44 _build/logging.o
                0x00019528                init_logging
 .text.select_log_mode
                0x0001956c       0x48 _build/logging.o
                0x0001956c                select_log_mode
 .text.gpio_init
                0x000195b4       0x8c _build/gpio.o
                0x000195b4                gpio_init
 .text.quadrupel_timer_handler
                0x00019640        0xc _build/timers.o
                0x00019640                quadrupel_timer_handler
 .text.TIMER2_IRQHandler
                0x0001964c       0xb8 _build/timers.o
                0x0001964c                TIMER2_IRQHandler
 .text.TIMER1_IRQHandler
                0x00019704       0xac _build/timers.o
                0x00019704                TIMER1_IRQHandler
 .text.get_time_us
                0x000197b0       0x20 _build/timers.o
                0x000197b0                get_time_us
 .text.check_timer_flag
                0x000197d0        0xc _build/timers.o
                0x000197d0                check_timer_flag
 .text.clear_timer_flag
                0x000197dc        0xc _build/timers.o
                0x000197dc                clear_timer_flag
 .text.timers_init
                0x000197e8      0x1d4 _build/timers.o
                0x000197e8                timers_init
 .text._write   0x000199bc       0x84 _build/uart.o
                0x000199bc                _write
 .text.UART0_IRQHandler
                0x00019a40       0x84 _build/uart.o
                0x00019a40                UART0_IRQHandler
 .text.uart_init
                0x00019ac4       0xa0 _build/uart.o
                0x00019ac4                uart_init
 .text.init_queue
                0x00019b64       0x14 _build/queue.o
                0x00019b64                init_queue
 .text.enqueue  0x00019b78       0x1c _build/queue.o
                0x00019b78                enqueue
 .text.dequeue  0x00019b94       0x20 _build/queue.o
                0x00019b94                dequeue
 .text.i2c_read
                0x00019bb4       0xc0 _build/twi.o
                0x00019bb4                i2c_read
 .text.i2c_write
                0x00019c74       0x70 _build/twi.o
                0x00019c74                i2c_write
 .text.SPI0_TWI0_IRQHandler
                0x00019ce4       0x70 _build/twi.o
                0x00019ce4                SPI0_TWI0_IRQHandler
 .text.twi_init
                0x00019d54       0x84 _build/twi.o
                0x00019d54                twi_init
 .text.ADC_IRQHandler
                0x00019dd8       0x24 _build/adc.o
                0x00019dd8                ADC_IRQHandler
 .text.adc_init
                0x00019dfc       0x3c _build/adc.o
                0x00019dfc                adc_init
 .text.read_baro
                0x00019e38      0x1b4 _build/baro.o
                0x00019e38                read_baro
 .text.baro_init
                0x00019fec       0x34 _build/baro.o
                0x00019fec                baro_init
 .text.sd_ble_gap_disconnect
                0x0001a020        0x4 _build/ble.o
 .text.sd_ble_gap_ppcp_set
                0x0001a024        0x4 _build/ble.o
 .text.sd_ble_gap_device_name_set
                0x0001a028        0x4 _build/ble.o
 .text.sd_ble_gap_sec_params_reply
                0x0001a02c        0x4 _build/ble.o
 .text.sd_ble_gatts_sys_attr_set
                0x0001a030        0x4 _build/ble.o
 .text.sd_ble_enable
                0x0001a034        0x4 _build/ble.o
 .text.sd_nvic_EnableIRQ
                0x0001a038        0x4 _build/ble.o
 .text.sd_nvic_ClearPendingIRQ
                0x0001a03c        0x4 _build/ble.o
 .text.sd_nvic_SetPriority
                0x0001a040        0x4 _build/ble.o
 .text.sd_radio_notification_cfg_set
                0x0001a044        0x4 _build/ble.o
 .text.conn_params_error_handler
                0x0001a048       0x1c _build/ble.o
 .text.nus_data_handler
                0x0001a064       0x20 _build/ble.o
 .text.ble_evt_dispatch
                0x0001a084       0x94 _build/ble.o
 .text.on_conn_params_evt
                0x0001a118       0x38 _build/ble.o
 .text.SWI1_IRQHandler
                0x0001a150       0x10 _build/ble.o
                0x0001a150                SWI1_IRQHandler
 .text.ble_init
                0x0001a160      0x204 _build/ble.o
                0x0001a160                ble_init
 .text.flash_chip_erase
                0x0001a364       0x9c _build/spi_flash.o
                0x0001a364                flash_chip_erase
 .text.spi_flash_init
                0x0001a400      0x230 _build/spi_flash.o
                0x0001a400                spi_flash_init
 .text.mpu_reset_fifo
                0x0001a630      0x15c _build/inv_mpu.o
                0x0001a630                mpu_reset_fifo
 .text.mpu_lp_accel_mode
                0x0001a78c      0x1b8 _build/inv_mpu.o
                0x0001a78c                mpu_lp_accel_mode
 .text.mpu_get_accel_fsr
                0x0001a944       0x4c _build/inv_mpu.o
                0x0001a944                mpu_get_accel_fsr
 .text.mpu_set_lpf
                0x0001a990       0x78 _build/inv_mpu.o
                0x0001a990                mpu_set_lpf
 .text.mpu_set_sample_rate
                0x0001aa08      0x168 _build/inv_mpu.o
                0x0001aa08                mpu_set_sample_rate
 .text.mpu_configure_fifo
                0x0001ab70       0xd0 _build/inv_mpu.o
                0x0001ab70                mpu_configure_fifo
 .text.mpu_set_sensors
                0x0001ac40      0x140 _build/inv_mpu.o
                0x0001ac40                mpu_set_sensors
 .text.mpu_init
                0x0001ad80      0x1f4 _build/inv_mpu.o
                0x0001ad80                mpu_init
 .text.mpu_read_fifo_stream
                0x0001af74       0xb0 _build/inv_mpu.o
                0x0001af74                mpu_read_fifo_stream
 .text.mpu_set_int_level
                0x0001b024       0x10 _build/inv_mpu.o
                0x0001b024                mpu_set_int_level
 .text.mpu_set_int_latched
                0x0001b034       0x68 _build/inv_mpu.o
                0x0001b034                mpu_set_int_latched
 .text.mpu_write_mem
                0x0001b09c       0x58 _build/inv_mpu.o
                0x0001b09c                mpu_write_mem
 .text.mpu_load_firmware
                0x0001b0f4      0x15c _build/inv_mpu.o
                0x0001b0f4                mpu_load_firmware
 .text.mpu_set_dmp_state
                0x0001b250      0x174 _build/inv_mpu.o
                0x0001b250                mpu_set_dmp_state
 .text.dmp_load_motion_driver_firmware
                0x0001b3c4       0x1c _build/inv_mpu_dmp_motion_driver.o
                0x0001b3c4                dmp_load_motion_driver_firmware
 .text.dmp_set_orientation
                0x0001b3e0      0x118 _build/inv_mpu_dmp_motion_driver.o
                0x0001b3e0                dmp_set_orientation
 .text.dmp_set_fifo_rate
                0x0001b4f8       0x64 _build/inv_mpu_dmp_motion_driver.o
                0x0001b4f8                dmp_set_fifo_rate
 .text.dmp_set_tap_thresh
                0x0001b55c      0x164 _build/inv_mpu_dmp_motion_driver.o
                0x0001b55c                dmp_set_tap_thresh
 .text.dmp_enable_feature
                0x0001b6c0      0x28c _build/inv_mpu_dmp_motion_driver.o
                0x0001b6c0                dmp_enable_feature
 .text.dmp_read_fifo
                0x0001b94c      0x20c _build/inv_mpu_dmp_motion_driver.o
                0x0001b94c                dmp_read_fifo
 .text.inv_orientation_matrix_to_scalar
                0x0001bb58      0x11c _build/ml.o
                0x0001bb58                inv_orientation_matrix_to_scalar
 .text.get_dmp_data
                0x0001bc74      0x218 _build/mpu_wrapper.o
                0x0001bc74                get_dmp_data
 .text.check_sensor_int_flag
                0x0001be8c       0x20 _build/mpu_wrapper.o
                0x0001be8c                check_sensor_int_flag
 .text.imu_init
                0x0001beac      0x10c _build/mpu_wrapper.o
                0x0001beac                imu_init
 .text.app_error_handler
                0x0001bfb8       0x40 _build/app_error.o
                0x0001bfb8                app_error_handler
 .text.rtc1_stop
                0x0001bff8       0x78 _build/app_timer.o
 .text.RTC1_IRQHandler
                0x0001c070       0xe0 _build/app_timer.o
                0x0001c070                RTC1_IRQHandler
 .text.SWI0_IRQHandler
                0x0001c150      0x4cc _build/app_timer.o
                0x0001c150                SWI0_IRQHandler
 .text.app_timer_init
                0x0001c61c       0xe4 _build/app_timer.o
                0x0001c61c                app_timer_init
 .text.app_timer_create
                0x0001c700       0x34 _build/app_timer.o
                0x0001c700                app_timer_create
 .text.app_timer_start
                0x0001c734       0xec _build/app_timer.o
                0x0001c734                app_timer_start
 .text.app_timer_stop
                0x0001c820       0xc4 _build/app_timer.o
                0x0001c820                app_timer_stop
 .text.pstorage_access_status_get
                0x0001c8e4       0x28 _build/pstorage.o
                0x0001c8e4                pstorage_access_status_get
 .text.sd_ble_gap_address_get
                0x0001c90c        0x4 _build/ble_advdata.o
 .text.sd_ble_gap_adv_data_set
                0x0001c910        0x4 _build/ble_advdata.o
 .text.sd_ble_gap_appearance_get
                0x0001c914        0x4 _build/ble_advdata.o
 .text.sd_ble_gap_device_name_get
                0x0001c918        0x4 _build/ble_advdata.o
 .text.sd_ble_uuid_encode
                0x0001c91c        0x4 _build/ble_advdata.o
 .text.uuid_list_sized_encode
                0x0001c920       0xf8 _build/ble_advdata.o
 .text.adv_data_encode
                0x0001ca18      0x5b8 _build/ble_advdata.o
                0x0001ca18                adv_data_encode
 .text.ble_advdata_set
                0x0001cfd0       0x68 _build/ble_advdata.o
                0x0001cfd0                ble_advdata_set
 .text.sd_ble_gap_adv_start
                0x0001d038        0x4 _build/ble_advertising.o
 .text.ble_advertising_start.part.1
                0x0001d03c      0x2a8 _build/ble_advertising.o
 .text.ble_advertising_init
                0x0001d2e4      0x144 _build/ble_advertising.o
                0x0001d2e4                ble_advertising_init
 .text.ble_advertising_start
                0x0001d428       0x3c _build/ble_advertising.o
                0x0001d428                ble_advertising_start
 .text.ble_advertising_on_ble_evt
                0x0001d464       0xec _build/ble_advertising.o
                0x0001d464                ble_advertising_on_ble_evt
 .text.sd_ble_gap_conn_param_update
                0x0001d550        0x4 _build/ble_conn_params.o
 .text.sd_ble_gap_disconnect
                0x0001d554        0x4 _build/ble_conn_params.o
 .text.sd_ble_gap_ppcp_set
                0x0001d558        0x4 _build/ble_conn_params.o
 .text.sd_ble_gap_ppcp_get
                0x0001d55c        0x4 _build/ble_conn_params.o
 .text.update_timeout_handler
                0x0001d560       0x78 _build/ble_conn_params.o
 .text.conn_params_negotiation
                0x0001d5d8       0x88 _build/ble_conn_params.o
 .text.ble_conn_params_init
                0x0001d660       0x78 _build/ble_conn_params.o
                0x0001d660                ble_conn_params_init
 .text.ble_conn_params_on_ble_evt
                0x0001d6d8       0xac _build/ble_conn_params.o
                0x0001d6d8                ble_conn_params_on_ble_evt
 .text.sd_ble_gatts_service_add
                0x0001d784        0x4 _build/ble_nus.o
 .text.sd_ble_gatts_characteristic_add
                0x0001d788        0x4 _build/ble_nus.o
 .text.sd_ble_uuid_vs_add
                0x0001d78c        0x4 _build/ble_nus.o
 .text.ble_nus_on_ble_evt
                0x0001d790       0x60 _build/ble_nus.o
                0x0001d790                ble_nus_on_ble_evt
 .text.ble_nus_init
                0x0001d7f0      0x208 _build/ble_nus.o
                0x0001d7f0                ble_nus_init
 .text.sd_nvic_EnableIRQ
                0x0001d9f8        0x4 _build/softdevice_handler.o
 .text.sd_evt_get
                0x0001d9fc        0x4 _build/softdevice_handler.o
 .text.sd_softdevice_enable
                0x0001da00        0x4 _build/softdevice_handler.o
 .text.sd_ble_evt_get
                0x0001da04        0x4 _build/softdevice_handler.o
 .text.softdevice_assertion_handler
                0x0001da08        0xc _build/softdevice_handler.o
                0x0001da08                softdevice_assertion_handler
 .text.intern_softdevice_events_execute.part.0
                0x0001da14       0xec _build/softdevice_handler.o
 .text.softdevice_handler_init
                0x0001db00       0x4c _build/softdevice_handler.o
                0x0001db00                softdevice_handler_init
 .text.softdevice_ble_evt_handler_set
                0x0001db4c       0x14 _build/softdevice_handler.o
                0x0001db4c                softdevice_ble_evt_handler_set
 .text.SWI2_IRQHandler
                0x0001db60       0x34 _build/softdevice_handler.o
                0x0001db60                SWI2_IRQHandler
 .text          0x0001db94       0x54 _build/gcc_startup_nrf51.o
                0x0001db94                Reset_Handler
                0x0001dbdc                NMI_Handler
                0x0001dbde                HardFault_Handler
                0x0001dbe0                SVC_Handler
                0x0001dbe2                PendSV_Handler
                0x0001dbe4                SysTick_Handler
                0x0001dbe6                RTC0_IRQHandler
                0x0001dbe6                GPIOTE_IRQHandler
                0x0001dbe6                POWER_CLOCK_IRQHandler
                0x0001dbe6                RADIO_IRQHandler
                0x0001dbe6                LPCOMP_IRQHandler
                0x0001dbe6                SWI4_IRQHandler
                0x0001dbe6                TEMP_IRQHandler
                0x0001dbe6                QDEC_IRQHandler
                0x0001dbe6                SWI5_IRQHandler
                0x0001dbe6                TIMER0_IRQHandler
                0x0001dbe6                ECB_IRQHandler
                0x0001dbe6                Default_Handler
                0x0001dbe6                SWI3_IRQHandler
                0x0001dbe6                CCM_AAR_IRQHandler
                0x0001dbe6                WDT_IRQHandler
                0x0001dbe6                RNG_IRQHandler
                0x0001dbe6                SPI1_TWI1_IRQHandler
 .text.fabs     0x0001dbe8        0x8 /media/ishu/Data/MS/Quarter5/ERTS/lab/Quadcopter/gcc-arm-none-eabi/bin/../lib/gcc/arm-none-eabi/5.4.1/../../../../arm-none-eabi/lib/armv6-m/libm.a(lib_a-s_fabs.o)
                0x0001dbe8                fabs
 .text.asin     0x0001dbf0       0xc4 /media/ishu/Data/MS/Quarter5/ERTS/lab/Quadcopter/gcc-arm-none-eabi/bin/../lib/gcc/arm-none-eabi/5.4.1/../../../../arm-none-eabi/lib/armv6-m/libm.a(lib_a-w_asin.o)
                0x0001dbf0                asin
 .text.atan2    0x0001dcb4        0x8 /media/ishu/Data/MS/Quarter5/ERTS/lab/Quadcopter/gcc-arm-none-eabi/bin/../lib/gcc/arm-none-eabi/5.4.1/../../../../arm-none-eabi/lib/armv6-m/libm.a(lib_a-w_atan2.o)
                0x0001dcb4                atan2
 .text.__ieee754_asin
                0x0001dcbc      0x3cc /media/ishu/Data/MS/Quarter5/ERTS/lab/Quadcopter/gcc-arm-none-eabi/bin/../lib/gcc/arm-none-eabi/5.4.1/../../../../arm-none-eabi/lib/armv6-m/libm.a(lib_a-e_asin.o)
                0x0001dcbc                __ieee754_asin
 .text.__ieee754_atan2
                0x0001e088      0x178 /media/ishu/Data/MS/Quarter5/ERTS/lab/Quadcopter/gcc-arm-none-eabi/bin/../lib/gcc/arm-none-eabi/5.4.1/../../../../arm-none-eabi/lib/armv6-m/libm.a(lib_a-e_atan2.o)
                0x0001e088                __ieee754_atan2
 .text.__ieee754_sqrt
                0x0001e200      0x1ec /media/ishu/Data/MS/Quarter5/ERTS/lab/Quadcopter/gcc-arm-none-eabi/bin/../lib/gcc/arm-none-eabi/5.4.1/../../../../arm-none-eabi/lib/armv6-m/libm.a(lib_a-e_sqrt.o)
                0x0001e200                __ieee754_sqrt
 .text.atan     0x0001e3ec      0x33c /media/ishu/Data/MS/Quarter5/ERTS/lab/Quadcopter/gcc-arm-none-eabi/bin/../lib/gcc/arm-none-eabi/5.4.1/../../../../arm-none-eabi/lib/armv6-m/libm.a(lib_a-s_atan.o)
                0x0001e3ec                atan
 .text.matherr  0x0001e728        0x4 /media/ishu/Data/MS/Quarter5/ERTS/lab/Quadcopter/gcc-arm-none-eabi/bin/../lib/gcc/arm-none-eabi/5.4.1/../../../../arm-none-eabi/lib/armv6-m/libm.a(lib_a-s_matherr.o)
                0x0001e728                matherr
 .text.nan      0x0001e72c        0xc /media/ishu/Data/MS/Quarter5/ERTS/lab/Quadcopter/gcc-arm-none-eabi/bin/../lib/gcc/arm-none-eabi/5.4.1/../../../../arm-none-eabi/lib/armv6-m/libm.a(lib_a-s_nan.o)
                0x0001e72c                nan
 .text          0x0001e738      0x114 /media/ishu/Data/MS/Quarter5/ERTS/lab/Quadcopter/gcc-arm-none-eabi/bin/../lib/gcc/arm-none-eabi/5.4.1/armv6-m/libgcc.a(_udivsi3.o)
                0x0001e738                __udivsi3
                0x0001e738                __aeabi_uidiv
                0x0001e844                __aeabi_uidivmod
 .text          0x0001e84c      0x1d4 /media/ishu/Data/MS/Quarter5/ERTS/lab/Quadcopter/gcc-arm-none-eabi/bin/../lib/gcc/arm-none-eabi/5.4.1/armv6-m/libgcc.a(_divsi3.o)
                0x0001e84c                __aeabi_idiv
                0x0001e84c                __divsi3
                0x0001ea18                __aeabi_idivmod
 .text          0x0001ea20        0x4 /media/ishu/Data/MS/Quarter5/ERTS/lab/Quadcopter/gcc-arm-none-eabi/bin/../lib/gcc/arm-none-eabi/5.4.1/armv6-m/libgcc.a(_dvmd_tls.o)
                0x0001ea20                __aeabi_ldiv0
                0x0001ea20                __aeabi_idiv0
 .text          0x0001ea24       0x7c /media/ishu/Data/MS/Quarter5/ERTS/lab/Quadcopter/gcc-arm-none-eabi/bin/../lib/gcc/arm-none-eabi/5.4.1/armv6-m/libgcc.a(_arm_cmpdf2.o)
                0x0001ea24                __aeabi_cdrcmple
                0x0001ea34                __aeabi_cdcmple
                0x0001ea34                __aeabi_cdcmpeq
                0x0001ea44                __aeabi_dcmpeq
                0x0001ea50                __aeabi_dcmplt
                0x0001ea64                __aeabi_dcmple
                0x0001ea78                __aeabi_dcmpgt
                0x0001ea8c                __aeabi_dcmpge
 .text          0x0001eaa0       0x74 /media/ishu/Data/MS/Quarter5/ERTS/lab/Quadcopter/gcc-arm-none-eabi/bin/../lib/gcc/arm-none-eabi/5.4.1/armv6-m/libgcc.a(_arm_cmpsf2.o)
                0x0001eaa0                __aeabi_cfrcmple
                0x0001eaa8                __aeabi_cfcmple
                0x0001eaa8                __aeabi_cfcmpeq
                0x0001eab8                __aeabi_fcmpeq
                0x0001eac4                __aeabi_fcmplt
                0x0001ead8                __aeabi_fcmple
                0x0001eaec                __aeabi_fcmpgt
                0x0001eb00                __aeabi_fcmpge
 .text          0x0001eb14       0x3c /media/ishu/Data/MS/Quarter5/ERTS/lab/Quadcopter/gcc-arm-none-eabi/bin/../lib/gcc/arm-none-eabi/5.4.1/armv6-m/libgcc.a(_clzsi2.o)
                0x0001eb14                __clzsi2
 .text          0x0001eb50       0x58 /media/ishu/Data/MS/Quarter5/ERTS/lab/Quadcopter/gcc-arm-none-eabi/bin/../lib/gcc/arm-none-eabi/5.4.1/armv6-m/libgcc.a(_muldi3.o)
                0x0001eb50                __aeabi_lmul
                0x0001eb50                __muldi3
 .text          0x0001eba8       0x30 /media/ishu/Data/MS/Quarter5/ERTS/lab/Quadcopter/gcc-arm-none-eabi/bin/../lib/gcc/arm-none-eabi/5.4.1/armv6-m/libgcc.a(_fixunssfsi.o)
                0x0001eba8                __aeabi_f2uiz
                0x0001eba8                __fixunssfsi
 .text          0x0001ebd8      0x2ec /media/ishu/Data/MS/Quarter5/ERTS/lab/Quadcopter/gcc-arm-none-eabi/bin/../lib/gcc/arm-none-eabi/5.4.1/armv6-m/libgcc.a(addsf3.o)
                0x0001ebd8                __aeabi_fadd
 .text          0x0001eec4      0x234 /media/ishu/Data/MS/Quarter5/ERTS/lab/Quadcopter/gcc-arm-none-eabi/bin/../lib/gcc/arm-none-eabi/5.4.1/armv6-m/libgcc.a(divsf3.o)
                0x0001eec4                __aeabi_fdiv
 .text          0x0001f0f8       0x50 /media/ishu/Data/MS/Quarter5/ERTS/lab/Quadcopter/gcc-arm-none-eabi/bin/../lib/gcc/arm-none-eabi/5.4.1/armv6-m/libgcc.a(eqsf2.o)
                0x0001f0f8                __nesf2
                0x0001f0f8                __eqsf2
 .text          0x0001f148       0x88 /media/ishu/Data/MS/Quarter5/ERTS/lab/Quadcopter/gcc-arm-none-eabi/bin/../lib/gcc/arm-none-eabi/5.4.1/armv6-m/libgcc.a(gesf2.o)
                0x0001f148                __gtsf2
                0x0001f148                __gesf2
 .text          0x0001f1d0       0x88 /media/ishu/Data/MS/Quarter5/ERTS/lab/Quadcopter/gcc-arm-none-eabi/bin/../lib/gcc/arm-none-eabi/5.4.1/armv6-m/libgcc.a(lesf2.o)
                0x0001f1d0                __lesf2
                0x0001f1d0                __ltsf2
 .text          0x0001f258      0x228 /media/ishu/Data/MS/Quarter5/ERTS/lab/Quadcopter/gcc-arm-none-eabi/bin/../lib/gcc/arm-none-eabi/5.4.1/armv6-m/libgcc.a(mulsf3.o)
                0x0001f258                __aeabi_fmul
 .text          0x0001f480      0x30c /media/ishu/Data/MS/Quarter5/ERTS/lab/Quadcopter/gcc-arm-none-eabi/bin/../lib/gcc/arm-none-eabi/5.4.1/armv6-m/libgcc.a(subsf3.o)
                0x0001f480                __aeabi_fsub
 .text          0x0001f78c       0x44 /media/ishu/Data/MS/Quarter5/ERTS/lab/Quadcopter/gcc-arm-none-eabi/bin/../lib/gcc/arm-none-eabi/5.4.1/armv6-m/libgcc.a(fixsfsi.o)
                0x0001f78c                __aeabi_f2iz
 .text          0x0001f7d0       0x90 /media/ishu/Data/MS/Quarter5/ERTS/lab/Quadcopter/gcc-arm-none-eabi/bin/../lib/gcc/arm-none-eabi/5.4.1/armv6-m/libgcc.a(floatsisf.o)
                0x0001f7d0                __aeabi_i2f
 .text          0x0001f860       0x7c /media/ishu/Data/MS/Quarter5/ERTS/lab/Quadcopter/gcc-arm-none-eabi/bin/../lib/gcc/arm-none-eabi/5.4.1/armv6-m/libgcc.a(floatunsisf.o)
                0x0001f860                __aeabi_ui2f
 .text          0x0001f8dc      0x658 /media/ishu/Data/MS/Quarter5/ERTS/lab/Quadcopter/gcc-arm-none-eabi/bin/../lib/gcc/arm-none-eabi/5.4.1/armv6-m/libgcc.a(adddf3.o)
                0x0001f8dc                __aeabi_dadd
 .text          0x0001ff34      0x62c /media/ishu/Data/MS/Quarter5/ERTS/lab/Quadcopter/gcc-arm-none-eabi/bin/../lib/gcc/arm-none-eabi/5.4.1/armv6-m/libgcc.a(divdf3.o)
                0x0001ff34                __aeabi_ddiv
 .text          0x00020560       0x80 /media/ishu/Data/MS/Quarter5/ERTS/lab/Quadcopter/gcc-arm-none-eabi/bin/../lib/gcc/arm-none-eabi/5.4.1/armv6-m/libgcc.a(eqdf2.o)
                0x00020560                __eqdf2
                0x00020560                __nedf2
 .text          0x000205e0       0xc8 /media/ishu/Data/MS/Quarter5/ERTS/lab/Quadcopter/gcc-arm-none-eabi/bin/../lib/gcc/arm-none-eabi/5.4.1/armv6-m/libgcc.a(gedf2.o)
                0x000205e0                __gtdf2
                0x000205e0                __gedf2
 .text          0x000206a8       0xd4 /media/ishu/Data/MS/Quarter5/ERTS/lab/Quadcopter/gcc-arm-none-eabi/bin/../lib/gcc/arm-none-eabi/5.4.1/armv6-m/libgcc.a(ledf2.o)
                0x000206a8                __ltdf2
                0x000206a8                __ledf2
 .text          0x0002077c      0x4f4 /media/ishu/Data/MS/Quarter5/ERTS/lab/Quadcopter/gcc-arm-none-eabi/bin/../lib/gcc/arm-none-eabi/5.4.1/armv6-m/libgcc.a(muldf3.o)
                0x0002077c                __aeabi_dmul
 .text          0x00020c70      0x6a8 /media/ishu/Data/MS/Quarter5/ERTS/lab/Quadcopter/gcc-arm-none-eabi/bin/../lib/gcc/arm-none-eabi/5.4.1/armv6-m/libgcc.a(subdf3.o)
                0x00020c70                __aeabi_dsub
 .text          0x00021318       0x40 /media/ishu/Data/MS/Quarter5/ERTS/lab/Quadcopter/gcc-arm-none-eabi/bin/../lib/gcc/arm-none-eabi/5.4.1/armv6-m/libgcc.a(unorddf2.o)
                0x00021318                __aeabi_dcmpun
 .text          0x00021358       0x6c /media/ishu/Data/MS/Quarter5/ERTS/lab/Quadcopter/gcc-arm-none-eabi/bin/../lib/gcc/arm-none-eabi/5.4.1/armv6-m/libgcc.a(fixdfsi.o)
                0x00021358                __aeabi_d2iz
 .text          0x000213c4       0xa8 /media/ishu/Data/MS/Quarter5/ERTS/lab/Quadcopter/gcc-arm-none-eabi/bin/../lib/gcc/arm-none-eabi/5.4.1/armv6-m/libgcc.a(extendsfdf2.o)
                0x000213c4                __aeabi_f2d
 .text.__errno  0x0002146c        0xc /media/ishu/Data/MS/Quarter5/ERTS/lab/Quadcopter/gcc-arm-none-eabi/bin/../lib/gcc/arm-none-eabi/5.4.1/../../../../arm-none-eabi/lib/armv6-m/libc_nano.a(lib_a-errno.o)
                0x0002146c                __errno
 .text.malloc   0x00021478       0x14 /media/ishu/Data/MS/Quarter5/ERTS/lab/Quadcopter/gcc-arm-none-eabi/bin/../lib/gcc/arm-none-eabi/5.4.1/../../../../arm-none-eabi/lib/armv6-m/libc_nano.a(lib_a-malloc.o)
                0x00021478                malloc
 .text.free     0x0002148c       0x14 /media/ishu/Data/MS/Quarter5/ERTS/lab/Quadcopter/gcc-arm-none-eabi/bin/../lib/gcc/arm-none-eabi/5.4.1/../../../../arm-none-eabi/lib/armv6-m/libc_nano.a(lib_a-malloc.o)
                0x0002148c                free
 .text.memcmp   0x000214a0       0x1e /media/ishu/Data/MS/Quarter5/ERTS/lab/Quadcopter/gcc-arm-none-eabi/bin/../lib/gcc/arm-none-eabi/5.4.1/../../../../arm-none-eabi/lib/armv6-m/libc_nano.a(lib_a-memcmp.o)
                0x000214a0                memcmp
 .text.memcpy   0x000214be       0x12 /media/ishu/Data/MS/Quarter5/ERTS/lab/Quadcopter/gcc-arm-none-eabi/bin/../lib/gcc/arm-none-eabi/5.4.1/../../../../arm-none-eabi/lib/armv6-m/libc_nano.a(lib_a-memcpy-stub.o)
                0x000214be                memcpy
 .text._free_r  0x000214d0       0x98 /media/ishu/Data/MS/Quarter5/ERTS/lab/Quadcopter/gcc-arm-none-eabi/bin/../lib/gcc/arm-none-eabi/5.4.1/../../../../arm-none-eabi/lib/armv6-m/libc_nano.a(lib_a-nano-freer.o)
                0x000214d0                _free_r
 .text._malloc_r
                0x00021568       0xc0 /media/ishu/Data/MS/Quarter5/ERTS/lab/Quadcopter/gcc-arm-none-eabi/bin/../lib/gcc/arm-none-eabi/5.4.1/../../../../arm-none-eabi/lib/armv6-m/libc_nano.a(lib_a-nano-mallocr.o)
                0x00021568                _malloc_r
 .text.printf   0x00021628       0x34 /media/ishu/Data/MS/Quarter5/ERTS/lab/Quadcopter/gcc-arm-none-eabi/bin/../lib/gcc/arm-none-eabi/5.4.1/../../../../arm-none-eabi/lib/armv6-m/libc_nano.a(lib_a-printf.o)
                0x00021628                printf
                0x00021628                iprintf
 .text._sbrk_r  0x0002165c       0x24 /media/ishu/Data/MS/Quarter5/ERTS/lab/Quadcopter/gcc-arm-none-eabi/bin/../lib/gcc/arm-none-eabi/5.4.1/../../../../arm-none-eabi/lib/armv6-m/libc_nano.a(lib_a-sbrkr.o)
                0x0002165c                _sbrk_r
 .text.sprintf  0x00021680       0x44 /media/ishu/Data/MS/Quarter5/ERTS/lab/Quadcopter/gcc-arm-none-eabi/bin/../lib/gcc/arm-none-eabi/5.4.1/../../../../arm-none-eabi/lib/armv6-m/libc_nano.a(lib_a-sprintf.o)
                0x00021680                sprintf
                0x00021680                siprintf
 .text          0x000216c4        0xe /media/ishu/Data/MS/Quarter5/ERTS/lab/Quadcopter/gcc-arm-none-eabi/bin/../lib/gcc/arm-none-eabi/5.4.1/../../../../arm-none-eabi/lib/armv6-m/libc_nano.a(lib_a-strlen.o)
                0x000216c4                strlen
 *fill*         0x000216d2        0x2 
 .text._cleanup_r
                0x000216d4       0x10 /media/ishu/Data/MS/Quarter5/ERTS/lab/Quadcopter/gcc-arm-none-eabi/bin/../lib/gcc/arm-none-eabi/5.4.1/../../../../arm-none-eabi/lib/armv6-m/libc_nano.a(lib_a-findfp.o)
                0x000216d4                _cleanup_r
 .text.std.isra.0
                0x000216e4       0x48 /media/ishu/Data/MS/Quarter5/ERTS/lab/Quadcopter/gcc-arm-none-eabi/bin/../lib/gcc/arm-none-eabi/5.4.1/../../../../arm-none-eabi/lib/armv6-m/libc_nano.a(lib_a-findfp.o)
 .text.__sfmoreglue
                0x0002172c       0x2c /media/ishu/Data/MS/Quarter5/ERTS/lab/Quadcopter/gcc-arm-none-eabi/bin/../lib/gcc/arm-none-eabi/5.4.1/../../../../arm-none-eabi/lib/armv6-m/libc_nano.a(lib_a-findfp.o)
                0x0002172c                __sfmoreglue
 .text.__sinit  0x00021758       0x68 /media/ishu/Data/MS/Quarter5/ERTS/lab/Quadcopter/gcc-arm-none-eabi/bin/../lib/gcc/arm-none-eabi/5.4.1/../../../../arm-none-eabi/lib/armv6-m/libc_nano.a(lib_a-findfp.o)
                0x00021758                __sinit
 .text.__sfp    0x000217c0       0x7c /media/ishu/Data/MS/Quarter5/ERTS/lab/Quadcopter/gcc-arm-none-eabi/bin/../lib/gcc/arm-none-eabi/5.4.1/../../../../arm-none-eabi/lib/armv6-m/libc_nano.a(lib_a-findfp.o)
                0x000217c0                __sfp
 .text._fwalk_reent
                0x0002183c       0x42 /media/ishu/Data/MS/Quarter5/ERTS/lab/Quadcopter/gcc-arm-none-eabi/bin/../lib/gcc/arm-none-eabi/5.4.1/../../../../arm-none-eabi/lib/armv6-m/libc_nano.a(lib_a-fwalk.o)
                0x0002183c                _fwalk_reent
 .text.__malloc_lock
                0x0002187e        0x2 /media/ishu/Data/MS/Quarter5/ERTS/lab/Quadcopter/gcc-arm-none-eabi/bin/../lib/gcc/arm-none-eabi/5.4.1/../../../../arm-none-eabi/lib/armv6-m/libc_nano.a(lib_a-mlock.o)
                0x0002187e                __malloc_lock
 .text.__malloc_unlock
                0x00021880        0x2 /media/ishu/Data/MS/Quarter5/ERTS/lab/Quadcopter/gcc-arm-none-eabi/bin/../lib/gcc/arm-none-eabi/5.4.1/../../../../arm-none-eabi/lib/armv6-m/libc_nano.a(lib_a-mlock.o)
                0x00021880                __malloc_unlock
 *fill*         0x00021882        0x2 
 .text.__ssputs_r
                0x00021884       0xc4 /media/ishu/Data/MS/Quarter5/ERTS/lab/Quadcopter/gcc-arm-none-eabi/bin/../lib/gcc/arm-none-eabi/5.4.1/../../../../arm-none-eabi/lib/armv6-m/libc_nano.a(lib_a-nano-svfprintf.o)
                0x00021884                __ssputs_r
 .text._svfprintf_r
                0x00021948      0x1fc /media/ishu/Data/MS/Quarter5/ERTS/lab/Quadcopter/gcc-arm-none-eabi/bin/../lib/gcc/arm-none-eabi/5.4.1/../../../../arm-none-eabi/lib/armv6-m/libc_nano.a(lib_a-nano-svfprintf.o)
                0x00021948                _svfprintf_r
                0x00021948                _svfiprintf_r
 .text.__sfputc_r
                0x00021b44       0x2a /media/ishu/Data/MS/Quarter5/ERTS/lab/Quadcopter/gcc-arm-none-eabi/bin/../lib/gcc/arm-none-eabi/5.4.1/../../../../arm-none-eabi/lib/armv6-m/libc_nano.a(lib_a-nano-vfprintf.o)
 .text.__sfputs_r
                0x00021b6e       0x24 /media/ishu/Data/MS/Quarter5/ERTS/lab/Quadcopter/gcc-arm-none-eabi/bin/../lib/gcc/arm-none-eabi/5.4.1/../../../../arm-none-eabi/lib/armv6-m/libc_nano.a(lib_a-nano-vfprintf.o)
                0x00021b6e                __sfputs_r
 *fill*         0x00021b92        0x2 
 .text._vfprintf_r
                0x00021b94      0x238 /media/ishu/Data/MS/Quarter5/ERTS/lab/Quadcopter/gcc-arm-none-eabi/bin/../lib/gcc/arm-none-eabi/5.4.1/../../../../arm-none-eabi/lib/armv6-m/libc_nano.a(lib_a-nano-vfprintf.o)
                0x00021b94                _vfiprintf_r
                0x00021b94                _vfprintf_r
 .text._printf_common
                0x00021dcc       0xdc /media/ishu/Data/MS/Quarter5/ERTS/lab/Quadcopter/gcc-arm-none-eabi/bin/../lib/gcc/arm-none-eabi/5.4.1/../../../../arm-none-eabi/lib/armv6-m/libc_nano.a(lib_a-nano-vfprintf_i.o)
                0x00021dcc                _printf_common
 .text._printf_i
                0x00021ea8      0x244 /media/ishu/Data/MS/Quarter5/ERTS/lab/Quadcopter/gcc-arm-none-eabi/bin/../lib/gcc/arm-none-eabi/5.4.1/../../../../arm-none-eabi/lib/armv6-m/libc_nano.a(lib_a-nano-vfprintf_i.o)
                0x00021ea8                _printf_i
 .text.__sread  0x000220ec       0x28 /media/ishu/Data/MS/Quarter5/ERTS/lab/Quadcopter/gcc-arm-none-eabi/bin/../lib/gcc/arm-none-eabi/5.4.1/../../../../arm-none-eabi/lib/armv6-m/libc_nano.a(lib_a-stdio.o)
                0x000220ec                __sread
 .text.__swrite
                0x00022114       0x38 /media/ishu/Data/MS/Quarter5/ERTS/lab/Quadcopter/gcc-arm-none-eabi/bin/../lib/gcc/arm-none-eabi/5.4.1/../../../../arm-none-eabi/lib/armv6-m/libc_nano.a(lib_a-stdio.o)
                0x00022114                __swrite
 .text.__sseek  0x0002214c       0x2c /media/ishu/Data/MS/Quarter5/ERTS/lab/Quadcopter/gcc-arm-none-eabi/bin/../lib/gcc/arm-none-eabi/5.4.1/../../../../arm-none-eabi/lib/armv6-m/libc_nano.a(lib_a-stdio.o)
                0x0002214c                __sseek
 .text.__sclose
                0x00022178        0xc /media/ishu/Data/MS/Quarter5/ERTS/lab/Quadcopter/gcc-arm-none-eabi/bin/../lib/gcc/arm-none-eabi/5.4.1/../../../../arm-none-eabi/lib/armv6-m/libc_nano.a(lib_a-stdio.o)
                0x00022178                __sclose
 .text.__swbuf_r
                0x00022184       0xb0 /media/ishu/Data/MS/Quarter5/ERTS/lab/Quadcopter/gcc-arm-none-eabi/bin/../lib/gcc/arm-none-eabi/5.4.1/../../../../arm-none-eabi/lib/armv6-m/libc_nano.a(lib_a-wbuf.o)
                0x00022184                __swbuf_r
 .text._write_r
                0x00022234       0x28 /media/ishu/Data/MS/Quarter5/ERTS/lab/Quadcopter/gcc-arm-none-eabi/bin/../lib/gcc/arm-none-eabi/5.4.1/../../../../arm-none-eabi/lib/armv6-m/libc_nano.a(lib_a-writer.o)
                0x00022234                _write_r
 .text.__swsetup_r
                0x0002225c       0xec /media/ishu/Data/MS/Quarter5/ERTS/lab/Quadcopter/gcc-arm-none-eabi/bin/../lib/gcc/arm-none-eabi/5.4.1/../../../../arm-none-eabi/lib/armv6-m/libc_nano.a(lib_a-wsetup.o)
                0x0002225c                __swsetup_r
 .text._close_r
                0x00022348       0x24 /media/ishu/Data/MS/Quarter5/ERTS/lab/Quadcopter/gcc-arm-none-eabi/bin/../lib/gcc/arm-none-eabi/5.4.1/../../../../arm-none-eabi/lib/armv6-m/libc_nano.a(lib_a-closer.o)
                0x00022348                _close_r
 .text.__sflush_r
                0x0002236c      0x10c /media/ishu/Data/MS/Quarter5/ERTS/lab/Quadcopter/gcc-arm-none-eabi/bin/../lib/gcc/arm-none-eabi/5.4.1/../../../../arm-none-eabi/lib/armv6-m/libc_nano.a(lib_a-fflush.o)
                0x0002236c                __sflush_r
 .text._fflush_r
                0x00022478       0x58 /media/ishu/Data/MS/Quarter5/ERTS/lab/Quadcopter/gcc-arm-none-eabi/bin/../lib/gcc/arm-none-eabi/5.4.1/../../../../arm-none-eabi/lib/armv6-m/libc_nano.a(lib_a-fflush.o)
                0x00022478                _fflush_r
 .text._lseek_r
                0x000224d0       0x28 /media/ishu/Data/MS/Quarter5/ERTS/lab/Quadcopter/gcc-arm-none-eabi/bin/../lib/gcc/arm-none-eabi/5.4.1/../../../../arm-none-eabi/lib/armv6-m/libc_nano.a(lib_a-lseekr.o)
                0x000224d0                _lseek_r
 .text.__swhatbuf_r
                0x000224f8       0x4c /media/ishu/Data/MS/Quarter5/ERTS/lab/Quadcopter/gcc-arm-none-eabi/bin/../lib/gcc/arm-none-eabi/5.4.1/../../../../arm-none-eabi/lib/armv6-m/libc_nano.a(lib_a-makebuf.o)
                0x000224f8                __swhatbuf_r
 .text.__smakebuf_r
                0x00022544       0x7c /media/ishu/Data/MS/Quarter5/ERTS/lab/Quadcopter/gcc-arm-none-eabi/bin/../lib/gcc/arm-none-eabi/5.4.1/../../../../arm-none-eabi/lib/armv6-m/libc_nano.a(lib_a-makebuf.o)
                0x00022544                __smakebuf_r
 .text.memchr   0x000225c0       0x16 /media/ishu/Data/MS/Quarter5/ERTS/lab/Quadcopter/gcc-arm-none-eabi/bin/../lib/gcc/arm-none-eabi/5.4.1/../../../../arm-none-eabi/lib/armv6-m/libc_nano.a(lib_a-memchr-stub.o)
                0x000225c0                memchr
 .text.memmove  0x000225d6       0x2a /media/ishu/Data/MS/Quarter5/ERTS/lab/Quadcopter/gcc-arm-none-eabi/bin/../lib/gcc/arm-none-eabi/5.4.1/../../../../arm-none-eabi/lib/armv6-m/libc_nano.a(lib_a-memmove.o)
                0x000225d6                memmove
 .text._realloc_r
                0x00022600       0x4c /media/ishu/Data/MS/Quarter5/ERTS/lab/Quadcopter/gcc-arm-none-eabi/bin/../lib/gcc/arm-none-eabi/5.4.1/../../../../arm-none-eabi/lib/armv6-m/libc_nano.a(lib_a-nano-reallocr.o)
                0x00022600                _realloc_r
 .text._read_r  0x0002264c       0x28 /media/ishu/Data/MS/Quarter5/ERTS/lab/Quadcopter/gcc-arm-none-eabi/bin/../lib/gcc/arm-none-eabi/5.4.1/../../../../arm-none-eabi/lib/armv6-m/libc_nano.a(lib_a-readr.o)
                0x0002264c                _read_r
 .text._fstat_r
                0x00022674       0x24 /media/ishu/Data/MS/Quarter5/ERTS/lab/Quadcopter/gcc-arm-none-eabi/bin/../lib/gcc/arm-none-eabi/5.4.1/../../../../arm-none-eabi/lib/armv6-m/libc_nano.a(lib_a-fstatr.o)
                0x00022674                _fstat_r
 .text._isatty_r
                0x00022698       0x24 /media/ishu/Data/MS/Quarter5/ERTS/lab/Quadcopter/gcc-arm-none-eabi/bin/../lib/gcc/arm-none-eabi/5.4.1/../../../../arm-none-eabi/lib/armv6-m/libc_nano.a(lib_a-isattyr.o)
                0x00022698                _isatty_r
 .text._malloc_usable_size_r
                0x000226bc       0x16 /media/ishu/Data/MS/Quarter5/ERTS/lab/Quadcopter/gcc-arm-none-eabi/bin/../lib/gcc/arm-none-eabi/5.4.1/../../../../arm-none-eabi/lib/armv6-m/libc_nano.a(lib_a-nano-msizer.o)
                0x000226bc                _malloc_usable_size_r
 *fill*         0x000226d2        0x2 
 .text._close   0x000226d4       0x10 /media/ishu/Data/MS/Quarter5/ERTS/lab/Quadcopter/gcc-arm-none-eabi/bin/../lib/gcc/arm-none-eabi/5.4.1/../../../../arm-none-eabi/lib/armv6-m/libnosys.a(close.o)
                0x000226d4                _close
 .text._fstat   0x000226e4       0x10 /media/ishu/Data/MS/Quarter5/ERTS/lab/Quadcopter/gcc-arm-none-eabi/bin/../lib/gcc/arm-none-eabi/5.4.1/../../../../arm-none-eabi/lib/armv6-m/libnosys.a(fstat.o)
                0x000226e4                _fstat
 .text._isatty  0x000226f4       0x10 /media/ishu/Data/MS/Quarter5/ERTS/lab/Quadcopter/gcc-arm-none-eabi/bin/../lib/gcc/arm-none-eabi/5.4.1/../../../../arm-none-eabi/lib/armv6-m/libnosys.a(isatty.o)
                0x000226f4                _isatty
 .text._lseek   0x00022704       0x10 /media/ishu/Data/MS/Quarter5/ERTS/lab/Quadcopter/gcc-arm-none-eabi/bin/../lib/gcc/arm-none-eabi/5.4.1/../../../../arm-none-eabi/lib/armv6-m/libnosys.a(lseek.o)
                0x00022704                _lseek
 .text._read    0x00022714       0x10 /media/ishu/Data/MS/Quarter5/ERTS/lab/Quadcopter/gcc-arm-none-eabi/bin/../lib/gcc/arm-none-eabi/5.4.1/../../../../arm-none-eabi/lib/armv6-m/libnosys.a(read.o)
                0x00022714                _read
 .text._sbrk    0x00022724       0x1c /media/ishu/Data/MS/Quarter5/ERTS/lab/Quadcopter/gcc-arm-none-eabi/bin/../lib/gcc/arm-none-eabi/5.4.1/../../../../arm-none-eabi/lib/armv6-m/libnosys.a(sbrk.o)
                0x00022724                _sbrk
 *(.init)
 .init          0x00022740        0x4 /media/ishu/Data/MS/Quarter5/ERTS/lab/Quadcopter/gcc-arm-none-eabi/bin/../lib/gcc/arm-none-eabi/5.4.1/armv6-m/crti.o
                0x00022740                _init
 .init          0x00022744        0x8 /media/ishu/Data/MS/Quarter5/ERTS/lab/Quadcopter/gcc-arm-none-eabi/bin/../lib/gcc/arm-none-eabi/5.4.1/armv6-m/crtn.o
 *(.fini)
 .fini          0x0002274c        0x4 /media/ishu/Data/MS/Quarter5/ERTS/lab/Quadcopter/gcc-arm-none-eabi/bin/../lib/gcc/arm-none-eabi/5.4.1/armv6-m/crti.o
                0x0002274c                _fini
 .fini          0x00022750        0x8 /media/ishu/Data/MS/Quarter5/ERTS/lab/Quadcopter/gcc-arm-none-eabi/bin/../lib/gcc/arm-none-eabi/5.4.1/armv6-m/crtn.o
 *crtbegin.o(.ctors)
 *crtbegin?.o(.ctors)
 *(EXCLUDE_FILE(*crtend.o *crtend?.o) .ctors)
 *(SORT(.ctors.*))
 *(.ctors)
 *crtbegin.o(.dtors)
 *crtbegin?.o(.dtors)
 *(EXCLUDE_FILE(*crtend.o *crtend?.o) .dtors)
 *(SORT(.dtors.*))
 *(.dtors)
 *(.rodata*)
 .rodata.str1.1
                0x00022758        0x2 /media/ishu/Data/MS/Quarter5/ERTS/lab/Quadcopter/gcc-arm-none-eabi/bin/../lib/gcc/arm-none-eabi/5.4.1/../../../../arm-none-eabi/lib/armv6-m/libc_nano.a(lib_a-impure.o)
 *fill*         0x0002275a        0x2 
 .rodata._global_impure_ptr
                0x0002275c        0x4 /media/ishu/Data/MS/Quarter5/ERTS/lab/Quadcopter/gcc-arm-none-eabi/bin/../lib/gcc/arm-none-eabi/5.4.1/../../../../arm-none-eabi/lib/armv6-m/libc_nano.a(lib_a-impure.o)
                0x0002275c                _global_impure_ptr
 .rodata.determine_mode
                0x00022760       0x28 _build/in4073.o
 .rodata.process_mode
                0x00022788       0x28 _build/in4073.o
 .rodata.str1.4
                0x000227b0       0xde _build/in4073.o
 *fill*         0x0002288e        0x2 
 .rodata.str1.4
                0x00022890       0x6d _build/control.o
 *fill*         0x000228fd        0x3 
 .rodata.get_sensor
                0x00022900       0x28 _build/sensors.o
 .rodata.crclut
                0x00022928      0x100 _build/crc.o
                0x00022928                crclut
 .rodata.decode_header_pc_uav
                0x00022a28       0x1c _build/packet.o
 .rodata.str1.4
                0x00022a44       0x22 _build/packet.o
 *fill*         0x00022a66        0x2 
 .rodata.str1.4
                0x00022a68       0x50 _build/packet_uav.o
 .rodata.str1.4
                0x00022ab8      0x259 _build/logging.o
 *fill*         0x00022d11        0x3 
 .rodata.quadrupel_timer.7148
                0x00022d14        0x4 _build/timers.o
 .rodata.str1.4
                0x00022d18       0x11 _build/uart.o
 *fill*         0x00022d29        0x3 
 .rodata.str1.4
                0x00022d2c       0x38 _build/twi.o
 .rodata.str1.4
                0x00022d64       0x12 _build/ble.o
 *fill*         0x00022d76        0x2 
 .rodata.test   0x00022d78       0x28 _build/inv_mpu.o
                0x00022d78                test
 .rodata.str1.4
                0x00022da0       0xa6 _build/inv_mpu.o
 *fill*         0x00022e46        0x2 
 .rodata.hw     0x00022e48        0xc _build/inv_mpu.o
                0x00022e48                hw
 .rodata.reg    0x00022e54       0x1e _build/inv_mpu.o
                0x00022e54                reg
 *fill*         0x00022e72        0x2 
 .rodata        0x00022e74       0x4b _build/inv_mpu_dmp_motion_driver.o
 *fill*         0x00022ebf        0x1 
 .rodata.dmp_memory
                0x00022ec0      0xbf6 _build/inv_mpu_dmp_motion_driver.o
 *fill*         0x00023ab6        0x2 
 .rodata.str1.4
                0x00023ab8      0x12a _build/mpu_wrapper.o
 *fill*         0x00023be2        0x2 
 .rodata.str1.4
                0x00023be4       0x27 _build/app_error.o
 *fill*         0x00023c0b        0x1 
 .rodata.m_conn_params_timer_id
                0x00023c0c        0x4 _build/ble_conn_params.o
 .rodata        0x00023c10       0x10 _build/ble_nus.o
 .rodata.str1.4
                0x00023c20        0x8 /media/ishu/Data/MS/Quarter5/ERTS/lab/Quadcopter/gcc-arm-none-eabi/bin/../lib/gcc/arm-none-eabi/5.4.1/../../../../arm-none-eabi/lib/armv6-m/libm.a(lib_a-w_asin.o)
                                  0x9 (size before relaxing)
 .rodata.atanlo
                0x00023c28       0x20 /media/ishu/Data/MS/Quarter5/ERTS/lab/Quadcopter/gcc-arm-none-eabi/bin/../lib/gcc/arm-none-eabi/5.4.1/../../../../arm-none-eabi/lib/armv6-m/libm.a(lib_a-s_atan.o)
 .rodata.atanhi
                0x00023c48       0x20 /media/ishu/Data/MS/Quarter5/ERTS/lab/Quadcopter/gcc-arm-none-eabi/bin/../lib/gcc/arm-none-eabi/5.4.1/../../../../arm-none-eabi/lib/armv6-m/libm.a(lib_a-s_atan.o)
 .rodata        0x00023c68       0x80 /media/ishu/Data/MS/Quarter5/ERTS/lab/Quadcopter/gcc-arm-none-eabi/bin/../lib/gcc/arm-none-eabi/5.4.1/armv6-m/libgcc.a(divsf3.o)
 .rodata        0x00023ce8       0x40 /media/ishu/Data/MS/Quarter5/ERTS/lab/Quadcopter/gcc-arm-none-eabi/bin/../lib/gcc/arm-none-eabi/5.4.1/armv6-m/libgcc.a(mulsf3.o)
 .rodata        0x00023d28       0x40 /media/ishu/Data/MS/Quarter5/ERTS/lab/Quadcopter/gcc-arm-none-eabi/bin/../lib/gcc/arm-none-eabi/5.4.1/armv6-m/libgcc.a(divdf3.o)
 .rodata        0x00023d68       0x40 /media/ishu/Data/MS/Quarter5/ERTS/lab/Quadcopter/gcc-arm-none-eabi/bin/../lib/gcc/arm-none-eabi/5.4.1/armv6-m/libgcc.a(muldf3.o)
 .rodata.__sf_fake_stdin
                0x00023da8       0x20 /media/ishu/Data/MS/Quarter5/ERTS/lab/Quadcopter/gcc-arm-none-eabi/bin/../lib/gcc/arm-none-eabi/5.4.1/../../../../arm-none-eabi/lib/armv6-m/libc_nano.a(lib_a-findfp.o)
                0x00023da8                __sf_fake_stdin
 .rodata.__sf_fake_stdout
                0x00023dc8       0x20 /media/ishu/Data/MS/Quarter5/ERTS/lab/Quadcopter/gcc-arm-none-eabi/bin/../lib/gcc/arm-none-eabi/5.4.1/../../../../arm-none-eabi/lib/armv6-m/libc_nano.a(lib_a-findfp.o)
                0x00023dc8                __sf_fake_stdout
 .rodata.__sf_fake_stderr
                0x00023de8       0x20 /media/ishu/Data/MS/Quarter5/ERTS/lab/Quadcopter/gcc-arm-none-eabi/bin/../lib/gcc/arm-none-eabi/5.4.1/../../../../arm-none-eabi/lib/armv6-m/libc_nano.a(lib_a-findfp.o)
                0x00023de8                __sf_fake_stderr
 .rodata.str1.1
                0x00023e08       0x11 /media/ishu/Data/MS/Quarter5/ERTS/lab/Quadcopter/gcc-arm-none-eabi/bin/../lib/gcc/arm-none-eabi/5.4.1/../../../../arm-none-eabi/lib/armv6-m/libc_nano.a(lib_a-nano-svfprintf.o)
 .rodata.str1.1
                0x00023e19       0x11 /media/ishu/Data/MS/Quarter5/ERTS/lab/Quadcopter/gcc-arm-none-eabi/bin/../lib/gcc/arm-none-eabi/5.4.1/../../../../arm-none-eabi/lib/armv6-m/libc_nano.a(lib_a-nano-vfprintf.o)
 .rodata.str1.1
                0x00023e19       0x22 /media/ishu/Data/MS/Quarter5/ERTS/lab/Quadcopter/gcc-arm-none-eabi/bin/../lib/gcc/arm-none-eabi/5.4.1/../../../../arm-none-eabi/lib/armv6-m/libc_nano.a(lib_a-nano-vfprintf_i.o)
 *(.eh_frame*)
 *fill*         0x00023e3b        0x1 
 .eh_frame      0x00023e3c        0x0 /media/ishu/Data/MS/Quarter5/ERTS/lab/Quadcopter/gcc-arm-none-eabi/bin/../lib/gcc/arm-none-eabi/5.4.1/armv6-m/crtbegin.o
                0x00023e3c                . = ALIGN (0x4)

.glue_7         0x00023e3c        0x0
 .glue_7        0x00023e3c        0x0 linker stubs

.glue_7t        0x00023e3c        0x0
 .glue_7t       0x00023e3c        0x0 linker stubs

.vfp11_veneer   0x00023e3c        0x0
 .vfp11_veneer  0x00023e3c        0x0 linker stubs

.v4_bx          0x00023e3c        0x0
 .v4_bx         0x00023e3c        0x0 linker stubs

.iplt           0x00023e3c        0x0
 .iplt          0x00023e3c        0x0 /media/ishu/Data/MS/Quarter5/ERTS/lab/Quadcopter/gcc-arm-none-eabi/bin/../lib/gcc/arm-none-eabi/5.4.1/armv6-m/crtbegin.o

.ARM.extab      0x00023e3c        0x0
 *(.ARM.extab* .gnu.linkonce.armextab.*)
                0x00023e3c                . = ALIGN (0x4)
                0x00023e3c                __exidx_start = .

.ARM.exidx      0x00023e3c        0x8
 *(.ARM.exidx* .gnu.linkonce.armexidx.*)
 .ARM.exidx     0x00023e3c        0x8 /media/ishu/Data/MS/Quarter5/ERTS/lab/Quadcopter/gcc-arm-none-eabi/bin/../lib/gcc/arm-none-eabi/5.4.1/../../../../arm-none-eabi/lib/armv6-m/crt0.o
 .ARM.exidx     0x00023e44        0x0 _build/gcc_startup_nrf51.o
                                  0x8 (size before relaxing)
                0x00023e44                . = ALIGN (0x4)
                0x00023e44                __exidx_end = .
                0x00023e44                __etext = .

.rel.dyn        0x00023e44        0x0
 .rel.iplt      0x00023e44        0x0 /media/ishu/Data/MS/Quarter5/ERTS/lab/Quadcopter/gcc-arm-none-eabi/bin/../lib/gcc/arm-none-eabi/5.4.1/armv6-m/crtbegin.o

.data           0x20002000       0xb4 load address 0x00023e44
                0x20002000                __data_start__ = .
 *(vtable)
 *(.data*)
 .data.impure_data
                0x20002000       0x60 /media/ishu/Data/MS/Quarter5/ERTS/lab/Quadcopter/gcc-arm-none-eabi/bin/../lib/gcc/arm-none-eabi/5.4.1/../../../../arm-none-eabi/lib/armv6-m/libc_nano.a(lib_a-impure.o)
 .data._impure_ptr
                0x20002060        0x4 /media/ishu/Data/MS/Quarter5/ERTS/lab/Quadcopter/gcc-arm-none-eabi/bin/../lib/gcc/arm-none-eabi/5.4.1/../../../../arm-none-eabi/lib/armv6-m/libc_nano.a(lib_a-impure.o)
                0x20002060                _impure_ptr
 .data.txd_available
                0x20002064        0x1 _build/uart.o
                0x20002064                txd_available
 *fill*         0x20002065        0x3 
 .data.m_adv_uuids
                0x20002068        0x4 _build/ble.o
 .data.m_conn_handle
                0x2000206c        0x2 _build/ble.o
 *fill*         0x2000206e        0x2 
 .data.st       0x20002070       0x2c _build/inv_mpu.o
 .data.gyro_orientation.7068
                0x2000209c        0x9 _build/mpu_wrapper.o
 *fill*         0x200020a5        0x1 
 .data.current_slave_link_conn_handle.7275
                0x200020a6        0x2 _build/ble_advertising.o
 .data.__fdlib_version
                0x200020a8        0x1 /media/ishu/Data/MS/Quarter5/ERTS/lab/Quadcopter/gcc-arm-none-eabi/bin/../lib/gcc/arm-none-eabi/5.4.1/../../../../arm-none-eabi/lib/armv6-m/libm.a(lib_a-s_lib_ver.o)
                0x200020a8                __fdlib_version
                0x200020ac                . = ALIGN (0x4)
 *fill*         0x200020a9        0x3 
                0x200020ac                PROVIDE (__preinit_array_start, .)
 *(.preinit_array)
                0x200020ac                PROVIDE (__preinit_array_end, .)
                0x200020ac                . = ALIGN (0x4)
                0x200020ac                PROVIDE (__init_array_start, .)
 *(SORT(.init_array.*))
 *(.init_array)
 .init_array    0x200020ac        0x4 /media/ishu/Data/MS/Quarter5/ERTS/lab/Quadcopter/gcc-arm-none-eabi/bin/../lib/gcc/arm-none-eabi/5.4.1/armv6-m/crtbegin.o
                0x200020b0                PROVIDE (__init_array_end, .)
                0x200020b0                . = ALIGN (0x4)
                [!provide]                PROVIDE (__fini_array_start, .)
 *(SORT(.fini_array.*))
 *(.fini_array)
 .fini_array    0x200020b0        0x4 /media/ishu/Data/MS/Quarter5/ERTS/lab/Quadcopter/gcc-arm-none-eabi/bin/../lib/gcc/arm-none-eabi/5.4.1/armv6-m/crtbegin.o
                [!provide]                PROVIDE (__fini_array_end, .)
 *(.jcr)
 .jcr           0x200020b4        0x0 /media/ishu/Data/MS/Quarter5/ERTS/lab/Quadcopter/gcc-arm-none-eabi/bin/../lib/gcc/arm-none-eabi/5.4.1/armv6-m/crtbegin.o
                0x200020b4                . = ALIGN (0x4)
                0x200020b4                __data_end__ = .

.igot.plt       0x200020b4        0x0 load address 0x00023ef8
 .igot.plt      0x200020b4        0x0 /media/ishu/Data/MS/Quarter5/ERTS/lab/Quadcopter/gcc-arm-none-eabi/bin/../lib/gcc/arm-none-eabi/5.4.1/armv6-m/crtbegin.o

.bss            0x200020b4      0xa0c load address 0x00023ef8
                0x200020b4                . = ALIGN (0x4)
                0x200020b4                __bss_start__ = .
 *(.bss*)
 .bss           0x200020b4       0x1c /media/ishu/Data/MS/Quarter5/ERTS/lab/Quadcopter/gcc-arm-none-eabi/bin/../lib/gcc/arm-none-eabi/5.4.1/armv6-m/crtbegin.o
 .bss.outer_counter
                0x200020d0        0x1 _build/control.o
                0x200020d0                outer_counter
 .bss.calibration_flag
                0x200020d1        0x1 _build/sensors.o
                0x200020d1                calibration_flag
 *fill*         0x200020d2        0x2 
 .bss.last_received_message.7303
                0x200020d4        0x4 _build/packet_uav.o
 .bss.discard_count
                0x200020d8        0x1 _build/packet_uav.o
                0x200020d8                discard_count
 .bss.no_read_count
                0x200020d9        0x1 _build/packet_uav.o
                0x200020d9                no_read_count
 .bss.logNum    0x200020da        0x2 _build/logging.o
 .bss.nextAddress
                0x200020dc        0x4 _build/logging.o
 .bss.shortLogging
                0x200020e0        0x1 _build/logging.o
 *fill*         0x200020e1        0x3 
 .bss.APP_TIMER_BUF.7144
                0x200020e4      0x1c8 _build/timers.o
 .bss.quadrupel_timer_data.7147
                0x200022ac       0x20 _build/timers.o
 .bss.sent      0x200022cc        0x1 _build/twi.o
 .bss.read      0x200022cd        0x1 _build/twi.o
 .bss.loop_count
                0x200022ce        0x1 _build/baro.o
 *fill*         0x200022cf        0x1 
 .bss.prom      0x200022d0       0x10 _build/baro.o
 .bss.data      0x200022e0        0x3 _build/baro.o
 *fill*         0x200022e3        0x1 
 .bss.data.7061
                0x200022e4        0x2 _build/baro.o
 *fill*         0x200022e6        0x2 
 .bss.initTime  0x200022e8        0x4 _build/baro.o
                0x200022e8                initTime
 .bss.BLE_EVT_BUFFER.8992
                0x200022ec       0x48 _build/ble.o
 .bss.m_nus     0x20002334       0x1c _build/ble.o
 .bss.spi_config_table
                0x20002350        0xc _build/spi_flash.o
 .bss.SPI       0x2000235c        0x4 _build/spi_flash.o
 .bss.dmp       0x20002360       0x10 _build/inv_mpu_dmp_motion_driver.o
 .bss.m_ticks_latest
                0x20002370        0x4 _build/app_timer.o
 .bss.mp_timer_id_head
                0x20002374        0x4 _build/app_timer.o
 .bss.m_evt_schedule_func
                0x20002378        0x4 _build/app_timer.o
 .bss.m_user_array_size
                0x2000237c        0x1 _build/app_timer.o
 *fill*         0x2000237d        0x3 
 .bss.mp_users  0x20002380        0x4 _build/app_timer.o
 .bss.m_ticks_elapsed_q_read_ind
                0x20002384        0x1 _build/app_timer.o
 .bss.m_ticks_elapsed_q_write_ind
                0x20002385        0x1 _build/app_timer.o
 .bss.m_rtc1_reset
                0x20002386        0x1 _build/app_timer.o
 *fill*         0x20002387        0x1 
 .bss.m_ticks_elapsed
                0x20002388        0x8 _build/app_timer.o
 .bss.m_rtc1_running
                0x20002390        0x1 _build/app_timer.o
 *fill*         0x20002391        0x3 
 .bss.m_cmd_queue
                0x20002394       0xcc _build/pstorage.o
 .bss.m_flags   0x20002460        0x4 _build/pstorage.o
 .bss.m_advdata
                0x20002464       0x38 _build/ble_advertising.o
 .bss.m_manuf_specific_data
                0x2000249c        0xc _build/ble_advertising.o
 .bss.m_evt_handler
                0x200024a8        0x4 _build/ble_advertising.o
 .bss.m_advertising_start_pending
                0x200024ac        0x1 _build/ble_advertising.o
 *fill*         0x200024ad        0x3 
 .bss.m_manuf_data_array
                0x200024b0       0x1f _build/ble_advertising.o
 .bss.m_whitelist_temporarily_disabled
                0x200024cf        0x1 _build/ble_advertising.o
 .bss.m_error_handler
                0x200024d0        0x4 _build/ble_advertising.o
 .bss.m_peer_address
                0x200024d4        0x7 _build/ble_advertising.o
 *fill*         0x200024db        0x1 
 .bss.m_adv_modes_config
                0x200024dc       0x24 _build/ble_advertising.o
 .bss.mp_whitelist_addr
                0x20002500       0x20 _build/ble_advertising.o
 .bss.m_tx_power_level
                0x20002520        0x1 _build/ble_advertising.o
 *fill*         0x20002521        0x3 
 .bss.m_whitelist
                0x20002524       0x10 _build/ble_advertising.o
 .bss.m_service_data_array
                0x20002534       0x1f _build/ble_advertising.o
 .bss.m_whitelist_reply_expected
                0x20002553        0x1 _build/ble_advertising.o
 .bss.mp_whitelist_irk
                0x20002554       0x20 _build/ble_advertising.o
 .bss.m_adv_mode_current
                0x20002574        0x1 _build/ble_advertising.o
 .bss.m_peer_addr_reply_expected
                0x20002575        0x1 _build/ble_advertising.o
 *fill*         0x20002576        0x2 
 .bss.m_slave_conn_int
                0x20002578        0x4 _build/ble_advertising.o
 .bss.m_service_data
                0x2000257c        0xc _build/ble_advertising.o
 .bss.m_adv_evt
                0x20002588        0x1 _build/ble_advertising.o
 .bss.m_change_param
                0x20002589        0x1 _build/ble_conn_params.o
 *fill*         0x2000258a        0x2 
 .bss.m_current_conn_params
                0x2000258c        0x8 _build/ble_conn_params.o
 .bss.m_update_count
                0x20002594        0x1 _build/ble_conn_params.o
 *fill*         0x20002595        0x3 
 .bss.m_conn_params_config
                0x20002598       0x1c _build/ble_conn_params.o
 .bss.m_conn_params_timer_id_data
                0x200025b4       0x20 _build/ble_conn_params.o
 .bss.m_conn_handle
                0x200025d4        0x2 _build/ble_conn_params.o
 *fill*         0x200025d6        0x2 
 .bss.m_preferred_conn_params
                0x200025d8        0x8 _build/ble_conn_params.o
 .bss.m_softdevice_enabled
                0x200025e0        0x1 _build/softdevice_handler.o
 *fill*         0x200025e1        0x1 
 .bss.m_ble_evt_buffer_size
                0x200025e2        0x2 _build/softdevice_handler.o
 .bss.mp_ble_evt_buffer
                0x200025e4        0x4 _build/softdevice_handler.o
 .bss.m_sys_evt_handler
                0x200025e8        0x4 _build/softdevice_handler.o
 .bss.m_ble_evt_handler
                0x200025ec        0x4 _build/softdevice_handler.o
 .bss.m_evt_schedule_func
                0x200025f0        0x4 _build/softdevice_handler.o
 .bss.__malloc_sbrk_start
                0x200025f4        0x4 /media/ishu/Data/MS/Quarter5/ERTS/lab/Quadcopter/gcc-arm-none-eabi/bin/../lib/gcc/arm-none-eabi/5.4.1/../../../../arm-none-eabi/lib/armv6-m/libc_nano.a(lib_a-nano-mallocr.o)
                0x200025f4                __malloc_sbrk_start
 .bss.__malloc_free_list
                0x200025f8        0x4 /media/ishu/Data/MS/Quarter5/ERTS/lab/Quadcopter/gcc-arm-none-eabi/bin/../lib/gcc/arm-none-eabi/5.4.1/../../../../arm-none-eabi/lib/armv6-m/libc_nano.a(lib_a-nano-mallocr.o)
                0x200025f8                __malloc_free_list
 .bss.heap_end.4167
                0x200025fc        0x4 /media/ishu/Data/MS/Quarter5/ERTS/lab/Quadcopter/gcc-arm-none-eabi/bin/../lib/gcc/arm-none-eabi/5.4.1/../../../../arm-none-eabi/lib/armv6-m/libnosys.a(sbrk.o)
 *(COMMON)
 COMMON         0x20002600      0x488 _build/in4073.o
                0x20002600                yaw_parameter
                0x20002602                say
                0x20002604                b
                0x20002606                psi
                0x20002608                prev_roll
                0x20002609                sensor_fifo_count
                0x2000260a                P1
                0x2000260c                saz
                0x2000260e                prev_pitch
                0x20002610                logCore
                0x20002614                roll_delta
                0x20002618                rx_queue
                0x2000271e                yaw_delta
                0x20002720                current_mode
                0x20002722                phi
                0x20002724                P2
                0x20002726                lift_delta
                0x20002728                prev_mode
                0x2000272c                temperature
                0x20002730                psi_s
                0x20002732                new_lift
                0x20002734                theta
                0x20002738                pressure
                0x2000273c                exit_mode_flag
                0x2000273d                mode
                0x2000273e                dcpsi_s
                0x20002740                tx_queue
                0x20002846                sax
                0x20002848                prev_yaw
                0x20002849                lift
                0x2000284a                sq
                0x2000284c                yaw_error
                0x2000284e                bat_volt
                0x20002850                ble_rx_queue
                0x20002956                d
                0x20002958                pitch_delta
                0x2000295a                sp
                0x2000295c                safe_flag
                0x2000295d                radio_active
                0x20002960                motor
                0x20002968                yaw
                0x2000296c                last_correct_checksum_time
                0x20002970                prev_lift
                0x20002972                pitch
                0x20002973                roll
                0x20002974                ble_tx_queue
                0x20002a7c                ae
                0x20002a84                sr
                0x20002a86                demo_done
                0x20002a87                P
 COMMON         0x20002a88       0x10 _build/control.o
                0x20002a88                yaw_rate
                0x20002a8a                pitch_act
                0x20002a8c                yaw_prev
                0x20002a8e                yaw_act
                0x20002a90                pitch_rate_d
                0x20002a92                roll_act
                0x20002a94                yaw_s
                0x20002a96                roll_rate_d
 COMMON         0x20002a98       0x12 _build/sensors.o
                0x20002a98                dcsr
                0x20002a9a                dcsp
                0x20002a9c                dcsq
                0x20002a9e                dcsax
                0x20002aa0                dctheta
                0x20002aa2                dcpsi
                0x20002aa4                dcsay
                0x20002aa6                dcphi
                0x20002aa8                dcsaz
 *fill*         0x20002aaa        0x2 
 COMMON         0x20002aac        0x5 _build/timers.o
                0x20002aac                global_time
                0x20002ab0                timer_flag
 *fill*         0x20002ab1        0x3 
 COMMON         0x20002ab4        0x8 _build/baro.o
                0x20002ab4                D2
                0x20002ab8                D1
 COMMON         0x20002abc        0x4 /media/ishu/Data/MS/Quarter5/ERTS/lab/Quadcopter/gcc-arm-none-eabi/bin/../lib/gcc/arm-none-eabi/5.4.1/../../../../arm-none-eabi/lib/armv6-m/libc_nano.a(lib_a-reent.o)
                0x20002abc                errno
                0x20002ac0                . = ALIGN (0x4)
                0x20002ac0                __bss_end__ = .

.heap           0x20002ac0      0x800
                0x20002ac0                __end__ = .
                0x20002ac0                end = __end__
 *(.heap*)
 .heap          0x20002ac0      0x800 _build/gcc_startup_nrf51.o
                0x20002ac0                __HeapBase
                0x200032c0                __HeapLimit = .

.stack_dummy    0x20002ac0      0x800
 *(.stack*)
 .stack         0x20002ac0      0x800 _build/gcc_startup_nrf51.o
                0x20004000                __StackTop = (ORIGIN (RAM) + LENGTH (RAM))
                0x20003800                __StackLimit = (__StackTop - SIZEOF (.stack_dummy))
                0x20004000                PROVIDE (__stack, __StackTop)
                0x00000001                ASSERT ((__StackLimit >= __HeapLimit), region RAM overflowed with stack)
OUTPUT(_build/in4073.out elf32-littlearm)

.ARM.attributes
                0x00000000       0x28
 .ARM.attributes
                0x00000000       0x1e /media/ishu/Data/MS/Quarter5/ERTS/lab/Quadcopter/gcc-arm-none-eabi/bin/../lib/gcc/arm-none-eabi/5.4.1/armv6-m/crti.o
 .ARM.attributes
                0x0000001e       0x2c /media/ishu/Data/MS/Quarter5/ERTS/lab/Quadcopter/gcc-arm-none-eabi/bin/../lib/gcc/arm-none-eabi/5.4.1/armv6-m/crtbegin.o
 .ARM.attributes
                0x0000004a       0x1b /media/ishu/Data/MS/Quarter5/ERTS/lab/Quadcopter/gcc-arm-none-eabi/bin/../lib/gcc/arm-none-eabi/5.4.1/../../../../arm-none-eabi/lib/armv6-m/crt0.o
 .ARM.attributes
                0x00000065       0x2c /media/ishu/Data/MS/Quarter5/ERTS/lab/Quadcopter/gcc-arm-none-eabi/bin/../lib/gcc/arm-none-eabi/5.4.1/../../../../arm-none-eabi/lib/armv6-m/libc_nano.a(lib_a-exit.o)
 .ARM.attributes
                0x00000091       0x2c /media/ishu/Data/MS/Quarter5/ERTS/lab/Quadcopter/gcc-arm-none-eabi/bin/../lib/gcc/arm-none-eabi/5.4.1/../../../../arm-none-eabi/lib/armv6-m/libc_nano.a(lib_a-impure.o)
 .ARM.attributes
                0x000000bd       0x2c /media/ishu/Data/MS/Quarter5/ERTS/lab/Quadcopter/gcc-arm-none-eabi/bin/../lib/gcc/arm-none-eabi/5.4.1/../../../../arm-none-eabi/lib/armv6-m/libc_nano.a(lib_a-init.o)
 .ARM.attributes
                0x000000e9       0x2c /media/ishu/Data/MS/Quarter5/ERTS/lab/Quadcopter/gcc-arm-none-eabi/bin/../lib/gcc/arm-none-eabi/5.4.1/../../../../arm-none-eabi/lib/armv6-m/libc_nano.a(lib_a-memset.o)
 .ARM.attributes
                0x00000115       0x2c /media/ishu/Data/MS/Quarter5/ERTS/lab/Quadcopter/gcc-arm-none-eabi/bin/../lib/gcc/arm-none-eabi/5.4.1/../../../../arm-none-eabi/lib/armv6-m/libnosys.a(_exit.o)
 .ARM.attributes
                0x00000141       0x31 _build/system_nrf51.o
 .ARM.attributes
                0x00000172       0x31 _build/nrf_delay.o
 .ARM.attributes
                0x000001a3       0x31 _build/in4073.o
 .ARM.attributes
                0x000001d4       0x31 _build/control.o
 .ARM.attributes
                0x00000205       0x31 _build/sensors.o
 .ARM.attributes
                0x00000236       0x31 _build/crc.o
 .ARM.attributes
                0x00000267       0x31 _build/packet.o
 .ARM.attributes
                0x00000298       0x31 _build/packet_uav.o
 .ARM.attributes
                0x000002c9       0x31 _build/logging.o
 .ARM.attributes
                0x000002fa       0x31 _build/gpio.o
 .ARM.attributes
                0x0000032b       0x31 _build/timers.o
 .ARM.attributes
                0x0000035c       0x31 _build/uart.o
 .ARM.attributes
                0x0000038d       0x31 _build/queue.o
 .ARM.attributes
                0x000003be       0x31 _build/twi.o
 .ARM.attributes
                0x000003ef       0x31 _build/adc.o
 .ARM.attributes
                0x00000420       0x31 _build/baro.o
 .ARM.attributes
                0x00000451       0x31 _build/ble.o
 .ARM.attributes
                0x00000482       0x31 _build/spi_flash.o
 .ARM.attributes
                0x000004b3       0x31 _build/inv_mpu.o
 .ARM.attributes
                0x000004e4       0x31 _build/inv_mpu_dmp_motion_driver.o
 .ARM.attributes
                0x00000515       0x31 _build/ml.o
 .ARM.attributes
                0x00000546       0x31 _build/mpu_wrapper.o
 .ARM.attributes
                0x00000577       0x31 _build/app_error.o
 .ARM.attributes
                0x000005a8       0x31 _build/app_timer.o
 .ARM.attributes
                0x000005d9       0x31 _build/pstorage.o
 .ARM.attributes
                0x0000060a       0x31 _build/ble_advdata.o
 .ARM.attributes
                0x0000063b       0x31 _build/ble_advertising.o
 .ARM.attributes
                0x0000066c       0x31 _build/ble_conn_params.o
 .ARM.attributes
                0x0000069d       0x31 _build/ble_nus.o
 .ARM.attributes
                0x000006ce       0x31 _build/softdevice_handler.o
 .ARM.attributes
                0x000006ff       0x1b _build/gcc_startup_nrf51.o
 .ARM.attributes
                0x0000071a       0x2c /media/ishu/Data/MS/Quarter5/ERTS/lab/Quadcopter/gcc-arm-none-eabi/bin/../lib/gcc/arm-none-eabi/5.4.1/../../../../arm-none-eabi/lib/armv6-m/libm.a(lib_a-s_fabs.o)
 .ARM.attributes
                0x00000746       0x2c /media/ishu/Data/MS/Quarter5/ERTS/lab/Quadcopter/gcc-arm-none-eabi/bin/../lib/gcc/arm-none-eabi/5.4.1/../../../../arm-none-eabi/lib/armv6-m/libm.a(lib_a-w_asin.o)
 .ARM.attributes
                0x00000772       0x2c /media/ishu/Data/MS/Quarter5/ERTS/lab/Quadcopter/gcc-arm-none-eabi/bin/../lib/gcc/arm-none-eabi/5.4.1/../../../../arm-none-eabi/lib/armv6-m/libm.a(lib_a-w_atan2.o)
 .ARM.attributes
                0x0000079e       0x2c /media/ishu/Data/MS/Quarter5/ERTS/lab/Quadcopter/gcc-arm-none-eabi/bin/../lib/gcc/arm-none-eabi/5.4.1/../../../../arm-none-eabi/lib/armv6-m/libm.a(lib_a-e_asin.o)
 .ARM.attributes
                0x000007ca       0x2c /media/ishu/Data/MS/Quarter5/ERTS/lab/Quadcopter/gcc-arm-none-eabi/bin/../lib/gcc/arm-none-eabi/5.4.1/../../../../arm-none-eabi/lib/armv6-m/libm.a(lib_a-e_atan2.o)
 .ARM.attributes
                0x000007f6       0x2c /media/ishu/Data/MS/Quarter5/ERTS/lab/Quadcopter/gcc-arm-none-eabi/bin/../lib/gcc/arm-none-eabi/5.4.1/../../../../arm-none-eabi/lib/armv6-m/libm.a(lib_a-e_sqrt.o)
 .ARM.attributes
                0x00000822       0x2c /media/ishu/Data/MS/Quarter5/ERTS/lab/Quadcopter/gcc-arm-none-eabi/bin/../lib/gcc/arm-none-eabi/5.4.1/../../../../arm-none-eabi/lib/armv6-m/libm.a(lib_a-s_atan.o)
 .ARM.attributes
                0x0000084e       0x2c /media/ishu/Data/MS/Quarter5/ERTS/lab/Quadcopter/gcc-arm-none-eabi/bin/../lib/gcc/arm-none-eabi/5.4.1/../../../../arm-none-eabi/lib/armv6-m/libm.a(lib_a-s_lib_ver.o)
 .ARM.attributes
                0x0000087a       0x2c /media/ishu/Data/MS/Quarter5/ERTS/lab/Quadcopter/gcc-arm-none-eabi/bin/../lib/gcc/arm-none-eabi/5.4.1/../../../../arm-none-eabi/lib/armv6-m/libm.a(lib_a-s_matherr.o)
 .ARM.attributes
                0x000008a6       0x2c /media/ishu/Data/MS/Quarter5/ERTS/lab/Quadcopter/gcc-arm-none-eabi/bin/../lib/gcc/arm-none-eabi/5.4.1/../../../../arm-none-eabi/lib/armv6-m/libm.a(lib_a-s_nan.o)
 .ARM.attributes
                0x000008d2       0x1e /media/ishu/Data/MS/Quarter5/ERTS/lab/Quadcopter/gcc-arm-none-eabi/bin/../lib/gcc/arm-none-eabi/5.4.1/armv6-m/libgcc.a(_udivsi3.o)
 .ARM.attributes
                0x000008f0       0x1e /media/ishu/Data/MS/Quarter5/ERTS/lab/Quadcopter/gcc-arm-none-eabi/bin/../lib/gcc/arm-none-eabi/5.4.1/armv6-m/libgcc.a(_divsi3.o)
 .ARM.attributes
                0x0000090e       0x1e /media/ishu/Data/MS/Quarter5/ERTS/lab/Quadcopter/gcc-arm-none-eabi/bin/../lib/gcc/arm-none-eabi/5.4.1/armv6-m/libgcc.a(_dvmd_tls.o)
 .ARM.attributes
                0x0000092c       0x1e /media/ishu/Data/MS/Quarter5/ERTS/lab/Quadcopter/gcc-arm-none-eabi/bin/../lib/gcc/arm-none-eabi/5.4.1/armv6-m/libgcc.a(_arm_cmpdf2.o)
 .ARM.attributes
                0x0000094a       0x1e /media/ishu/Data/MS/Quarter5/ERTS/lab/Quadcopter/gcc-arm-none-eabi/bin/../lib/gcc/arm-none-eabi/5.4.1/armv6-m/libgcc.a(_arm_cmpsf2.o)
 .ARM.attributes
                0x00000968       0x1e /media/ishu/Data/MS/Quarter5/ERTS/lab/Quadcopter/gcc-arm-none-eabi/bin/../lib/gcc/arm-none-eabi/5.4.1/armv6-m/libgcc.a(_clzsi2.o)
 .ARM.attributes
                0x00000986       0x2c /media/ishu/Data/MS/Quarter5/ERTS/lab/Quadcopter/gcc-arm-none-eabi/bin/../lib/gcc/arm-none-eabi/5.4.1/armv6-m/libgcc.a(_muldi3.o)
 .ARM.attributes
                0x000009b2       0x2c /media/ishu/Data/MS/Quarter5/ERTS/lab/Quadcopter/gcc-arm-none-eabi/bin/../lib/gcc/arm-none-eabi/5.4.1/armv6-m/libgcc.a(_fixunssfsi.o)
 .ARM.attributes
                0x000009de       0x2c /media/ishu/Data/MS/Quarter5/ERTS/lab/Quadcopter/gcc-arm-none-eabi/bin/../lib/gcc/arm-none-eabi/5.4.1/armv6-m/libgcc.a(addsf3.o)
 .ARM.attributes
                0x00000a0a       0x2c /media/ishu/Data/MS/Quarter5/ERTS/lab/Quadcopter/gcc-arm-none-eabi/bin/../lib/gcc/arm-none-eabi/5.4.1/armv6-m/libgcc.a(divsf3.o)
 .ARM.attributes
                0x00000a36       0x2c /media/ishu/Data/MS/Quarter5/ERTS/lab/Quadcopter/gcc-arm-none-eabi/bin/../lib/gcc/arm-none-eabi/5.4.1/armv6-m/libgcc.a(eqsf2.o)
 .ARM.attributes
                0x00000a62       0x2c /media/ishu/Data/MS/Quarter5/ERTS/lab/Quadcopter/gcc-arm-none-eabi/bin/../lib/gcc/arm-none-eabi/5.4.1/armv6-m/libgcc.a(gesf2.o)
 .ARM.attributes
                0x00000a8e       0x2c /media/ishu/Data/MS/Quarter5/ERTS/lab/Quadcopter/gcc-arm-none-eabi/bin/../lib/gcc/arm-none-eabi/5.4.1/armv6-m/libgcc.a(lesf2.o)
 .ARM.attributes
                0x00000aba       0x2c /media/ishu/Data/MS/Quarter5/ERTS/lab/Quadcopter/gcc-arm-none-eabi/bin/../lib/gcc/arm-none-eabi/5.4.1/armv6-m/libgcc.a(mulsf3.o)
 .ARM.attributes
                0x00000ae6       0x2c /media/ishu/Data/MS/Quarter5/ERTS/lab/Quadcopter/gcc-arm-none-eabi/bin/../lib/gcc/arm-none-eabi/5.4.1/armv6-m/libgcc.a(subsf3.o)
 .ARM.attributes
                0x00000b12       0x2c /media/ishu/Data/MS/Quarter5/ERTS/lab/Quadcopter/gcc-arm-none-eabi/bin/../lib/gcc/arm-none-eabi/5.4.1/armv6-m/libgcc.a(fixsfsi.o)
 .ARM.attributes
                0x00000b3e       0x2c /media/ishu/Data/MS/Quarter5/ERTS/lab/Quadcopter/gcc-arm-none-eabi/bin/../lib/gcc/arm-none-eabi/5.4.1/armv6-m/libgcc.a(floatsisf.o)
 .ARM.attributes
                0x00000b6a       0x2c /media/ishu/Data/MS/Quarter5/ERTS/lab/Quadcopter/gcc-arm-none-eabi/bin/../lib/gcc/arm-none-eabi/5.4.1/armv6-m/libgcc.a(floatunsisf.o)
 .ARM.attributes
                0x00000b96       0x2c /media/ishu/Data/MS/Quarter5/ERTS/lab/Quadcopter/gcc-arm-none-eabi/bin/../lib/gcc/arm-none-eabi/5.4.1/armv6-m/libgcc.a(adddf3.o)
 .ARM.attributes
                0x00000bc2       0x2c /media/ishu/Data/MS/Quarter5/ERTS/lab/Quadcopter/gcc-arm-none-eabi/bin/../lib/gcc/arm-none-eabi/5.4.1/armv6-m/libgcc.a(divdf3.o)
 .ARM.attributes
                0x00000bee       0x2c /media/ishu/Data/MS/Quarter5/ERTS/lab/Quadcopter/gcc-arm-none-eabi/bin/../lib/gcc/arm-none-eabi/5.4.1/armv6-m/libgcc.a(eqdf2.o)
 .ARM.attributes
                0x00000c1a       0x2c /media/ishu/Data/MS/Quarter5/ERTS/lab/Quadcopter/gcc-arm-none-eabi/bin/../lib/gcc/arm-none-eabi/5.4.1/armv6-m/libgcc.a(gedf2.o)
 .ARM.attributes
                0x00000c46       0x2c /media/ishu/Data/MS/Quarter5/ERTS/lab/Quadcopter/gcc-arm-none-eabi/bin/../lib/gcc/arm-none-eabi/5.4.1/armv6-m/libgcc.a(ledf2.o)
 .ARM.attributes
                0x00000c72       0x2c /media/ishu/Data/MS/Quarter5/ERTS/lab/Quadcopter/gcc-arm-none-eabi/bin/../lib/gcc/arm-none-eabi/5.4.1/armv6-m/libgcc.a(muldf3.o)
 .ARM.attributes
                0x00000c9e       0x2c /media/ishu/Data/MS/Quarter5/ERTS/lab/Quadcopter/gcc-arm-none-eabi/bin/../lib/gcc/arm-none-eabi/5.4.1/armv6-m/libgcc.a(subdf3.o)
 .ARM.attributes
                0x00000cca       0x2c /media/ishu/Data/MS/Quarter5/ERTS/lab/Quadcopter/gcc-arm-none-eabi/bin/../lib/gcc/arm-none-eabi/5.4.1/armv6-m/libgcc.a(unorddf2.o)
 .ARM.attributes
                0x00000cf6       0x2c /media/ishu/Data/MS/Quarter5/ERTS/lab/Quadcopter/gcc-arm-none-eabi/bin/../lib/gcc/arm-none-eabi/5.4.1/armv6-m/libgcc.a(fixdfsi.o)
 .ARM.attributes
                0x00000d22       0x2c /media/ishu/Data/MS/Quarter5/ERTS/lab/Quadcopter/gcc-arm-none-eabi/bin/../lib/gcc/arm-none-eabi/5.4.1/armv6-m/libgcc.a(extendsfdf2.o)
 .ARM.attributes
                0x00000d4e       0x2c /media/ishu/Data/MS/Quarter5/ERTS/lab/Quadcopter/gcc-arm-none-eabi/bin/../lib/gcc/arm-none-eabi/5.4.1/../../../../arm-none-eabi/lib/armv6-m/libc_nano.a(lib_a-errno.o)
 .ARM.attributes
                0x00000d7a       0x2c /media/ishu/Data/MS/Quarter5/ERTS/lab/Quadcopter/gcc-arm-none-eabi/bin/../lib/gcc/arm-none-eabi/5.4.1/../../../../arm-none-eabi/lib/armv6-m/libc_nano.a(lib_a-malloc.o)
 .ARM.attributes
                0x00000da6       0x2c /media/ishu/Data/MS/Quarter5/ERTS/lab/Quadcopter/gcc-arm-none-eabi/bin/../lib/gcc/arm-none-eabi/5.4.1/../../../../arm-none-eabi/lib/armv6-m/libc_nano.a(lib_a-memcmp.o)
 .ARM.attributes
                0x00000dd2       0x2c /media/ishu/Data/MS/Quarter5/ERTS/lab/Quadcopter/gcc-arm-none-eabi/bin/../lib/gcc/arm-none-eabi/5.4.1/../../../../arm-none-eabi/lib/armv6-m/libc_nano.a(lib_a-memcpy-stub.o)
 .ARM.attributes
                0x00000dfe       0x2c /media/ishu/Data/MS/Quarter5/ERTS/lab/Quadcopter/gcc-arm-none-eabi/bin/../lib/gcc/arm-none-eabi/5.4.1/../../../../arm-none-eabi/lib/armv6-m/libc_nano.a(lib_a-nano-freer.o)
 .ARM.attributes
                0x00000e2a       0x2c /media/ishu/Data/MS/Quarter5/ERTS/lab/Quadcopter/gcc-arm-none-eabi/bin/../lib/gcc/arm-none-eabi/5.4.1/../../../../arm-none-eabi/lib/armv6-m/libc_nano.a(lib_a-nano-mallocr.o)
 .ARM.attributes
                0x00000e56       0x2c /media/ishu/Data/MS/Quarter5/ERTS/lab/Quadcopter/gcc-arm-none-eabi/bin/../lib/gcc/arm-none-eabi/5.4.1/../../../../arm-none-eabi/lib/armv6-m/libc_nano.a(lib_a-printf.o)
 .ARM.attributes
                0x00000e82       0x2c /media/ishu/Data/MS/Quarter5/ERTS/lab/Quadcopter/gcc-arm-none-eabi/bin/../lib/gcc/arm-none-eabi/5.4.1/../../../../arm-none-eabi/lib/armv6-m/libc_nano.a(lib_a-sbrkr.o)
 .ARM.attributes
                0x00000eae       0x2c /media/ishu/Data/MS/Quarter5/ERTS/lab/Quadcopter/gcc-arm-none-eabi/bin/../lib/gcc/arm-none-eabi/5.4.1/../../../../arm-none-eabi/lib/armv6-m/libc_nano.a(lib_a-sprintf.o)
 .ARM.attributes
                0x00000eda       0x1c /media/ishu/Data/MS/Quarter5/ERTS/lab/Quadcopter/gcc-arm-none-eabi/bin/../lib/gcc/arm-none-eabi/5.4.1/../../../../arm-none-eabi/lib/armv6-m/libc_nano.a(lib_a-strlen.o)
 .ARM.attributes
                0x00000ef6       0x2c /media/ishu/Data/MS/Quarter5/ERTS/lab/Quadcopter/gcc-arm-none-eabi/bin/../lib/gcc/arm-none-eabi/5.4.1/../../../../arm-none-eabi/lib/armv6-m/libc_nano.a(lib_a-findfp.o)
 .ARM.attributes
                0x00000f22       0x2c /media/ishu/Data/MS/Quarter5/ERTS/lab/Quadcopter/gcc-arm-none-eabi/bin/../lib/gcc/arm-none-eabi/5.4.1/../../../../arm-none-eabi/lib/armv6-m/libc_nano.a(lib_a-fwalk.o)
 .ARM.attributes
                0x00000f4e       0x2c /media/ishu/Data/MS/Quarter5/ERTS/lab/Quadcopter/gcc-arm-none-eabi/bin/../lib/gcc/arm-none-eabi/5.4.1/../../../../arm-none-eabi/lib/armv6-m/libc_nano.a(lib_a-mlock.o)
 .ARM.attributes
                0x00000f7a       0x2c /media/ishu/Data/MS/Quarter5/ERTS/lab/Quadcopter/gcc-arm-none-eabi/bin/../lib/gcc/arm-none-eabi/5.4.1/../../../../arm-none-eabi/lib/armv6-m/libc_nano.a(lib_a-nano-svfprintf.o)
 .ARM.attributes
                0x00000fa6       0x2c /media/ishu/Data/MS/Quarter5/ERTS/lab/Quadcopter/gcc-arm-none-eabi/bin/../lib/gcc/arm-none-eabi/5.4.1/../../../../arm-none-eabi/lib/armv6-m/libc_nano.a(lib_a-nano-vfprintf.o)
 .ARM.attributes
                0x00000fd2       0x2c /media/ishu/Data/MS/Quarter5/ERTS/lab/Quadcopter/gcc-arm-none-eabi/bin/../lib/gcc/arm-none-eabi/5.4.1/../../../../arm-none-eabi/lib/armv6-m/libc_nano.a(lib_a-nano-vfprintf_i.o)
 .ARM.attributes
                0x00000ffe       0x2c /media/ishu/Data/MS/Quarter5/ERTS/lab/Quadcopter/gcc-arm-none-eabi/bin/../lib/gcc/arm-none-eabi/5.4.1/../../../../arm-none-eabi/lib/armv6-m/libc_nano.a(lib_a-reent.o)
 .ARM.attributes
                0x0000102a       0x2c /media/ishu/Data/MS/Quarter5/ERTS/lab/Quadcopter/gcc-arm-none-eabi/bin/../lib/gcc/arm-none-eabi/5.4.1/../../../../arm-none-eabi/lib/armv6-m/libc_nano.a(lib_a-stdio.o)
 .ARM.attributes
                0x00001056       0x2c /media/ishu/Data/MS/Quarter5/ERTS/lab/Quadcopter/gcc-arm-none-eabi/bin/../lib/gcc/arm-none-eabi/5.4.1/../../../../arm-none-eabi/lib/armv6-m/libc_nano.a(lib_a-wbuf.o)
 .ARM.attributes
                0x00001082       0x2c /media/ishu/Data/MS/Quarter5/ERTS/lab/Quadcopter/gcc-arm-none-eabi/bin/../lib/gcc/arm-none-eabi/5.4.1/../../../../arm-none-eabi/lib/armv6-m/libc_nano.a(lib_a-writer.o)
 .ARM.attributes
                0x000010ae       0x2c /media/ishu/Data/MS/Quarter5/ERTS/lab/Quadcopter/gcc-arm-none-eabi/bin/../lib/gcc/arm-none-eabi/5.4.1/../../../../arm-none-eabi/lib/armv6-m/libc_nano.a(lib_a-wsetup.o)
 .ARM.attributes
                0x000010da       0x2c /media/ishu/Data/MS/Quarter5/ERTS/lab/Quadcopter/gcc-arm-none-eabi/bin/../lib/gcc/arm-none-eabi/5.4.1/../../../../arm-none-eabi/lib/armv6-m/libc_nano.a(lib_a-closer.o)
 .ARM.attributes
                0x00001106       0x2c /media/ishu/Data/MS/Quarter5/ERTS/lab/Quadcopter/gcc-arm-none-eabi/bin/../lib/gcc/arm-none-eabi/5.4.1/../../../../arm-none-eabi/lib/armv6-m/libc_nano.a(lib_a-fflush.o)
 .ARM.attributes
                0x00001132       0x2c /media/ishu/Data/MS/Quarter5/ERTS/lab/Quadcopter/gcc-arm-none-eabi/bin/../lib/gcc/arm-none-eabi/5.4.1/../../../../arm-none-eabi/lib/armv6-m/libc_nano.a(lib_a-lseekr.o)
 .ARM.attributes
                0x0000115e       0x2c /media/ishu/Data/MS/Quarter5/ERTS/lab/Quadcopter/gcc-arm-none-eabi/bin/../lib/gcc/arm-none-eabi/5.4.1/../../../../arm-none-eabi/lib/armv6-m/libc_nano.a(lib_a-makebuf.o)
 .ARM.attributes
                0x0000118a       0x2c /media/ishu/Data/MS/Quarter5/ERTS/lab/Quadcopter/gcc-arm-none-eabi/bin/../lib/gcc/arm-none-eabi/5.4.1/../../../../arm-none-eabi/lib/armv6-m/libc_nano.a(lib_a-memchr-stub.o)
 .ARM.attributes
                0x000011b6       0x2c /media/ishu/Data/MS/Quarter5/ERTS/lab/Quadcopter/gcc-arm-none-eabi/bin/../lib/gcc/arm-none-eabi/5.4.1/../../../../arm-none-eabi/lib/armv6-m/libc_nano.a(lib_a-memmove.o)
 .ARM.attributes
                0x000011e2       0x2c /media/ishu/Data/MS/Quarter5/ERTS/lab/Quadcopter/gcc-arm-none-eabi/bin/../lib/gcc/arm-none-eabi/5.4.1/../../../../arm-none-eabi/lib/armv6-m/libc_nano.a(lib_a-nano-reallocr.o)
 .ARM.attributes
                0x0000120e       0x2c /media/ishu/Data/MS/Quarter5/ERTS/lab/Quadcopter/gcc-arm-none-eabi/bin/../lib/gcc/arm-none-eabi/5.4.1/../../../../arm-none-eabi/lib/armv6-m/libc_nano.a(lib_a-readr.o)
 .ARM.attributes
                0x0000123a       0x2c /media/ishu/Data/MS/Quarter5/ERTS/lab/Quadcopter/gcc-arm-none-eabi/bin/../lib/gcc/arm-none-eabi/5.4.1/../../../../arm-none-eabi/lib/armv6-m/libc_nano.a(lib_a-fstatr.o)
 .ARM.attributes
                0x00001266       0x2c /media/ishu/Data/MS/Quarter5/ERTS/lab/Quadcopter/gcc-arm-none-eabi/bin/../lib/gcc/arm-none-eabi/5.4.1/../../../../arm-none-eabi/lib/armv6-m/libc_nano.a(lib_a-isattyr.o)
 .ARM.attributes
                0x00001292       0x2c /media/ishu/Data/MS/Quarter5/ERTS/lab/Quadcopter/gcc-arm-none-eabi/bin/../lib/gcc/arm-none-eabi/5.4.1/../../../../arm-none-eabi/lib/armv6-m/libc_nano.a(lib_a-nano-msizer.o)
 .ARM.attributes
                0x000012be       0x1e /media/ishu/Data/MS/Quarter5/ERTS/lab/Quadcopter/gcc-arm-none-eabi/bin/../lib/gcc/arm-none-eabi/5.4.1/armv6-m/crtn.o
 .ARM.attributes
                0x000012dc       0x2c /media/ishu/Data/MS/Quarter5/ERTS/lab/Quadcopter/gcc-arm-none-eabi/bin/../lib/gcc/arm-none-eabi/5.4.1/../../../../arm-none-eabi/lib/armv6-m/libnosys.a(close.o)
 .ARM.attributes
                0x00001308       0x2c /media/ishu/Data/MS/Quarter5/ERTS/lab/Quadcopter/gcc-arm-none-eabi/bin/../lib/gcc/arm-none-eabi/5.4.1/../../../../arm-none-eabi/lib/armv6-m/libnosys.a(fstat.o)
 .ARM.attributes
                0x00001334       0x2c /media/ishu/Data/MS/Quarter5/ERTS/lab/Quadcopter/gcc-arm-none-eabi/bin/../lib/gcc/arm-none-eabi/5.4.1/../../../../arm-none-eabi/lib/armv6-m/libnosys.a(isatty.o)
 .ARM.attributes
                0x00001360       0x2c /media/ishu/Data/MS/Quarter5/ERTS/lab/Quadcopter/gcc-arm-none-eabi/bin/../lib/gcc/arm-none-eabi/5.4.1/../../../../arm-none-eabi/lib/armv6-m/libnosys.a(lseek.o)
 .ARM.attributes
                0x0000138c       0x2c /media/ishu/Data/MS/Quarter5/ERTS/lab/Quadcopter/gcc-arm-none-eabi/bin/../lib/gcc/arm-none-eabi/5.4.1/../../../../arm-none-eabi/lib/armv6-m/libnosys.a(read.o)
 .ARM.attributes
                0x000013b8       0x2c /media/ishu/Data/MS/Quarter5/ERTS/lab/Quadcopter/gcc-arm-none-eabi/bin/../lib/gcc/arm-none-eabi/5.4.1/../../../../arm-none-eabi/lib/armv6-m/libnosys.a(sbrk.o)

.comment        0x00000000       0x6e
 .comment       0x00000000       0x6e _build/system_nrf51.o
                                 0x6f (size before relaxing)
 .comment       0x0000006e       0x6f _build/nrf_delay.o
 .comment       0x0000006e       0x6f _build/in4073.o
 .comment       0x0000006e       0x6f _build/control.o
 .comment       0x0000006e       0x6f _build/sensors.o
 .comment       0x0000006e       0x6f _build/crc.o
 .comment       0x0000006e       0x6f _build/packet.o
 .comment       0x0000006e       0x6f _build/packet_uav.o
 .comment       0x0000006e       0x6f _build/logging.o
 .comment       0x0000006e       0x6f _build/gpio.o
 .comment       0x0000006e       0x6f _build/timers.o
 .comment       0x0000006e       0x6f _build/uart.o
 .comment       0x0000006e       0x6f _build/queue.o
 .comment       0x0000006e       0x6f _build/twi.o
 .comment       0x0000006e       0x6f _build/adc.o
 .comment       0x0000006e       0x6f _build/baro.o
 .comment       0x0000006e       0x6f _build/ble.o
 .comment       0x0000006e       0x6f _build/spi_flash.o
 .comment       0x0000006e       0x6f _build/inv_mpu.o
 .comment       0x0000006e       0x6f _build/inv_mpu_dmp_motion_driver.o
 .comment       0x0000006e       0x6f _build/ml.o
 .comment       0x0000006e       0x6f _build/mpu_wrapper.o
 .comment       0x0000006e       0x6f _build/app_error.o
 .comment       0x0000006e       0x6f _build/app_timer.o
 .comment       0x0000006e       0x6f _build/pstorage.o
 .comment       0x0000006e       0x6f _build/ble_advdata.o
 .comment       0x0000006e       0x6f _build/ble_advertising.o
 .comment       0x0000006e       0x6f _build/ble_conn_params.o
 .comment       0x0000006e       0x6f _build/ble_nus.o
 .comment       0x0000006e       0x6f _build/softdevice_handler.o

.debug_frame    0x00000000     0x1034
 .debug_frame   0x00000000       0x28 /media/ishu/Data/MS/Quarter5/ERTS/lab/Quadcopter/gcc-arm-none-eabi/bin/../lib/gcc/arm-none-eabi/5.4.1/../../../../arm-none-eabi/lib/armv6-m/libc_nano.a(lib_a-exit.o)
 .debug_frame   0x00000028       0x2c /media/ishu/Data/MS/Quarter5/ERTS/lab/Quadcopter/gcc-arm-none-eabi/bin/../lib/gcc/arm-none-eabi/5.4.1/../../../../arm-none-eabi/lib/armv6-m/libc_nano.a(lib_a-init.o)
 .debug_frame   0x00000054       0x20 /media/ishu/Data/MS/Quarter5/ERTS/lab/Quadcopter/gcc-arm-none-eabi/bin/../lib/gcc/arm-none-eabi/5.4.1/../../../../arm-none-eabi/lib/armv6-m/libc_nano.a(lib_a-memset.o)
 .debug_frame   0x00000074       0x20 /media/ishu/Data/MS/Quarter5/ERTS/lab/Quadcopter/gcc-arm-none-eabi/bin/../lib/gcc/arm-none-eabi/5.4.1/../../../../arm-none-eabi/lib/armv6-m/libnosys.a(_exit.o)
 .debug_frame   0x00000094       0x20 /media/ishu/Data/MS/Quarter5/ERTS/lab/Quadcopter/gcc-arm-none-eabi/bin/../lib/gcc/arm-none-eabi/5.4.1/../../../../arm-none-eabi/lib/armv6-m/libm.a(lib_a-s_fabs.o)
 .debug_frame   0x000000b4       0x38 /media/ishu/Data/MS/Quarter5/ERTS/lab/Quadcopter/gcc-arm-none-eabi/bin/../lib/gcc/arm-none-eabi/5.4.1/../../../../arm-none-eabi/lib/armv6-m/libm.a(lib_a-w_asin.o)
 .debug_frame   0x000000ec       0x28 /media/ishu/Data/MS/Quarter5/ERTS/lab/Quadcopter/gcc-arm-none-eabi/bin/../lib/gcc/arm-none-eabi/5.4.1/../../../../arm-none-eabi/lib/armv6-m/libm.a(lib_a-w_atan2.o)
 .debug_frame   0x00000114       0x38 /media/ishu/Data/MS/Quarter5/ERTS/lab/Quadcopter/gcc-arm-none-eabi/bin/../lib/gcc/arm-none-eabi/5.4.1/../../../../arm-none-eabi/lib/armv6-m/libm.a(lib_a-e_asin.o)
 .debug_frame   0x0000014c       0x38 /media/ishu/Data/MS/Quarter5/ERTS/lab/Quadcopter/gcc-arm-none-eabi/bin/../lib/gcc/arm-none-eabi/5.4.1/../../../../arm-none-eabi/lib/armv6-m/libm.a(lib_a-e_atan2.o)
 .debug_frame   0x00000184       0x3c /media/ishu/Data/MS/Quarter5/ERTS/lab/Quadcopter/gcc-arm-none-eabi/bin/../lib/gcc/arm-none-eabi/5.4.1/../../../../arm-none-eabi/lib/armv6-m/libm.a(lib_a-e_sqrt.o)