Archive member included to satisfy reference by file (symbol)

/home/constantinos/gitCode/Quadcopter/gcc-arm-none-eabi/bin/../lib/gcc/arm-none-eabi/5.4.1/../../../../arm-none-eabi/lib/armv6-m/libc_nano.a(lib_a-exit.o)
                              /home/constantinos/gitCode/Quadcopter/gcc-arm-none-eabi/bin/../lib/gcc/arm-none-eabi/5.4.1/../../../../arm-none-eabi/lib/armv6-m/crt0.o (exit)
/home/constantinos/gitCode/Quadcopter/gcc-arm-none-eabi/bin/../lib/gcc/arm-none-eabi/5.4.1/../../../../arm-none-eabi/lib/armv6-m/libc_nano.a(lib_a-impure.o)
                              /home/constantinos/gitCode/Quadcopter/gcc-arm-none-eabi/bin/../lib/gcc/arm-none-eabi/5.4.1/../../../../arm-none-eabi/lib/armv6-m/libc_nano.a(lib_a-exit.o) (_global_impure_ptr)
/home/constantinos/gitCode/Quadcopter/gcc-arm-none-eabi/bin/../lib/gcc/arm-none-eabi/5.4.1/../../../../arm-none-eabi/lib/armv6-m/libc_nano.a(lib_a-init.o)
                              /home/constantinos/gitCode/Quadcopter/gcc-arm-none-eabi/bin/../lib/gcc/arm-none-eabi/5.4.1/../../../../arm-none-eabi/lib/armv6-m/crt0.o (__libc_init_array)
/home/constantinos/gitCode/Quadcopter/gcc-arm-none-eabi/bin/../lib/gcc/arm-none-eabi/5.4.1/../../../../arm-none-eabi/lib/armv6-m/libc_nano.a(lib_a-memset.o)
                              /home/constantinos/gitCode/Quadcopter/gcc-arm-none-eabi/bin/../lib/gcc/arm-none-eabi/5.4.1/../../../../arm-none-eabi/lib/armv6-m/crt0.o (memset)
/home/constantinos/gitCode/Quadcopter/gcc-arm-none-eabi/bin/../lib/gcc/arm-none-eabi/5.4.1/../../../../arm-none-eabi/lib/armv6-m/libnosys.a(_exit.o)
                              /home/constantinos/gitCode/Quadcopter/gcc-arm-none-eabi/bin/../lib/gcc/arm-none-eabi/5.4.1/../../../../arm-none-eabi/lib/armv6-m/libc_nano.a(lib_a-exit.o) (_exit)
/home/constantinos/gitCode/Quadcopter/gcc-arm-none-eabi/bin/../lib/gcc/arm-none-eabi/5.4.1/../../../../arm-none-eabi/lib/armv6-m/libm.a(lib_a-s_fabs.o)
                              _build/inv_mpu.o (fabs)
/home/constantinos/gitCode/Quadcopter/gcc-arm-none-eabi/bin/../lib/gcc/arm-none-eabi/5.4.1/../../../../arm-none-eabi/lib/armv6-m/libm.a(lib_a-w_asin.o)
                              _build/mpu_wrapper.o (asin)
/home/constantinos/gitCode/Quadcopter/gcc-arm-none-eabi/bin/../lib/gcc/arm-none-eabi/5.4.1/../../../../arm-none-eabi/lib/armv6-m/libm.a(lib_a-w_atan2.o)
                              _build/mpu_wrapper.o (atan2)
/home/constantinos/gitCode/Quadcopter/gcc-arm-none-eabi/bin/../lib/gcc/arm-none-eabi/5.4.1/../../../../arm-none-eabi/lib/armv6-m/libm.a(lib_a-e_asin.o)
                              /home/constantinos/gitCode/Quadcopter/gcc-arm-none-eabi/bin/../lib/gcc/arm-none-eabi/5.4.1/../../../../arm-none-eabi/lib/armv6-m/libm.a(lib_a-w_asin.o) (__ieee754_asin)
/home/constantinos/gitCode/Quadcopter/gcc-arm-none-eabi/bin/../lib/gcc/arm-none-eabi/5.4.1/../../../../arm-none-eabi/lib/armv6-m/libm.a(lib_a-e_atan2.o)
                              /home/constantinos/gitCode/Quadcopter/gcc-arm-none-eabi/bin/../lib/gcc/arm-none-eabi/5.4.1/../../../../arm-none-eabi/lib/armv6-m/libm.a(lib_a-w_atan2.o) (__ieee754_atan2)
/home/constantinos/gitCode/Quadcopter/gcc-arm-none-eabi/bin/../lib/gcc/arm-none-eabi/5.4.1/../../../../arm-none-eabi/lib/armv6-m/libm.a(lib_a-e_sqrt.o)
                              /home/constantinos/gitCode/Quadcopter/gcc-arm-none-eabi/bin/../lib/gcc/arm-none-eabi/5.4.1/../../../../arm-none-eabi/lib/armv6-m/libm.a(lib_a-e_asin.o) (__ieee754_sqrt)
/home/constantinos/gitCode/Quadcopter/gcc-arm-none-eabi/bin/../lib/gcc/arm-none-eabi/5.4.1/../../../../arm-none-eabi/lib/armv6-m/libm.a(lib_a-s_atan.o)
                              /home/constantinos/gitCode/Quadcopter/gcc-arm-none-eabi/bin/../lib/gcc/arm-none-eabi/5.4.1/../../../../arm-none-eabi/lib/armv6-m/libm.a(lib_a-e_atan2.o) (atan)
/home/constantinos/gitCode/Quadcopter/gcc-arm-none-eabi/bin/../lib/gcc/arm-none-eabi/5.4.1/../../../../arm-none-eabi/lib/armv6-m/libm.a(lib_a-s_lib_ver.o)
                              /home/constantinos/gitCode/Quadcopter/gcc-arm-none-eabi/bin/../lib/gcc/arm-none-eabi/5.4.1/../../../../arm-none-eabi/lib/armv6-m/libm.a(lib_a-w_asin.o) (__fdlib_version)
/home/constantinos/gitCode/Quadcopter/gcc-arm-none-eabi/bin/../lib/gcc/arm-none-eabi/5.4.1/../../../../arm-none-eabi/lib/armv6-m/libm.a(lib_a-s_matherr.o)
                              /home/constantinos/gitCode/Quadcopter/gcc-arm-none-eabi/bin/../lib/gcc/arm-none-eabi/5.4.1/../../../../arm-none-eabi/lib/armv6-m/libm.a(lib_a-w_asin.o) (matherr)
/home/constantinos/gitCode/Quadcopter/gcc-arm-none-eabi/bin/../lib/gcc/arm-none-eabi/5.4.1/../../../../arm-none-eabi/lib/armv6-m/libm.a(lib_a-s_nan.o)
                              /home/constantinos/gitCode/Quadcopter/gcc-arm-none-eabi/bin/../lib/gcc/arm-none-eabi/5.4.1/../../../../arm-none-eabi/lib/armv6-m/libm.a(lib_a-w_asin.o) (nan)
/home/constantinos/gitCode/Quadcopter/gcc-arm-none-eabi/bin/../lib/gcc/arm-none-eabi/5.4.1/armv6-m/libgcc.a(_udivsi3.o)
[...]
Memory Configuration

Name             Origin             Length             Attributes
FLASH            0x00018000         0x00028000         xr
RAM              0x20002000         0x00002000         xrw
*default*        0x00000000         0xffffffff

Linker script and memory map

LOAD /home/constantinos/gitCode/Quadcopter/gcc-arm-none-eabi/bin/../lib/gcc/arm-none-eabi/5.4.1/armv6-m/crti.o
LOAD /home/constantinos/gitCode/Quadcopter/gcc-arm-none-eabi/bin/../lib/gcc/arm-none-eabi/5.4.1/armv6-m/crtbegin.o
LOAD /home/constantinos/gitCode/Quadcopter/gcc-arm-none-eabi/bin/../lib/gcc/arm-none-eabi/5.4.1/../../../../arm-none-eabi/lib/armv6-m/crt0.o
LOAD /home/constantinos/gitCode/Quadcopter/gcc-arm-none-eabi/bin/../lib/gcc/arm-none-eabi/5.4.1/../../../../arm-none-eabi/lib/armv6-m/libc_nano.a
LOAD /home/constantinos/gitCode/Quadcopter/gcc-arm-none-eabi/bin/../lib/gcc/arm-none-eabi/5.4.1/../../../../arm-none-eabi/lib/armv6-m/libnosys.a
LOAD /home/constantinos/gitCode/Quadcopter/gcc-arm-none-eabi/bin/../lib/gcc/arm-none-eabi/5.4.1/../../../../arm-none-eabi/lib/armv6-m/libm.a
LOAD _build/system_nrf51.o
LOAD _build/nrf_delay.o
LOAD _build/in4073.o
LOAD _build/control.o
LOAD _build/sensors.o
LOAD _build/filters.o
LOAD _build/fixedp.o
LOAD _build/crc.o
LOAD _build/packet.o
LOAD _build/packet_uav.o
LOAD _build/logging.o
LOAD _build/gpio.o
LOAD _build/timers.o
LOAD _build/uart.o
LOAD _build/queue.o
LOAD _build/twi.o
LOAD _build/adc.o
LOAD _build/baro.o
LOAD _build/ble.o
LOAD _build/spi_flash.o
LOAD _build/inv_mpu.o
LOAD _build/inv_mpu_dmp_motion_driver.o
LOAD _build/ml.o
LOAD _build/mpu_wrapper.o
LOAD _build/app_error.o
LOAD _build/app_timer.o
LOAD _build/nrf_assert.o
LOAD _build/nrf_drv_common.o
LOAD _build/pstorage.o
LOAD _build/ble_advdata.o
LOAD _build/ble_advertising.o
LOAD _build/ble_conn_params.o
LOAD _build/ble_nus.o
LOAD _build/ble_srv_common.o
LOAD _build/softdevice_handler.o
LOAD _build/gcc_startup_nrf51.o
LOAD /home/constantinos/gitCode/Quadcopter/gcc-arm-none-eabi/bin/../lib/gcc/arm-none-eabi/5.4.1/../../../../arm-none-eabi/lib/armv6-m/libm.a
START GROUP
LOAD /home/constantinos/gitCode/Quadcopter/gcc-arm-none-eabi/bin/../lib/gcc/arm-none-eabi/5.4.1/armv6-m/libgcc.a
LOAD /home/constantinos/gitCode/Quadcopter/gcc-arm-none-eabi/bin/../lib/gcc/arm-none-eabi/5.4.1/../../../../arm-none-eabi/lib/armv6-m/libc_nano.a
END GROUP
START GROUP
LOAD /home/constantinos/gitCode/Quadcopter/gcc-arm-none-eabi/bin/../lib/gcc/arm-none-eabi/5.4.1/armv6-m/libgcc.a
LOAD /home/constantinos/gitCode/Quadcopter/gcc-arm-none-eabi/bin/../lib/gcc/arm-none-eabi/5.4.1/../../../../arm-none-eabi/lib/armv6-m/libc_nano.a
END GROUP
LOAD /home/constantinos/gitCode/Quadcopter/gcc-arm-none-eabi/bin/../lib/gcc/arm-none-eabi/5.4.1/armv6-m/crtend.o
LOAD /home/constantinos/gitCode/Quadcopter/gcc-arm-none-eabi/bin/../lib/gcc/arm-none-eabi/5.4.1/armv6-m/crtn.o
START GROUP
LOAD /home/constantinos/gitCode/Quadcopter/gcc-arm-none-eabi/bin/../lib/gcc/arm-none-eabi/5.4.1/armv6-m/libgcc.a
LOAD /home/constantinos/gitCode/Quadcopter/gcc-arm-none-eabi/bin/../lib/gcc/arm-none-eabi/5.4.1/../../../../arm-none-eabi/lib/armv6-m/libc.a
LOAD /home/constantinos/gitCode/Quadcopter/gcc-arm-none-eabi/bin/../lib/gcc/arm-none-eabi/5.4.1/../../../../arm-none-eabi/lib/armv6-m/libnosys.a
END GROUP

.fs_data_out    0x00000000        0x0
                [!provide]                PROVIDE (__start_fs_data, .)
 *(fs_data)
                [!provide]                PROVIDE (__stop_fs_data, .)

.text           0x00018000     0xc0cc
 *(.Vectors)
 .Vectors       0x00018000       0xc0 _build/gcc_startup_nrf51.o
                0x00018000                __Vectors
 *(.text*)
 .text          0x000180c0       0x60 /home/constantinos/gitCode/Quadcopter/gcc-arm-none-eabi/bin/../lib/gcc/arm-none-eabi/5.4.1/armv6-m/crtbegin.o
 .text          0x00018120       0x78 /home/constantinos/gitCode/Quadcopter/gcc-arm-none-eabi/bin/../lib/gcc/arm-none-eabi/5.4.1/../../../../arm-none-eabi/lib/armv6-m/crt0.o
                0x00018120                _mainCRTStartup
                0x00018120                _start
 .text.exit     0x00018198       0x2c /home/constantinos/gitCode/Quadcopter/gcc-arm-none-eabi/bin/../lib/gcc/arm-none-eabi/5.4.1/../../../../arm-none-eabi/lib/armv6-m/libc_nano.a(lib_a-exit.o)
                0x00018198                exit
 .text.__libc_init_array
                0x000181c4       0x4c /home/constantinos/gitCode/Quadcopter/gcc-arm-none-eabi/bin/../lib/gcc/arm-none-eabi/5.4.1/../../../../arm-none-eabi/lib/armv6-m/libc_nano.a(lib_a-init.o)
                0x000181c4                __libc_init_array
 .text.memset   0x00018210       0x10 /home/constantinos/gitCode/Quadcopter/gcc-arm-none-eabi/bin/../lib/gcc/arm-none-eabi/5.4.1/../../../../arm-none-eabi/lib/armv6-m/libc_nano.a(lib_a-memset.o)
                0x00018210                memset
 .text._exit    0x00018220        0x4 /home/constantinos/gitCode/Quadcopter/gcc-arm-none-eabi/bin/../lib/gcc/arm-none-eabi/5.4.1/../../../../arm-none-eabi/lib/armv6-m/libnosys.a(_exit.o)
                0x00018220                _exit
 .text.SystemInit
                0x00018224       0x94 _build/system_nrf51.o
                0x00018224                SystemInit
 .text.nrf_delay_ms
                0x000182b8       0x3c _build/nrf_delay.o
                0x000182b8                nrf_delay_ms
 .text.determine_mode
                0x000182f4      0x200 _build/in4073.o
                0x000182f4                determine_mode
 .text.process_mode
                0x000184f4      0x1a8 _build/in4073.o
                0x000184f4                process_mode
 .text.startup.main
                0x0001869c      0x290 _build/in4073.o
                0x0001869c                main
 .text.update_actuator
                0x0001892c      0x124 _build/control.o
                0x0001892c                update_actuator
 .text.update_motors
                0x00018a50       0x90 _build/control.o
                0x00018a50                update_motors
 .text.yaw_mode
                0x00018ae0      0x118 _build/control.o
                0x00018ae0                yaw_mode
 .text.rate_controller
                0x00018bf8      0x16c _build/control.o
                0x00018bf8                rate_controller
 .text.full_mode
                0x00018d64       0x90 _build/control.o
                0x00018d64                full_mode
 .text.height_mode
                0x00018df4      0x174 _build/control.o
                0x00018df4                height_mode
 .text.isCalibrated
                0x00018f68        0xc _build/sensors.o
                0x00018f68                isCalibrated
 .text.get_sensor
                0x00018f74      0x100 _build/sensors.o
                0x00018f74                get_sensor
 .text.insert_data
                0x00019074      0x174 _build/sensors.o
                0x00019074                insert_data
 .text.calibrate_sensors
                0x000191e8      0x328 _build/sensors.o
                0x000191e8                calibrate_sensors
 .text.crc_message
                0x00019510       0x20 _build/crc.o
                0x00019510                crc_message
 .text.decode_header_pc_uav
                0x00019530       0x7c _build/packet.o
                0x00019530                decode_header_pc_uav
 .text.decode_data_command
                0x000195ac       0x18 _build/packet.o
                0x000195ac                decode_data_command
 .text.decode   0x000195c4      0x144 _build/packet_uav.o
                0x000195c4                decode
 .text.init_logging
                0x00019708       0x44 _build/logging.o
                0x00019708                init_logging
 .text.select_log_mode
                0x0001974c       0x48 _build/logging.o
                0x0001974c                select_log_mode
 .text.gpio_init
                0x00019794       0x8c _build/gpio.o
                0x00019794                gpio_init
 .text.quadrupel_timer_handler
                0x00019820        0xc _build/timers.o
                0x00019820                quadrupel_timer_handler
 .text.TIMER2_IRQHandler
                0x0001982c       0xb8 _build/timers.o
                0x0001982c                TIMER2_IRQHandler
 .text.TIMER1_IRQHandler
                0x000198e4       0xac _build/timers.o
                0x000198e4                TIMER1_IRQHandler
 .text.get_time_us
                0x00019990       0x20 _build/timers.o
                0x00019990                get_time_us
 .text.check_timer_flag
                0x000199b0        0xc _build/timers.o
                0x000199b0                check_timer_flag
 .text.clear_timer_flag
                0x000199bc        0xc _build/timers.o
                0x000199bc                clear_timer_flag
 .text.timers_init
                0x000199c8      0x1d4 _build/timers.o
                0x000199c8                timers_init
 .text._write   0x00019b9c       0x84 _build/uart.o
                0x00019b9c                _write
 .text.UART0_IRQHandler
                0x00019c20       0x84 _build/uart.o
                0x00019c20                UART0_IRQHandler
 .text.uart_init
                0x00019ca4       0xa0 _build/uart.o
                0x00019ca4                uart_init
 .text.init_queue
                0x00019d44       0x14 _build/queue.o
                0x00019d44                init_queue
 .text.enqueue  0x00019d58       0x1c _build/queue.o
                0x00019d58                enqueue
 .text.dequeue  0x00019d74       0x20 _build/queue.o
                0x00019d74                dequeue
 .text.i2c_read
                0x00019d94       0xc0 _build/twi.o
                0x00019d94                i2c_read
 .text.i2c_write
                0x00019e54       0x70 _build/twi.o
                0x00019e54                i2c_write
 .text.SPI0_TWI0_IRQHandler
                0x00019ec4       0x70 _build/twi.o
                0x00019ec4                SPI0_TWI0_IRQHandler
 .text.twi_init
                0x00019f34       0x84 _build/twi.o
                0x00019f34                twi_init
 .text.ADC_IRQHandler
                0x00019fb8       0x24 _build/adc.o
                0x00019fb8                ADC_IRQHandler
 .text.adc_init
                0x00019fdc       0x3c _build/adc.o
                0x00019fdc                adc_init
 .text.read_baro
                0x0001a018      0x1b4 _build/baro.o
                0x0001a018                read_baro
 .text.baro_init
                0x0001a1cc       0x34 _build/baro.o
                0x0001a1cc                baro_init
 .text.sd_ble_gap_disconnect
                0x0001a200        0x4 _build/ble.o
 .text.sd_ble_gap_ppcp_set
                0x0001a204        0x4 _build/ble.o
 .text.sd_ble_gap_device_name_set
                0x0001a208        0x4 _build/ble.o
 .text.sd_ble_gap_sec_params_reply
                0x0001a20c        0x4 _build/ble.o
 .text.sd_ble_gatts_sys_attr_set
                0x0001a210        0x4 _build/ble.o
 .text.sd_ble_enable
                0x0001a214        0x4 _build/ble.o
 .text.sd_nvic_EnableIRQ
                0x0001a218        0x4 _build/ble.o
 .text.sd_nvic_ClearPendingIRQ
                0x0001a21c        0x4 _build/ble.o
 .text.sd_nvic_SetPriority
                0x0001a220        0x4 _build/ble.o
 .text.sd_radio_notification_cfg_set
                0x0001a224        0x4 _build/ble.o
 .text.conn_params_error_handler
                0x0001a228       0x1c _build/ble.o
 .text.nus_data_handler
                0x0001a244       0x20 _build/ble.o
 .text.ble_evt_dispatch
                0x0001a264       0x94 _build/ble.o
 .text.on_conn_params_evt
                0x0001a2f8       0x38 _build/ble.o
 .text.SWI1_IRQHandler
                0x0001a330       0x10 _build/ble.o
                0x0001a330                SWI1_IRQHandler
 .text.ble_init
                0x0001a340      0x204 _build/ble.o
                0x0001a340                ble_init
 .text.flash_chip_erase
                0x0001a544       0x9c _build/spi_flash.o
                0x0001a544                flash_chip_erase
 .text.spi_flash_init
                0x0001a5e0      0x230 _build/spi_flash.o
                0x0001a5e0                spi_flash_init
 .text.mpu_reset_fifo
                0x0001a810      0x15c _build/inv_mpu.o
                0x0001a810                mpu_reset_fifo
 .text.mpu_lp_accel_mode
                0x0001a96c      0x1b8 _build/inv_mpu.o
                0x0001a96c                mpu_lp_accel_mode
 .text.mpu_get_accel_fsr
                0x0001ab24       0x4c _build/inv_mpu.o
                0x0001ab24                mpu_get_accel_fsr
 .text.mpu_set_lpf
                0x0001ab70       0x78 _build/inv_mpu.o
                0x0001ab70                mpu_set_lpf
 .text.mpu_set_sample_rate
                0x0001abe8      0x168 _build/inv_mpu.o
                0x0001abe8                mpu_set_sample_rate
 .text.mpu_configure_fifo
                0x0001ad50       0xd0 _build/inv_mpu.o
                0x0001ad50                mpu_configure_fifo
 .text.mpu_set_sensors
                0x0001ae20      0x140 _build/inv_mpu.o
                0x0001ae20                mpu_set_sensors
 .text.mpu_init
                0x0001af60      0x1f4 _build/inv_mpu.o
                0x0001af60                mpu_init
 .text.mpu_read_fifo_stream
                0x0001b154       0xb0 _build/inv_mpu.o
                0x0001b154                mpu_read_fifo_stream
 .text.mpu_set_int_level
                0x0001b204       0x10 _build/inv_mpu.o
                0x0001b204                mpu_set_int_level
 .text.mpu_set_int_latched
                0x0001b214       0x68 _build/inv_mpu.o
                0x0001b214                mpu_set_int_latched
 .text.mpu_write_mem
                0x0001b27c       0x58 _build/inv_mpu.o
                0x0001b27c                mpu_write_mem
 .text.mpu_load_firmware
                0x0001b2d4      0x15c _build/inv_mpu.o
                0x0001b2d4                mpu_load_firmware
 .text.mpu_set_dmp_state
                0x0001b430      0x174 _build/inv_mpu.o
                0x0001b430                mpu_set_dmp_state
 .text.dmp_load_motion_driver_firmware
                0x0001b5a4       0x1c _build/inv_mpu_dmp_motion_driver.o
                0x0001b5a4                dmp_load_motion_driver_firmware
 .text.dmp_set_orientation
                0x0001b5c0      0x118 _build/inv_mpu_dmp_motion_driver.o
                0x0001b5c0                dmp_set_orientation
 .text.dmp_set_fifo_rate
                0x0001b6d8       0x64 _build/inv_mpu_dmp_motion_driver.o
                0x0001b6d8                dmp_set_fifo_rate
 .text.dmp_set_tap_thresh
                0x0001b73c      0x164 _build/inv_mpu_dmp_motion_driver.o
                0x0001b73c                dmp_set_tap_thresh
 .text.dmp_enable_feature
                0x0001b8a0      0x28c _build/inv_mpu_dmp_motion_driver.o
                0x0001b8a0                dmp_enable_feature
 .text.dmp_read_fifo
                0x0001bb2c      0x20c _build/inv_mpu_dmp_motion_driver.o
                0x0001bb2c                dmp_read_fifo
 .text.inv_orientation_matrix_to_scalar
                0x0001bd38      0x11c _build/ml.o
                0x0001bd38                inv_orientation_matrix_to_scalar
 .text.get_dmp_data
                0x0001be54      0x218 _build/mpu_wrapper.o
                0x0001be54                get_dmp_data
 .text.check_sensor_int_flag
                0x0001c06c       0x20 _build/mpu_wrapper.o
                0x0001c06c                check_sensor_int_flag
 .text.imu_init
                0x0001c08c      0x10c _build/mpu_wrapper.o
                0x0001c08c                imu_init
 .text.app_error_handler
                0x0001c198       0x40 _build/app_error.o
                0x0001c198                app_error_handler
 .text.rtc1_stop
                0x0001c1d8       0x78 _build/app_timer.o
 .text.RTC1_IRQHandler
                0x0001c250       0xe0 _build/app_timer.o
                0x0001c250                RTC1_IRQHandler
 .text.SWI0_IRQHandler
                0x0001c330      0x4cc _build/app_timer.o
                0x0001c330                SWI0_IRQHandler
 .text.app_timer_init
                0x0001c7fc       0xe4 _build/app_timer.o
                0x0001c7fc                app_timer_init
 .text.app_timer_create
                0x0001c8e0       0x34 _build/app_timer.o
                0x0001c8e0                app_timer_create
 .text.app_timer_start
                0x0001c914       0xec _build/app_timer.o
                0x0001c914                app_timer_start
 .text.app_timer_stop
                0x0001ca00       0xc4 _build/app_timer.o
                0x0001ca00                app_timer_stop
 .text.pstorage_access_status_get
                0x0001cac4       0x28 _build/pstorage.o
                0x0001cac4                pstorage_access_status_get
 .text.sd_ble_gap_address_get
                0x0001caec        0x4 _build/ble_advdata.o
 .text.sd_ble_gap_adv_data_set
                0x0001caf0        0x4 _build/ble_advdata.o
 .text.sd_ble_gap_appearance_get
                0x0001caf4        0x4 _build/ble_advdata.o
 .text.sd_ble_gap_device_name_get
                0x0001caf8        0x4 _build/ble_advdata.o
 .text.sd_ble_uuid_encode
                0x0001cafc        0x4 _build/ble_advdata.o
 .text.uuid_list_sized_encode
                0x0001cb00       0xf8 _build/ble_advdata.o
 .text.adv_data_encode
                0x0001cbf8      0x5b8 _build/ble_advdata.o
                0x0001cbf8                adv_data_encode
 .text.ble_advdata_set
                0x0001d1b0       0x68 _build/ble_advdata.o
                0x0001d1b0                ble_advdata_set
 .text.sd_ble_gap_adv_start
                0x0001d218        0x4 _build/ble_advertising.o
 .text.ble_advertising_start.part.1
                0x0001d21c      0x2a8 _build/ble_advertising.o
 .text.ble_advertising_init
                0x0001d4c4      0x144 _build/ble_advertising.o
                0x0001d4c4                ble_advertising_init
 .text.ble_advertising_start
                0x0001d608       0x3c _build/ble_advertising.o
                0x0001d608                ble_advertising_start
 .text.ble_advertising_on_ble_evt
                0x0001d644       0xec _build/ble_advertising.o
                0x0001d644                ble_advertising_on_ble_evt
 .text.sd_ble_gap_conn_param_update
                0x0001d730        0x4 _build/ble_conn_params.o
 .text.sd_ble_gap_disconnect
                0x0001d734        0x4 _build/ble_conn_params.o
 .text.sd_ble_gap_ppcp_set
                0x0001d738        0x4 _build/ble_conn_params.o
 .text.sd_ble_gap_ppcp_get
                0x0001d73c        0x4 _build/ble_conn_params.o
 .text.update_timeout_handler
                0x0001d740       0x78 _build/ble_conn_params.o
 .text.conn_params_negotiation
                0x0001d7b8       0x88 _build/ble_conn_params.o
 .text.ble_conn_params_init
                0x0001d840       0x78 _build/ble_conn_params.o
                0x0001d840                ble_conn_params_init
 .text.ble_conn_params_on_ble_evt
                0x0001d8b8       0xac _build/ble_conn_params.o
                0x0001d8b8                ble_conn_params_on_ble_evt
 .text.sd_ble_gatts_service_add
                0x0001d964        0x4 _build/ble_nus.o
 .text.sd_ble_gatts_characteristic_add
                0x0001d968        0x4 _build/ble_nus.o
 .text.sd_ble_uuid_vs_add
                0x0001d96c        0x4 _build/ble_nus.o
 .text.ble_nus_on_ble_evt
                0x0001d970       0x60 _build/ble_nus.o
                0x0001d970                ble_nus_on_ble_evt
 .text.ble_nus_init
                0x0001d9d0      0x208 _build/ble_nus.o
                0x0001d9d0                ble_nus_init
 .text.sd_nvic_EnableIRQ
                0x0001dbd8        0x4 _build/softdevice_handler.o
 .text.sd_evt_get
                0x0001dbdc        0x4 _build/softdevice_handler.o
 .text.sd_softdevice_enable
                0x0001dbe0        0x4 _build/softdevice_handler.o
 .text.sd_ble_evt_get
                0x0001dbe4        0x4 _build/softdevice_handler.o
 .text.softdevice_assertion_handler
                0x0001dbe8        0xc _build/softdevice_handler.o
                0x0001dbe8                softdevice_assertion_handler
 .text.intern_softdevice_events_execute.part.0
                0x0001dbf4       0xec _build/softdevice_handler.o
 .text.softdevice_handler_init
                0x0001dce0       0x4c _build/softdevice_handler.o
                0x0001dce0                softdevice_handler_init
 .text.softdevice_ble_evt_handler_set
                0x0001dd2c       0x14 _build/softdevice_handler.o
                0x0001dd2c                softdevice_ble_evt_handler_set
 .text.SWI2_IRQHandler
                0x0001dd40       0x34 _build/softdevice_handler.o
                0x0001dd40                SWI2_IRQHandler
 .text          0x0001dd74       0x54 _build/gcc_startup_nrf51.o
                0x0001dd74                Reset_Handler
                0x0001ddbc                NMI_Handler
                0x0001ddbe                HardFault_Handler
                0x0001ddc0                SVC_Handler
                0x0001ddc2                PendSV_Handler
                0x0001ddc4                SysTick_Handler
                0x0001ddc6                RTC0_IRQHandler
                0x0001ddc6                GPIOTE_IRQHandler
                0x0001ddc6                POWER_CLOCK_IRQHandler
                0x0001ddc6                RADIO_IRQHandler
                0x0001ddc6                LPCOMP_IRQHandler
                0x0001ddc6                SWI4_IRQHandler
                0x0001ddc6                TEMP_IRQHandler
                0x0001ddc6                QDEC_IRQHandler
                0x0001ddc6                SWI5_IRQHandler
                0x0001ddc6                TIMER0_IRQHandler
                0x0001ddc6                ECB_IRQHandler
                0x0001ddc6                Default_Handler
                0x0001ddc6                SWI3_IRQHandler
                0x0001ddc6                CCM_AAR_IRQHandler
                0x0001ddc6                WDT_IRQHandler
                0x0001ddc6                RNG_IRQHandler
                0x0001ddc6                SPI1_TWI1_IRQHandler
 .text.fabs     0x0001ddc8        0x8 /home/constantinos/gitCode/Quadcopter/gcc-arm-none-eabi/bin/../lib/gcc/arm-none-eabi/5.4.1/../../../../arm-none-eabi/lib/armv6-m/libm.a(lib_a-s_fabs.o)
                0x0001ddc8                fabs
 .text.asin     0x0001ddd0       0xc4 /home/constantinos/gitCode/Quadcopter/gcc-arm-none-eabi/bin/../lib/gcc/arm-none-eabi/5.4.1/../../../../arm-none-eabi/lib/armv6-m/libm.a(lib_a-w_asin.o)
                0x0001ddd0                asin
 .text.atan2    0x0001de94        0x8 /home/constantinos/gitCode/Quadcopter/gcc-arm-none-eabi/bin/../lib/gcc/arm-none-eabi/5.4.1/../../../../arm-none-eabi/lib/armv6-m/libm.a(lib_a-w_atan2.o)
                0x0001de94                atan2
 .text.__ieee754_asin
                0x0001de9c      0x3cc /home/constantinos/gitCode/Quadcopter/gcc-arm-none-eabi/bin/../lib/gcc/arm-none-eabi/5.4.1/../../../../arm-none-eabi/lib/armv6-m/libm.a(lib_a-e_asin.o)
                0x0001de9c                __ieee754_asin
 .text.__ieee754_atan2
                0x0001e268      0x178 /home/constantinos/gitCode/Quadcopter/gcc-arm-none-eabi/bin/../lib/gcc/arm-none-eabi/5.4.1/../../../../arm-none-eabi/lib/armv6-m/libm.a(lib_a-e_atan2.o)
                0x0001e268                __ieee754_atan2
 .text.__ieee754_sqrt
                0x0001e3e0      0x1ec /home/constantinos/gitCode/Quadcopter/gcc-arm-none-eabi/bin/../lib/gcc/arm-none-eabi/5.4.1/../../../../arm-none-eabi/lib/armv6-m/libm.a(lib_a-e_sqrt.o)
                0x0001e3e0                __ieee754_sqrt
 .text.atan     0x0001e5cc      0x33c /home/constantinos/gitCode/Quadcopter/gcc-arm-none-eabi/bin/../lib/gcc/arm-none-eabi/5.4.1/../../../../arm-none-eabi/lib/armv6-m/libm.a(lib_a-s_atan.o)
                0x0001e5cc                atan
 .text.matherr  0x0001e908        0x4 /home/constantinos/gitCode/Quadcopter/gcc-arm-none-eabi/bin/../lib/gcc/arm-none-eabi/5.4.1/../../../../arm-none-eabi/lib/armv6-m/libm.a(lib_a-s_matherr.o)
                0x0001e908                matherr
 .text.nan      0x0001e90c        0xc /home/constantinos/gitCode/Quadcopter/gcc-arm-none-eabi/bin/../lib/gcc/arm-none-eabi/5.4.1/../../../../arm-none-eabi/lib/armv6-m/libm.a(lib_a-s_nan.o)
                0x0001e90c                nan
 .text          0x0001e918      0x114 /home/constantinos/gitCode/Quadcopter/gcc-arm-none-eabi/bin/../lib/gcc/arm-none-eabi/5.4.1/armv6-m/libgcc.a(_udivsi3.o)
                0x0001e918                __udivsi3
                0x0001e918                __aeabi_uidiv
                0x0001ea24                __aeabi_uidivmod
 .text          0x0001ea2c      0x1d4 /home/constantinos/gitCode/Quadcopter/gcc-arm-none-eabi/bin/../lib/gcc/arm-none-eabi/5.4.1/armv6-m/libgcc.a(_divsi3.o)
                0x0001ea2c                __aeabi_idiv
                0x0001ea2c                __divsi3
                0x0001ebf8                __aeabi_idivmod
 .text          0x0001ec00        0x4 /home/constantinos/gitCode/Quadcopter/gcc-arm-none-eabi/bin/../lib/gcc/arm-none-eabi/5.4.1/armv6-m/libgcc.a(_dvmd_tls.o)
                0x0001ec00                __aeabi_ldiv0
                0x0001ec00                __aeabi_idiv0
 .text          0x0001ec04       0x7c /home/constantinos/gitCode/Quadcopter/gcc-arm-none-eabi/bin/../lib/gcc/arm-none-eabi/5.4.1/armv6-m/libgcc.a(_arm_cmpdf2.o)
                0x0001ec04                __aeabi_cdrcmple
                0x0001ec14                __aeabi_cdcmple
                0x0001ec14                __aeabi_cdcmpeq
                0x0001ec24                __aeabi_dcmpeq
                0x0001ec30                __aeabi_dcmplt
                0x0001ec44                __aeabi_dcmple
                0x0001ec58                __aeabi_dcmpgt
                0x0001ec6c                __aeabi_dcmpge
 .text          0x0001ec80       0x74 /home/constantinos/gitCode/Quadcopter/gcc-arm-none-eabi/bin/../lib/gcc/arm-none-eabi/5.4.1/armv6-m/libgcc.a(_arm_cmpsf2.o)
                0x0001ec80                __aeabi_cfrcmple
                0x0001ec88                __aeabi_cfcmple
                0x0001ec88                __aeabi_cfcmpeq
                0x0001ec98                __aeabi_fcmpeq
                0x0001eca4                __aeabi_fcmplt
                0x0001ecb8                __aeabi_fcmple
                0x0001eccc                __aeabi_fcmpgt
                0x0001ece0                __aeabi_fcmpge
 .text          0x0001ecf4       0x58 /home/constantinos/gitCode/Quadcopter/gcc-arm-none-eabi/bin/../lib/gcc/arm-none-eabi/5.4.1/armv6-m/libgcc.a(_muldi3.o)
                0x0001ecf4                __aeabi_lmul
                0x0001ecf4                __muldi3
 .text          0x0001ed4c       0x30 /home/constantinos/gitCode/Quadcopter/gcc-arm-none-eabi/bin/../lib/gcc/arm-none-eabi/5.4.1/armv6-m/libgcc.a(_fixunssfsi.o)
                0x0001ed4c                __aeabi_f2uiz
                0x0001ed4c                __fixunssfsi
 .text          0x0001ed7c      0x2ec /home/constantinos/gitCode/Quadcopter/gcc-arm-none-eabi/bin/../lib/gcc/arm-none-eabi/5.4.1/armv6-m/libgcc.a(addsf3.o)
                0x0001ed7c                __aeabi_fadd
 .text          0x0001f068      0x234 /home/constantinos/gitCode/Quadcopter/gcc-arm-none-eabi/bin/../lib/gcc/arm-none-eabi/5.4.1/armv6-m/libgcc.a(divsf3.o)
                0x0001f068                __aeabi_fdiv
 .text          0x0001f29c       0x50 /home/constantinos/gitCode/Quadcopter/gcc-arm-none-eabi/bin/../lib/gcc/arm-none-eabi/5.4.1/armv6-m/libgcc.a(eqsf2.o)
                0x0001f29c                __nesf2
                0x0001f29c                __eqsf2
 .text          0x0001f2ec       0x88 /home/constantinos/gitCode/Quadcopter/gcc-arm-none-eabi/bin/../lib/gcc/arm-none-eabi/5.4.1/armv6-m/libgcc.a(gesf2.o)
                0x0001f2ec                __gtsf2
                0x0001f2ec                __gesf2
 .text          0x0001f374       0x88 /home/constantinos/gitCode/Quadcopter/gcc-arm-none-eabi/bin/../lib/gcc/arm-none-eabi/5.4.1/armv6-m/libgcc.a(lesf2.o)
                0x0001f374                __lesf2
                0x0001f374                __ltsf2
 .text          0x0001f3fc      0x228 /home/constantinos/gitCode/Quadcopter/gcc-arm-none-eabi/bin/../lib/gcc/arm-none-eabi/5.4.1/armv6-m/libgcc.a(mulsf3.o)
                0x0001f3fc                __aeabi_fmul
 .text          0x0001f624      0x30c /home/constantinos/gitCode/Quadcopter/gcc-arm-none-eabi/bin/../lib/gcc/arm-none-eabi/5.4.1/armv6-m/libgcc.a(subsf3.o)
                0x0001f624                __aeabi_fsub
 .text          0x0001f930       0x44 /home/constantinos/gitCode/Quadcopter/gcc-arm-none-eabi/bin/../lib/gcc/arm-none-eabi/5.4.1/armv6-m/libgcc.a(fixsfsi.o)
                0x0001f930                __aeabi_f2iz
 .text          0x0001f974       0x90 /home/constantinos/gitCode/Quadcopter/gcc-arm-none-eabi/bin/../lib/gcc/arm-none-eabi/5.4.1/armv6-m/libgcc.a(floatsisf.o)
                0x0001f974                __aeabi_i2f
 .text          0x0001fa04       0x7c /home/constantinos/gitCode/Quadcopter/gcc-arm-none-eabi/bin/../lib/gcc/arm-none-eabi/5.4.1/armv6-m/libgcc.a(floatunsisf.o)
                0x0001fa04                __aeabi_ui2f
 .text          0x0001fa80      0x658 /home/constantinos/gitCode/Quadcopter/gcc-arm-none-eabi/bin/../lib/gcc/arm-none-eabi/5.4.1/armv6-m/libgcc.a(adddf3.o)
                0x0001fa80                __aeabi_dadd
 .text          0x000200d8      0x62c /home/constantinos/gitCode/Quadcopter/gcc-arm-none-eabi/bin/../lib/gcc/arm-none-eabi/5.4.1/armv6-m/libgcc.a(divdf3.o)
                0x000200d8                __aeabi_ddiv
 .text          0x00020704       0x80 /home/constantinos/gitCode/Quadcopter/gcc-arm-none-eabi/bin/../lib/gcc/arm-none-eabi/5.4.1/armv6-m/libgcc.a(eqdf2.o)
                0x00020704                __eqdf2
                0x00020704                __nedf2
 .text          0x00020784       0xc8 /home/constantinos/gitCode/Quadcopter/gcc-arm-none-eabi/bin/../lib/gcc/arm-none-eabi/5.4.1/armv6-m/libgcc.a(gedf2.o)
                0x00020784                __gtdf2
                0x00020784                __gedf2
 .text          0x0002084c       0xd4 /home/constantinos/gitCode/Quadcopter/gcc-arm-none-eabi/bin/../lib/gcc/arm-none-eabi/5.4.1/armv6-m/libgcc.a(ledf2.o)
                0x0002084c                __ltdf2
                0x0002084c                __ledf2
 .text          0x00020920      0x4f4 /home/constantinos/gitCode/Quadcopter/gcc-arm-none-eabi/bin/../lib/gcc/arm-none-eabi/5.4.1/armv6-m/libgcc.a(muldf3.o)
                0x00020920                __aeabi_dmul
 .text          0x00020e14      0x6a8 /home/constantinos/gitCode/Quadcopter/gcc-arm-none-eabi/bin/../lib/gcc/arm-none-eabi/5.4.1/armv6-m/libgcc.a(subdf3.o)
                0x00020e14                __aeabi_dsub
 .text          0x000214bc       0x40 /home/constantinos/gitCode/Quadcopter/gcc-arm-none-eabi/bin/../lib/gcc/arm-none-eabi/5.4.1/armv6-m/libgcc.a(unorddf2.o)
                0x000214bc                __aeabi_dcmpun
 .text          0x000214fc       0x6c /home/constantinos/gitCode/Quadcopter/gcc-arm-none-eabi/bin/../lib/gcc/arm-none-eabi/5.4.1/armv6-m/libgcc.a(fixdfsi.o)
                0x000214fc                __aeabi_d2iz
 .text          0x00021568       0x84 /home/constantinos/gitCode/Quadcopter/gcc-arm-none-eabi/bin/../lib/gcc/arm-none-eabi/5.4.1/armv6-m/libgcc.a(floatsidf.o)
                0x00021568                __aeabi_i2d
 .text          0x000215ec       0xa8 /home/constantinos/gitCode/Quadcopter/gcc-arm-none-eabi/bin/../lib/gcc/arm-none-eabi/5.4.1/armv6-m/libgcc.a(extendsfdf2.o)
                0x000215ec                __aeabi_f2d
 .text          0x00021694       0x3c /home/constantinos/gitCode/Quadcopter/gcc-arm-none-eabi/bin/../lib/gcc/arm-none-eabi/5.4.1/armv6-m/libgcc.a(_clzsi2.o)
                0x00021694                __clzsi2
 .text.abs      0x000216d0        0x8 /home/constantinos/gitCode/Quadcopter/gcc-arm-none-eabi/bin/../lib/gcc/arm-none-eabi/5.4.1/../../../../arm-none-eabi/lib/armv6-m/libc_nano.a(lib_a-abs.o)
                0x000216d0                abs
 .text.__errno  0x000216d8        0xc /home/constantinos/gitCode/Quadcopter/gcc-arm-none-eabi/bin/../lib/gcc/arm-none-eabi/5.4.1/../../../../arm-none-eabi/lib/armv6-m/libc_nano.a(lib_a-errno.o)
                0x000216d8                __errno
 .text.malloc   0x000216e4       0x14 /home/constantinos/gitCode/Quadcopter/gcc-arm-none-eabi/bin/../lib/gcc/arm-none-eabi/5.4.1/../../../../arm-none-eabi/lib/armv6-m/libc_nano.a(lib_a-malloc.o)
                0x000216e4                malloc
 .text.free     0x000216f8       0x14 /home/constantinos/gitCode/Quadcopter/gcc-arm-none-eabi/bin/../lib/gcc/arm-none-eabi/5.4.1/../../../../arm-none-eabi/lib/armv6-m/libc_nano.a(lib_a-malloc.o)
                0x000216f8                free
 .text.memcmp   0x0002170c       0x1e /home/constantinos/gitCode/Quadcopter/gcc-arm-none-eabi/bin/../lib/gcc/arm-none-eabi/5.4.1/../../../../arm-none-eabi/lib/armv6-m/libc_nano.a(lib_a-memcmp.o)
                0x0002170c                memcmp
 .text.memcpy   0x0002172a       0x12 /home/constantinos/gitCode/Quadcopter/gcc-arm-none-eabi/bin/../lib/gcc/arm-none-eabi/5.4.1/../../../../arm-none-eabi/lib/armv6-m/libc_nano.a(lib_a-memcpy-stub.o)
                0x0002172a                memcpy
 .text._free_r  0x0002173c       0x98 /home/constantinos/gitCode/Quadcopter/gcc-arm-none-eabi/bin/../lib/gcc/arm-none-eabi/5.4.1/../../../../arm-none-eabi/lib/armv6-m/libc_nano.a(lib_a-nano-freer.o)
                0x0002173c                _free_r
 .text._malloc_r
                0x000217d4       0xc0 /home/constantinos/gitCode/Quadcopter/gcc-arm-none-eabi/bin/../lib/gcc/arm-none-eabi/5.4.1/../../../../arm-none-eabi/lib/armv6-m/libc_nano.a(lib_a-nano-mallocr.o)
                0x000217d4                _malloc_r
 .text.printf   0x00021894       0x34 /home/constantinos/gitCode/Quadcopter/gcc-arm-none-eabi/bin/../lib/gcc/arm-none-eabi/5.4.1/../../../../arm-none-eabi/lib/armv6-m/libc_nano.a(lib_a-printf.o)
                0x00021894                printf
                0x00021894                iprintf
 .text._sbrk_r  0x000218c8       0x24 /home/constantinos/gitCode/Quadcopter/gcc-arm-none-eabi/bin/../lib/gcc/arm-none-eabi/5.4.1/../../../../arm-none-eabi/lib/armv6-m/libc_nano.a(lib_a-sbrkr.o)
                0x000218c8                _sbrk_r
 .text.sprintf  0x000218ec       0x44 /home/constantinos/gitCode/Quadcopter/gcc-arm-none-eabi/bin/../lib/gcc/arm-none-eabi/5.4.1/../../../../arm-none-eabi/lib/armv6-m/libc_nano.a(lib_a-sprintf.o)
                0x000218ec                sprintf
                0x000218ec                siprintf
 .text          0x00021930        0xe /home/constantinos/gitCode/Quadcopter/gcc-arm-none-eabi/bin/../lib/gcc/arm-none-eabi/5.4.1/../../../../arm-none-eabi/lib/armv6-m/libc_nano.a(lib_a-strlen.o)
                0x00021930                strlen
 *fill*         0x0002193e        0x2 
 .text._cleanup_r
                0x00021940       0x10 /home/constantinos/gitCode/Quadcopter/gcc-arm-none-eabi/bin/../lib/gcc/arm-none-eabi/5.4.1/../../../../arm-none-eabi/lib/armv6-m/libc_nano.a(lib_a-findfp.o)
                0x00021940                _cleanup_r
 .text.std.isra.0
                0x00021950       0x48 /home/constantinos/gitCode/Quadcopter/gcc-arm-none-eabi/bin/../lib/gcc/arm-none-eabi/5.4.1/../../../../arm-none-eabi/lib/armv6-m/libc_nano.a(lib_a-findfp.o)
 .text.__sfmoreglue
                0x00021998       0x2c /home/constantinos/gitCode/Quadcopter/gcc-arm-none-eabi/bin/../lib/gcc/arm-none-eabi/5.4.1/../../../../arm-none-eabi/lib/armv6-m/libc_nano.a(lib_a-findfp.o)
                0x00021998                __sfmoreglue
 .text.__sinit  0x000219c4       0x68 /home/constantinos/gitCode/Quadcopter/gcc-arm-none-eabi/bin/../lib/gcc/arm-none-eabi/5.4.1/../../../../arm-none-eabi/lib/armv6-m/libc_nano.a(lib_a-findfp.o)
                0x000219c4                __sinit
 .text.__sfp    0x00021a2c       0x7c /home/constantinos/gitCode/Quadcopter/gcc-arm-none-eabi/bin/../lib/gcc/arm-none-eabi/5.4.1/../../../../arm-none-eabi/lib/armv6-m/libc_nano.a(lib_a-findfp.o)
                0x00021a2c                __sfp
 .text._fwalk_reent
                0x00021aa8       0x42 /home/constantinos/gitCode/Quadcopter/gcc-arm-none-eabi/bin/../lib/gcc/arm-none-eabi/5.4.1/../../../../arm-none-eabi/lib/armv6-m/libc_nano.a(lib_a-fwalk.o)
                0x00021aa8                _fwalk_reent
 .text.__malloc_lock
                0x00021aea        0x2 /home/constantinos/gitCode/Quadcopter/gcc-arm-none-eabi/bin/../lib/gcc/arm-none-eabi/5.4.1/../../../../arm-none-eabi/lib/armv6-m/libc_nano.a(lib_a-mlock.o)
                0x00021aea                __malloc_lock
 .text.__malloc_unlock
                0x00021aec        0x2 /home/constantinos/gitCode/Quadcopter/gcc-arm-none-eabi/bin/../lib/gcc/arm-none-eabi/5.4.1/../../../../arm-none-eabi/lib/armv6-m/libc_nano.a(lib_a-mlock.o)
                0x00021aec                __malloc_unlock
 *fill*         0x00021aee        0x2 
 .text.__ssputs_r
                0x00021af0       0xc4 /home/constantinos/gitCode/Quadcopter/gcc-arm-none-eabi/bin/../lib/gcc/arm-none-eabi/5.4.1/../../../../arm-none-eabi/lib/armv6-m/libc_nano.a(lib_a-nano-svfprintf.o)
                0x00021af0                __ssputs_r
 .text._svfprintf_r
                0x00021bb4      0x1fc /home/constantinos/gitCode/Quadcopter/gcc-arm-none-eabi/bin/../lib/gcc/arm-none-eabi/5.4.1/../../../../arm-none-eabi/lib/armv6-m/libc_nano.a(lib_a-nano-svfprintf.o)
                0x00021bb4                _svfprintf_r
                0x00021bb4                _svfiprintf_r
 .text.__sfputc_r
                0x00021db0       0x2a /home/constantinos/gitCode/Quadcopter/gcc-arm-none-eabi/bin/../lib/gcc/arm-none-eabi/5.4.1/../../../../arm-none-eabi/lib/armv6-m/libc_nano.a(lib_a-nano-vfprintf.o)
 .text.__sfputs_r
                0x00021dda       0x24 /home/constantinos/gitCode/Quadcopter/gcc-arm-none-eabi/bin/../lib/gcc/arm-none-eabi/5.4.1/../../../../arm-none-eabi/lib/armv6-m/libc_nano.a(lib_a-nano-vfprintf.o)
                0x00021dda                __sfputs_r
 *fill*         0x00021dfe        0x2 
 .text._vfprintf_r
                0x00021e00      0x238 /home/constantinos/gitCode/Quadcopter/gcc-arm-none-eabi/bin/../lib/gcc/arm-none-eabi/5.4.1/../../../../arm-none-eabi/lib/armv6-m/libc_nano.a(lib_a-nano-vfprintf.o)
                0x00021e00                _vfiprintf_r
                0x00021e00                _vfprintf_r
 .text._printf_common
                0x00022038       0xdc /home/constantinos/gitCode/Quadcopter/gcc-arm-none-eabi/bin/../lib/gcc/arm-none-eabi/5.4.1/../../../../arm-none-eabi/lib/armv6-m/libc_nano.a(lib_a-nano-vfprintf_i.o)
                0x00022038                _printf_common
 .text._printf_i
                0x00022114      0x244 /home/constantinos/gitCode/Quadcopter/gcc-arm-none-eabi/bin/../lib/gcc/arm-none-eabi/5.4.1/../../../../arm-none-eabi/lib/armv6-m/libc_nano.a(lib_a-nano-vfprintf_i.o)
                0x00022114                _printf_i
 .text.__sread  0x00022358       0x28 /home/constantinos/gitCode/Quadcopter/gcc-arm-none-eabi/bin/../lib/gcc/arm-none-eabi/5.4.1/../../../../arm-none-eabi/lib/armv6-m/libc_nano.a(lib_a-stdio.o)
                0x00022358                __sread
 .text.__swrite
                0x00022380       0x38 /home/constantinos/gitCode/Quadcopter/gcc-arm-none-eabi/bin/../lib/gcc/arm-none-eabi/5.4.1/../../../../arm-none-eabi/lib/armv6-m/libc_nano.a(lib_a-stdio.o)
                0x00022380                __swrite
 .text.__sseek  0x000223b8       0x2c /home/constantinos/gitCode/Quadcopter/gcc-arm-none-eabi/bin/../lib/gcc/arm-none-eabi/5.4.1/../../../../arm-none-eabi/lib/armv6-m/libc_nano.a(lib_a-stdio.o)
                0x000223b8                __sseek
 .text.__sclose
                0x000223e4        0xc /home/constantinos/gitCode/Quadcopter/gcc-arm-none-eabi/bin/../lib/gcc/arm-none-eabi/5.4.1/../../../../arm-none-eabi/lib/armv6-m/libc_nano.a(lib_a-stdio.o)
                0x000223e4                __sclose
 .text.__swbuf_r
                0x000223f0       0xb0 /home/constantinos/gitCode/Quadcopter/gcc-arm-none-eabi/bin/../lib/gcc/arm-none-eabi/5.4.1/../../../../arm-none-eabi/lib/armv6-m/libc_nano.a(lib_a-wbuf.o)
                0x000223f0                __swbuf_r
 .text._write_r
                0x000224a0       0x28 /home/constantinos/gitCode/Quadcopter/gcc-arm-none-eabi/bin/../lib/gcc/arm-none-eabi/5.4.1/../../../../arm-none-eabi/lib/armv6-m/libc_nano.a(lib_a-writer.o)
                0x000224a0                _write_r
 .text.__swsetup_r
                0x000224c8       0xec /home/constantinos/gitCode/Quadcopter/gcc-arm-none-eabi/bin/../lib/gcc/arm-none-eabi/5.4.1/../../../../arm-none-eabi/lib/armv6-m/libc_nano.a(lib_a-wsetup.o)
                0x000224c8                __swsetup_r
 .text._close_r
                0x000225b4       0x24 /home/constantinos/gitCode/Quadcopter/gcc-arm-none-eabi/bin/../lib/gcc/arm-none-eabi/5.4.1/../../../../arm-none-eabi/lib/armv6-m/libc_nano.a(lib_a-closer.o)
                0x000225b4                _close_r
 .text.__sflush_r
                0x000225d8      0x10c /home/constantinos/gitCode/Quadcopter/gcc-arm-none-eabi/bin/../lib/gcc/arm-none-eabi/5.4.1/../../../../arm-none-eabi/lib/armv6-m/libc_nano.a(lib_a-fflush.o)
                0x000225d8                __sflush_r
 .text._fflush_r
                0x000226e4       0x58 /home/constantinos/gitCode/Quadcopter/gcc-arm-none-eabi/bin/../lib/gcc/arm-none-eabi/5.4.1/../../../../arm-none-eabi/lib/armv6-m/libc_nano.a(lib_a-fflush.o)
                0x000226e4                _fflush_r
 .text._lseek_r
                0x0002273c       0x28 /home/constantinos/gitCode/Quadcopter/gcc-arm-none-eabi/bin/../lib/gcc/arm-none-eabi/5.4.1/../../../../arm-none-eabi/lib/armv6-m/libc_nano.a(lib_a-lseekr.o)
                0x0002273c                _lseek_r
 .text.__swhatbuf_r
                0x00022764       0x4c /home/constantinos/gitCode/Quadcopter/gcc-arm-none-eabi/bin/../lib/gcc/arm-none-eabi/5.4.1/../../../../arm-none-eabi/lib/armv6-m/libc_nano.a(lib_a-makebuf.o)
                0x00022764                __swhatbuf_r
 .text.__smakebuf_r
                0x000227b0       0x7c /home/constantinos/gitCode/Quadcopter/gcc-arm-none-eabi/bin/../lib/gcc/arm-none-eabi/5.4.1/../../../../arm-none-eabi/lib/armv6-m/libc_nano.a(lib_a-makebuf.o)
                0x000227b0                __smakebuf_r
 .text.memchr   0x0002282c       0x16 /home/constantinos/gitCode/Quadcopter/gcc-arm-none-eabi/bin/../lib/gcc/arm-none-eabi/5.4.1/../../../../arm-none-eabi/lib/armv6-m/libc_nano.a(lib_a-memchr-stub.o)
                0x0002282c                memchr
 .text.memmove  0x00022842       0x2a /home/constantinos/gitCode/Quadcopter/gcc-arm-none-eabi/bin/../lib/gcc/arm-none-eabi/5.4.1/../../../../arm-none-eabi/lib/armv6-m/libc_nano.a(lib_a-memmove.o)
                0x00022842                memmove
 .text._realloc_r
                0x0002286c       0x4c /home/constantinos/gitCode/Quadcopter/gcc-arm-none-eabi/bin/../lib/gcc/arm-none-eabi/5.4.1/../../../../arm-none-eabi/lib/armv6-m/libc_nano.a(lib_a-nano-reallocr.o)
                0x0002286c                _realloc_r
 .text._read_r  0x000228b8       0x28 /home/constantinos/gitCode/Quadcopter/gcc-arm-none-eabi/bin/../lib/gcc/arm-none-eabi/5.4.1/../../../../arm-none-eabi/lib/armv6-m/libc_nano.a(lib_a-readr.o)
                0x000228b8                _read_r
 .text._fstat_r
                0x000228e0       0x24 /home/constantinos/gitCode/Quadcopter/gcc-arm-none-eabi/bin/../lib/gcc/arm-none-eabi/5.4.1/../../../../arm-none-eabi/lib/armv6-m/libc_nano.a(lib_a-fstatr.o)
                0x000228e0                _fstat_r
 .text._isatty_r
                0x00022904       0x24 /home/constantinos/gitCode/Quadcopter/gcc-arm-none-eabi/bin/../lib/gcc/arm-none-eabi/5.4.1/../../../../arm-none-eabi/lib/armv6-m/libc_nano.a(lib_a-isattyr.o)
                0x00022904                _isatty_r
 .text._malloc_usable_size_r
                0x00022928       0x16 /home/constantinos/gitCode/Quadcopter/gcc-arm-none-eabi/bin/../lib/gcc/arm-none-eabi/5.4.1/../../../../arm-none-eabi/lib/armv6-m/libc_nano.a(lib_a-nano-msizer.o)
                0x00022928                _malloc_usable_size_r
 *fill*         0x0002293e        0x2 
 .text._close   0x00022940       0x10 /home/constantinos/gitCode/Quadcopter/gcc-arm-none-eabi/bin/../lib/gcc/arm-none-eabi/5.4.1/../../../../arm-none-eabi/lib/armv6-m/libnosys.a(close.o)
                0x00022940                _close
 .text._fstat   0x00022950       0x10 /home/constantinos/gitCode/Quadcopter/gcc-arm-none-eabi/bin/../lib/gcc/arm-none-eabi/5.4.1/../../../../arm-none-eabi/lib/armv6-m/libnosys.a(fstat.o)
                0x00022950                _fstat
 .text._isatty  0x00022960       0x10 /home/constantinos/gitCode/Quadcopter/gcc-arm-none-eabi/bin/../lib/gcc/arm-none-eabi/5.4.1/../../../../arm-none-eabi/lib/armv6-m/libnosys.a(isatty.o)
                0x00022960                _isatty
 .text._lseek   0x00022970       0x10 /home/constantinos/gitCode/Quadcopter/gcc-arm-none-eabi/bin/../lib/gcc/arm-none-eabi/5.4.1/../../../../arm-none-eabi/lib/armv6-m/libnosys.a(lseek.o)
                0x00022970                _lseek
 .text._read    0x00022980       0x10 /home/constantinos/gitCode/Quadcopter/gcc-arm-none-eabi/bin/../lib/gcc/arm-none-eabi/5.4.1/../../../../arm-none-eabi/lib/armv6-m/libnosys.a(read.o)
                0x00022980                _read
 .text._sbrk    0x00022990       0x1c /home/constantinos/gitCode/Quadcopter/gcc-arm-none-eabi/bin/../lib/gcc/arm-none-eabi/5.4.1/../../../../arm-none-eabi/lib/armv6-m/libnosys.a(sbrk.o)
                0x00022990                _sbrk
 *(.init)
 .init          0x000229ac        0x4 /home/constantinos/gitCode/Quadcopter/gcc-arm-none-eabi/bin/../lib/gcc/arm-none-eabi/5.4.1/armv6-m/crti.o
                0x000229ac                _init
 .init          0x000229b0        0x8 /home/constantinos/gitCode/Quadcopter/gcc-arm-none-eabi/bin/../lib/gcc/arm-none-eabi/5.4.1/armv6-m/crtn.o
 *(.fini)
 .fini          0x000229b8        0x4 /home/constantinos/gitCode/Quadcopter/gcc-arm-none-eabi/bin/../lib/gcc/arm-none-eabi/5.4.1/armv6-m/crti.o
                0x000229b8                _fini
 .fini          0x000229bc        0x8 /home/constantinos/gitCode/Quadcopter/gcc-arm-none-eabi/bin/../lib/gcc/arm-none-eabi/5.4.1/armv6-m/crtn.o
 *crtbegin.o(.ctors)
 *crtbegin?.o(.ctors)
 *(EXCLUDE_FILE(*crtend.o *crtend?.o) .ctors)
 *(SORT(.ctors.*))
 *(.ctors)
 *crtbegin.o(.dtors)
 *crtbegin?.o(.dtors)
 *(EXCLUDE_FILE(*crtend.o *crtend?.o) .dtors)
 *(SORT(.dtors.*))
 *(.dtors)
 *(.rodata*)
 .rodata.str1.1
                0x000229c4        0x2 /home/constantinos/gitCode/Quadcopter/gcc-arm-none-eabi/bin/../lib/gcc/arm-none-eabi/5.4.1/../../../../arm-none-eabi/lib/armv6-m/libc_nano.a(lib_a-impure.o)
 *fill*         0x000229c6        0x2 
 .rodata._global_impure_ptr
                0x000229c8        0x4 /home/constantinos/gitCode/Quadcopter/gcc-arm-none-eabi/bin/../lib/gcc/arm-none-eabi/5.4.1/../../../../arm-none-eabi/lib/armv6-m/libc_nano.a(lib_a-impure.o)
                0x000229c8                _global_impure_ptr
 .rodata.determine_mode
                0x000229cc       0x28 _build/in4073.o
 .rodata.process_mode
                0x000229f4       0x28 _build/in4073.o
 .rodata.str1.4
                0x00022a1c       0xf2 _build/in4073.o
 *fill*         0x00022b0e        0x2 
 .rodata.str1.4
                0x00022b10       0x76 _build/control.o
 *fill*         0x00022b86        0x2 
 .rodata.get_sensor
                0x00022b88       0x2c _build/sensors.o
 .rodata.crclut
                0x00022bb4      0x100 _build/crc.o
                0x00022bb4                crclut
 .rodata.decode_header_pc_uav
                0x00022cb4       0x1c _build/packet.o
 .rodata.str1.4
                0x00022cd0       0x22 _build/packet.o
 *fill*         0x00022cf2        0x2 
 .rodata.str1.4
                0x00022cf4       0x50 _build/packet_uav.o
 .rodata.str1.4
                0x00022d44      0x259 _build/logging.o
 *fill*         0x00022f9d        0x3 
 .rodata.quadrupel_timer.7142
                0x00022fa0        0x4 _build/timers.o
 .rodata.str1.4
                0x00022fa4       0x11 _build/uart.o
 *fill*         0x00022fb5        0x3 
 .rodata.str1.4
                0x00022fb8       0x38 _build/twi.o
 .rodata.str1.4
                0x00022ff0       0x12 _build/ble.o
 *fill*         0x00023002        0x2 
 .rodata.test   0x00023004       0x28 _build/inv_mpu.o
                0x00023004                test
 .rodata.str1.4
                0x0002302c       0xa6 _build/inv_mpu.o
 *fill*         0x000230d2        0x2 
 .rodata.hw     0x000230d4        0xc _build/inv_mpu.o
                0x000230d4                hw
 .rodata.reg    0x000230e0       0x1e _build/inv_mpu.o
                0x000230e0                reg
 *fill*         0x000230fe        0x2 
 .rodata        0x00023100       0x4b _build/inv_mpu_dmp_motion_driver.o
 *fill*         0x0002314b        0x1 
 .rodata.dmp_memory
                0x0002314c      0xbf6 _build/inv_mpu_dmp_motion_driver.o
 *fill*         0x00023d42        0x2 
 .rodata.str1.4
                0x00023d44      0x12a _build/mpu_wrapper.o
 *fill*         0x00023e6e        0x2 
 .rodata.str1.4
                0x00023e70       0x27 _build/app_error.o
 *fill*         0x00023e97        0x1 
 .rodata.m_conn_params_timer_id
                0x00023e98        0x4 _build/ble_conn_params.o
 .rodata        0x00023e9c       0x10 _build/ble_nus.o
 .rodata.str1.4
                0x00023eac        0x8 /home/constantinos/gitCode/Quadcopter/gcc-arm-none-eabi/bin/../lib/gcc/arm-none-eabi/5.4.1/../../../../arm-none-eabi/lib/armv6-m/libm.a(lib_a-w_asin.o)
                                  0x9 (size before relaxing)
 *fill*         0x00023eb4        0x4 
 .rodata.atanlo
                0x00023eb8       0x20 /home/constantinos/gitCode/Quadcopter/gcc-arm-none-eabi/bin/../lib/gcc/arm-none-eabi/5.4.1/../../../../arm-none-eabi/lib/armv6-m/libm.a(lib_a-s_atan.o)
 .rodata.atanhi
                0x00023ed8       0x20 /home/constantinos/gitCode/Quadcopter/gcc-arm-none-eabi/bin/../lib/gcc/arm-none-eabi/5.4.1/../../../../arm-none-eabi/lib/armv6-m/libm.a(lib_a-s_atan.o)
 .rodata        0x00023ef8       0x80 /home/constantinos/gitCode/Quadcopter/gcc-arm-none-eabi/bin/../lib/gcc/arm-none-eabi/5.4.1/armv6-m/libgcc.a(divsf3.o)
 .rodata        0x00023f78       0x40 /home/constantinos/gitCode/Quadcopter/gcc-arm-none-eabi/bin/../lib/gcc/arm-none-eabi/5.4.1/armv6-m/libgcc.a(mulsf3.o)
 .rodata        0x00023fb8       0x40 /home/constantinos/gitCode/Quadcopter/gcc-arm-none-eabi/bin/../lib/gcc/arm-none-eabi/5.4.1/armv6-m/libgcc.a(divdf3.o)
 .rodata        0x00023ff8       0x40 /home/constantinos/gitCode/Quadcopter/gcc-arm-none-eabi/bin/../lib/gcc/arm-none-eabi/5.4.1/armv6-m/libgcc.a(muldf3.o)
 .rodata.__sf_fake_stdin
                0x00024038       0x20 /home/constantinos/gitCode/Quadcopter/gcc-arm-none-eabi/bin/../lib/gcc/arm-none-eabi/5.4.1/../../../../arm-none-eabi/lib/armv6-m/libc_nano.a(lib_a-findfp.o)
                0x00024038                __sf_fake_stdin
 .rodata.__sf_fake_stdout
                0x00024058       0x20 /home/constantinos/gitCode/Quadcopter/gcc-arm-none-eabi/bin/../lib/gcc/arm-none-eabi/5.4.1/../../../../arm-none-eabi/lib/armv6-m/libc_nano.a(lib_a-findfp.o)
                0x00024058                __sf_fake_stdout
 .rodata.__sf_fake_stderr
                0x00024078       0x20 /home/constantinos/gitCode/Quadcopter/gcc-arm-none-eabi/bin/../lib/gcc/arm-none-eabi/5.4.1/../../../../arm-none-eabi/lib/armv6-m/libc_nano.a(lib_a-findfp.o)
                0x00024078                __sf_fake_stderr
 .rodata.str1.1
                0x00024098       0x11 /home/constantinos/gitCode/Quadcopter/gcc-arm-none-eabi/bin/../lib/gcc/arm-none-eabi/5.4.1/../../../../arm-none-eabi/lib/armv6-m/libc_nano.a(lib_a-nano-svfprintf.o)
 .rodata.str1.1
                0x000240a9       0x11 /home/constantinos/gitCode/Quadcopter/gcc-arm-none-eabi/bin/../lib/gcc/arm-none-eabi/5.4.1/../../../../arm-none-eabi/lib/armv6-m/libc_nano.a(lib_a-nano-vfprintf.o)
 .rodata.str1.1
                0x000240a9       0x22 /home/constantinos/gitCode/Quadcopter/gcc-arm-none-eabi/bin/../lib/gcc/arm-none-eabi/5.4.1/../../../../arm-none-eabi/lib/armv6-m/libc_nano.a(lib_a-nano-vfprintf_i.o)
 *(.eh_frame*)
 *fill*         0x000240cb        0x1 
 .eh_frame      0x000240cc        0x0 /home/constantinos/gitCode/Quadcopter/gcc-arm-none-eabi/bin/../lib/gcc/arm-none-eabi/5.4.1/armv6-m/crtbegin.o
                0x000240cc                . = ALIGN (0x4)

.glue_7         0x000240cc        0x0
 .glue_7        0x000240cc        0x0 linker stubs

.glue_7t        0x000240cc        0x0
 .glue_7t       0x000240cc        0x0 linker stubs

.vfp11_veneer   0x000240cc        0x0
 .vfp11_veneer  0x000240cc        0x0 linker stubs

.v4_bx          0x000240cc        0x0
 .v4_bx         0x000240cc        0x0 linker stubs

.iplt           0x000240cc        0x0
 .iplt          0x000240cc        0x0 /home/constantinos/gitCode/Quadcopter/gcc-arm-none-eabi/bin/../lib/gcc/arm-none-eabi/5.4.1/armv6-m/crtbegin.o

.ARM.extab      0x000240cc        0x0
 *(.ARM.extab* .gnu.linkonce.armextab.*)
                0x000240cc                . = ALIGN (0x4)
                0x000240cc                __exidx_start = .

.ARM.exidx      0x000240cc        0x8
 *(.ARM.exidx* .gnu.linkonce.armexidx.*)
 .ARM.exidx     0x000240cc        0x8 /home/constantinos/gitCode/Quadcopter/gcc-arm-none-eabi/bin/../lib/gcc/arm-none-eabi/5.4.1/../../../../arm-none-eabi/lib/armv6-m/crt0.o
 .ARM.exidx     0x000240d4        0x0 _build/gcc_startup_nrf51.o
                                  0x8 (size before relaxing)
                0x000240d4                . = ALIGN (0x4)
                0x000240d4                __exidx_end = .
                0x000240d4                __etext = .

.rel.dyn        0x000240d4        0x0
 .rel.iplt      0x000240d4        0x0 /home/constantinos/gitCode/Quadcopter/gcc-arm-none-eabi/bin/../lib/gcc/arm-none-eabi/5.4.1/armv6-m/crtbegin.o

.data           0x20002000       0xb4 load address 0x000240d4
                0x20002000                __data_start__ = .
 *(vtable)
 *(.data*)
 .data.impure_data
                0x20002000       0x60 /home/constantinos/gitCode/Quadcopter/gcc-arm-none-eabi/bin/../lib/gcc/arm-none-eabi/5.4.1/../../../../arm-none-eabi/lib/armv6-m/libc_nano.a(lib_a-impure.o)
 .data._impure_ptr
                0x20002060        0x4 /home/constantinos/gitCode/Quadcopter/gcc-arm-none-eabi/bin/../lib/gcc/arm-none-eabi/5.4.1/../../../../arm-none-eabi/lib/armv6-m/libc_nano.a(lib_a-impure.o)
                0x20002060                _impure_ptr
 .data.txd_available
                0x20002064        0x1 _build/uart.o
                0x20002064                txd_available
 *fill*         0x20002065        0x3 
 .data.m_adv_uuids
                0x20002068        0x4 _build/ble.o
 .data.m_conn_handle
                0x2000206c        0x2 _build/ble.o
 *fill*         0x2000206e        0x2 
 .data.st       0x20002070       0x2c _build/inv_mpu.o
 .data.gyro_orientation.7062
                0x2000209c        0x9 _build/mpu_wrapper.o
 *fill*         0x200020a5        0x1 
 .data.current_slave_link_conn_handle.7275
                0x200020a6        0x2 _build/ble_advertising.o
 .data.__fdlib_version
                0x200020a8        0x1 /home/constantinos/gitCode/Quadcopter/gcc-arm-none-eabi/bin/../lib/gcc/arm-none-eabi/5.4.1/../../../../arm-none-eabi/lib/armv6-m/libm.a(lib_a-s_lib_ver.o)
                0x200020a8                __fdlib_version
                0x200020ac                . = ALIGN (0x4)
 *fill*         0x200020a9        0x3 
                0x200020ac                PROVIDE (__preinit_array_start, .)
 *(.preinit_array)
                0x200020ac                PROVIDE (__preinit_array_end, .)
                0x200020ac                . = ALIGN (0x4)
                0x200020ac                PROVIDE (__init_array_start, .)
 *(SORT(.init_array.*))
 *(.init_array)
 .init_array    0x200020ac        0x4 /home/constantinos/gitCode/Quadcopter/gcc-arm-none-eabi/bin/../lib/gcc/arm-none-eabi/5.4.1/armv6-m/crtbegin.o
                0x200020b0                PROVIDE (__init_array_end, .)
                0x200020b0                . = ALIGN (0x4)
                [!provide]                PROVIDE (__fini_array_start, .)
 *(SORT(.fini_array.*))
 *(.fini_array)
 .fini_array    0x200020b0        0x4 /home/constantinos/gitCode/Quadcopter/gcc-arm-none-eabi/bin/../lib/gcc/arm-none-eabi/5.4.1/armv6-m/crtbegin.o
                [!provide]                PROVIDE (__fini_array_end, .)
 *(.jcr)
 .jcr           0x200020b4        0x0 /home/constantinos/gitCode/Quadcopter/gcc-arm-none-eabi/bin/../lib/gcc/arm-none-eabi/5.4.1/armv6-m/crtbegin.o
                0x200020b4                . = ALIGN (0x4)
                0x200020b4                __data_end__ = .

.igot.plt       0x200020b4        0x0 load address 0x00024188
 .igot.plt      0x200020b4        0x0 /home/constantinos/gitCode/Quadcopter/gcc-arm-none-eabi/bin/../lib/gcc/arm-none-eabi/5.4.1/armv6-m/crtbegin.o

.bss            0x200020b4      0xa10 load address 0x00024188
                0x200020b4                . = ALIGN (0x4)
                0x200020b4                __bss_start__ = .
 *(.bss*)
 .bss           0x200020b4       0x1c /home/constantinos/gitCode/Quadcopter/gcc-arm-none-eabi/bin/../lib/gcc/arm-none-eabi/5.4.1/armv6-m/crtbegin.o
 .bss.outer_counter
                0x200020d0        0x1 _build/control.o
                0x200020d0                outer_counter
 .bss.calibration_flag
                0x200020d1        0x1 _build/sensors.o
                0x200020d1                calibration_flag
 .bss.dcsaz     0x200020d2        0x2 _build/sensors.o
                0x200020d2                dcsaz
 .bss.dcsax     0x200020d4        0x2 _build/sensors.o
                0x200020d4                dcsax
 .bss.dcsay     0x200020d6        0x2 _build/sensors.o
                0x200020d6                dcsay
 .bss.dcsp      0x200020d8        0x2 _build/sensors.o
                0x200020d8                dcsp
 .bss.dcsq      0x200020da        0x2 _build/sensors.o
                0x200020da                dcsq
 .bss.dcsr      0x200020dc        0x2 _build/sensors.o
                0x200020dc                dcsr
 .bss.dcphi     0x200020de        0x2 _build/sensors.o
                0x200020de                dcphi
 .bss.dcpsi     0x200020e0        0x2 _build/sensors.o
                0x200020e0                dcpsi
 *fill*         0x200020e2        0x2 
 .bss.dcbaro    0x200020e4        0x4 _build/sensors.o
                0x200020e4                dcbaro
 .bss.dctheta   0x200020e8        0x2 _build/sensors.o
                0x200020e8                dctheta
 *fill*         0x200020ea        0x2 
 .bss.last_received_message.7298
                0x200020ec        0x4 _build/packet_uav.o
 .bss.discard_count
                0x200020f0        0x1 _build/packet_uav.o
                0x200020f0                discard_count
 .bss.no_read_count
                0x200020f1        0x1 _build/packet_uav.o
                0x200020f1                no_read_count
 .bss.logNum    0x200020f2        0x2 _build/logging.o
 .bss.nextAddress
                0x200020f4        0x4 _build/logging.o
 .bss.shortLogging
                0x200020f8        0x1 _build/logging.o
 *fill*         0x200020f9        0x3 
 .bss.APP_TIMER_BUF.7138
                0x200020fc      0x1c8 _build/timers.o
 .bss.quadrupel_timer_data.7141
                0x200022c4       0x20 _build/timers.o
 .bss.sent      0x200022e4        0x1 _build/twi.o
 .bss.read      0x200022e5        0x1 _build/twi.o
 .bss.loop_count
                0x200022e6        0x1 _build/baro.o
 *fill*         0x200022e7        0x1 
 .bss.prom      0x200022e8       0x10 _build/baro.o
 .bss.data      0x200022f8        0x3 _build/baro.o
 *fill*         0x200022fb        0x1 
 .bss.data.7055
                0x200022fc        0x2 _build/baro.o
 *fill*         0x200022fe        0x2 
 .bss.initTime  0x20002300        0x4 _build/baro.o
                0x20002300                initTime
 .bss.m_nus     0x20002304       0x1c _build/ble.o
 .bss.BLE_EVT_BUFFER.8986
                0x20002320       0x48 _build/ble.o
 .bss.spi_config_table
                0x20002368        0xc _build/spi_flash.o
 .bss.SPI       0x20002374        0x4 _build/spi_flash.o
 .bss.dmp       0x20002378       0x10 _build/inv_mpu_dmp_motion_driver.o
 .bss.m_ticks_latest
                0x20002388        0x4 _build/app_timer.o
 .bss.mp_timer_id_head
                0x2000238c        0x4 _build/app_timer.o
 .bss.m_evt_schedule_func
                0x20002390        0x4 _build/app_timer.o
 .bss.m_user_array_size
                0x20002394        0x1 _build/app_timer.o
 *fill*         0x20002395        0x3 
 .bss.mp_users  0x20002398        0x4 _build/app_timer.o
 .bss.m_ticks_elapsed_q_read_ind
                0x2000239c        0x1 _build/app_timer.o
 .bss.m_ticks_elapsed_q_write_ind
                0x2000239d        0x1 _build/app_timer.o
 .bss.m_rtc1_reset
                0x2000239e        0x1 _build/app_timer.o
 *fill*         0x2000239f        0x1 
 .bss.m_ticks_elapsed
                0x200023a0        0x8 _build/app_timer.o
 .bss.m_rtc1_running
                0x200023a8        0x1 _build/app_timer.o
 *fill*         0x200023a9        0x3 
 .bss.m_cmd_queue
                0x200023ac       0xcc _build/pstorage.o
 .bss.m_flags   0x20002478        0x4 _build/pstorage.o
 .bss.m_advdata
                0x2000247c       0x38 _build/ble_advertising.o
 .bss.m_manuf_specific_data
                0x200024b4        0xc _build/ble_advertising.o
 .bss.m_evt_handler
                0x200024c0        0x4 _build/ble_advertising.o
 .bss.m_advertising_start_pending
                0x200024c4        0x1 _build/ble_advertising.o
 *fill*         0x200024c5        0x3 
 .bss.m_manuf_data_array
                0x200024c8       0x1f _build/ble_advertising.o
 .bss.m_whitelist_temporarily_disabled
                0x200024e7        0x1 _build/ble_advertising.o
 .bss.m_error_handler
                0x200024e8        0x4 _build/ble_advertising.o
 .bss.m_peer_address
                0x200024ec        0x7 _build/ble_advertising.o
 *fill*         0x200024f3        0x1 
 .bss.m_adv_modes_config
                0x200024f4       0x24 _build/ble_advertising.o
 .bss.mp_whitelist_addr
                0x20002518       0x20 _build/ble_advertising.o
 .bss.m_tx_power_level
                0x20002538        0x1 _build/ble_advertising.o
 *fill*         0x20002539        0x3 
 .bss.m_whitelist
                0x2000253c       0x10 _build/ble_advertising.o
 .bss.m_service_data_array
                0x2000254c       0x1f _build/ble_advertising.o
 .bss.m_whitelist_reply_expected
                0x2000256b        0x1 _build/ble_advertising.o
 .bss.mp_whitelist_irk
                0x2000256c       0x20 _build/ble_advertising.o
 .bss.m_adv_mode_current
                0x2000258c        0x1 _build/ble_advertising.o
 .bss.m_peer_addr_reply_expected
                0x2000258d        0x1 _build/ble_advertising.o
 *fill*         0x2000258e        0x2 
 .bss.m_slave_conn_int
                0x20002590        0x4 _build/ble_advertising.o
 .bss.m_service_data
                0x20002594        0xc _build/ble_advertising.o
 .bss.m_adv_evt
                0x200025a0        0x1 _build/ble_advertising.o
 .bss.m_change_param
                0x200025a1        0x1 _build/ble_conn_params.o
 *fill*         0x200025a2        0x2 
 .bss.m_current_conn_params
                0x200025a4        0x8 _build/ble_conn_params.o
 .bss.m_update_count
                0x200025ac        0x1 _build/ble_conn_params.o
 *fill*         0x200025ad        0x3 
 .bss.m_conn_params_config
                0x200025b0       0x1c _build/ble_conn_params.o
 .bss.m_conn_params_timer_id_data
                0x200025cc       0x20 _build/ble_conn_params.o
 .bss.m_conn_handle
                0x200025ec        0x2 _build/ble_conn_params.o
 *fill*         0x200025ee        0x2 
 .bss.m_preferred_conn_params
                0x200025f0        0x8 _build/ble_conn_params.o
 .bss.m_softdevice_enabled
                0x200025f8        0x1 _build/softdevice_handler.o
 *fill*         0x200025f9        0x1 
 .bss.m_ble_evt_buffer_size
                0x200025fa        0x2 _build/softdevice_handler.o
 .bss.mp_ble_evt_buffer
                0x200025fc        0x4 _build/softdevice_handler.o
 .bss.m_sys_evt_handler
                0x20002600        0x4 _build/softdevice_handler.o
 .bss.m_ble_evt_handler
                0x20002604        0x4 _build/softdevice_handler.o
 .bss.m_evt_schedule_func
                0x20002608        0x4 _build/softdevice_handler.o
 .bss.__malloc_sbrk_start
                0x2000260c        0x4 /home/constantinos/gitCode/Quadcopter/gcc-arm-none-eabi/bin/../lib/gcc/arm-none-eabi/5.4.1/../../../../arm-none-eabi/lib/armv6-m/libc_nano.a(lib_a-nano-mallocr.o)
                0x2000260c                __malloc_sbrk_start
 .bss.__malloc_free_list
                0x20002610        0x4 /home/constantinos/gitCode/Quadcopter/gcc-arm-none-eabi/bin/../lib/gcc/arm-none-eabi/5.4.1/../../../../arm-none-eabi/lib/armv6-m/libc_nano.a(lib_a-nano-mallocr.o)
                0x20002610                __malloc_free_list
 .bss.heap_end.4167
                0x20002614        0x4 /home/constantinos/gitCode/Quadcopter/gcc-arm-none-eabi/bin/../lib/gcc/arm-none-eabi/5.4.1/../../../../arm-none-eabi/lib/armv6-m/libnosys.a(sbrk.o)
 *(COMMON)
 COMMON         0x20002618      0x478 _build/in4073.o
                0x20002618                yaw_parameter
                0x2000261a                say
                0x2000261c                b
                0x2000261e                psi
                0x20002620                sensor_fifo_count
                0x20002621                P1
                0x20002622                saz
                0x20002624                logCore
                0x20002628                rx_queue
                0x2000272e                current_mode
                0x20002730                phi
                0x20002732                P2
                0x20002733                prev_mode
                0x20002734                temperature
                0x20002738                psi_s
                0x20002739                height_flag
                0x2000273a                new_lift
                0x2000273c                theta
                0x20002740                pressure
                0x20002744                exit_mode_flag
                0x20002745                mode
                0x20002746                dcpsi_s
                0x20002748                tx_queue
                0x2000284e                sax
                0x20002850                lift
                0x20002852                sq
                0x20002854                yaw_error
                0x20002856                bat_volt
                0x20002858                P3
                0x2000285c                ble_rx_queue
                0x20002962                d
                0x20002964                sp
                0x20002966                safe_flag
                0x20002967                radio_active
                0x20002968                motor
                0x20002970                yaw
                0x20002974                last_correct_checksum_time
                0x20002978                pitch
                0x20002979                roll
                0x2000297c                ble_tx_queue
                0x20002a84                ae
                0x20002a8c                sr
                0x20002a8e                demo_done
                0x20002a8f                P
 COMMON         0x20002a90       0x20 _build/control.o
                0x20002a90                roll_overflow
                0x20002a92                yaw_rate
                0x20002a94                pitch_act
                0x20002a96                yaw_overflow
                0x20002a98                yaw_prev
                0x20002a9a                yaw_act
                0x20002a9c                pitch_rate_d
                0x20002a9e                roll_act
                0x20002aa0                height_act
                0x20002aa4                yaw_s
                0x20002aa6                roll_rate_d
                0x20002aa8                pitch_overflow
                0x20002aac                height_d
 COMMON         0x20002ab0        0x5 _build/timers.o
                0x20002ab0                global_time
                0x20002ab4                timer_flag
 *fill*         0x20002ab5        0x3 
 COMMON         0x20002ab8        0x8 _build/baro.o
                0x20002ab8                D2
                0x20002abc                D1
 COMMON         0x20002ac0        0x4 /home/constantinos/gitCode/Quadcopter/gcc-arm-none-eabi/bin/../lib/gcc/arm-none-eabi/5.4.1/../../../../arm-none-eabi/lib/armv6-m/libc_nano.a(lib_a-reent.o)
                0x20002ac0                errno
                0x20002ac4                . = ALIGN (0x4)
                0x20002ac4                __bss_end__ = .

.heap           0x20002ac8      0x800
                0x20002ac8                __end__ = .
                0x20002ac8                end = __end__
 *(.heap*)
 .heap          0x20002ac8      0x800 _build/gcc_startup_nrf51.o
                0x20002ac8                __HeapBase
                0x200032c8                __HeapLimit = .

.stack_dummy    0x20002ac8      0x800
 *(.stack*)
 .stack         0x20002ac8      0x800 _build/gcc_startup_nrf51.o
                0x20004000                __StackTop = (ORIGIN (RAM) + LENGTH (RAM))
                0x20003800                __StackLimit = (__StackTop - SIZEOF (.stack_dummy))
                0x20004000                PROVIDE (__stack, __StackTop)
                0x00000001                ASSERT ((__StackLimit >= __HeapLimit), region RAM overflowed with stack)
OUTPUT(_build/in4073.out elf32-littlearm)

.ARM.attributes
                0x00000000       0x28
 .ARM.attributes
                0x00000000       0x1e /home/constantinos/gitCode/Quadcopter/gcc-arm-none-eabi/bin/../lib/gcc/arm-none-eabi/5.4.1/armv6-m/crti.o
 .ARM.attributes
                0x0000001e       0x2c /home/constantinos/gitCode/Quadcopter/gcc-arm-none-eabi/bin/../lib/gcc/arm-none-eabi/5.4.1/armv6-m/crtbegin.o
 .ARM.attributes
                0x0000004a       0x1b /home/constantinos/gitCode/Quadcopter/gcc-arm-none-eabi/bin/../lib/gcc/arm-none-eabi/5.4.1/../../../../arm-none-eabi/lib/armv6-m/crt0.o
 .ARM.attributes
                0x00000065       0x2c /home/constantinos/gitCode/Quadcopter/gcc-arm-none-eabi/bin/../lib/gcc/arm-none-eabi/5.4.1/../../../../arm-none-eabi/lib/armv6-m/libc_nano.a(lib_a-exit.o)
 .ARM.attributes
                0x00000091       0x2c /home/constantinos/gitCode/Quadcopter/gcc-arm-none-eabi/bin/../lib/gcc/arm-none-eabi/5.4.1/../../../../arm-none-eabi/lib/armv6-m/libc_nano.a(lib_a-impure.o)
 .ARM.attributes
                0x000000bd       0x2c /home/constantinos/gitCode/Quadcopter/gcc-arm-none-eabi/bin/../lib/gcc/arm-none-eabi/5.4.1/../../../../arm-none-eabi/lib/armv6-m/libc_nano.a(lib_a-init.o)
 .ARM.attributes
                0x000000e9       0x2c /home/constantinos/gitCode/Quadcopter/gcc-arm-none-eabi/bin/../lib/gcc/arm-none-eabi/5.4.1/../../../../arm-none-eabi/lib/armv6-m/libc_nano.a(lib_a-memset.o)
 .ARM.attributes
                0x00000115       0x2c /home/constantinos/gitCode/Quadcopter/gcc-arm-none-eabi/bin/../lib/gcc/arm-none-eabi/5.4.1/../../../../arm-none-eabi/lib/armv6-m/libnosys.a(_exit.o)
 .ARM.attributes
                0x00000141       0x31 _build/system_nrf51.o
 .ARM.attributes
                0x00000172       0x31 _build/nrf_delay.o
 .ARM.attributes
                0x000001a3       0x31 _build/in4073.o
 .ARM.attributes
                0x000001d4       0x31 _build/control.o
 .ARM.attributes
                0x00000205       0x31 _build/sensors.o
 .ARM.attributes
                0x00000236       0x31 _build/crc.o
 .ARM.attributes
                0x00000267       0x31 _build/packet.o
 .ARM.attributes
                0x00000298       0x31 _build/packet_uav.o
 .ARM.attributes
                0x000002c9       0x31 _build/logging.o
 .ARM.attributes
                0x000002fa       0x31 _build/gpio.o
 .ARM.attributes
                0x0000032b       0x31 _build/timers.o
 .ARM.attributes
                0x0000035c       0x31 _build/uart.o
 .ARM.attributes
                0x0000038d       0x31 _build/queue.o
 .ARM.attributes
                0x000003be       0x31 _build/twi.o
 .ARM.attributes
                0x000003ef       0x31 _build/adc.o
 .ARM.attributes
                0x00000420       0x31 _build/baro.o
 .ARM.attributes
                0x00000451       0x31 _build/ble.o
 .ARM.attributes
                0x00000482       0x31 _build/spi_flash.o
 .ARM.attributes
                0x000004b3       0x31 _build/inv_mpu.o
 .ARM.attributes
                0x000004e4       0x31 _build/inv_mpu_dmp_motion_driver.o
 .ARM.attributes
                0x00000515       0x31 _build/ml.o
 .ARM.attributes
                0x00000546       0x31 _build/mpu_wrapper.o
 .ARM.attributes
                0x00000577       0x31 _build/app_error.o
 .ARM.attributes
                0x000005a8       0x31 _build/app_timer.o
 .ARM.attributes
                0x000005d9       0x31 _build/pstorage.o
 .ARM.attributes
                0x0000060a       0x31 _build/ble_advdata.o
 .ARM.attributes
                0x0000063b       0x31 _build/ble_advertising.o
 .ARM.attributes
                0x0000066c       0x31 _build/ble_conn_params.o
 .ARM.attributes
                0x0000069d       0x31 _build/ble_nus.o
 .ARM.attributes
                0x000006ce       0x31 _build/softdevice_handler.o
 .ARM.attributes
                0x000006ff       0x1b _build/gcc_startup_nrf51.o
 .ARM.attributes
                0x0000071a       0x2c /home/constantinos/gitCode/Quadcopter/gcc-arm-none-eabi/bin/../lib/gcc/arm-none-eabi/5.4.1/../../../../arm-none-eabi/lib/armv6-m/libm.a(lib_a-s_fabs.o)
 .ARM.attributes
                0x00000746       0x2c /home/constantinos/gitCode/Quadcopter/gcc-arm-none-eabi/bin/../lib/gcc/arm-none-eabi/5.4.1/../../../../arm-none-eabi/lib/armv6-m/libm.a(lib_a-w_asin.o)
 .ARM.attributes
                0x00000772       0x2c /home/constantinos/gitCode/Quadcopter/gcc-arm-none-eabi/bin/../lib/gcc/arm-none-eabi/5.4.1/../../../../arm-none-eabi/lib/armv6-m/libm.a(lib_a-w_atan2.o)
 .ARM.attributes
                0x0000079e       0x2c /home/constantinos/gitCode/Quadcopter/gcc-arm-none-eabi/bin/../lib/gcc/arm-none-eabi/5.4.1/../../../../arm-none-eabi/lib/armv6-m/libm.a(lib_a-e_asin.o)
 .ARM.attributes
                0x000007ca       0x2c /home/constantinos/gitCode/Quadcopter/gcc-arm-none-eabi/bin/../lib/gcc/arm-none-eabi/5.4.1/../../../../arm-none-eabi/lib/armv6-m/libm.a(lib_a-e_atan2.o)
 .ARM.attributes
                0x000007f6       0x2c /home/constantinos/gitCode/Quadcopter/gcc-arm-none-eabi/bin/../lib/gcc/arm-none-eabi/5.4.1/../../../../arm-none-eabi/lib/armv6-m/libm.a(lib_a-e_sqrt.o)
 .ARM.attributes
                0x00000822       0x2c /home/constantinos/gitCode/Quadcopter/gcc-arm-none-eabi/bin/../lib/gcc/arm-none-eabi/5.4.1/../../../../arm-none-eabi/lib/armv6-m/libm.a(lib_a-s_atan.o)
 .ARM.attributes
                0x0000084e       0x2c /home/constantinos/gitCode/Quadcopter/gcc-arm-none-eabi/bin/../lib/gcc/arm-none-eabi/5.4.1/../../../../arm-none-eabi/lib/armv6-m/libm.a(lib_a-s_lib_ver.o)
 .ARM.attributes
                0x0000087a       0x2c /home/constantinos/gitCode/Quadcopter/gcc-arm-none-eabi/bin/../lib/gcc/arm-none-eabi/5.4.1/../../../../arm-none-eabi/lib/armv6-m/libm.a(lib_a-s_matherr.o)
 .ARM.attributes
                0x000008a6       0x2c /home/constantinos/gitCode/Quadcopter/gcc-arm-none-eabi/bin/../lib/gcc/arm-none-eabi/5.4.1/../../../../arm-none-eabi/lib/armv6-m/libm.a(lib_a-s_nan.o)
 .ARM.attributes
                0x000008d2       0x1e /home/constantinos/gitCode/Quadcopter/gcc-arm-none-eabi/bin/../lib/gcc/arm-none-eabi/5.4.1/armv6-m/libgcc.a(_udivsi3.o)
 .ARM.attributes
                0x000008f0       0x1e /home/constantinos/gitCode/Quadcopter/gcc-arm-none-eabi/bin/../lib/gcc/arm-none-eabi/5.4.1/armv6-m/libgcc.a(_divsi3.o)
 .ARM.attributes
                0x0000090e       0x1e /home/constantinos/gitCode/Quadcopter/gcc-arm-none-eabi/bin/../lib/gcc/arm-none-eabi/5.4.1/armv6-m/libgcc.a(_dvmd_tls.o)
 .ARM.attributes
                0x0000092c       0x1e /home/constantinos/gitCode/Quadcopter/gcc-arm-none-eabi/bin/../lib/gcc/arm-none-eabi/5.4.1/armv6-m/libgcc.a(_arm_cmpdf2.o)
 .ARM.attributes
                0x0000094a       0x1e /home/constantinos/gitCode/Quadcopter/gcc-arm-none-eabi/bin/../lib/gcc/arm-none-eabi/5.4.1/armv6-m/libgcc.a(_arm_cmpsf2.o)
 .ARM.attributes
                0x00000968       0x2c /home/constantinos/gitCode/Quadcopter/gcc-arm-none-eabi/bin/../lib/gcc/arm-none-eabi/5.4.1/armv6-m/libgcc.a(_muldi3.o)
 .ARM.attributes
                0x00000994       0x2c /home/constantinos/gitCode/Quadcopter/gcc-arm-none-eabi/bin/../lib/gcc/arm-none-eabi/5.4.1/armv6-m/libgcc.a(_fixunssfsi.o)
 .ARM.attributes
                0x000009c0       0x2c /home/constantinos/gitCode/Quadcopter/gcc-arm-none-eabi/bin/../lib/gcc/arm-none-eabi/5.4.1/armv6-m/libgcc.a(addsf3.o)
 .ARM.attributes
                0x000009ec       0x2c /home/constantinos/gitCode/Quadcopter/gcc-arm-none-eabi/bin/../lib/gcc/arm-none-eabi/5.4.1/armv6-m/libgcc.a(divsf3.o)
 .ARM.attributes
                0x00000a18       0x2c /home/constantinos/gitCode/Quadcopter/gcc-arm-none-eabi/bin/../lib/gcc/arm-none-eabi/5.4.1/armv6-m/libgcc.a(eqsf2.o)
 .ARM.attributes
                0x00000a44       0x2c /home/constantinos/gitCode/Quadcopter/gcc-arm-none-eabi/bin/../lib/gcc/arm-none-eabi/5.4.1/armv6-m/libgcc.a(gesf2.o)
 .ARM.attributes
                0x00000a70       0x2c /home/constantinos/gitCode/Quadcopter/gcc-arm-none-eabi/bin/../lib/gcc/arm-none-eabi/5.4.1/armv6-m/libgcc.a(lesf2.o)
 .ARM.attributes
                0x00000a9c       0x2c /home/constantinos/gitCode/Quadcopter/gcc-arm-none-eabi/bin/../lib/gcc/arm-none-eabi/5.4.1/armv6-m/libgcc.a(mulsf3.o)
 .ARM.attributes
                0x00000ac8       0x2c /home/constantinos/gitCode/Quadcopter/gcc-arm-none-eabi/bin/../lib/gcc/arm-none-eabi/5.4.1/armv6-m/libgcc.a(subsf3.o)
 .ARM.attributes
                0x00000af4       0x2c /home/constantinos/gitCode/Quadcopter/gcc-arm-none-eabi/bin/../lib/gcc/arm-none-eabi/5.4.1/armv6-m/libgcc.a(fixsfsi.o)
 .ARM.attributes
                0x00000b20       0x2c /home/constantinos/gitCode/Quadcopter/gcc-arm-none-eabi/bin/../lib/gcc/arm-none-eabi/5.4.1/armv6-m/libgcc.a(floatsisf.o)
 .ARM.attributes
                0x00000b4c       0x2c /home/constantinos/gitCode/Quadcopter/gcc-arm-none-eabi/bin/../lib/gcc/arm-none-eabi/5.4.1/armv6-m/libgcc.a(floatunsisf.o)
 .ARM.attributes
                0x00000b78       0x2c /home/constantinos/gitCode/Quadcopter/gcc-arm-none-eabi/bin/../lib/gcc/arm-none-eabi/5.4.1/armv6-m/libgcc.a(adddf3.o)
 .ARM.attributes
                0x00000ba4       0x2c /home/constantinos/gitCode/Quadcopter/gcc-arm-none-eabi/bin/../lib/gcc/arm-none-eabi/5.4.1/armv6-m/libgcc.a(divdf3.o)
 .ARM.attributes
                0x00000bd0       0x2c /home/constantinos/gitCode/Quadcopter/gcc-arm-none-eabi/bin/../lib/gcc/arm-none-eabi/5.4.1/armv6-m/libgcc.a(eqdf2.o)
 .ARM.attributes
                0x00000bfc       0x2c /home/constantinos/gitCode/Quadcopter/gcc-arm-none-eabi/bin/../lib/gcc/arm-none-eabi/5.4.1/armv6-m/libgcc.a(gedf2.o)
 .ARM.attributes
                0x00000c28       0x2c /home/constantinos/gitCode/Quadcopter/gcc-arm-none-eabi/bin/../lib/gcc/arm-none-eabi/5.4.1/armv6-m/libgcc.a(ledf2.o)
 .ARM.attributes
                0x00000c54       0x2c /home/constantinos/gitCode/Quadcopter/gcc-arm-none-eabi/bin/../lib/gcc/arm-none-eabi/5.4.1/armv6-m/libgcc.a(muldf3.o)
 .ARM.attributes
                0x00000c80       0x2c /home/constantinos/gitCode/Quadcopter/gcc-arm-none-eabi/bin/../lib/gcc/arm-none-eabi/5.4.1/armv6-m/libgcc.a(subdf3.o)
 .ARM.attributes
                0x00000cac       0x2c /home/constantinos/gitCode/Quadcopter/gcc-arm-none-eabi/bin/../lib/gcc/arm-none-eabi/5.4.1/armv6-m/libgcc.a(unorddf2.o)
 .ARM.attributes
                0x00000cd8       0x2c /home/constantinos/gitCode/Quadcopter/gcc-arm-none-eabi/bin/../lib/gcc/arm-none-eabi/5.4.1/armv6-m/libgcc.a(fixdfsi.o)
 .ARM.attributes
                0x00000d04       0x2c /home/constantinos/gitCode/Quadcopter/gcc-arm-none-eabi/bin/../lib/gcc/arm-none-eabi/5.4.1/armv6-m/libgcc.a(floatsidf.o)
 .ARM.attributes
                0x00000d30       0x2c /home/constantinos/gitCode/Quadcopter/gcc-arm-none-eabi/bin/../lib/gcc/arm-none-eabi/5.4.1/armv6-m/libgcc.a(extendsfdf2.o)
 .ARM.attributes
                0x00000d5c       0x1e /home/constantinos/gitCode/Quadcopter/gcc-arm-none-eabi/bin/../lib/gcc/arm-none-eabi/5.4.1/armv6-m/libgcc.a(_clzsi2.o)
 .ARM.attributes
                0x00000d7a       0x2c /home/constantinos/gitCode/Quadcopter/gcc-arm-none-eabi/bin/../lib/gcc/arm-none-eabi/5.4.1/../../../../arm-none-eabi/lib/armv6-m/libc_nano.a(lib_a-abs.o)
 .ARM.attributes
                0x00000da6       0x2c /home/constantinos/gitCode/Quadcopter/gcc-arm-none-eabi/bin/../lib/gcc/arm-none-eabi/5.4.1/../../../../arm-none-eabi/lib/armv6-m/libc_nano.a(lib_a-errno.o)
 .ARM.attributes
                0x00000dd2       0x2c /home/constantinos/gitCode/Quadcopter/gcc-arm-none-eabi/bin/../lib/gcc/arm-none-eabi/5.4.1/../../../../arm-none-eabi/lib/armv6-m/libc_nano.a(lib_a-malloc.o)
 .ARM.attributes
                0x00000dfe       0x2c /home/constantinos/gitCode/Quadcopter/gcc-arm-none-eabi/bin/../lib/gcc/arm-none-eabi/5.4.1/../../../../arm-none-eabi/lib/armv6-m/libc_nano.a(lib_a-memcmp.o)
 .ARM.attributes
                0x00000e2a       0x2c /home/constantinos/gitCode/Quadcopter/gcc-arm-none-eabi/bin/../lib/gcc/arm-none-eabi/5.4.1/../../../../arm-none-eabi/lib/armv6-m/libc_nano.a(lib_a-memcpy-stub.o)
 .ARM.attributes
                0x00000e56       0x2c /home/constantinos/gitCode/Quadcopter/gcc-arm-none-eabi/bin/../lib/gcc/arm-none-eabi/5.4.1/../../../../arm-none-eabi/lib/armv6-m/libc_nano.a(lib_a-nano-freer.o)
 .ARM.attributes
                0x00000e82       0x2c /home/constantinos/gitCode/Quadcopter/gcc-arm-none-eabi/bin/../lib/gcc/arm-none-eabi/5.4.1/../../../../arm-none-eabi/lib/armv6-m/libc_nano.a(lib_a-nano-mallocr.o)
 .ARM.attributes
                0x00000eae       0x2c /home/constantinos/gitCode/Quadcopter/gcc-arm-none-eabi/bin/../lib/gcc/arm-none-eabi/5.4.1/../../../../arm-none-eabi/lib/armv6-m/libc_nano.a(lib_a-printf.o)
 .ARM.attributes
                0x00000eda       0x2c /home/constantinos/gitCode/Quadcopter/gcc-arm-none-eabi/bin/../lib/gcc/arm-none-eabi/5.4.1/../../../../arm-none-eabi/lib/armv6-m/libc_nano.a(lib_a-sbrkr.o)
 .ARM.attributes
                0x00000f06       0x2c /home/constantinos/gitCode/Quadcopter/gcc-arm-none-eabi/bin/../lib/gcc/arm-none-eabi/5.4.1/../../../../arm-none-eabi/lib/armv6-m/libc_nano.a(lib_a-sprintf.o)
 .ARM.attributes
                0x00000f32       0x1c /home/constantinos/gitCode/Quadcopter/gcc-arm-none-eabi/bin/../lib/gcc/arm-none-eabi/5.4.1/../../../../arm-none-eabi/lib/armv6-m/libc_nano.a(lib_a-strlen.o)
 .ARM.attributes
                0x00000f4e       0x2c /home/constantinos/gitCode/Quadcopter/gcc-arm-none-eabi/bin/../lib/gcc/arm-none-eabi/5.4.1/../../../../arm-none-eabi/lib/armv6-m/libc_nano.a(lib_a-findfp.o)
 .ARM.attributes
                0x00000f7a       0x2c /home/constantinos/gitCode/Quadcopter/gcc-arm-none-eabi/bin/../lib/gcc/arm-none-eabi/5.4.1/../../../../arm-none-eabi/lib/armv6-m/libc_nano.a(lib_a-fwalk.o)
 .ARM.attributes
                0x00000fa6       0x2c /home/constantinos/gitCode/Quadcopter/gcc-arm-none-eabi/bin/../lib/gcc/arm-none-eabi/5.4.1/../../../../arm-none-eabi/lib/armv6-m/libc_nano.a(lib_a-mlock.o)
 .ARM.attributes
                0x00000fd2       0x2c /home/constantinos/gitCode/Quadcopter/gcc-arm-none-eabi/bin/../lib/gcc/arm-none-eabi/5.4.1/../../../../arm-none-eabi/lib/armv6-m/libc_nano.a(lib_a-nano-svfprintf.o)
 .ARM.attributes
                0x00000ffe       0x2c /home/constantinos/gitCode/Quadcopter/gcc-arm-none-eabi/bin/../lib/gcc/arm-none-eabi/5.4.1/../../../../arm-none-eabi/lib/armv6-m/libc_nano.a(lib_a-nano-vfprintf.o)
 .ARM.attributes
                0x0000102a       0x2c /home/constantinos/gitCode/Quadcopter/gcc-arm-none-eabi/bin/../lib/gcc/arm-none-eabi/5.4.1/../../../../arm-none-eabi/lib/armv6-m/libc_nano.a(lib_a-nano-vfprintf_i.o)
 .ARM.attributes
                0x00001056       0x2c /home/constantinos/gitCode/Quadcopter/gcc-arm-none-eabi/bin/../lib/gcc/arm-none-eabi/5.4.1/../../../../arm-none-eabi/lib/armv6-m/libc_nano.a(lib_a-reent.o)
 .ARM.attributes
                0x00001082       0x2c /home/constantinos/gitCode/Quadcopter/gcc-arm-none-eabi/bin/../lib/gcc/arm-none-eabi/5.4.1/../../../../arm-none-eabi/lib/armv6-m/libc_nano.a(lib_a-stdio.o)
 .ARM.attributes
                0x000010ae       0x2c /home/constantinos/gitCode/Quadcopter/gcc-arm-none-eabi/bin/../lib/gcc/arm-none-eabi/5.4.1/../../../../arm-none-eabi/lib/armv6-m/libc_nano.a(lib_a-wbuf.o)
 .ARM.attributes
                0x000010da       0x2c /home/constantinos/gitCode/Quadcopter/gcc-arm-none-eabi/bin/../lib/gcc/arm-none-eabi/5.4.1/../../../../arm-none-eabi/lib/armv6-m/libc_nano.a(lib_a-writer.o)
 .ARM.attributes
                0x00001106       0x2c /home/constantinos/gitCode/Quadcopter/gcc-arm-none-eabi/bin/../lib/gcc/arm-none-eabi/5.4.1/../../../../arm-none-eabi/lib/armv6-m/libc_nano.a(lib_a-wsetup.o)
 .ARM.attributes
                0x00001132       0x2c /home/constantinos/gitCode/Quadcopter/gcc-arm-none-eabi/bin/../lib/gcc/arm-none-eabi/5.4.1/../../../../arm-none-eabi/lib/armv6-m/libc_nano.a(lib_a-closer.o)
 .ARM.attributes
                0x0000115e       0x2c /home/constantinos/gitCode/Quadcopter/gcc-arm-none-eabi/bin/../lib/gcc/arm-none-eabi/5.4.1/../../../../arm-none-eabi/lib/armv6-m/libc_nano.a(lib_a-fflush.o)
 .ARM.attributes
                0x0000118a       0x2c /home/constantinos/gitCode/Quadcopter/gcc-arm-none-eabi/bin/../lib/gcc/arm-none-eabi/5.4.1/../../../../arm-none-eabi/lib/armv6-m/libc_nano.a(lib_a-lseekr.o)
 .ARM.attributes
                0x000011b6       0x2c /home/constantinos/gitCode/Quadcopter/gcc-arm-none-eabi/bin/../lib/gcc/arm-none-eabi/5.4.1/../../../../arm-none-eabi/lib/armv6-m/libc_nano.a(lib_a-makebuf.o)
 .ARM.attributes
                0x000011e2       0x2c /home/constantinos/gitCode/Quadcopter/gcc-arm-none-eabi/bin/../lib/gcc/arm-none-eabi/5.4.1/../../../../arm-none-eabi/lib/armv6-m/libc_nano.a(lib_a-memchr-stub.o)
 .ARM.attributes
                0x0000120e       0x2c /home/constantinos/gitCode/Quadcopter/gcc-arm-none-eabi/bin/../lib/gcc/arm-none-eabi/5.4.1/../../../../arm-none-eabi/lib/armv6-m/libc_nano.a(lib_a-memmove.o)
 .ARM.attributes
                0x0000123a       0x2c /home/constantinos/gitCode/Quadcopter/gcc-arm-none-eabi/bin/../lib/gcc/arm-none-eabi/5.4.1/../../../../arm-none-eabi/lib/armv6-m/libc_nano.a(lib_a-nano-reallocr.o)
 .ARM.attributes
                0x00001266       0x2c /home/constantinos/gitCode/Quadcopter/gcc-arm-none-eabi/bin/../lib/gcc/arm-none-eabi/5.4.1/../../../../arm-none-eabi/lib/armv6-m/libc_nano.a(lib_a-readr.o)
 .ARM.attributes
                0x00001292       0x2c /home/constantinos/gitCode/Quadcopter/gcc-arm-none-eabi/bin/../lib/gcc/arm-none-eabi/5.4.1/../../../../arm-none-eabi/lib/armv6-m/libc_nano.a(lib_a-fstatr.o)
 .ARM.attributes
                0x000012be       0x2c /home/constantinos/gitCode/Quadcopter/gcc-arm-none-eabi/bin/../lib/gcc/arm-none-eabi/5.4.1/../../../../arm-none-eabi/lib/armv6-m/libc_nano.a(lib_a-isattyr.o)
 .ARM.attributes
                0x000012ea       0x2c /home/constantinos/gitCode/Quadcopter/gcc-arm-none-eabi/bin/../lib/gcc/arm-none-eabi/5.4.1/../../../../arm-none-eabi/lib/armv6-m/libc_nano.a(lib_a-nano-msizer.o)
 .ARM.attributes
                0x00001316       0x1e /home/constantinos/gitCode/Quadcopter/gcc-arm-none-eabi/bin/../lib/gcc/arm-none-eabi/5.4.1/armv6-m/crtn.o
 .ARM.attributes
                0x00001334       0x2c /home/constantinos/gitCode/Quadcopter/gcc-arm-none-eabi/bin/../lib/gcc/arm-none-eabi/5.4.1/../../../../arm-none-eabi/lib/armv6-m/libnosys.a(close.o)
 .ARM.attributes
                0x00001360       0x2c /home/constantinos/gitCode/Quadcopter/gcc-arm-none-eabi/bin/../lib/gcc/arm-none-eabi/5.4.1/../../../../arm-none-eabi/lib/armv6-m/libnosys.a(fstat.o)
 .ARM.attributes
                0x0000138c       0x2c /home/constantinos/gitCode/Quadcopter/gcc-arm-none-eabi/bin/../lib/gcc/arm-none-eabi/5.4.1/../../../../arm-none-eabi/lib/armv6-m/libnosys.a(isatty.o)
 .ARM.attributes
                0x000013b8       0x2c /home/constantinos/gitCode/Quadcopter/gcc-arm-none-eabi/bin/../lib/gcc/arm-none-eabi/5.4.1/../../../../arm-none-eabi/lib/armv6-m/libnosys.a(lseek.o)
 .ARM.attributes
                0x000013e4       0x2c /home/constantinos/gitCode/Quadcopter/gcc-arm-none-eabi/bin/../lib/gcc/arm-none-eabi/5.4.1/../../../../arm-none-eabi/lib/armv6-m/libnosys.a(read.o)
 .ARM.attributes
                0x00001410       0x2c /home/constantinos/gitCode/Quadcopter/gcc-arm-none-eabi/bin/../lib/gcc/arm-none-eabi/5.4.1/../../../../arm-none-eabi/lib/armv6-m/libnosys.a(sbrk.o)

.comment        0x00000000       0x6e
 .comment       0x00000000       0x6e _build/system_nrf51.o
                                 0x6f (size before relaxing)
 .comment       0x0000006e       0x6f _build/nrf_delay.o
 .comment       0x0000006e       0x6f _build/in4073.o
 .comment       0x0000006e       0x6f _build/control.o
 .comment       0x0000006e       0x6f _build/sensors.o
 .comment       0x0000006e       0x6f _build/crc.o
 .comment       0x0000006e       0x6f _build/packet.o
 .comment       0x0000006e       0x6f _build/packet_uav.o
 .comment       0x0000006e       0x6f _build/logging.o
 .comment       0x0000006e       0x6f _build/gpio.o
 .comment       0x0000006e       0x6f _build/timers.o
 .comment       0x0000006e       0x6f _build/uart.o
 .comment       0x0000006e       0x6f _build/queue.o
 .comment       0x0000006e       0x6f _build/twi.o
 .comment       0x0000006e       0x6f _build/adc.o
 .comment       0x0000006e       0x6f _build/baro.o
 .comment       0x0000006e       0x6f _build/ble.o
 .comment       0x0000006e       0x6f _build/spi_flash.o
 .comment       0x0000006e       0x6f _build/inv_mpu.o
 .comment       0x0000006e       0x6f _build/inv_mpu_dmp_motion_driver.o
 .comment       0x0000006e       0x6f _build/ml.o
 .comment       0x0000006e       0x6f _build/mpu_wrapper.o
 .comment       0x0000006e       0x6f _build/app_error.o
 .comment       0x0000006e       0x6f _build/app_timer.o
 .comment       0x0000006e       0x6f _build/pstorage.o
 .comment       0x0000006e       0x6f _build/ble_advdata.o
 .comment       0x0000006e       0x6f _build/ble_advertising.o
 .comment       0x0000006e       0x6f _build/ble_conn_params.o
 .comment       0x0000006e       0x6f _build/ble_nus.o
 .comment       0x0000006e       0x6f _build/softdevice_handler.o

.debug_frame    0x00000000     0x1080
 .debug_frame   0x00000000       0x28 /home/constantinos/gitCode/Quadcopter/gcc-arm-none-eabi/bin/../lib/gcc/arm-none-eabi/5.4.1/../../../../arm-none-eabi/lib/armv6-m/libc_nano.a(lib_a-exit.o)
 .debug_frame   0x00000028       0x2c /home/constantinos/gitCode/Quadcopter/gcc-arm-none-eabi/bin/../lib/gcc/arm-none-eabi/5.4.1/../../../../arm-none-eabi/lib/armv6-m/libc_nano.a(lib_a-init.o)
 .debug_frame   0x00000054       0x20 /home/constantinos/gitCode/Quadcopter/gcc-arm-none-eabi/bin/../lib/gcc/arm-none-eabi/5.4.1/../../../../arm-none-eabi/lib/armv6-m/libc_nano.a(lib_a-memset.o)
 .debug_frame   0x00000074       0x20 /home/constantinos/gitCode/Quadcopter/gcc-arm-none-eabi/bin/../lib/gcc/arm-none-eabi/5.4.1/../../../../arm-none-eabi/lib/armv6-m/libnosys.a(_exit.o)
 .debug_frame   0x00000094       0x20 /home/constantinos/gitCode/Quadcopter/gcc-arm-none-eabi/bin/../lib/gcc/arm-none-eabi/5.4.1/../../../../arm-none-eabi/lib/armv6-m/libm.a(lib_a-s_fabs.o)
 .debug_frame   0x000000b4       0x38 /home/constantinos/gitCode/Quadcopter/gcc-arm-none-eabi/bin/../lib/gcc/arm-none-eabi/5.4.1/../../../../arm-none-eabi/lib/armv6-m/libm.a(lib_a-w_asin.o)
 .debug_frame   0x000000ec       0x28 /home/constantinos/gitCode/Quadcopter/gcc-arm-none-eabi/bin/../lib/gcc/arm-none-eabi/5.4.1/../../../../arm-none-eabi/lib/armv6-m/libm.a(lib_a-w_atan2.o)
 .debug_frame   0x00000114       0x38 /home/constantinos/gitCode/Quadcopter/gcc-arm-none-eabi/bin/../lib/gcc/arm-none-eabi/5.4.1/../../../../arm-none-eabi/lib/armv6-m/libm.a(lib_a-e_asin.o)
 .debug_frame   0x0000014c       0x38 /home/constantinos/gitCode/Quadcopter/gcc-arm-none-eabi/bin/../lib/gcc/arm-none-eabi/5.4.1/../../../../arm-none-eabi/lib/armv6-m/libm.a(lib_a-e_atan2.o)
 .debug_frame   0x00000184       0x3c /home/constantinos/gitCode/Quadcopter/gcc-arm-none-eabi/bin/../lib/gcc/arm-none-eabi/5.4.1/../../../../arm-none-eabi/lib/armv6-m/libm.a(lib_a-e_sqrt.o)
 .debug_frame   0x000001c0       0x3c /home/constantinos/gitCode/Quadcopter/gcc-arm-none-eabi/bin/../lib/gcc/arm-none-eabi/5.4.1/../../../../arm-none-eabi/lib/armv6-m/libm.a(lib_a-s_atan.o)
 .debug_frame   0x000001fc       0x20 /home/constantinos/gitCode/Quadcopter/gcc-arm-none-eabi/bin/../lib/gcc/arm-none-eabi/5.4.1/../../../../arm-none-eabi/lib/armv6-m/libm.a(lib_a-s_matherr.o)
 .debug_frame   0x0000021c       0x20 /home/constantinos/gitCode/Quadcopter/gcc-arm-none-eabi/bin/../lib/gcc/arm-none-eabi/5.4.1/../../../../arm-none-eabi/lib/armv6-m/libm.a(lib_a-s_nan.o)
 .debug_frame   0x0000023c       0x20 /home/constantinos/gitCode/Quadcopter/gcc-arm-none-eabi/bin/../lib/gcc/arm-none-eabi/5.4.1/armv6-m/libgcc.a(_udivsi3.o)
 .debug_frame   0x0000025c       0x20 /home/constantinos/gitCode/Quadcopter/gcc-arm-none-eabi/bin/../lib/gcc/arm-none-eabi/5.4.1/armv6-m/libgcc.a(_divsi3.o)
 .debug_frame   0x0000027c       0x34 /home/constantinos/gitCode/Quadcopter/gcc-arm-none-eabi/bin/../lib/gcc/arm-none-eabi/5.4.1/armv6-m/libgcc.a(_muldi3.o)
 .debug_frame   0x000002b0       0x28 /home/constantinos/gitCode/Quadcopter/gcc-arm-none-eabi/bin/../lib/gcc/arm-none-eabi/5.4.1/armv6-m/libgcc.a(_fixunssfsi.o)