Archive member included to satisfy reference by file (symbol)

/home/johann/Documents/EmbeddedSystems/Quadcopter/gcc-arm-none-eabi/bin/../lib/gcc/arm-none-eabi/5.4.1/../../../../arm-none-eabi/lib/armv6-m/libc_nano.a(lib_a-exit.o)
                              /home/johann/Documents/EmbeddedSystems/Quadcopter/gcc-arm-none-eabi/bin/../lib/gcc/arm-none-eabi/5.4.1/../../../../arm-none-eabi/lib/armv6-m/crt0.o (exit)
/home/johann/Documents/EmbeddedSystems/Quadcopter/gcc-arm-none-eabi/bin/../lib/gcc/arm-none-eabi/5.4.1/../../../../arm-none-eabi/lib/armv6-m/libc_nano.a(lib_a-impure.o)
                              /home/johann/Documents/EmbeddedSystems/Quadcopter/gcc-arm-none-eabi/bin/../lib/gcc/arm-none-eabi/5.4.1/../../../../arm-none-eabi/lib/armv6-m/libc_nano.a(lib_a-exit.o) (_global_impure_ptr)
/home/johann/Documents/EmbeddedSystems/Quadcopter/gcc-arm-none-eabi/bin/../lib/gcc/arm-none-eabi/5.4.1/../../../../arm-none-eabi/lib/armv6-m/libc_nano.a(lib_a-init.o)
                              /home/johann/Documents/EmbeddedSystems/Quadcopter/gcc-arm-none-eabi/bin/../lib/gcc/arm-none-eabi/5.4.1/../../../../arm-none-eabi/lib/armv6-m/crt0.o (__libc_init_array)
/home/johann/Documents/EmbeddedSystems/Quadcopter/gcc-arm-none-eabi/bin/../lib/gcc/arm-none-eabi/5.4.1/../../../../arm-none-eabi/lib/armv6-m/libc_nano.a(lib_a-memset.o)
                              /home/johann/Documents/EmbeddedSystems/Quadcopter/gcc-arm-none-eabi/bin/../lib/gcc/arm-none-eabi/5.4.1/../../../../arm-none-eabi/lib/armv6-m/crt0.o (memset)
/home/johann/Documents/EmbeddedSystems/Quadcopter/gcc-arm-none-eabi/bin/../lib/gcc/arm-none-eabi/5.4.1/../../../../arm-none-eabi/lib/armv6-m/libnosys.a(_exit.o)
                              /home/johann/Documents/EmbeddedSystems/Quadcopter/gcc-arm-none-eabi/bin/../lib/gcc/arm-none-eabi/5.4.1/../../../../arm-none-eabi/lib/armv6-m/libc_nano.a(lib_a-exit.o) (_exit)
/home/johann/Documents/EmbeddedSystems/Quadcopter/gcc-arm-none-eabi/bin/../lib/gcc/arm-none-eabi/5.4.1/../../../../arm-none-eabi/lib/armv6-m/libm.a(lib_a-s_fabs.o)
                              _build/inv_mpu.o (fabs)
/home/johann/Documents/EmbeddedSystems/Quadcopter/gcc-arm-none-eabi/bin/../lib/gcc/arm-none-eabi/5.4.1/../../../../arm-none-eabi/lib/armv6-m/libm.a(lib_a-w_asin.o)
                              _build/mpu_wrapper.o (asin)
/home/johann/Documents/EmbeddedSystems/Quadcopter/gcc-arm-none-eabi/bin/../lib/gcc/arm-none-eabi/5.4.1/../../../../arm-none-eabi/lib/armv6-m/libm.a(lib_a-w_atan2.o)
                              _build/mpu_wrapper.o (atan2)
/home/johann/Documents/EmbeddedSystems/Quadcopter/gcc-arm-none-eabi/bin/../lib/gcc/arm-none-eabi/5.4.1/../../../../arm-none-eabi/lib/armv6-m/libm.a(lib_a-e_asin.o)
                              /home/johann/Documents/EmbeddedSystems/Quadcopter/gcc-arm-none-eabi/bin/../lib/gcc/arm-none-eabi/5.4.1/../../../../arm-none-eabi/lib/armv6-m/libm.a(lib_a-w_asin.o) (__ieee754_asin)
/home/johann/Documents/EmbeddedSystems/Quadcopter/gcc-arm-none-eabi/bin/../lib/gcc/arm-none-eabi/5.4.1/../../../../arm-none-eabi/lib/armv6-m/libm.a(lib_a-e_atan2.o)
                              /home/johann/Documents/EmbeddedSystems/Quadcopter/gcc-arm-none-eabi/bin/../lib/gcc/arm-none-eabi/5.4.1/../../../../arm-none-eabi/lib/armv6-m/libm.a(lib_a-w_atan2.o) (__ieee754_atan2)
/home/johann/Documents/EmbeddedSystems/Quadcopter/gcc-arm-none-eabi/bin/../lib/gcc/arm-none-eabi/5.4.1/../../../../arm-none-eabi/lib/armv6-m/libm.a(lib_a-e_sqrt.o)
                              /home/johann/Documents/EmbeddedSystems/Quadcopter/gcc-arm-none-eabi/bin/../lib/gcc/arm-none-eabi/5.4.1/../../../../arm-none-eabi/lib/armv6-m/libm.a(lib_a-e_asin.o) (__ieee754_sqrt)
/home/johann/Documents/EmbeddedSystems/Quadcopter/gcc-arm-none-eabi/bin/../lib/gcc/arm-none-eabi/5.4.1/../../../../arm-none-eabi/lib/armv6-m/libm.a(lib_a-s_atan.o)
                              /home/johann/Documents/EmbeddedSystems/Quadcopter/gcc-arm-none-eabi/bin/../lib/gcc/arm-none-eabi/5.4.1/../../../../arm-none-eabi/lib/armv6-m/libm.a(lib_a-e_atan2.o) (atan)
/home/johann/Documents/EmbeddedSystems/Quadcopter/gcc-arm-none-eabi/bin/../lib/gcc/arm-none-eabi/5.4.1/../../../../arm-none-eabi/lib/armv6-m/libm.a(lib_a-s_lib_ver.o)
                              /home/johann/Documents/EmbeddedSystems/Quadcopter/gcc-arm-none-eabi/bin/../lib/gcc/arm-none-eabi/5.4.1/../../../../arm-none-eabi/lib/armv6-m/libm.a(lib_a-w_asin.o) (__fdlib_version)
/home/johann/Documents/EmbeddedSystems/Quadcopter/gcc-arm-none-eabi/bin/../lib/gcc/arm-none-eabi/5.4.1/../../../../arm-none-eabi/lib/armv6-m/libm.a(lib_a-s_matherr.o)
                              /home/johann/Documents/EmbeddedSystems/Quadcopter/gcc-arm-none-eabi/bin/../lib/gcc/arm-none-eabi/5.4.1/../../../../arm-none-eabi/lib/armv6-m/libm.a(lib_a-w_asin.o) (matherr)
/home/johann/Documents/EmbeddedSystems/Quadcopter/gcc-arm-none-eabi/bin/../lib/gcc/arm-none-eabi/5.4.1/../../../../arm-none-eabi/lib/armv6-m/libm.a(lib_a-s_nan.o)
[...]
Memory Configuration

Name             Origin             Length             Attributes
FLASH            0x00018000         0x00028000         xr
RAM              0x20002000         0x00002000         xrw
*default*        0x00000000         0xffffffff

Linker script and memory map

LOAD /home/johann/Documents/EmbeddedSystems/Quadcopter/gcc-arm-none-eabi/bin/../lib/gcc/arm-none-eabi/5.4.1/armv6-m/crti.o
LOAD /home/johann/Documents/EmbeddedSystems/Quadcopter/gcc-arm-none-eabi/bin/../lib/gcc/arm-none-eabi/5.4.1/armv6-m/crtbegin.o
LOAD /home/johann/Documents/EmbeddedSystems/Quadcopter/gcc-arm-none-eabi/bin/../lib/gcc/arm-none-eabi/5.4.1/../../../../arm-none-eabi/lib/armv6-m/crt0.o
LOAD /home/johann/Documents/EmbeddedSystems/Quadcopter/gcc-arm-none-eabi/bin/../lib/gcc/arm-none-eabi/5.4.1/../../../../arm-none-eabi/lib/armv6-m/libc_nano.a
LOAD /home/johann/Documents/EmbeddedSystems/Quadcopter/gcc-arm-none-eabi/bin/../lib/gcc/arm-none-eabi/5.4.1/../../../../arm-none-eabi/lib/armv6-m/libnosys.a
LOAD /home/johann/Documents/EmbeddedSystems/Quadcopter/gcc-arm-none-eabi/bin/../lib/gcc/arm-none-eabi/5.4.1/../../../../arm-none-eabi/lib/armv6-m/libm.a
LOAD _build/system_nrf51.o
LOAD _build/nrf_delay.o
LOAD _build/in4073.o
LOAD _build/control.o
LOAD _build/sensors.o
LOAD _build/filters.o
LOAD _build/fixedp.o
LOAD _build/crc.o
LOAD _build/packet.o
LOAD _build/packet_uav.o
LOAD _build/logging.o
LOAD _build/gpio.o
LOAD _build/timers.o
LOAD _build/uart.o
LOAD _build/queue.o
LOAD _build/twi.o
LOAD _build/adc.o
LOAD _build/baro.o
LOAD _build/ble.o
LOAD _build/spi_flash.o
LOAD _build/inv_mpu.o
LOAD _build/inv_mpu_dmp_motion_driver.o
LOAD _build/ml.o
LOAD _build/mpu_wrapper.o
LOAD _build/app_error.o
LOAD _build/app_timer.o
LOAD _build/nrf_assert.o
LOAD _build/nrf_drv_common.o
LOAD _build/pstorage.o
LOAD _build/ble_advdata.o
LOAD _build/ble_advertising.o
LOAD _build/ble_conn_params.o
LOAD _build/ble_nus.o
LOAD _build/ble_srv_common.o
LOAD _build/softdevice_handler.o
LOAD _build/gcc_startup_nrf51.o
LOAD /home/johann/Documents/EmbeddedSystems/Quadcopter/gcc-arm-none-eabi/bin/../lib/gcc/arm-none-eabi/5.4.1/../../../../arm-none-eabi/lib/armv6-m/libm.a
START GROUP
LOAD /home/johann/Documents/EmbeddedSystems/Quadcopter/gcc-arm-none-eabi/bin/../lib/gcc/arm-none-eabi/5.4.1/armv6-m/libgcc.a
LOAD /home/johann/Documents/EmbeddedSystems/Quadcopter/gcc-arm-none-eabi/bin/../lib/gcc/arm-none-eabi/5.4.1/../../../../arm-none-eabi/lib/armv6-m/libc_nano.a
END GROUP
START GROUP
LOAD /home/johann/Documents/EmbeddedSystems/Quadcopter/gcc-arm-none-eabi/bin/../lib/gcc/arm-none-eabi/5.4.1/armv6-m/libgcc.a
LOAD /home/johann/Documents/EmbeddedSystems/Quadcopter/gcc-arm-none-eabi/bin/../lib/gcc/arm-none-eabi/5.4.1/../../../../arm-none-eabi/lib/armv6-m/libc_nano.a
END GROUP
LOAD /home/johann/Documents/EmbeddedSystems/Quadcopter/gcc-arm-none-eabi/bin/../lib/gcc/arm-none-eabi/5.4.1/armv6-m/crtend.o
LOAD /home/johann/Documents/EmbeddedSystems/Quadcopter/gcc-arm-none-eabi/bin/../lib/gcc/arm-none-eabi/5.4.1/armv6-m/crtn.o
START GROUP
LOAD /home/johann/Documents/EmbeddedSystems/Quadcopter/gcc-arm-none-eabi/bin/../lib/gcc/arm-none-eabi/5.4.1/armv6-m/libgcc.a
LOAD /home/johann/Documents/EmbeddedSystems/Quadcopter/gcc-arm-none-eabi/bin/../lib/gcc/arm-none-eabi/5.4.1/../../../../arm-none-eabi/lib/armv6-m/libc.a
LOAD /home/johann/Documents/EmbeddedSystems/Quadcopter/gcc-arm-none-eabi/bin/../lib/gcc/arm-none-eabi/5.4.1/../../../../arm-none-eabi/lib/armv6-m/libnosys.a
END GROUP

.fs_data_out    0x00000000        0x0
                [!provide]                PROVIDE (__start_fs_data, .)
 *(fs_data)
                [!provide]                PROVIDE (__stop_fs_data, .)

.text           0x00018000     0xc8b4
 *(.Vectors)
 .Vectors       0x00018000       0xc0 _build/gcc_startup_nrf51.o
                0x00018000                __Vectors
 *(.text*)
 .text          0x000180c0       0x60 /home/johann/Documents/EmbeddedSystems/Quadcopter/gcc-arm-none-eabi/bin/../lib/gcc/arm-none-eabi/5.4.1/armv6-m/crtbegin.o
 .text          0x00018120       0x78 /home/johann/Documents/EmbeddedSystems/Quadcopter/gcc-arm-none-eabi/bin/../lib/gcc/arm-none-eabi/5.4.1/../../../../arm-none-eabi/lib/armv6-m/crt0.o
                0x00018120                _mainCRTStartup
                0x00018120                _start
 .text.exit     0x00018198       0x2c /home/johann/Documents/EmbeddedSystems/Quadcopter/gcc-arm-none-eabi/bin/../lib/gcc/arm-none-eabi/5.4.1/../../../../arm-none-eabi/lib/armv6-m/libc_nano.a(lib_a-exit.o)
                0x00018198                exit
 .text.__libc_init_array
                0x000181c4       0x4c /home/johann/Documents/EmbeddedSystems/Quadcopter/gcc-arm-none-eabi/bin/../lib/gcc/arm-none-eabi/5.4.1/../../../../arm-none-eabi/lib/armv6-m/libc_nano.a(lib_a-init.o)
                0x000181c4                __libc_init_array
 .text.memset   0x00018210       0x10 /home/johann/Documents/EmbeddedSystems/Quadcopter/gcc-arm-none-eabi/bin/../lib/gcc/arm-none-eabi/5.4.1/../../../../arm-none-eabi/lib/armv6-m/libc_nano.a(lib_a-memset.o)
                0x00018210                memset
 .text._exit    0x00018220        0x4 /home/johann/Documents/EmbeddedSystems/Quadcopter/gcc-arm-none-eabi/bin/../lib/gcc/arm-none-eabi/5.4.1/../../../../arm-none-eabi/lib/armv6-m/libnosys.a(_exit.o)
                0x00018220                _exit
 .text.SystemInit
                0x00018224       0x94 _build/system_nrf51.o
                0x00018224                SystemInit
 .text.nrf_delay_ms
                0x000182b8       0x3c _build/nrf_delay.o
                0x000182b8                nrf_delay_ms
 .text.determine_mode
                0x000182f4      0x228 _build/in4073.o
                0x000182f4                determine_mode
 .text.process_mode
                0x0001851c      0x1d0 _build/in4073.o
                0x0001851c                process_mode
 .text.startup.main
                0x000186ec      0x2c8 _build/in4073.o
                0x000186ec                main
 .text.update_actuator
                0x000189b4      0x124 _build/control.o
                0x000189b4                update_actuator
 .text.update_motors
                0x00018ad8       0x90 _build/control.o
                0x00018ad8                update_motors
 .text.yaw_controller
                0x00018b68       0xf0 _build/control.o
                0x00018b68                yaw_controller
 .text.yaw_mode
                0x00018c58      0x118 _build/control.o
                0x00018c58                yaw_mode
 .text.height_rate_controller
                0x00018d70       0xe4 _build/control.o
                0x00018d70                height_rate_controller
 .text.rate_controller
                0x00018e54      0x180 _build/control.o
                0x00018e54                rate_controller
 .text.height_mode
                0x00018fd4      0x154 _build/control.o
                0x00018fd4                height_mode
 .text.run_filters_and_control
                0x00019128       0x84 _build/control.o
                0x00019128                run_filters_and_control
 .text.isCalibrated
                0x000191ac        0xc _build/sensors.o
                0x000191ac                isCalibrated
 .text.get_sensor
                0x000191b8      0x100 _build/sensors.o
                0x000191b8                get_sensor
 .text.insert_data
                0x000192b8      0x174 _build/sensors.o
                0x000192b8                insert_data
 .text.calibrate_sensors
                0x0001942c      0x328 _build/sensors.o
                0x0001942c                calibrate_sensors
 .text.butter   0x00019754       0xac _build/filters.o
                0x00019754                butter
 .text.fpmult   0x00019800        0x8 _build/fixedp.o
                0x00019800                fpmult
 .text.crc_message
                0x00019808       0x20 _build/crc.o
                0x00019808                crc_message
 .text.decode_header_pc_uav
                0x00019828       0x7c _build/packet.o
                0x00019828                decode_header_pc_uav
 .text.encode_header_uav_pc
                0x000198a4        0x8 _build/packet.o
                0x000198a4                encode_header_uav_pc
 .text.decode_data_command
                0x000198ac       0x18 _build/packet.o
                0x000198ac                decode_data_command
 .text.encode_data_motor
                0x000198c4        0xc _build/packet.o
                0x000198c4                encode_data_motor
 .text.encode_data_angles
                0x000198d0        0x8 _build/packet.o
                0x000198d0                encode_data_angles
 .text.encode_data_gyro
                0x000198d8        0x8 _build/packet.o
                0x000198d8                encode_data_gyro
 .text.encode_data_accel
                0x000198e0        0x8 _build/packet.o
                0x000198e0                encode_data_accel
 .text.encode_data_gains1
                0x000198e8       0x10 _build/packet.o
                0x000198e8                encode_data_gains1
 .text.encode_data_gains2
                0x000198f8        0x8 _build/packet.o
                0x000198f8                encode_data_gains2
 .text.decode   0x00019900      0x154 _build/packet_uav.o
                0x00019900                decode
 .text.encode   0x00019a54      0x1d8 _build/packet_uav.o
                0x00019a54                encode
 .text.init_logging
                0x00019c2c       0x44 _build/logging.o
                0x00019c2c                init_logging
 .text.select_log_mode
                0x00019c70       0x48 _build/logging.o
                0x00019c70                select_log_mode
 .text.gpio_init
                0x00019cb8       0x8c _build/gpio.o
                0x00019cb8                gpio_init
 .text.quadrupel_timer_handler
                0x00019d44        0xc _build/timers.o
                0x00019d44                quadrupel_timer_handler
 .text.TIMER2_IRQHandler
                0x00019d50       0xb8 _build/timers.o
                0x00019d50                TIMER2_IRQHandler
 .text.TIMER1_IRQHandler
                0x00019e08       0xac _build/timers.o
                0x00019e08                TIMER1_IRQHandler
 .text.get_time_us
                0x00019eb4       0x20 _build/timers.o
                0x00019eb4                get_time_us
 .text.check_timer_flag
                0x00019ed4        0xc _build/timers.o
                0x00019ed4                check_timer_flag
 .text.clear_timer_flag
                0x00019ee0        0xc _build/timers.o
                0x00019ee0                clear_timer_flag
 .text.timers_init
                0x00019eec      0x1d4 _build/timers.o
                0x00019eec                timers_init
 .text.uart_put_packet
                0x0001a0c0       0x7c _build/uart.o
                0x0001a0c0                uart_put_packet
 .text._write   0x0001a13c      0x2c4 _build/uart.o
                0x0001a13c                _write
 .text.UART0_IRQHandler
                0x0001a400       0x84 _build/uart.o
                0x0001a400                UART0_IRQHandler
 .text.uart_init
                0x0001a484       0xa0 _build/uart.o
                0x0001a484                uart_init
 .text.init_queue
                0x0001a524       0x14 _build/queue.o
                0x0001a524                init_queue
 .text.enqueue  0x0001a538       0x1c _build/queue.o
                0x0001a538                enqueue
 .text.dequeue  0x0001a554       0x20 _build/queue.o
                0x0001a554                dequeue
 .text.i2c_read
                0x0001a574       0xc0 _build/twi.o
                0x0001a574                i2c_read
 .text.i2c_write
                0x0001a634       0x70 _build/twi.o
                0x0001a634                i2c_write
 .text.SPI0_TWI0_IRQHandler
                0x0001a6a4       0x70 _build/twi.o
                0x0001a6a4                SPI0_TWI0_IRQHandler
 .text.twi_init
                0x0001a714       0x84 _build/twi.o
                0x0001a714                twi_init
 .text.adc_request_sample
                0x0001a798       0x18 _build/adc.o
                0x0001a798                adc_request_sample
 .text.ADC_IRQHandler
                0x0001a7b0       0x24 _build/adc.o
                0x0001a7b0                ADC_IRQHandler
 .text.adc_init
                0x0001a7d4       0x3c _build/adc.o
                0x0001a7d4                adc_init
 .text.read_baro
                0x0001a810      0x1b4 _build/baro.o
                0x0001a810                read_baro
 .text.baro_init
                0x0001a9c4       0x34 _build/baro.o
                0x0001a9c4                baro_init
 .text.sd_ble_gap_disconnect
                0x0001a9f8        0x4 _build/ble.o
 .text.sd_ble_gap_ppcp_set
                0x0001a9fc        0x4 _build/ble.o
 .text.sd_ble_gap_device_name_set
                0x0001aa00        0x4 _build/ble.o
 .text.sd_ble_gap_sec_params_reply
                0x0001aa04        0x4 _build/ble.o
 .text.sd_ble_gatts_sys_attr_set
                0x0001aa08        0x4 _build/ble.o
 .text.sd_ble_enable
                0x0001aa0c        0x4 _build/ble.o
 .text.sd_nvic_EnableIRQ
                0x0001aa10        0x4 _build/ble.o
 .text.sd_nvic_ClearPendingIRQ
                0x0001aa14        0x4 _build/ble.o
 .text.sd_nvic_SetPriority
                0x0001aa18        0x4 _build/ble.o
 .text.sd_radio_notification_cfg_set
                0x0001aa1c        0x4 _build/ble.o
 .text.conn_params_error_handler
                0x0001aa20       0x1c _build/ble.o
 .text.nus_data_handler
                0x0001aa3c       0x20 _build/ble.o
 .text.ble_evt_dispatch
                0x0001aa5c       0x94 _build/ble.o
 .text.on_conn_params_evt
                0x0001aaf0       0x38 _build/ble.o
 .text.SWI1_IRQHandler
                0x0001ab28       0x10 _build/ble.o
                0x0001ab28                SWI1_IRQHandler
 .text.ble_init
                0x0001ab38      0x204 _build/ble.o
                0x0001ab38                ble_init
 .text.flash_chip_erase
                0x0001ad3c       0x9c _build/spi_flash.o
                0x0001ad3c                flash_chip_erase
 .text.spi_flash_init
                0x0001add8      0x230 _build/spi_flash.o
                0x0001add8                spi_flash_init
 .text.mpu_reset_fifo
                0x0001b008      0x15c _build/inv_mpu.o
                0x0001b008                mpu_reset_fifo
 .text.mpu_lp_accel_mode
                0x0001b164      0x1b8 _build/inv_mpu.o
                0x0001b164                mpu_lp_accel_mode
 .text.mpu_get_accel_fsr
                0x0001b31c       0x4c _build/inv_mpu.o
                0x0001b31c                mpu_get_accel_fsr
 .text.mpu_set_lpf
                0x0001b368       0x78 _build/inv_mpu.o
                0x0001b368                mpu_set_lpf
 .text.mpu_set_sample_rate
                0x0001b3e0      0x168 _build/inv_mpu.o
                0x0001b3e0                mpu_set_sample_rate
 .text.mpu_configure_fifo
                0x0001b548       0xd0 _build/inv_mpu.o
                0x0001b548                mpu_configure_fifo
 .text.mpu_set_sensors
                0x0001b618      0x140 _build/inv_mpu.o
                0x0001b618                mpu_set_sensors
 .text.mpu_init
                0x0001b758      0x1f4 _build/inv_mpu.o
                0x0001b758                mpu_init
 .text.mpu_read_fifo_stream
                0x0001b94c       0xb0 _build/inv_mpu.o
                0x0001b94c                mpu_read_fifo_stream
 .text.mpu_set_int_level
                0x0001b9fc       0x10 _build/inv_mpu.o
                0x0001b9fc                mpu_set_int_level
 .text.mpu_set_int_latched
                0x0001ba0c       0x68 _build/inv_mpu.o
                0x0001ba0c                mpu_set_int_latched
 .text.mpu_write_mem
                0x0001ba74       0x58 _build/inv_mpu.o
                0x0001ba74                mpu_write_mem
 .text.mpu_load_firmware
                0x0001bacc      0x15c _build/inv_mpu.o
                0x0001bacc                mpu_load_firmware
 .text.mpu_set_dmp_state
                0x0001bc28      0x174 _build/inv_mpu.o
                0x0001bc28                mpu_set_dmp_state
 .text.dmp_load_motion_driver_firmware
                0x0001bd9c       0x1c _build/inv_mpu_dmp_motion_driver.o
                0x0001bd9c                dmp_load_motion_driver_firmware
 .text.dmp_set_orientation
                0x0001bdb8      0x118 _build/inv_mpu_dmp_motion_driver.o
                0x0001bdb8                dmp_set_orientation
 .text.dmp_set_fifo_rate
                0x0001bed0       0x64 _build/inv_mpu_dmp_motion_driver.o
                0x0001bed0                dmp_set_fifo_rate
 .text.dmp_set_tap_thresh
                0x0001bf34      0x164 _build/inv_mpu_dmp_motion_driver.o
                0x0001bf34                dmp_set_tap_thresh
 .text.dmp_enable_feature
                0x0001c098      0x28c _build/inv_mpu_dmp_motion_driver.o
                0x0001c098                dmp_enable_feature
 .text.dmp_read_fifo
                0x0001c324      0x20c _build/inv_mpu_dmp_motion_driver.o
                0x0001c324                dmp_read_fifo
 .text.inv_orientation_matrix_to_scalar
                0x0001c530      0x11c _build/ml.o
                0x0001c530                inv_orientation_matrix_to_scalar
 .text.get_dmp_data
                0x0001c64c      0x218 _build/mpu_wrapper.o
                0x0001c64c                get_dmp_data
 .text.check_sensor_int_flag
                0x0001c864       0x20 _build/mpu_wrapper.o
                0x0001c864                check_sensor_int_flag
 .text.imu_init
                0x0001c884      0x10c _build/mpu_wrapper.o
                0x0001c884                imu_init
 .text.app_error_handler
                0x0001c990       0x40 _build/app_error.o
                0x0001c990                app_error_handler
 .text.rtc1_stop
                0x0001c9d0       0x78 _build/app_timer.o
 .text.RTC1_IRQHandler
                0x0001ca48       0xe0 _build/app_timer.o
                0x0001ca48                RTC1_IRQHandler
 .text.SWI0_IRQHandler
                0x0001cb28      0x4cc _build/app_timer.o
                0x0001cb28                SWI0_IRQHandler
 .text.app_timer_init
                0x0001cff4       0xe4 _build/app_timer.o
                0x0001cff4                app_timer_init
 .text.app_timer_create
                0x0001d0d8       0x34 _build/app_timer.o
                0x0001d0d8                app_timer_create
 .text.app_timer_start
                0x0001d10c       0xec _build/app_timer.o
                0x0001d10c                app_timer_start
 .text.app_timer_stop
                0x0001d1f8       0xc4 _build/app_timer.o
                0x0001d1f8                app_timer_stop
 .text.pstorage_access_status_get
                0x0001d2bc       0x28 _build/pstorage.o
                0x0001d2bc                pstorage_access_status_get
 .text.sd_ble_gap_address_get
                0x0001d2e4        0x4 _build/ble_advdata.o
 .text.sd_ble_gap_adv_data_set
                0x0001d2e8        0x4 _build/ble_advdata.o
 .text.sd_ble_gap_appearance_get
                0x0001d2ec        0x4 _build/ble_advdata.o
 .text.sd_ble_gap_device_name_get
                0x0001d2f0        0x4 _build/ble_advdata.o
 .text.sd_ble_uuid_encode
                0x0001d2f4        0x4 _build/ble_advdata.o
 .text.uuid_list_sized_encode
                0x0001d2f8       0xf8 _build/ble_advdata.o
 .text.adv_data_encode
                0x0001d3f0      0x5b8 _build/ble_advdata.o
                0x0001d3f0                adv_data_encode
 .text.ble_advdata_set
                0x0001d9a8       0x68 _build/ble_advdata.o
                0x0001d9a8                ble_advdata_set
 .text.sd_ble_gap_adv_start
                0x0001da10        0x4 _build/ble_advertising.o
 .text.ble_advertising_start.part.1
                0x0001da14      0x2a8 _build/ble_advertising.o
 .text.ble_advertising_init
                0x0001dcbc      0x144 _build/ble_advertising.o
                0x0001dcbc                ble_advertising_init
 .text.ble_advertising_start
                0x0001de00       0x3c _build/ble_advertising.o
                0x0001de00                ble_advertising_start
 .text.ble_advertising_on_ble_evt
                0x0001de3c       0xec _build/ble_advertising.o
                0x0001de3c                ble_advertising_on_ble_evt
 .text.sd_ble_gap_conn_param_update
                0x0001df28        0x4 _build/ble_conn_params.o
 .text.sd_ble_gap_disconnect
                0x0001df2c        0x4 _build/ble_conn_params.o
 .text.sd_ble_gap_ppcp_set
                0x0001df30        0x4 _build/ble_conn_params.o
 .text.sd_ble_gap_ppcp_get
                0x0001df34        0x4 _build/ble_conn_params.o
 .text.update_timeout_handler
                0x0001df38       0x78 _build/ble_conn_params.o
 .text.conn_params_negotiation
                0x0001dfb0       0x88 _build/ble_conn_params.o
 .text.ble_conn_params_init
                0x0001e038       0x78 _build/ble_conn_params.o
                0x0001e038                ble_conn_params_init
 .text.ble_conn_params_on_ble_evt
                0x0001e0b0       0xac _build/ble_conn_params.o
                0x0001e0b0                ble_conn_params_on_ble_evt
 .text.sd_ble_gatts_service_add
                0x0001e15c        0x4 _build/ble_nus.o
 .text.sd_ble_gatts_characteristic_add
                0x0001e160        0x4 _build/ble_nus.o
 .text.sd_ble_uuid_vs_add
                0x0001e164        0x4 _build/ble_nus.o
 .text.ble_nus_on_ble_evt
                0x0001e168       0x60 _build/ble_nus.o
                0x0001e168                ble_nus_on_ble_evt
 .text.ble_nus_init
                0x0001e1c8      0x208 _build/ble_nus.o
                0x0001e1c8                ble_nus_init
 .text.sd_nvic_EnableIRQ
                0x0001e3d0        0x4 _build/softdevice_handler.o
 .text.sd_evt_get
                0x0001e3d4        0x4 _build/softdevice_handler.o
 .text.sd_softdevice_enable
                0x0001e3d8        0x4 _build/softdevice_handler.o
 .text.sd_ble_evt_get
                0x0001e3dc        0x4 _build/softdevice_handler.o
 .text.softdevice_assertion_handler
                0x0001e3e0        0xc _build/softdevice_handler.o
                0x0001e3e0                softdevice_assertion_handler
 .text.intern_softdevice_events_execute.part.0
                0x0001e3ec       0xec _build/softdevice_handler.o
 .text.softdevice_handler_init
                0x0001e4d8       0x4c _build/softdevice_handler.o
                0x0001e4d8                softdevice_handler_init
 .text.softdevice_ble_evt_handler_set
                0x0001e524       0x14 _build/softdevice_handler.o
                0x0001e524                softdevice_ble_evt_handler_set
 .text.SWI2_IRQHandler
                0x0001e538       0x34 _build/softdevice_handler.o
                0x0001e538                SWI2_IRQHandler
 .text          0x0001e56c       0x54 _build/gcc_startup_nrf51.o
                0x0001e56c                Reset_Handler
                0x0001e5b4                NMI_Handler
                0x0001e5b6                HardFault_Handler
                0x0001e5b8                SVC_Handler
                0x0001e5ba                PendSV_Handler
                0x0001e5bc                SysTick_Handler
                0x0001e5be                RTC0_IRQHandler
                0x0001e5be                GPIOTE_IRQHandler
                0x0001e5be                POWER_CLOCK_IRQHandler
                0x0001e5be                RADIO_IRQHandler
                0x0001e5be                LPCOMP_IRQHandler
                0x0001e5be                SWI4_IRQHandler
                0x0001e5be                TEMP_IRQHandler
                0x0001e5be                QDEC_IRQHandler
                0x0001e5be                SWI5_IRQHandler
                0x0001e5be                TIMER0_IRQHandler
                0x0001e5be                ECB_IRQHandler
                0x0001e5be                Default_Handler
                0x0001e5be                SWI3_IRQHandler
                0x0001e5be                CCM_AAR_IRQHandler
                0x0001e5be                WDT_IRQHandler
                0x0001e5be                RNG_IRQHandler
                0x0001e5be                SPI1_TWI1_IRQHandler
 .text.fabs     0x0001e5c0        0x8 /home/johann/Documents/EmbeddedSystems/Quadcopter/gcc-arm-none-eabi/bin/../lib/gcc/arm-none-eabi/5.4.1/../../../../arm-none-eabi/lib/armv6-m/libm.a(lib_a-s_fabs.o)
                0x0001e5c0                fabs
 .text.asin     0x0001e5c8       0xc4 /home/johann/Documents/EmbeddedSystems/Quadcopter/gcc-arm-none-eabi/bin/../lib/gcc/arm-none-eabi/5.4.1/../../../../arm-none-eabi/lib/armv6-m/libm.a(lib_a-w_asin.o)
                0x0001e5c8                asin
 .text.atan2    0x0001e68c        0x8 /home/johann/Documents/EmbeddedSystems/Quadcopter/gcc-arm-none-eabi/bin/../lib/gcc/arm-none-eabi/5.4.1/../../../../arm-none-eabi/lib/armv6-m/libm.a(lib_a-w_atan2.o)
                0x0001e68c                atan2
 .text.__ieee754_asin
                0x0001e694      0x3cc /home/johann/Documents/EmbeddedSystems/Quadcopter/gcc-arm-none-eabi/bin/../lib/gcc/arm-none-eabi/5.4.1/../../../../arm-none-eabi/lib/armv6-m/libm.a(lib_a-e_asin.o)
                0x0001e694                __ieee754_asin
 .text.__ieee754_atan2
                0x0001ea60      0x178 /home/johann/Documents/EmbeddedSystems/Quadcopter/gcc-arm-none-eabi/bin/../lib/gcc/arm-none-eabi/5.4.1/../../../../arm-none-eabi/lib/armv6-m/libm.a(lib_a-e_atan2.o)
                0x0001ea60                __ieee754_atan2
 .text.__ieee754_sqrt
                0x0001ebd8      0x1ec /home/johann/Documents/EmbeddedSystems/Quadcopter/gcc-arm-none-eabi/bin/../lib/gcc/arm-none-eabi/5.4.1/../../../../arm-none-eabi/lib/armv6-m/libm.a(lib_a-e_sqrt.o)
                0x0001ebd8                __ieee754_sqrt
 .text.atan     0x0001edc4      0x33c /home/johann/Documents/EmbeddedSystems/Quadcopter/gcc-arm-none-eabi/bin/../lib/gcc/arm-none-eabi/5.4.1/../../../../arm-none-eabi/lib/armv6-m/libm.a(lib_a-s_atan.o)
                0x0001edc4                atan
 .text.matherr  0x0001f100        0x4 /home/johann/Documents/EmbeddedSystems/Quadcopter/gcc-arm-none-eabi/bin/../lib/gcc/arm-none-eabi/5.4.1/../../../../arm-none-eabi/lib/armv6-m/libm.a(lib_a-s_matherr.o)
                0x0001f100                matherr
 .text.nan      0x0001f104        0xc /home/johann/Documents/EmbeddedSystems/Quadcopter/gcc-arm-none-eabi/bin/../lib/gcc/arm-none-eabi/5.4.1/../../../../arm-none-eabi/lib/armv6-m/libm.a(lib_a-s_nan.o)
                0x0001f104                nan
 .text          0x0001f110      0x114 /home/johann/Documents/EmbeddedSystems/Quadcopter/gcc-arm-none-eabi/bin/../lib/gcc/arm-none-eabi/5.4.1/armv6-m/libgcc.a(_udivsi3.o)
                0x0001f110                __udivsi3
                0x0001f110                __aeabi_uidiv
                0x0001f21c                __aeabi_uidivmod
 .text          0x0001f224      0x1d4 /home/johann/Documents/EmbeddedSystems/Quadcopter/gcc-arm-none-eabi/bin/../lib/gcc/arm-none-eabi/5.4.1/armv6-m/libgcc.a(_divsi3.o)
                0x0001f224                __aeabi_idiv
                0x0001f224                __divsi3
                0x0001f3f0                __aeabi_idivmod
 .text          0x0001f3f8        0x4 /home/johann/Documents/EmbeddedSystems/Quadcopter/gcc-arm-none-eabi/bin/../lib/gcc/arm-none-eabi/5.4.1/armv6-m/libgcc.a(_dvmd_tls.o)
                0x0001f3f8                __aeabi_ldiv0
                0x0001f3f8                __aeabi_idiv0
 .text          0x0001f3fc       0x7c /home/johann/Documents/EmbeddedSystems/Quadcopter/gcc-arm-none-eabi/bin/../lib/gcc/arm-none-eabi/5.4.1/armv6-m/libgcc.a(_arm_cmpdf2.o)
                0x0001f3fc                __aeabi_cdrcmple
                0x0001f40c                __aeabi_cdcmple
                0x0001f40c                __aeabi_cdcmpeq
                0x0001f41c                __aeabi_dcmpeq
                0x0001f428                __aeabi_dcmplt
                0x0001f43c                __aeabi_dcmple
                0x0001f450                __aeabi_dcmpgt
                0x0001f464                __aeabi_dcmpge
 .text          0x0001f478       0x74 /home/johann/Documents/EmbeddedSystems/Quadcopter/gcc-arm-none-eabi/bin/../lib/gcc/arm-none-eabi/5.4.1/armv6-m/libgcc.a(_arm_cmpsf2.o)
                0x0001f478                __aeabi_cfrcmple
                0x0001f480                __aeabi_cfcmple
                0x0001f480                __aeabi_cfcmpeq
                0x0001f490                __aeabi_fcmpeq
                0x0001f49c                __aeabi_fcmplt
                0x0001f4b0                __aeabi_fcmple
                0x0001f4c4                __aeabi_fcmpgt
                0x0001f4d8                __aeabi_fcmpge
 .text          0x0001f4ec       0x58 /home/johann/Documents/EmbeddedSystems/Quadcopter/gcc-arm-none-eabi/bin/../lib/gcc/arm-none-eabi/5.4.1/armv6-m/libgcc.a(_muldi3.o)
                0x0001f4ec                __aeabi_lmul
                0x0001f4ec                __muldi3
 .text          0x0001f544       0x30 /home/johann/Documents/EmbeddedSystems/Quadcopter/gcc-arm-none-eabi/bin/../lib/gcc/arm-none-eabi/5.4.1/armv6-m/libgcc.a(_fixunssfsi.o)
                0x0001f544                __aeabi_f2uiz
                0x0001f544                __fixunssfsi
 .text          0x0001f574      0x2ec /home/johann/Documents/EmbeddedSystems/Quadcopter/gcc-arm-none-eabi/bin/../lib/gcc/arm-none-eabi/5.4.1/armv6-m/libgcc.a(addsf3.o)
                0x0001f574                __aeabi_fadd
 .text          0x0001f860      0x234 /home/johann/Documents/EmbeddedSystems/Quadcopter/gcc-arm-none-eabi/bin/../lib/gcc/arm-none-eabi/5.4.1/armv6-m/libgcc.a(divsf3.o)
                0x0001f860                __aeabi_fdiv
 .text          0x0001fa94       0x50 /home/johann/Documents/EmbeddedSystems/Quadcopter/gcc-arm-none-eabi/bin/../lib/gcc/arm-none-eabi/5.4.1/armv6-m/libgcc.a(eqsf2.o)
                0x0001fa94                __nesf2
                0x0001fa94                __eqsf2
 .text          0x0001fae4       0x88 /home/johann/Documents/EmbeddedSystems/Quadcopter/gcc-arm-none-eabi/bin/../lib/gcc/arm-none-eabi/5.4.1/armv6-m/libgcc.a(gesf2.o)
                0x0001fae4                __gtsf2
                0x0001fae4                __gesf2
 .text          0x0001fb6c       0x88 /home/johann/Documents/EmbeddedSystems/Quadcopter/gcc-arm-none-eabi/bin/../lib/gcc/arm-none-eabi/5.4.1/armv6-m/libgcc.a(lesf2.o)
                0x0001fb6c                __lesf2
                0x0001fb6c                __ltsf2
 .text          0x0001fbf4      0x228 /home/johann/Documents/EmbeddedSystems/Quadcopter/gcc-arm-none-eabi/bin/../lib/gcc/arm-none-eabi/5.4.1/armv6-m/libgcc.a(mulsf3.o)
                0x0001fbf4                __aeabi_fmul
 .text          0x0001fe1c      0x30c /home/johann/Documents/EmbeddedSystems/Quadcopter/gcc-arm-none-eabi/bin/../lib/gcc/arm-none-eabi/5.4.1/armv6-m/libgcc.a(subsf3.o)
                0x0001fe1c                __aeabi_fsub
 .text          0x00020128       0x44 /home/johann/Documents/EmbeddedSystems/Quadcopter/gcc-arm-none-eabi/bin/../lib/gcc/arm-none-eabi/5.4.1/armv6-m/libgcc.a(fixsfsi.o)
                0x00020128                __aeabi_f2iz
 .text          0x0002016c       0x90 /home/johann/Documents/EmbeddedSystems/Quadcopter/gcc-arm-none-eabi/bin/../lib/gcc/arm-none-eabi/5.4.1/armv6-m/libgcc.a(floatsisf.o)
                0x0002016c                __aeabi_i2f
 .text          0x000201fc       0x7c /home/johann/Documents/EmbeddedSystems/Quadcopter/gcc-arm-none-eabi/bin/../lib/gcc/arm-none-eabi/5.4.1/armv6-m/libgcc.a(floatunsisf.o)
                0x000201fc                __aeabi_ui2f
 .text          0x00020278      0x658 /home/johann/Documents/EmbeddedSystems/Quadcopter/gcc-arm-none-eabi/bin/../lib/gcc/arm-none-eabi/5.4.1/armv6-m/libgcc.a(adddf3.o)
                0x00020278                __aeabi_dadd
 .text          0x000208d0      0x62c /home/johann/Documents/EmbeddedSystems/Quadcopter/gcc-arm-none-eabi/bin/../lib/gcc/arm-none-eabi/5.4.1/armv6-m/libgcc.a(divdf3.o)
                0x000208d0                __aeabi_ddiv
 .text          0x00020efc       0x80 /home/johann/Documents/EmbeddedSystems/Quadcopter/gcc-arm-none-eabi/bin/../lib/gcc/arm-none-eabi/5.4.1/armv6-m/libgcc.a(eqdf2.o)
                0x00020efc                __eqdf2
                0x00020efc                __nedf2
 .text          0x00020f7c       0xc8 /home/johann/Documents/EmbeddedSystems/Quadcopter/gcc-arm-none-eabi/bin/../lib/gcc/arm-none-eabi/5.4.1/armv6-m/libgcc.a(gedf2.o)
                0x00020f7c                __gtdf2
                0x00020f7c                __gedf2
 .text          0x00021044       0xd4 /home/johann/Documents/EmbeddedSystems/Quadcopter/gcc-arm-none-eabi/bin/../lib/gcc/arm-none-eabi/5.4.1/armv6-m/libgcc.a(ledf2.o)
                0x00021044                __ltdf2
                0x00021044                __ledf2
 .text          0x00021118      0x4f4 /home/johann/Documents/EmbeddedSystems/Quadcopter/gcc-arm-none-eabi/bin/../lib/gcc/arm-none-eabi/5.4.1/armv6-m/libgcc.a(muldf3.o)
                0x00021118                __aeabi_dmul
 .text          0x0002160c      0x6a8 /home/johann/Documents/EmbeddedSystems/Quadcopter/gcc-arm-none-eabi/bin/../lib/gcc/arm-none-eabi/5.4.1/armv6-m/libgcc.a(subdf3.o)
                0x0002160c                __aeabi_dsub
 .text          0x00021cb4       0x40 /home/johann/Documents/EmbeddedSystems/Quadcopter/gcc-arm-none-eabi/bin/../lib/gcc/arm-none-eabi/5.4.1/armv6-m/libgcc.a(unorddf2.o)
                0x00021cb4                __aeabi_dcmpun
 .text          0x00021cf4       0x6c /home/johann/Documents/EmbeddedSystems/Quadcopter/gcc-arm-none-eabi/bin/../lib/gcc/arm-none-eabi/5.4.1/armv6-m/libgcc.a(fixdfsi.o)
                0x00021cf4                __aeabi_d2iz
 .text          0x00021d60       0xa8 /home/johann/Documents/EmbeddedSystems/Quadcopter/gcc-arm-none-eabi/bin/../lib/gcc/arm-none-eabi/5.4.1/armv6-m/libgcc.a(extendsfdf2.o)
                0x00021d60                __aeabi_f2d
 .text          0x00021e08       0x3c /home/johann/Documents/EmbeddedSystems/Quadcopter/gcc-arm-none-eabi/bin/../lib/gcc/arm-none-eabi/5.4.1/armv6-m/libgcc.a(_clzsi2.o)
                0x00021e08                __clzsi2
 .text.__errno  0x00021e44        0xc /home/johann/Documents/EmbeddedSystems/Quadcopter/gcc-arm-none-eabi/bin/../lib/gcc/arm-none-eabi/5.4.1/../../../../arm-none-eabi/lib/armv6-m/libc_nano.a(lib_a-errno.o)
                0x00021e44                __errno
 .text.malloc   0x00021e50       0x14 /home/johann/Documents/EmbeddedSystems/Quadcopter/gcc-arm-none-eabi/bin/../lib/gcc/arm-none-eabi/5.4.1/../../../../arm-none-eabi/lib/armv6-m/libc_nano.a(lib_a-malloc.o)
                0x00021e50                malloc
 .text.free     0x00021e64       0x14 /home/johann/Documents/EmbeddedSystems/Quadcopter/gcc-arm-none-eabi/bin/../lib/gcc/arm-none-eabi/5.4.1/../../../../arm-none-eabi/lib/armv6-m/libc_nano.a(lib_a-malloc.o)
                0x00021e64                free
 .text.memcmp   0x00021e78       0x1e /home/johann/Documents/EmbeddedSystems/Quadcopter/gcc-arm-none-eabi/bin/../lib/gcc/arm-none-eabi/5.4.1/../../../../arm-none-eabi/lib/armv6-m/libc_nano.a(lib_a-memcmp.o)
                0x00021e78                memcmp
 .text.memcpy   0x00021e96       0x12 /home/johann/Documents/EmbeddedSystems/Quadcopter/gcc-arm-none-eabi/bin/../lib/gcc/arm-none-eabi/5.4.1/../../../../arm-none-eabi/lib/armv6-m/libc_nano.a(lib_a-memcpy-stub.o)
                0x00021e96                memcpy
 .text._free_r  0x00021ea8       0x98 /home/johann/Documents/EmbeddedSystems/Quadcopter/gcc-arm-none-eabi/bin/../lib/gcc/arm-none-eabi/5.4.1/../../../../arm-none-eabi/lib/armv6-m/libc_nano.a(lib_a-nano-freer.o)
                0x00021ea8                _free_r
 .text._malloc_r
                0x00021f40       0xc0 /home/johann/Documents/EmbeddedSystems/Quadcopter/gcc-arm-none-eabi/bin/../lib/gcc/arm-none-eabi/5.4.1/../../../../arm-none-eabi/lib/armv6-m/libc_nano.a(lib_a-nano-mallocr.o)
                0x00021f40                _malloc_r
 .text.printf   0x00022000       0x34 /home/johann/Documents/EmbeddedSystems/Quadcopter/gcc-arm-none-eabi/bin/../lib/gcc/arm-none-eabi/5.4.1/../../../../arm-none-eabi/lib/armv6-m/libc_nano.a(lib_a-printf.o)
                0x00022000                printf
                0x00022000                iprintf
 .text._sbrk_r  0x00022034       0x24 /home/johann/Documents/EmbeddedSystems/Quadcopter/gcc-arm-none-eabi/bin/../lib/gcc/arm-none-eabi/5.4.1/../../../../arm-none-eabi/lib/armv6-m/libc_nano.a(lib_a-sbrkr.o)
                0x00022034                _sbrk_r
 .text.sprintf  0x00022058       0x44 /home/johann/Documents/EmbeddedSystems/Quadcopter/gcc-arm-none-eabi/bin/../lib/gcc/arm-none-eabi/5.4.1/../../../../arm-none-eabi/lib/armv6-m/libc_nano.a(lib_a-sprintf.o)
                0x00022058                sprintf
                0x00022058                siprintf
 .text          0x0002209c        0xe /home/johann/Documents/EmbeddedSystems/Quadcopter/gcc-arm-none-eabi/bin/../lib/gcc/arm-none-eabi/5.4.1/../../../../arm-none-eabi/lib/armv6-m/libc_nano.a(lib_a-strlen.o)
                0x0002209c                strlen
 *fill*         0x000220aa        0x2 
 .text._cleanup_r
                0x000220ac       0x10 /home/johann/Documents/EmbeddedSystems/Quadcopter/gcc-arm-none-eabi/bin/../lib/gcc/arm-none-eabi/5.4.1/../../../../arm-none-eabi/lib/armv6-m/libc_nano.a(lib_a-findfp.o)
                0x000220ac                _cleanup_r
 .text.std.isra.0
                0x000220bc       0x48 /home/johann/Documents/EmbeddedSystems/Quadcopter/gcc-arm-none-eabi/bin/../lib/gcc/arm-none-eabi/5.4.1/../../../../arm-none-eabi/lib/armv6-m/libc_nano.a(lib_a-findfp.o)
 .text.__sfmoreglue
                0x00022104       0x2c /home/johann/Documents/EmbeddedSystems/Quadcopter/gcc-arm-none-eabi/bin/../lib/gcc/arm-none-eabi/5.4.1/../../../../arm-none-eabi/lib/armv6-m/libc_nano.a(lib_a-findfp.o)
                0x00022104                __sfmoreglue
 .text.__sinit  0x00022130       0x68 /home/johann/Documents/EmbeddedSystems/Quadcopter/gcc-arm-none-eabi/bin/../lib/gcc/arm-none-eabi/5.4.1/../../../../arm-none-eabi/lib/armv6-m/libc_nano.a(lib_a-findfp.o)
                0x00022130                __sinit
 .text.__sfp    0x00022198       0x7c /home/johann/Documents/EmbeddedSystems/Quadcopter/gcc-arm-none-eabi/bin/../lib/gcc/arm-none-eabi/5.4.1/../../../../arm-none-eabi/lib/armv6-m/libc_nano.a(lib_a-findfp.o)
                0x00022198                __sfp
 .text._fwalk_reent
                0x00022214       0x42 /home/johann/Documents/EmbeddedSystems/Quadcopter/gcc-arm-none-eabi/bin/../lib/gcc/arm-none-eabi/5.4.1/../../../../arm-none-eabi/lib/armv6-m/libc_nano.a(lib_a-fwalk.o)
                0x00022214                _fwalk_reent
 .text.__malloc_lock
                0x00022256        0x2 /home/johann/Documents/EmbeddedSystems/Quadcopter/gcc-arm-none-eabi/bin/../lib/gcc/arm-none-eabi/5.4.1/../../../../arm-none-eabi/lib/armv6-m/libc_nano.a(lib_a-mlock.o)
                0x00022256                __malloc_lock
 .text.__malloc_unlock
                0x00022258        0x2 /home/johann/Documents/EmbeddedSystems/Quadcopter/gcc-arm-none-eabi/bin/../lib/gcc/arm-none-eabi/5.4.1/../../../../arm-none-eabi/lib/armv6-m/libc_nano.a(lib_a-mlock.o)
                0x00022258                __malloc_unlock
 *fill*         0x0002225a        0x2 
 .text.__ssputs_r
                0x0002225c       0xc4 /home/johann/Documents/EmbeddedSystems/Quadcopter/gcc-arm-none-eabi/bin/../lib/gcc/arm-none-eabi/5.4.1/../../../../arm-none-eabi/lib/armv6-m/libc_nano.a(lib_a-nano-svfprintf.o)
                0x0002225c                __ssputs_r
 .text._svfprintf_r
                0x00022320      0x1fc /home/johann/Documents/EmbeddedSystems/Quadcopter/gcc-arm-none-eabi/bin/../lib/gcc/arm-none-eabi/5.4.1/../../../../arm-none-eabi/lib/armv6-m/libc_nano.a(lib_a-nano-svfprintf.o)
                0x00022320                _svfprintf_r
                0x00022320                _svfiprintf_r
 .text.__sfputc_r
                0x0002251c       0x2a /home/johann/Documents/EmbeddedSystems/Quadcopter/gcc-arm-none-eabi/bin/../lib/gcc/arm-none-eabi/5.4.1/../../../../arm-none-eabi/lib/armv6-m/libc_nano.a(lib_a-nano-vfprintf.o)
 .text.__sfputs_r
                0x00022546       0x24 /home/johann/Documents/EmbeddedSystems/Quadcopter/gcc-arm-none-eabi/bin/../lib/gcc/arm-none-eabi/5.4.1/../../../../arm-none-eabi/lib/armv6-m/libc_nano.a(lib_a-nano-vfprintf.o)
                0x00022546                __sfputs_r
 *fill*         0x0002256a        0x2 
 .text._vfprintf_r
                0x0002256c      0x238 /home/johann/Documents/EmbeddedSystems/Quadcopter/gcc-arm-none-eabi/bin/../lib/gcc/arm-none-eabi/5.4.1/../../../../arm-none-eabi/lib/armv6-m/libc_nano.a(lib_a-nano-vfprintf.o)
                0x0002256c                _vfiprintf_r
                0x0002256c                _vfprintf_r
 .text._printf_common
                0x000227a4       0xdc /home/johann/Documents/EmbeddedSystems/Quadcopter/gcc-arm-none-eabi/bin/../lib/gcc/arm-none-eabi/5.4.1/../../../../arm-none-eabi/lib/armv6-m/libc_nano.a(lib_a-nano-vfprintf_i.o)
                0x000227a4                _printf_common
 .text._printf_i
                0x00022880      0x244 /home/johann/Documents/EmbeddedSystems/Quadcopter/gcc-arm-none-eabi/bin/../lib/gcc/arm-none-eabi/5.4.1/../../../../arm-none-eabi/lib/armv6-m/libc_nano.a(lib_a-nano-vfprintf_i.o)
                0x00022880                _printf_i
 .text.__sread  0x00022ac4       0x28 /home/johann/Documents/EmbeddedSystems/Quadcopter/gcc-arm-none-eabi/bin/../lib/gcc/arm-none-eabi/5.4.1/../../../../arm-none-eabi/lib/armv6-m/libc_nano.a(lib_a-stdio.o)
                0x00022ac4                __sread
 .text.__swrite
                0x00022aec       0x38 /home/johann/Documents/EmbeddedSystems/Quadcopter/gcc-arm-none-eabi/bin/../lib/gcc/arm-none-eabi/5.4.1/../../../../arm-none-eabi/lib/armv6-m/libc_nano.a(lib_a-stdio.o)
                0x00022aec                __swrite
 .text.__sseek  0x00022b24       0x2c /home/johann/Documents/EmbeddedSystems/Quadcopter/gcc-arm-none-eabi/bin/../lib/gcc/arm-none-eabi/5.4.1/../../../../arm-none-eabi/lib/armv6-m/libc_nano.a(lib_a-stdio.o)
                0x00022b24                __sseek
 .text.__sclose
                0x00022b50        0xc /home/johann/Documents/EmbeddedSystems/Quadcopter/gcc-arm-none-eabi/bin/../lib/gcc/arm-none-eabi/5.4.1/../../../../arm-none-eabi/lib/armv6-m/libc_nano.a(lib_a-stdio.o)
                0x00022b50                __sclose
 .text.__swbuf_r
                0x00022b5c       0xb0 /home/johann/Documents/EmbeddedSystems/Quadcopter/gcc-arm-none-eabi/bin/../lib/gcc/arm-none-eabi/5.4.1/../../../../arm-none-eabi/lib/armv6-m/libc_nano.a(lib_a-wbuf.o)
                0x00022b5c                __swbuf_r
 .text._write_r
                0x00022c0c       0x28 /home/johann/Documents/EmbeddedSystems/Quadcopter/gcc-arm-none-eabi/bin/../lib/gcc/arm-none-eabi/5.4.1/../../../../arm-none-eabi/lib/armv6-m/libc_nano.a(lib_a-writer.o)
                0x00022c0c                _write_r
 .text.__swsetup_r
                0x00022c34       0xec /home/johann/Documents/EmbeddedSystems/Quadcopter/gcc-arm-none-eabi/bin/../lib/gcc/arm-none-eabi/5.4.1/../../../../arm-none-eabi/lib/armv6-m/libc_nano.a(lib_a-wsetup.o)
                0x00022c34                __swsetup_r
 .text._close_r
                0x00022d20       0x24 /home/johann/Documents/EmbeddedSystems/Quadcopter/gcc-arm-none-eabi/bin/../lib/gcc/arm-none-eabi/5.4.1/../../../../arm-none-eabi/lib/armv6-m/libc_nano.a(lib_a-closer.o)
                0x00022d20                _close_r
 .text.__sflush_r
                0x00022d44      0x10c /home/johann/Documents/EmbeddedSystems/Quadcopter/gcc-arm-none-eabi/bin/../lib/gcc/arm-none-eabi/5.4.1/../../../../arm-none-eabi/lib/armv6-m/libc_nano.a(lib_a-fflush.o)
                0x00022d44                __sflush_r
 .text._fflush_r
                0x00022e50       0x58 /home/johann/Documents/EmbeddedSystems/Quadcopter/gcc-arm-none-eabi/bin/../lib/gcc/arm-none-eabi/5.4.1/../../../../arm-none-eabi/lib/armv6-m/libc_nano.a(lib_a-fflush.o)
                0x00022e50                _fflush_r
 .text._lseek_r
                0x00022ea8       0x28 /home/johann/Documents/EmbeddedSystems/Quadcopter/gcc-arm-none-eabi/bin/../lib/gcc/arm-none-eabi/5.4.1/../../../../arm-none-eabi/lib/armv6-m/libc_nano.a(lib_a-lseekr.o)
                0x00022ea8                _lseek_r
 .text.__swhatbuf_r
                0x00022ed0       0x4c /home/johann/Documents/EmbeddedSystems/Quadcopter/gcc-arm-none-eabi/bin/../lib/gcc/arm-none-eabi/5.4.1/../../../../arm-none-eabi/lib/armv6-m/libc_nano.a(lib_a-makebuf.o)
                0x00022ed0                __swhatbuf_r
 .text.__smakebuf_r
                0x00022f1c       0x7c /home/johann/Documents/EmbeddedSystems/Quadcopter/gcc-arm-none-eabi/bin/../lib/gcc/arm-none-eabi/5.4.1/../../../../arm-none-eabi/lib/armv6-m/libc_nano.a(lib_a-makebuf.o)
                0x00022f1c                __smakebuf_r
 .text.memchr   0x00022f98       0x16 /home/johann/Documents/EmbeddedSystems/Quadcopter/gcc-arm-none-eabi/bin/../lib/gcc/arm-none-eabi/5.4.1/../../../../arm-none-eabi/lib/armv6-m/libc_nano.a(lib_a-memchr-stub.o)
                0x00022f98                memchr
 .text.memmove  0x00022fae       0x2a /home/johann/Documents/EmbeddedSystems/Quadcopter/gcc-arm-none-eabi/bin/../lib/gcc/arm-none-eabi/5.4.1/../../../../arm-none-eabi/lib/armv6-m/libc_nano.a(lib_a-memmove.o)
                0x00022fae                memmove
 .text._realloc_r
                0x00022fd8       0x4c /home/johann/Documents/EmbeddedSystems/Quadcopter/gcc-arm-none-eabi/bin/../lib/gcc/arm-none-eabi/5.4.1/../../../../arm-none-eabi/lib/armv6-m/libc_nano.a(lib_a-nano-reallocr.o)
                0x00022fd8                _realloc_r
 .text._read_r  0x00023024       0x28 /home/johann/Documents/EmbeddedSystems/Quadcopter/gcc-arm-none-eabi/bin/../lib/gcc/arm-none-eabi/5.4.1/../../../../arm-none-eabi/lib/armv6-m/libc_nano.a(lib_a-readr.o)
                0x00023024                _read_r
 .text._fstat_r
                0x0002304c       0x24 /home/johann/Documents/EmbeddedSystems/Quadcopter/gcc-arm-none-eabi/bin/../lib/gcc/arm-none-eabi/5.4.1/../../../../arm-none-eabi/lib/armv6-m/libc_nano.a(lib_a-fstatr.o)
                0x0002304c                _fstat_r
 .text._isatty_r
                0x00023070       0x24 /home/johann/Documents/EmbeddedSystems/Quadcopter/gcc-arm-none-eabi/bin/../lib/gcc/arm-none-eabi/5.4.1/../../../../arm-none-eabi/lib/armv6-m/libc_nano.a(lib_a-isattyr.o)
                0x00023070                _isatty_r
 .text._malloc_usable_size_r
                0x00023094       0x16 /home/johann/Documents/EmbeddedSystems/Quadcopter/gcc-arm-none-eabi/bin/../lib/gcc/arm-none-eabi/5.4.1/../../../../arm-none-eabi/lib/armv6-m/libc_nano.a(lib_a-nano-msizer.o)
                0x00023094                _malloc_usable_size_r
 *fill*         0x000230aa        0x2 
 .text._close   0x000230ac       0x10 /home/johann/Documents/EmbeddedSystems/Quadcopter/gcc-arm-none-eabi/bin/../lib/gcc/arm-none-eabi/5.4.1/../../../../arm-none-eabi/lib/armv6-m/libnosys.a(close.o)
                0x000230ac                _close
 .text._fstat   0x000230bc       0x10 /home/johann/Documents/EmbeddedSystems/Quadcopter/gcc-arm-none-eabi/bin/../lib/gcc/arm-none-eabi/5.4.1/../../../../arm-none-eabi/lib/armv6-m/libnosys.a(fstat.o)
                0x000230bc                _fstat
 .text._isatty  0x000230cc       0x10 /home/johann/Documents/EmbeddedSystems/Quadcopter/gcc-arm-none-eabi/bin/../lib/gcc/arm-none-eabi/5.4.1/../../../../arm-none-eabi/lib/armv6-m/libnosys.a(isatty.o)
                0x000230cc                _isatty
 .text._lseek   0x000230dc       0x10 /home/johann/Documents/EmbeddedSystems/Quadcopter/gcc-arm-none-eabi/bin/../lib/gcc/arm-none-eabi/5.4.1/../../../../arm-none-eabi/lib/armv6-m/libnosys.a(lseek.o)
                0x000230dc                _lseek
 .text._read    0x000230ec       0x10 /home/johann/Documents/EmbeddedSystems/Quadcopter/gcc-arm-none-eabi/bin/../lib/gcc/arm-none-eabi/5.4.1/../../../../arm-none-eabi/lib/armv6-m/libnosys.a(read.o)
                0x000230ec                _read
 .text._sbrk    0x000230fc       0x1c /home/johann/Documents/EmbeddedSystems/Quadcopter/gcc-arm-none-eabi/bin/../lib/gcc/arm-none-eabi/5.4.1/../../../../arm-none-eabi/lib/armv6-m/libnosys.a(sbrk.o)
                0x000230fc                _sbrk
 *(.init)
 .init          0x00023118        0x4 /home/johann/Documents/EmbeddedSystems/Quadcopter/gcc-arm-none-eabi/bin/../lib/gcc/arm-none-eabi/5.4.1/armv6-m/crti.o
                0x00023118                _init
 .init          0x0002311c        0x8 /home/johann/Documents/EmbeddedSystems/Quadcopter/gcc-arm-none-eabi/bin/../lib/gcc/arm-none-eabi/5.4.1/armv6-m/crtn.o
 *(.fini)
 .fini          0x00023124        0x4 /home/johann/Documents/EmbeddedSystems/Quadcopter/gcc-arm-none-eabi/bin/../lib/gcc/arm-none-eabi/5.4.1/armv6-m/crti.o
                0x00023124                _fini
 .fini          0x00023128        0x8 /home/johann/Documents/EmbeddedSystems/Quadcopter/gcc-arm-none-eabi/bin/../lib/gcc/arm-none-eabi/5.4.1/armv6-m/crtn.o
 *crtbegin.o(.ctors)
 *crtbegin?.o(.ctors)
 *(EXCLUDE_FILE(*crtend.o *crtend?.o) .ctors)
 *(SORT(.ctors.*))
 *(.ctors)
 *crtbegin.o(.dtors)
 *crtbegin?.o(.dtors)
 *(EXCLUDE_FILE(*crtend.o *crtend?.o) .dtors)
 *(SORT(.dtors.*))
 *(.dtors)
 *(.rodata*)
 .rodata.str1.1
                0x00023130        0x2 /home/johann/Documents/EmbeddedSystems/Quadcopter/gcc-arm-none-eabi/bin/../lib/gcc/arm-none-eabi/5.4.1/../../../../arm-none-eabi/lib/armv6-m/libc_nano.a(lib_a-impure.o)
 *fill*         0x00023132        0x2 
 .rodata._global_impure_ptr
                0x00023134        0x4 /home/johann/Documents/EmbeddedSystems/Quadcopter/gcc-arm-none-eabi/bin/../lib/gcc/arm-none-eabi/5.4.1/../../../../arm-none-eabi/lib/armv6-m/libc_nano.a(lib_a-impure.o)
                0x00023134                _global_impure_ptr
 .rodata.determine_mode
                0x00023138       0x28 _build/in4073.o
 .rodata.process_mode
                0x00023160       0x28 _build/in4073.o
 .rodata.str1.4
                0x00023188       0xe6 _build/in4073.o
 *fill*         0x0002326e        0x2 
 .rodata.str1.4
                0x00023270       0xe2 _build/control.o
 *fill*         0x00023352        0x2 
 .rodata.get_sensor
                0x00023354       0x2c _build/sensors.o
 .rodata.crclut
                0x00023380      0x100 _build/crc.o
                0x00023380                crclut
 .rodata.decode_header_pc_uav
                0x00023480       0x20 _build/packet.o
 .rodata.encode
                0x000234a0       0x1c _build/packet_uav.o
 .rodata.str1.4
                0x000234bc       0x71 _build/packet_uav.o
 *fill*         0x0002352d        0x3 
 .rodata.str1.4
                0x00023530      0x259 _build/logging.o
 *fill*         0x00023789        0x3 
 .rodata.quadrupel_timer.7149
                0x0002378c        0x4 _build/timers.o
 .rodata.str1.4
                0x00023790       0x11 _build/uart.o
 *fill*         0x000237a1        0x3 
 .rodata.str1.4
                0x000237a4       0x38 _build/twi.o
 .rodata.str1.4
                0x000237dc       0x12 _build/ble.o
 *fill*         0x000237ee        0x2 
 .rodata.test   0x000237f0       0x28 _build/inv_mpu.o
                0x000237f0                test
 .rodata.str1.4
                0x00023818       0xa6 _build/inv_mpu.o
 *fill*         0x000238be        0x2 
 .rodata.hw     0x000238c0        0xc _build/inv_mpu.o
                0x000238c0                hw
 .rodata.reg    0x000238cc       0x1e _build/inv_mpu.o
                0x000238cc                reg
 *fill*         0x000238ea        0x2 
 .rodata        0x000238ec       0x4b _build/inv_mpu_dmp_motion_driver.o
 *fill*         0x00023937        0x1 
 .rodata.dmp_memory
                0x00023938      0xbf6 _build/inv_mpu_dmp_motion_driver.o
 *fill*         0x0002452e        0x2 
 .rodata.str1.4
                0x00024530      0x12a _build/mpu_wrapper.o
 *fill*         0x0002465a        0x2 
 .rodata.str1.4
                0x0002465c       0x27 _build/app_error.o
 *fill*         0x00024683        0x1 
 .rodata.m_conn_params_timer_id
                0x00024684        0x4 _build/ble_conn_params.o
 .rodata        0x00024688       0x10 _build/ble_nus.o
 .rodata.str1.4
                0x00024698        0x8 /home/johann/Documents/EmbeddedSystems/Quadcopter/gcc-arm-none-eabi/bin/../lib/gcc/arm-none-eabi/5.4.1/../../../../arm-none-eabi/lib/armv6-m/libm.a(lib_a-w_asin.o)
                                  0x9 (size before relaxing)
 .rodata.atanlo
                0x000246a0       0x20 /home/johann/Documents/EmbeddedSystems/Quadcopter/gcc-arm-none-eabi/bin/../lib/gcc/arm-none-eabi/5.4.1/../../../../arm-none-eabi/lib/armv6-m/libm.a(lib_a-s_atan.o)
 .rodata.atanhi
                0x000246c0       0x20 /home/johann/Documents/EmbeddedSystems/Quadcopter/gcc-arm-none-eabi/bin/../lib/gcc/arm-none-eabi/5.4.1/../../../../arm-none-eabi/lib/armv6-m/libm.a(lib_a-s_atan.o)
 .rodata        0x000246e0       0x80 /home/johann/Documents/EmbeddedSystems/Quadcopter/gcc-arm-none-eabi/bin/../lib/gcc/arm-none-eabi/5.4.1/armv6-m/libgcc.a(divsf3.o)
 .rodata        0x00024760       0x40 /home/johann/Documents/EmbeddedSystems/Quadcopter/gcc-arm-none-eabi/bin/../lib/gcc/arm-none-eabi/5.4.1/armv6-m/libgcc.a(mulsf3.o)
 .rodata        0x000247a0       0x40 /home/johann/Documents/EmbeddedSystems/Quadcopter/gcc-arm-none-eabi/bin/../lib/gcc/arm-none-eabi/5.4.1/armv6-m/libgcc.a(divdf3.o)
 .rodata        0x000247e0       0x40 /home/johann/Documents/EmbeddedSystems/Quadcopter/gcc-arm-none-eabi/bin/../lib/gcc/arm-none-eabi/5.4.1/armv6-m/libgcc.a(muldf3.o)
 .rodata.__sf_fake_stdin
                0x00024820       0x20 /home/johann/Documents/EmbeddedSystems/Quadcopter/gcc-arm-none-eabi/bin/../lib/gcc/arm-none-eabi/5.4.1/../../../../arm-none-eabi/lib/armv6-m/libc_nano.a(lib_a-findfp.o)
                0x00024820                __sf_fake_stdin
 .rodata.__sf_fake_stdout
                0x00024840       0x20 /home/johann/Documents/EmbeddedSystems/Quadcopter/gcc-arm-none-eabi/bin/../lib/gcc/arm-none-eabi/5.4.1/../../../../arm-none-eabi/lib/armv6-m/libc_nano.a(lib_a-findfp.o)
                0x00024840                __sf_fake_stdout
 .rodata.__sf_fake_stderr
                0x00024860       0x20 /home/johann/Documents/EmbeddedSystems/Quadcopter/gcc-arm-none-eabi/bin/../lib/gcc/arm-none-eabi/5.4.1/../../../../arm-none-eabi/lib/armv6-m/libc_nano.a(lib_a-findfp.o)
                0x00024860                __sf_fake_stderr
 .rodata.str1.1
                0x00024880       0x11 /home/johann/Documents/EmbeddedSystems/Quadcopter/gcc-arm-none-eabi/bin/../lib/gcc/arm-none-eabi/5.4.1/../../../../arm-none-eabi/lib/armv6-m/libc_nano.a(lib_a-nano-svfprintf.o)
 .rodata.str1.1
                0x00024891       0x11 /home/johann/Documents/EmbeddedSystems/Quadcopter/gcc-arm-none-eabi/bin/../lib/gcc/arm-none-eabi/5.4.1/../../../../arm-none-eabi/lib/armv6-m/libc_nano.a(lib_a-nano-vfprintf.o)
 .rodata.str1.1
                0x00024891       0x22 /home/johann/Documents/EmbeddedSystems/Quadcopter/gcc-arm-none-eabi/bin/../lib/gcc/arm-none-eabi/5.4.1/../../../../arm-none-eabi/lib/armv6-m/libc_nano.a(lib_a-nano-vfprintf_i.o)
 *(.eh_frame*)
 *fill*         0x000248b3        0x1 
 .eh_frame      0x000248b4        0x0 /home/johann/Documents/EmbeddedSystems/Quadcopter/gcc-arm-none-eabi/bin/../lib/gcc/arm-none-eabi/5.4.1/armv6-m/crtbegin.o
                0x000248b4                . = ALIGN (0x4)

.glue_7         0x000248b4        0x0
 .glue_7        0x000248b4        0x0 linker stubs

.glue_7t        0x000248b4        0x0
 .glue_7t       0x000248b4        0x0 linker stubs

.vfp11_veneer   0x000248b4        0x0
 .vfp11_veneer  0x000248b4        0x0 linker stubs

.v4_bx          0x000248b4        0x0
 .v4_bx         0x000248b4        0x0 linker stubs

.iplt           0x000248b4        0x0
 .iplt          0x000248b4        0x0 /home/johann/Documents/EmbeddedSystems/Quadcopter/gcc-arm-none-eabi/bin/../lib/gcc/arm-none-eabi/5.4.1/armv6-m/crtbegin.o

.ARM.extab      0x000248b4        0x0
 *(.ARM.extab* .gnu.linkonce.armextab.*)
                0x000248b4                . = ALIGN (0x4)
                0x000248b4                __exidx_start = .

.ARM.exidx      0x000248b4        0x8
 *(.ARM.exidx* .gnu.linkonce.armexidx.*)
 .ARM.exidx     0x000248b4        0x8 /home/johann/Documents/EmbeddedSystems/Quadcopter/gcc-arm-none-eabi/bin/../lib/gcc/arm-none-eabi/5.4.1/../../../../arm-none-eabi/lib/armv6-m/crt0.o
 .ARM.exidx     0x000248bc        0x0 _build/gcc_startup_nrf51.o
                                  0x8 (size before relaxing)
                0x000248bc                . = ALIGN (0x4)
                0x000248bc                __exidx_end = .
                0x000248bc                __etext = .

.rel.dyn        0x000248bc        0x0
 .rel.iplt      0x000248bc        0x0 /home/johann/Documents/EmbeddedSystems/Quadcopter/gcc-arm-none-eabi/bin/../lib/gcc/arm-none-eabi/5.4.1/armv6-m/crtbegin.o

.data           0x20002000       0xb4 load address 0x000248bc
                0x20002000                __data_start__ = .
 *(vtable)
 *(.data*)
 .data.impure_data
                0x20002000       0x60 /home/johann/Documents/EmbeddedSystems/Quadcopter/gcc-arm-none-eabi/bin/../lib/gcc/arm-none-eabi/5.4.1/../../../../arm-none-eabi/lib/armv6-m/libc_nano.a(lib_a-impure.o)
 .data._impure_ptr
                0x20002060        0x4 /home/johann/Documents/EmbeddedSystems/Quadcopter/gcc-arm-none-eabi/bin/../lib/gcc/arm-none-eabi/5.4.1/../../../../arm-none-eabi/lib/armv6-m/libc_nano.a(lib_a-impure.o)
                0x20002060                _impure_ptr
 .data.txd_available
                0x20002064        0x1 _build/uart.o
                0x20002064                txd_available
 *fill*         0x20002065        0x3 
 .data.m_adv_uuids
                0x20002068        0x4 _build/ble.o
 .data.m_conn_handle
                0x2000206c        0x2 _build/ble.o
 *fill*         0x2000206e        0x2 
 .data.st       0x20002070       0x2c _build/inv_mpu.o
 .data.gyro_orientation.7069
                0x2000209c        0x9 _build/mpu_wrapper.o
 *fill*         0x200020a5        0x1 
 .data.current_slave_link_conn_handle.7275
                0x200020a6        0x2 _build/ble_advertising.o
 .data.__fdlib_version
                0x200020a8        0x1 /home/johann/Documents/EmbeddedSystems/Quadcopter/gcc-arm-none-eabi/bin/../lib/gcc/arm-none-eabi/5.4.1/../../../../arm-none-eabi/lib/armv6-m/libm.a(lib_a-s_lib_ver.o)
                0x200020a8                __fdlib_version
                0x200020ac                . = ALIGN (0x4)
 *fill*         0x200020a9        0x3 
                0x200020ac                PROVIDE (__preinit_array_start, .)
 *(.preinit_array)
                0x200020ac                PROVIDE (__preinit_array_end, .)
                0x200020ac                . = ALIGN (0x4)
                0x200020ac                PROVIDE (__init_array_start, .)
 *(SORT(.init_array.*))
 *(.init_array)
 .init_array    0x200020ac        0x4 /home/johann/Documents/EmbeddedSystems/Quadcopter/gcc-arm-none-eabi/bin/../lib/gcc/arm-none-eabi/5.4.1/armv6-m/crtbegin.o
                0x200020b0                PROVIDE (__init_array_end, .)
                0x200020b0                . = ALIGN (0x4)
                [!provide]                PROVIDE (__fini_array_start, .)
 *(SORT(.fini_array.*))
 *(.fini_array)
 .fini_array    0x200020b0        0x4 /home/johann/Documents/EmbeddedSystems/Quadcopter/gcc-arm-none-eabi/bin/../lib/gcc/arm-none-eabi/5.4.1/armv6-m/crtbegin.o
                [!provide]                PROVIDE (__fini_array_end, .)
 *(.jcr)
 .jcr           0x200020b4        0x0 /home/johann/Documents/EmbeddedSystems/Quadcopter/gcc-arm-none-eabi/bin/../lib/gcc/arm-none-eabi/5.4.1/armv6-m/crtbegin.o
                0x200020b4                . = ALIGN (0x4)
                0x200020b4                __data_end__ = .

.igot.plt       0x200020b4        0x0 load address 0x00024970
 .igot.plt      0x200020b4        0x0 /home/johann/Documents/EmbeddedSystems/Quadcopter/gcc-arm-none-eabi/bin/../lib/gcc/arm-none-eabi/5.4.1/armv6-m/crtbegin.o

.bss            0x200020b4      0xa78 load address 0x00024970
                0x200020b4                . = ALIGN (0x4)
                0x200020b4                __bss_start__ = .
 *(.bss*)
 .bss           0x200020b4       0x1c /home/johann/Documents/EmbeddedSystems/Quadcopter/gcc-arm-none-eabi/bin/../lib/gcc/arm-none-eabi/5.4.1/armv6-m/crtbegin.o
 .bss.prev_height_rate.7622
                0x200020d0        0x2 _build/control.o
 *fill*         0x200020d2        0x2 
 .bss.avg_pressure.7627
                0x200020d4        0x4 _build/control.o
 .bss.height_counter.7613
                0x200020d8        0x1 _build/control.o
 .bss.outer_counter
                0x200020d9        0x1 _build/control.o
                0x200020d9                outer_counter
 .bss.calibration_flag
                0x200020da        0x1 _build/sensors.o
                0x200020da                calibration_flag
 *fill*         0x200020db        0x1 
 .bss.dcsaz     0x200020dc        0x2 _build/sensors.o
                0x200020dc                dcsaz
 .bss.dcsax     0x200020de        0x2 _build/sensors.o
                0x200020de                dcsax
 .bss.dcsay     0x200020e0        0x2 _build/sensors.o
                0x200020e0                dcsay
 .bss.dcsp      0x200020e2        0x2 _build/sensors.o
                0x200020e2                dcsp
 .bss.dcsq      0x200020e4        0x2 _build/sensors.o
                0x200020e4                dcsq
 .bss.dcsr      0x200020e6        0x2 _build/sensors.o
                0x200020e6                dcsr
 .bss.dcphi     0x200020e8        0x2 _build/sensors.o
                0x200020e8                dcphi
 .bss.dcpsi     0x200020ea        0x2 _build/sensors.o
                0x200020ea                dcpsi
 .bss.dcbaro    0x200020ec        0x4 _build/sensors.o
                0x200020ec                dcbaro
 .bss.dctheta   0x200020f0        0x2 _build/sensors.o
                0x200020f0                dctheta
 *fill*         0x200020f2        0x2 
 .bss.xpsi.3852
                0x200020f4        0xc _build/filters.o
 .bss.yphi.3849
                0x20002100        0xc _build/filters.o
 .bss.ypsi.3853
                0x2000210c        0xc _build/filters.o
 .bss.xphi.3848
                0x20002118        0xc _build/filters.o
 .bss.xtheta.3850
                0x20002124        0xc _build/filters.o
 .bss.ytheta.3851
                0x20002130        0xc _build/filters.o
 .bss.no_read_count
                0x2000213c        0x1 _build/packet_uav.o
                0x2000213c                no_read_count
 .bss.discard_count
                0x2000213d        0x1 _build/packet_uav.o
                0x2000213d                discard_count
 *fill*         0x2000213e        0x2 
 .bss.last_received_message.7334
                0x20002140        0x4 _build/packet_uav.o
 .bss.logNum    0x20002144        0x2 _build/logging.o
 *fill*         0x20002146        0x2 
 .bss.nextAddress
                0x20002148        0x4 _build/logging.o
 .bss.shortLogging
                0x2000214c        0x1 _build/logging.o
 *fill*         0x2000214d        0x3 
 .bss.APP_TIMER_BUF.7145
                0x20002150      0x1c8 _build/timers.o
 .bss.quadrupel_timer_data.7148
                0x20002318       0x20 _build/timers.o
 .bss.sent      0x20002338        0x1 _build/twi.o
 .bss.read      0x20002339        0x1 _build/twi.o
 .bss.loop_count
                0x2000233a        0x1 _build/baro.o
 *fill*         0x2000233b        0x1 
 .bss.data.7062
                0x2000233c        0x2 _build/baro.o
 *fill*         0x2000233e        0x2 
 .bss.prom      0x20002340       0x10 _build/baro.o
 .bss.data      0x20002350        0x3 _build/baro.o
 *fill*         0x20002353        0x1 
 .bss.initTime  0x20002354        0x4 _build/baro.o
                0x20002354                initTime
 .bss.BLE_EVT_BUFFER.8993
                0x20002358       0x48 _build/ble.o
 .bss.m_nus     0x200023a0       0x1c _build/ble.o
 .bss.spi_config_table
                0x200023bc        0xc _build/spi_flash.o
 .bss.SPI       0x200023c8        0x4 _build/spi_flash.o
 .bss.dmp       0x200023cc       0x10 _build/inv_mpu_dmp_motion_driver.o
 .bss.m_ticks_latest
                0x200023dc        0x4 _build/app_timer.o
 .bss.mp_timer_id_head
                0x200023e0        0x4 _build/app_timer.o
 .bss.m_evt_schedule_func
                0x200023e4        0x4 _build/app_timer.o
 .bss.m_user_array_size
                0x200023e8        0x1 _build/app_timer.o
 *fill*         0x200023e9        0x3 
 .bss.mp_users  0x200023ec        0x4 _build/app_timer.o
 .bss.m_ticks_elapsed_q_read_ind
                0x200023f0        0x1 _build/app_timer.o
 .bss.m_ticks_elapsed_q_write_ind
                0x200023f1        0x1 _build/app_timer.o
 .bss.m_rtc1_reset
                0x200023f2        0x1 _build/app_timer.o
 *fill*         0x200023f3        0x1 
 .bss.m_ticks_elapsed
                0x200023f4        0x8 _build/app_timer.o
 .bss.m_rtc1_running
                0x200023fc        0x1 _build/app_timer.o
 *fill*         0x200023fd        0x3 
 .bss.m_cmd_queue
                0x20002400       0xcc _build/pstorage.o
 .bss.m_flags   0x200024cc        0x4 _build/pstorage.o
 .bss.m_advdata
                0x200024d0       0x38 _build/ble_advertising.o
 .bss.m_manuf_specific_data
                0x20002508        0xc _build/ble_advertising.o
 .bss.m_evt_handler
                0x20002514        0x4 _build/ble_advertising.o
 .bss.m_advertising_start_pending
                0x20002518        0x1 _build/ble_advertising.o
 *fill*         0x20002519        0x3 
 .bss.m_manuf_data_array
                0x2000251c       0x1f _build/ble_advertising.o
 .bss.m_whitelist_temporarily_disabled
                0x2000253b        0x1 _build/ble_advertising.o
 .bss.m_error_handler
                0x2000253c        0x4 _build/ble_advertising.o
 .bss.m_peer_address
                0x20002540        0x7 _build/ble_advertising.o
 *fill*         0x20002547        0x1 
 .bss.m_adv_modes_config
                0x20002548       0x24 _build/ble_advertising.o
 .bss.mp_whitelist_addr
                0x2000256c       0x20 _build/ble_advertising.o
 .bss.m_tx_power_level
                0x2000258c        0x1 _build/ble_advertising.o
 *fill*         0x2000258d        0x3 
 .bss.m_whitelist
                0x20002590       0x10 _build/ble_advertising.o
 .bss.m_service_data_array
                0x200025a0       0x1f _build/ble_advertising.o
 .bss.m_whitelist_reply_expected
                0x200025bf        0x1 _build/ble_advertising.o
 .bss.mp_whitelist_irk
                0x200025c0       0x20 _build/ble_advertising.o
 .bss.m_adv_mode_current
                0x200025e0        0x1 _build/ble_advertising.o
 .bss.m_peer_addr_reply_expected
                0x200025e1        0x1 _build/ble_advertising.o
 *fill*         0x200025e2        0x2 
 .bss.m_slave_conn_int
                0x200025e4        0x4 _build/ble_advertising.o
 .bss.m_service_data
                0x200025e8        0xc _build/ble_advertising.o
 .bss.m_adv_evt
                0x200025f4        0x1 _build/ble_advertising.o
 .bss.m_change_param
                0x200025f5        0x1 _build/ble_conn_params.o
 *fill*         0x200025f6        0x2 
 .bss.m_current_conn_params
                0x200025f8        0x8 _build/ble_conn_params.o
 .bss.m_update_count
                0x20002600        0x1 _build/ble_conn_params.o
 *fill*         0x20002601        0x3 
 .bss.m_conn_params_config
                0x20002604       0x1c _build/ble_conn_params.o
 .bss.m_conn_params_timer_id_data
                0x20002620       0x20 _build/ble_conn_params.o
 .bss.m_conn_handle
                0x20002640        0x2 _build/ble_conn_params.o
 *fill*         0x20002642        0x2 
 .bss.m_preferred_conn_params
                0x20002644        0x8 _build/ble_conn_params.o
 .bss.m_softdevice_enabled
                0x2000264c        0x1 _build/softdevice_handler.o
 *fill*         0x2000264d        0x1 
 .bss.m_ble_evt_buffer_size
                0x2000264e        0x2 _build/softdevice_handler.o
 .bss.mp_ble_evt_buffer
                0x20002650        0x4 _build/softdevice_handler.o
 .bss.m_sys_evt_handler
                0x20002654        0x4 _build/softdevice_handler.o
 .bss.m_ble_evt_handler
                0x20002658        0x4 _build/softdevice_handler.o
 .bss.m_evt_schedule_func
                0x2000265c        0x4 _build/softdevice_handler.o
 .bss.__malloc_sbrk_start
                0x20002660        0x4 /home/johann/Documents/EmbeddedSystems/Quadcopter/gcc-arm-none-eabi/bin/../lib/gcc/arm-none-eabi/5.4.1/../../../../arm-none-eabi/lib/armv6-m/libc_nano.a(lib_a-nano-mallocr.o)
                0x20002660                __malloc_sbrk_start
 .bss.__malloc_free_list
                0x20002664        0x4 /home/johann/Documents/EmbeddedSystems/Quadcopter/gcc-arm-none-eabi/bin/../lib/gcc/arm-none-eabi/5.4.1/../../../../arm-none-eabi/lib/armv6-m/libc_nano.a(lib_a-nano-mallocr.o)
                0x20002664                __malloc_free_list
 .bss.heap_end.4167
                0x20002668        0x4 /home/johann/Documents/EmbeddedSystems/Quadcopter/gcc-arm-none-eabi/bin/../lib/gcc/arm-none-eabi/5.4.1/../../../../arm-none-eabi/lib/armv6-m/libnosys.a(sbrk.o)
 *(COMMON)
 COMMON         0x2000266c      0x481 _build/in4073.o
                0x2000266c                yaw_parameter
                0x2000266e                say
                0x20002670                b
                0x20002672                psi
                0x20002674                sensor_fifo_count
                0x20002675                P1
                0x20002676                saz
                0x20002678                height_mode_flag
                0x2000267c                logCore
                0x20002680                rx_queue
                0x20002786                current_mode
                0x20002788                phi
                0x2000278a                P2
                0x2000278b                prev_mode
                0x2000278c                temperature
                0x20002790                psi_s
                0x20002792                new_lift
                0x20002794                theta
                0x20002798                pressure
                0x2000279c                exit_mode_flag
                0x2000279d                mode
                0x2000279e                dcpsi_s
                0x200027a0                tx_queue
                0x200028a6                sax
                0x200028a8                lift
                0x200028a9                P4
                0x200028aa                sq
                0x200028ac                yaw_error
                0x200028ae                bat_volt
                0x200028b0                printf_data
                0x200028b4                P3
                0x200028b8                ble_rx_queue
                0x200029be                d
                0x200029c0                sp
                0x200029c2                safe_flag
                0x200029c3                radio_active
                0x200029c4                motor
                0x200029cc                yaw
                0x200029d0                last_correct_checksum_time
                0x200029d4                prev_lift
                0x200029d6                pitch
                0x200029d7                roll
                0x200029d8                ble_tx_queue
                0x20002ae0                ae
                0x20002ae8                sr
                0x20002aea                height_lift_flag
                0x20002aeb                demo_done
                0x20002aec                P
 *fill*         0x20002aed        0x3 
 COMMON         0x20002af0       0x28 _build/control.o
                0x20002af0                roll_overflow
                0x20002af2                yaw_rate
                0x20002af4                pitch_act
                0x20002af8                height_s
                0x20002afc                yaw_overflow
                0x20002afe                yaw_prev
                0x20002b00                yaw_act
                0x20002b02                pitch_rate_d
                0x20002b04                roll_act
                0x20002b06                height_overflow
                0x20002b08                height_act
                0x20002b0a                yaw_s
                0x20002b0c                height_rate_d
                0x20002b0e                roll_rate_d
                0x20002b10                pitch_overflow
                0x20002b14                height_d
 COMMON         0x20002b18        0x5 _build/timers.o
                0x20002b18                global_time
                0x20002b1c                timer_flag
 *fill*         0x20002b1d        0x3 
 COMMON         0x20002b20        0x8 _build/baro.o
                0x20002b20                D2
                0x20002b24                D1
 COMMON         0x20002b28        0x4 /home/johann/Documents/EmbeddedSystems/Quadcopter/gcc-arm-none-eabi/bin/../lib/gcc/arm-none-eabi/5.4.1/../../../../arm-none-eabi/lib/armv6-m/libc_nano.a(lib_a-reent.o)
                0x20002b28                errno
                0x20002b2c                . = ALIGN (0x4)
                0x20002b2c                __bss_end__ = .

.heap           0x20002b30      0x800
                0x20002b30                __end__ = .
                0x20002b30                end = __end__
 *(.heap*)
 .heap          0x20002b30      0x800 _build/gcc_startup_nrf51.o
                0x20002b30                __HeapBase
                0x20003330                __HeapLimit = .

.stack_dummy    0x20002b30      0x800
 *(.stack*)
 .stack         0x20002b30      0x800 _build/gcc_startup_nrf51.o
                0x20004000                __StackTop = (ORIGIN (RAM) + LENGTH (RAM))
                0x20003800                __StackLimit = (__StackTop - SIZEOF (.stack_dummy))
                0x20004000                PROVIDE (__stack, __StackTop)
                0x00000001                ASSERT ((__StackLimit >= __HeapLimit), region RAM overflowed with stack)
OUTPUT(_build/in4073.out elf32-littlearm)

.ARM.attributes
                0x00000000       0x28
 .ARM.attributes
                0x00000000       0x1e /home/johann/Documents/EmbeddedSystems/Quadcopter/gcc-arm-none-eabi/bin/../lib/gcc/arm-none-eabi/5.4.1/armv6-m/crti.o
 .ARM.attributes
                0x0000001e       0x2c /home/johann/Documents/EmbeddedSystems/Quadcopter/gcc-arm-none-eabi/bin/../lib/gcc/arm-none-eabi/5.4.1/armv6-m/crtbegin.o
 .ARM.attributes
                0x0000004a       0x1b /home/johann/Documents/EmbeddedSystems/Quadcopter/gcc-arm-none-eabi/bin/../lib/gcc/arm-none-eabi/5.4.1/../../../../arm-none-eabi/lib/armv6-m/crt0.o
 .ARM.attributes
                0x00000065       0x2c /home/johann/Documents/EmbeddedSystems/Quadcopter/gcc-arm-none-eabi/bin/../lib/gcc/arm-none-eabi/5.4.1/../../../../arm-none-eabi/lib/armv6-m/libc_nano.a(lib_a-exit.o)
 .ARM.attributes
                0x00000091       0x2c /home/johann/Documents/EmbeddedSystems/Quadcopter/gcc-arm-none-eabi/bin/../lib/gcc/arm-none-eabi/5.4.1/../../../../arm-none-eabi/lib/armv6-m/libc_nano.a(lib_a-impure.o)
 .ARM.attributes
                0x000000bd       0x2c /home/johann/Documents/EmbeddedSystems/Quadcopter/gcc-arm-none-eabi/bin/../lib/gcc/arm-none-eabi/5.4.1/../../../../arm-none-eabi/lib/armv6-m/libc_nano.a(lib_a-init.o)
 .ARM.attributes
                0x000000e9       0x2c /home/johann/Documents/EmbeddedSystems/Quadcopter/gcc-arm-none-eabi/bin/../lib/gcc/arm-none-eabi/5.4.1/../../../../arm-none-eabi/lib/armv6-m/libc_nano.a(lib_a-memset.o)
 .ARM.attributes
                0x00000115       0x2c /home/johann/Documents/EmbeddedSystems/Quadcopter/gcc-arm-none-eabi/bin/../lib/gcc/arm-none-eabi/5.4.1/../../../../arm-none-eabi/lib/armv6-m/libnosys.a(_exit.o)
 .ARM.attributes
                0x00000141       0x31 _build/system_nrf51.o
 .ARM.attributes
                0x00000172       0x31 _build/nrf_delay.o
 .ARM.attributes
                0x000001a3       0x31 _build/in4073.o
 .ARM.attributes
                0x000001d4       0x31 _build/control.o
 .ARM.attributes
                0x00000205       0x31 _build/sensors.o
 .ARM.attributes
                0x00000236       0x31 _build/filters.o
 .ARM.attributes
                0x00000267       0x31 _build/fixedp.o
 .ARM.attributes
                0x00000298       0x31 _build/crc.o
 .ARM.attributes
                0x000002c9       0x31 _build/packet.o
 .ARM.attributes
                0x000002fa       0x31 _build/packet_uav.o
 .ARM.attributes
                0x0000032b       0x31 _build/logging.o
 .ARM.attributes
                0x0000035c       0x31 _build/gpio.o
 .ARM.attributes
                0x0000038d       0x31 _build/timers.o
 .ARM.attributes
                0x000003be       0x31 _build/uart.o
 .ARM.attributes
                0x000003ef       0x31 _build/queue.o
 .ARM.attributes
                0x00000420       0x31 _build/twi.o
 .ARM.attributes
                0x00000451       0x31 _build/adc.o
 .ARM.attributes
                0x00000482       0x31 _build/baro.o
 .ARM.attributes
                0x000004b3       0x31 _build/ble.o
 .ARM.attributes
                0x000004e4       0x31 _build/spi_flash.o
 .ARM.attributes
                0x00000515       0x31 _build/inv_mpu.o
 .ARM.attributes
                0x00000546       0x31 _build/inv_mpu_dmp_motion_driver.o
 .ARM.attributes
                0x00000577       0x31 _build/ml.o
 .ARM.attributes
                0x000005a8       0x31 _build/mpu_wrapper.o
 .ARM.attributes
                0x000005d9       0x31 _build/app_error.o
 .ARM.attributes
                0x0000060a       0x31 _build/app_timer.o
 .ARM.attributes
                0x0000063b       0x31 _build/pstorage.o
 .ARM.attributes
                0x0000066c       0x31 _build/ble_advdata.o
 .ARM.attributes
                0x0000069d       0x31 _build/ble_advertising.o
 .ARM.attributes
                0x000006ce       0x31 _build/ble_conn_params.o
 .ARM.attributes
                0x000006ff       0x31 _build/ble_nus.o
 .ARM.attributes
                0x00000730       0x31 _build/softdevice_handler.o
 .ARM.attributes
                0x00000761       0x1b _build/gcc_startup_nrf51.o
 .ARM.attributes
                0x0000077c       0x2c /home/johann/Documents/EmbeddedSystems/Quadcopter/gcc-arm-none-eabi/bin/../lib/gcc/arm-none-eabi/5.4.1/../../../../arm-none-eabi/lib/armv6-m/libm.a(lib_a-s_fabs.o)
 .ARM.attributes
                0x000007a8       0x2c /home/johann/Documents/EmbeddedSystems/Quadcopter/gcc-arm-none-eabi/bin/../lib/gcc/arm-none-eabi/5.4.1/../../../../arm-none-eabi/lib/armv6-m/libm.a(lib_a-w_asin.o)
 .ARM.attributes
                0x000007d4       0x2c /home/johann/Documents/EmbeddedSystems/Quadcopter/gcc-arm-none-eabi/bin/../lib/gcc/arm-none-eabi/5.4.1/../../../../arm-none-eabi/lib/armv6-m/libm.a(lib_a-w_atan2.o)
 .ARM.attributes
                0x00000800       0x2c /home/johann/Documents/EmbeddedSystems/Quadcopter/gcc-arm-none-eabi/bin/../lib/gcc/arm-none-eabi/5.4.1/../../../../arm-none-eabi/lib/armv6-m/libm.a(lib_a-e_asin.o)
 .ARM.attributes
                0x0000082c       0x2c /home/johann/Documents/EmbeddedSystems/Quadcopter/gcc-arm-none-eabi/bin/../lib/gcc/arm-none-eabi/5.4.1/../../../../arm-none-eabi/lib/armv6-m/libm.a(lib_a-e_atan2.o)
 .ARM.attributes
                0x00000858       0x2c /home/johann/Documents/EmbeddedSystems/Quadcopter/gcc-arm-none-eabi/bin/../lib/gcc/arm-none-eabi/5.4.1/../../../../arm-none-eabi/lib/armv6-m/libm.a(lib_a-e_sqrt.o)
 .ARM.attributes
                0x00000884       0x2c /home/johann/Documents/EmbeddedSystems/Quadcopter/gcc-arm-none-eabi/bin/../lib/gcc/arm-none-eabi/5.4.1/../../../../arm-none-eabi/lib/armv6-m/libm.a(lib_a-s_atan.o)
 .ARM.attributes
                0x000008b0       0x2c /home/johann/Documents/EmbeddedSystems/Quadcopter/gcc-arm-none-eabi/bin/../lib/gcc/arm-none-eabi/5.4.1/../../../../arm-none-eabi/lib/armv6-m/libm.a(lib_a-s_lib_ver.o)
 .ARM.attributes
                0x000008dc       0x2c /home/johann/Documents/EmbeddedSystems/Quadcopter/gcc-arm-none-eabi/bin/../lib/gcc/arm-none-eabi/5.4.1/../../../../arm-none-eabi/lib/armv6-m/libm.a(lib_a-s_matherr.o)
 .ARM.attributes
                0x00000908       0x2c /home/johann/Documents/EmbeddedSystems/Quadcopter/gcc-arm-none-eabi/bin/../lib/gcc/arm-none-eabi/5.4.1/../../../../arm-none-eabi/lib/armv6-m/libm.a(lib_a-s_nan.o)
 .ARM.attributes
                0x00000934       0x1e /home/johann/Documents/EmbeddedSystems/Quadcopter/gcc-arm-none-eabi/bin/../lib/gcc/arm-none-eabi/5.4.1/armv6-m/libgcc.a(_udivsi3.o)
 .ARM.attributes
                0x00000952       0x1e /home/johann/Documents/EmbeddedSystems/Quadcopter/gcc-arm-none-eabi/bin/../lib/gcc/arm-none-eabi/5.4.1/armv6-m/libgcc.a(_divsi3.o)
 .ARM.attributes
                0x00000970       0x1e /home/johann/Documents/EmbeddedSystems/Quadcopter/gcc-arm-none-eabi/bin/../lib/gcc/arm-none-eabi/5.4.1/armv6-m/libgcc.a(_dvmd_tls.o)
 .ARM.attributes
                0x0000098e       0x1e /home/johann/Documents/EmbeddedSystems/Quadcopter/gcc-arm-none-eabi/bin/../lib/gcc/arm-none-eabi/5.4.1/armv6-m/libgcc.a(_arm_cmpdf2.o)
 .ARM.attributes
                0x000009ac       0x1e /home/johann/Documents/EmbeddedSystems/Quadcopter/gcc-arm-none-eabi/bin/../lib/gcc/arm-none-eabi/5.4.1/armv6-m/libgcc.a(_arm_cmpsf2.o)
 .ARM.attributes
                0x000009ca       0x2c /home/johann/Documents/EmbeddedSystems/Quadcopter/gcc-arm-none-eabi/bin/../lib/gcc/arm-none-eabi/5.4.1/armv6-m/libgcc.a(_muldi3.o)
 .ARM.attributes
                0x000009f6       0x2c /home/johann/Documents/EmbeddedSystems/Quadcopter/gcc-arm-none-eabi/bin/../lib/gcc/arm-none-eabi/5.4.1/armv6-m/libgcc.a(_fixunssfsi.o)
 .ARM.attributes
                0x00000a22       0x2c /home/johann/Documents/EmbeddedSystems/Quadcopter/gcc-arm-none-eabi/bin/../lib/gcc/arm-none-eabi/5.4.1/armv6-m/libgcc.a(addsf3.o)
 .ARM.attributes
                0x00000a4e       0x2c /home/johann/Documents/EmbeddedSystems/Quadcopter/gcc-arm-none-eabi/bin/../lib/gcc/arm-none-eabi/5.4.1/armv6-m/libgcc.a(divsf3.o)
 .ARM.attributes
                0x00000a7a       0x2c /home/johann/Documents/EmbeddedSystems/Quadcopter/gcc-arm-none-eabi/bin/../lib/gcc/arm-none-eabi/5.4.1/armv6-m/libgcc.a(eqsf2.o)
 .ARM.attributes
                0x00000aa6       0x2c /home/johann/Documents/EmbeddedSystems/Quadcopter/gcc-arm-none-eabi/bin/../lib/gcc/arm-none-eabi/5.4.1/armv6-m/libgcc.a(gesf2.o)
 .ARM.attributes
                0x00000ad2       0x2c /home/johann/Documents/EmbeddedSystems/Quadcopter/gcc-arm-none-eabi/bin/../lib/gcc/arm-none-eabi/5.4.1/armv6-m/libgcc.a(lesf2.o)
 .ARM.attributes
                0x00000afe       0x2c /home/johann/Documents/EmbeddedSystems/Quadcopter/gcc-arm-none-eabi/bin/../lib/gcc/arm-none-eabi/5.4.1/armv6-m/libgcc.a(mulsf3.o)
 .ARM.attributes
                0x00000b2a       0x2c /home/johann/Documents/EmbeddedSystems/Quadcopter/gcc-arm-none-eabi/bin/../lib/gcc/arm-none-eabi/5.4.1/armv6-m/libgcc.a(subsf3.o)
 .ARM.attributes
                0x00000b56       0x2c /home/johann/Documents/EmbeddedSystems/Quadcopter/gcc-arm-none-eabi/bin/../lib/gcc/arm-none-eabi/5.4.1/armv6-m/libgcc.a(fixsfsi.o)
 .ARM.attributes
                0x00000b82       0x2c /home/johann/Documents/EmbeddedSystems/Quadcopter/gcc-arm-none-eabi/bin/../lib/gcc/arm-none-eabi/5.4.1/armv6-m/libgcc.a(floatsisf.o)
 .ARM.attributes
                0x00000bae       0x2c /home/johann/Documents/EmbeddedSystems/Quadcopter/gcc-arm-none-eabi/bin/../lib/gcc/arm-none-eabi/5.4.1/armv6-m/libgcc.a(floatunsisf.o)
 .ARM.attributes
                0x00000bda       0x2c /home/johann/Documents/EmbeddedSystems/Quadcopter/gcc-arm-none-eabi/bin/../lib/gcc/arm-none-eabi/5.4.1/armv6-m/libgcc.a(adddf3.o)
 .ARM.attributes
                0x00000c06       0x2c /home/johann/Documents/EmbeddedSystems/Quadcopter/gcc-arm-none-eabi/bin/../lib/gcc/arm-none-eabi/5.4.1/armv6-m/libgcc.a(divdf3.o)
 .ARM.attributes
                0x00000c32       0x2c /home/johann/Documents/EmbeddedSystems/Quadcopter/gcc-arm-none-eabi/bin/../lib/gcc/arm-none-eabi/5.4.1/armv6-m/libgcc.a(eqdf2.o)
 .ARM.attributes
                0x00000c5e       0x2c /home/johann/Documents/EmbeddedSystems/Quadcopter/gcc-arm-none-eabi/bin/../lib/gcc/arm-none-eabi/5.4.1/armv6-m/libgcc.a(gedf2.o)
 .ARM.attributes
                0x00000c8a       0x2c /home/johann/Documents/EmbeddedSystems/Quadcopter/gcc-arm-none-eabi/bin/../lib/gcc/arm-none-eabi/5.4.1/armv6-m/libgcc.a(ledf2.o)
 .ARM.attributes
                0x00000cb6       0x2c /home/johann/Documents/EmbeddedSystems/Quadcopter/gcc-arm-none-eabi/bin/../lib/gcc/arm-none-eabi/5.4.1/armv6-m/libgcc.a(muldf3.o)
 .ARM.attributes
                0x00000ce2       0x2c /home/johann/Documents/EmbeddedSystems/Quadcopter/gcc-arm-none-eabi/bin/../lib/gcc/arm-none-eabi/5.4.1/armv6-m/libgcc.a(subdf3.o)
 .ARM.attributes
                0x00000d0e       0x2c /home/johann/Documents/EmbeddedSystems/Quadcopter/gcc-arm-none-eabi/bin/../lib/gcc/arm-none-eabi/5.4.1/armv6-m/libgcc.a(unorddf2.o)
 .ARM.attributes
                0x00000d3a       0x2c /home/johann/Documents/EmbeddedSystems/Quadcopter/gcc-arm-none-eabi/bin/../lib/gcc/arm-none-eabi/5.4.1/armv6-m/libgcc.a(fixdfsi.o)
 .ARM.attributes
                0x00000d66       0x2c /home/johann/Documents/EmbeddedSystems/Quadcopter/gcc-arm-none-eabi/bin/../lib/gcc/arm-none-eabi/5.4.1/armv6-m/libgcc.a(extendsfdf2.o)
 .ARM.attributes
                0x00000d92       0x1e /home/johann/Documents/EmbeddedSystems/Quadcopter/gcc-arm-none-eabi/bin/../lib/gcc/arm-none-eabi/5.4.1/armv6-m/libgcc.a(_clzsi2.o)
 .ARM.attributes
                0x00000db0       0x2c /home/johann/Documents/EmbeddedSystems/Quadcopter/gcc-arm-none-eabi/bin/../lib/gcc/arm-none-eabi/5.4.1/../../../../arm-none-eabi/lib/armv6-m/libc_nano.a(lib_a-errno.o)
 .ARM.attributes
                0x00000ddc       0x2c /home/johann/Documents/EmbeddedSystems/Quadcopter/gcc-arm-none-eabi/bin/../lib/gcc/arm-none-eabi/5.4.1/../../../../arm-none-eabi/lib/armv6-m/libc_nano.a(lib_a-malloc.o)
 .ARM.attributes
                0x00000e08       0x2c /home/johann/Documents/EmbeddedSystems/Quadcopter/gcc-arm-none-eabi/bin/../lib/gcc/arm-none-eabi/5.4.1/../../../../arm-none-eabi/lib/armv6-m/libc_nano.a(lib_a-memcmp.o)
 .ARM.attributes
                0x00000e34       0x2c /home/johann/Documents/EmbeddedSystems/Quadcopter/gcc-arm-none-eabi/bin/../lib/gcc/arm-none-eabi/5.4.1/../../../../arm-none-eabi/lib/armv6-m/libc_nano.a(lib_a-memcpy-stub.o)
 .ARM.attributes
                0x00000e60       0x2c /home/johann/Documents/EmbeddedSystems/Quadcopter/gcc-arm-none-eabi/bin/../lib/gcc/arm-none-eabi/5.4.1/../../../../arm-none-eabi/lib/armv6-m/libc_nano.a(lib_a-nano-freer.o)
 .ARM.attributes
                0x00000e8c       0x2c /home/johann/Documents/EmbeddedSystems/Quadcopter/gcc-arm-none-eabi/bin/../lib/gcc/arm-none-eabi/5.4.1/../../../../arm-none-eabi/lib/armv6-m/libc_nano.a(lib_a-nano-mallocr.o)
 .ARM.attributes
                0x00000eb8       0x2c /home/johann/Documents/EmbeddedSystems/Quadcopter/gcc-arm-none-eabi/bin/../lib/gcc/arm-none-eabi/5.4.1/../../../../arm-none-eabi/lib/armv6-m/libc_nano.a(lib_a-printf.o)
 .ARM.attributes
                0x00000ee4       0x2c /home/johann/Documents/EmbeddedSystems/Quadcopter/gcc-arm-none-eabi/bin/../lib/gcc/arm-none-eabi/5.4.1/../../../../arm-none-eabi/lib/armv6-m/libc_nano.a(lib_a-sbrkr.o)
 .ARM.attributes
                0x00000f10       0x2c /home/johann/Documents/EmbeddedSystems/Quadcopter/gcc-arm-none-eabi/bin/../lib/gcc/arm-none-eabi/5.4.1/../../../../arm-none-eabi/lib/armv6-m/libc_nano.a(lib_a-sprintf.o)
 .ARM.attributes
                0x00000f3c       0x1c /home/johann/Documents/EmbeddedSystems/Quadcopter/gcc-arm-none-eabi/bin/../lib/gcc/arm-none-eabi/5.4.1/../../../../arm-none-eabi/lib/armv6-m/libc_nano.a(lib_a-strlen.o)
 .ARM.attributes
                0x00000f58       0x2c /home/johann/Documents/EmbeddedSystems/Quadcopter/gcc-arm-none-eabi/bin/../lib/gcc/arm-none-eabi/5.4.1/../../../../arm-none-eabi/lib/armv6-m/libc_nano.a(lib_a-findfp.o)
 .ARM.attributes
                0x00000f84       0x2c /home/johann/Documents/EmbeddedSystems/Quadcopter/gcc-arm-none-eabi/bin/../lib/gcc/arm-none-eabi/5.4.1/../../../../arm-none-eabi/lib/armv6-m/libc_nano.a(lib_a-fwalk.o)
 .ARM.attributes
                0x00000fb0       0x2c /home/johann/Documents/EmbeddedSystems/Quadcopter/gcc-arm-none-eabi/bin/../lib/gcc/arm-none-eabi/5.4.1/../../../../arm-none-eabi/lib/armv6-m/libc_nano.a(lib_a-mlock.o)
 .ARM.attributes
                0x00000fdc       0x2c /home/johann/Documents/EmbeddedSystems/Quadcopter/gcc-arm-none-eabi/bin/../lib/gcc/arm-none-eabi/5.4.1/../../../../arm-none-eabi/lib/armv6-m/libc_nano.a(lib_a-nano-svfprintf.o)
 .ARM.attributes
                0x00001008       0x2c /home/johann/Documents/EmbeddedSystems/Quadcopter/gcc-arm-none-eabi/bin/../lib/gcc/arm-none-eabi/5.4.1/../../../../arm-none-eabi/lib/armv6-m/libc_nano.a(lib_a-nano-vfprintf.o)
 .ARM.attributes
                0x00001034       0x2c /home/johann/Documents/EmbeddedSystems/Quadcopter/gcc-arm-none-eabi/bin/../lib/gcc/arm-none-eabi/5.4.1/../../../../arm-none-eabi/lib/armv6-m/libc_nano.a(lib_a-nano-vfprintf_i.o)
 .ARM.attributes
                0x00001060       0x2c /home/johann/Documents/EmbeddedSystems/Quadcopter/gcc-arm-none-eabi/bin/../lib/gcc/arm-none-eabi/5.4.1/../../../../arm-none-eabi/lib/armv6-m/libc_nano.a(lib_a-reent.o)
 .ARM.attributes
                0x0000108c       0x2c /home/johann/Documents/EmbeddedSystems/Quadcopter/gcc-arm-none-eabi/bin/../lib/gcc/arm-none-eabi/5.4.1/../../../../arm-none-eabi/lib/armv6-m/libc_nano.a(lib_a-stdio.o)
 .ARM.attributes
                0x000010b8       0x2c /home/johann/Documents/EmbeddedSystems/Quadcopter/gcc-arm-none-eabi/bin/../lib/gcc/arm-none-eabi/5.4.1/../../../../arm-none-eabi/lib/armv6-m/libc_nano.a(lib_a-wbuf.o)
 .ARM.attributes
                0x000010e4       0x2c /home/johann/Documents/EmbeddedSystems/Quadcopter/gcc-arm-none-eabi/bin/../lib/gcc/arm-none-eabi/5.4.1/../../../../arm-none-eabi/lib/armv6-m/libc_nano.a(lib_a-writer.o)
 .ARM.attributes
                0x00001110       0x2c /home/johann/Documents/EmbeddedSystems/Quadcopter/gcc-arm-none-eabi/bin/../lib/gcc/arm-none-eabi/5.4.1/../../../../arm-none-eabi/lib/armv6-m/libc_nano.a(lib_a-wsetup.o)
 .ARM.attributes
                0x0000113c       0x2c /home/johann/Documents/EmbeddedSystems/Quadcopter/gcc-arm-none-eabi/bin/../lib/gcc/arm-none-eabi/5.4.1/../../../../arm-none-eabi/lib/armv6-m/libc_nano.a(lib_a-closer.o)
 .ARM.attributes
                0x00001168       0x2c /home/johann/Documents/EmbeddedSystems/Quadcopter/gcc-arm-none-eabi/bin/../lib/gcc/arm-none-eabi/5.4.1/../../../../arm-none-eabi/lib/armv6-m/libc_nano.a(lib_a-fflush.o)
 .ARM.attributes
                0x00001194       0x2c /home/johann/Documents/EmbeddedSystems/Quadcopter/gcc-arm-none-eabi/bin/../lib/gcc/arm-none-eabi/5.4.1/../../../../arm-none-eabi/lib/armv6-m/libc_nano.a(lib_a-lseekr.o)
 .ARM.attributes
                0x000011c0       0x2c /home/johann/Documents/EmbeddedSystems/Quadcopter/gcc-arm-none-eabi/bin/../lib/gcc/arm-none-eabi/5.4.1/../../../../arm-none-eabi/lib/armv6-m/libc_nano.a(lib_a-makebuf.o)
 .ARM.attributes
                0x000011ec       0x2c /home/johann/Documents/EmbeddedSystems/Quadcopter/gcc-arm-none-eabi/bin/../lib/gcc/arm-none-eabi/5.4.1/../../../../arm-none-eabi/lib/armv6-m/libc_nano.a(lib_a-memchr-stub.o)
 .ARM.attributes
                0x00001218       0x2c /home/johann/Documents/EmbeddedSystems/Quadcopter/gcc-arm-none-eabi/bin/../lib/gcc/arm-none-eabi/5.4.1/../../../../arm-none-eabi/lib/armv6-m/libc_nano.a(lib_a-memmove.o)
 .ARM.attributes
                0x00001244       0x2c /home/johann/Documents/EmbeddedSystems/Quadcopter/gcc-arm-none-eabi/bin/../lib/gcc/arm-none-eabi/5.4.1/../../../../arm-none-eabi/lib/armv6-m/libc_nano.a(lib_a-nano-reallocr.o)
 .ARM.attributes
                0x00001270       0x2c /home/johann/Documents/EmbeddedSystems/Quadcopter/gcc-arm-none-eabi/bin/../lib/gcc/arm-none-eabi/5.4.1/../../../../arm-none-eabi/lib/armv6-m/libc_nano.a(lib_a-readr.o)
 .ARM.attributes
                0x0000129c       0x2c /home/johann/Documents/EmbeddedSystems/Quadcopter/gcc-arm-none-eabi/bin/../lib/gcc/arm-none-eabi/5.4.1/../../../../arm-none-eabi/lib/armv6-m/libc_nano.a(lib_a-fstatr.o)
 .ARM.attributes
                0x000012c8       0x2c /home/johann/Documents/EmbeddedSystems/Quadcopter/gcc-arm-none-eabi/bin/../lib/gcc/arm-none-eabi/5.4.1/../../../../arm-none-eabi/lib/armv6-m/libc_nano.a(lib_a-isattyr.o)
 .ARM.attributes
                0x000012f4       0x2c /home/johann/Documents/EmbeddedSystems/Quadcopter/gcc-arm-none-eabi/bin/../lib/gcc/arm-none-eabi/5.4.1/../../../../arm-none-eabi/lib/armv6-m/libc_nano.a(lib_a-nano-msizer.o)
 .ARM.attributes
                0x00001320       0x1e /home/johann/Documents/EmbeddedSystems/Quadcopter/gcc-arm-none-eabi/bin/../lib/gcc/arm-none-eabi/5.4.1/armv6-m/crtn.o
 .ARM.attributes
                0x0000133e       0x2c /home/johann/Documents/EmbeddedSystems/Quadcopter/gcc-arm-none-eabi/bin/../lib/gcc/arm-none-eabi/5.4.1/../../../../arm-none-eabi/lib/armv6-m/libnosys.a(close.o)
 .ARM.attributes
                0x0000136a       0x2c /home/johann/Documents/EmbeddedSystems/Quadcopter/gcc-arm-none-eabi/bin/../lib/gcc/arm-none-eabi/5.4.1/../../../../arm-none-eabi/lib/armv6-m/libnosys.a(fstat.o)
 .ARM.attributes
                0x00001396       0x2c /home/johann/Documents/EmbeddedSystems/Quadcopter/gcc-arm-none-eabi/bin/../lib/gcc/arm-none-eabi/5.4.1/../../../../arm-none-eabi/lib/armv6-m/libnosys.a(isatty.o)
 .ARM.attributes
                0x000013c2       0x2c /home/johann/Documents/EmbeddedSystems/Quadcopter/gcc-arm-none-eabi/bin/../lib/gcc/arm-none-eabi/5.4.1/../../../../arm-none-eabi/lib/armv6-m/libnosys.a(lseek.o)
 .ARM.attributes
                0x000013ee       0x2c /home/johann/Documents/EmbeddedSystems/Quadcopter/gcc-arm-none-eabi/bin/../lib/gcc/arm-none-eabi/5.4.1/../../../../arm-none-eabi/lib/armv6-m/libnosys.a(read.o)
 .ARM.attributes