Archive member included to satisfy reference by file (symbol)

/media/ishu/Data/MS/Quarter5/ERTS/lab/Quadcopter/gcc-arm-none-eabi/bin/../lib/gcc/arm-none-eabi/5.4.1/../../../../arm-none-eabi/lib/armv6-m/libc_nano.a(lib_a-exit.o)
                              /media/ishu/Data/MS/Quarter5/ERTS/lab/Quadcopter/gcc-arm-none-eabi/bin/../lib/gcc/arm-none-eabi/5.4.1/../../../../arm-none-eabi/lib/armv6-m/crt0.o (exit)
/media/ishu/Data/MS/Quarter5/ERTS/lab/Quadcopter/gcc-arm-none-eabi/bin/../lib/gcc/arm-none-eabi/5.4.1/../../../../arm-none-eabi/lib/armv6-m/libc_nano.a(lib_a-impure.o)
                              /media/ishu/Data/MS/Quarter5/ERTS/lab/Quadcopter/gcc-arm-none-eabi/bin/../lib/gcc/arm-none-eabi/5.4.1/../../../../arm-none-eabi/lib/armv6-m/libc_nano.a(lib_a-exit.o) (_global_impure_ptr)
/media/ishu/Data/MS/Quarter5/ERTS/lab/Quadcopter/gcc-arm-none-eabi/bin/../lib/gcc/arm-none-eabi/5.4.1/../../../../arm-none-eabi/lib/armv6-m/libc_nano.a(lib_a-init.o)
                              /media/ishu/Data/MS/Quarter5/ERTS/lab/Quadcopter/gcc-arm-none-eabi/bin/../lib/gcc/arm-none-eabi/5.4.1/../../../../arm-none-eabi/lib/armv6-m/crt0.o (__libc_init_array)
/media/ishu/Data/MS/Quarter5/ERTS/lab/Quadcopter/gcc-arm-none-eabi/bin/../lib/gcc/arm-none-eabi/5.4.1/../../../../arm-none-eabi/lib/armv6-m/libc_nano.a(lib_a-memset.o)
                              /media/ishu/Data/MS/Quarter5/ERTS/lab/Quadcopter/gcc-arm-none-eabi/bin/../lib/gcc/arm-none-eabi/5.4.1/../../../../arm-none-eabi/lib/armv6-m/crt0.o (memset)
/media/ishu/Data/MS/Quarter5/ERTS/lab/Quadcopter/gcc-arm-none-eabi/bin/../lib/gcc/arm-none-eabi/5.4.1/../../../../arm-none-eabi/lib/armv6-m/libnosys.a(_exit.o)
                              /media/ishu/Data/MS/Quarter5/ERTS/lab/Quadcopter/gcc-arm-none-eabi/bin/../lib/gcc/arm-none-eabi/5.4.1/../../../../arm-none-eabi/lib/armv6-m/libc_nano.a(lib_a-exit.o) (_exit)
/media/ishu/Data/MS/Quarter5/ERTS/lab/Quadcopter/gcc-arm-none-eabi/bin/../lib/gcc/arm-none-eabi/5.4.1/../../../../arm-none-eabi/lib/armv6-m/libm.a(lib_a-s_fabs.o)
                              _build/inv_mpu.o (fabs)
/media/ishu/Data/MS/Quarter5/ERTS/lab/Quadcopter/gcc-arm-none-eabi/bin/../lib/gcc/arm-none-eabi/5.4.1/../../../../arm-none-eabi/lib/armv6-m/libm.a(lib_a-w_asin.o)
                              _build/mpu_wrapper.o (asin)
/media/ishu/Data/MS/Quarter5/ERTS/lab/Quadcopter/gcc-arm-none-eabi/bin/../lib/gcc/arm-none-eabi/5.4.1/../../../../arm-none-eabi/lib/armv6-m/libm.a(lib_a-w_atan2.o)
                              _build/mpu_wrapper.o (atan2)
/media/ishu/Data/MS/Quarter5/ERTS/lab/Quadcopter/gcc-arm-none-eabi/bin/../lib/gcc/arm-none-eabi/5.4.1/../../../../arm-none-eabi/lib/armv6-m/libm.a(lib_a-e_asin.o)
                              /media/ishu/Data/MS/Quarter5/ERTS/lab/Quadcopter/gcc-arm-none-eabi/bin/../lib/gcc/arm-none-eabi/5.4.1/../../../../arm-none-eabi/lib/armv6-m/libm.a(lib_a-w_asin.o) (__ieee754_asin)
/media/ishu/Data/MS/Quarter5/ERTS/lab/Quadcopter/gcc-arm-none-eabi/bin/../lib/gcc/arm-none-eabi/5.4.1/../../../../arm-none-eabi/lib/armv6-m/libm.a(lib_a-e_atan2.o)
                              /media/ishu/Data/MS/Quarter5/ERTS/lab/Quadcopter/gcc-arm-none-eabi/bin/../lib/gcc/arm-none-eabi/5.4.1/../../../../arm-none-eabi/lib/armv6-m/libm.a(lib_a-w_atan2.o) (__ieee754_atan2)
/media/ishu/Data/MS/Quarter5/ERTS/lab/Quadcopter/gcc-arm-none-eabi/bin/../lib/gcc/arm-none-eabi/5.4.1/../../../../arm-none-eabi/lib/armv6-m/libm.a(lib_a-e_sqrt.o)
                              /media/ishu/Data/MS/Quarter5/ERTS/lab/Quadcopter/gcc-arm-none-eabi/bin/../lib/gcc/arm-none-eabi/5.4.1/../../../../arm-none-eabi/lib/armv6-m/libm.a(lib_a-e_asin.o) (__ieee754_sqrt)
/media/ishu/Data/MS/Quarter5/ERTS/lab/Quadcopter/gcc-arm-none-eabi/bin/../lib/gcc/arm-none-eabi/5.4.1/../../../../arm-none-eabi/lib/armv6-m/libm.a(lib_a-s_atan.o)
                              /media/ishu/Data/MS/Quarter5/ERTS/lab/Quadcopter/gcc-arm-none-eabi/bin/../lib/gcc/arm-none-eabi/5.4.1/../../../../arm-none-eabi/lib/armv6-m/libm.a(lib_a-e_atan2.o) (atan)
/media/ishu/Data/MS/Quarter5/ERTS/lab/Quadcopter/gcc-arm-none-eabi/bin/../lib/gcc/arm-none-eabi/5.4.1/../../../../arm-none-eabi/lib/armv6-m/libm.a(lib_a-s_lib_ver.o)
                              /media/ishu/Data/MS/Quarter5/ERTS/lab/Quadcopter/gcc-arm-none-eabi/bin/../lib/gcc/arm-none-eabi/5.4.1/../../../../arm-none-eabi/lib/armv6-m/libm.a(lib_a-w_asin.o) (__fdlib_version)
/media/ishu/Data/MS/Quarter5/ERTS/lab/Quadcopter/gcc-arm-none-eabi/bin/../lib/gcc/arm-none-eabi/5.4.1/../../../../arm-none-eabi/lib/armv6-m/libm.a(lib_a-s_matherr.o)
                              /media/ishu/Data/MS/Quarter5/ERTS/lab/Quadcopter/gcc-arm-none-eabi/bin/../lib/gcc/arm-none-eabi/5.4.1/../../../../arm-none-eabi/lib/armv6-m/libm.a(lib_a-w_asin.o) (matherr)
/media/ishu/Data/MS/Quarter5/ERTS/lab/Quadcopter/gcc-arm-none-eabi/bin/../lib/gcc/arm-none-eabi/5.4.1/../../../../arm-none-eabi/lib/armv6-m/libm.a(lib_a-s_nan.o)
[...]
Memory Configuration

Name             Origin             Length             Attributes
FLASH            0x00018000         0x00028000         xr
RAM              0x20002000         0x00002000         xrw
*default*        0x00000000         0xffffffff

Linker script and memory map

LOAD /media/ishu/Data/MS/Quarter5/ERTS/lab/Quadcopter/gcc-arm-none-eabi/bin/../lib/gcc/arm-none-eabi/5.4.1/armv6-m/crti.o
LOAD /media/ishu/Data/MS/Quarter5/ERTS/lab/Quadcopter/gcc-arm-none-eabi/bin/../lib/gcc/arm-none-eabi/5.4.1/armv6-m/crtbegin.o
LOAD /media/ishu/Data/MS/Quarter5/ERTS/lab/Quadcopter/gcc-arm-none-eabi/bin/../lib/gcc/arm-none-eabi/5.4.1/../../../../arm-none-eabi/lib/armv6-m/crt0.o
LOAD /media/ishu/Data/MS/Quarter5/ERTS/lab/Quadcopter/gcc-arm-none-eabi/bin/../lib/gcc/arm-none-eabi/5.4.1/../../../../arm-none-eabi/lib/armv6-m/libc_nano.a
LOAD /media/ishu/Data/MS/Quarter5/ERTS/lab/Quadcopter/gcc-arm-none-eabi/bin/../lib/gcc/arm-none-eabi/5.4.1/../../../../arm-none-eabi/lib/armv6-m/libnosys.a
LOAD /media/ishu/Data/MS/Quarter5/ERTS/lab/Quadcopter/gcc-arm-none-eabi/bin/../lib/gcc/arm-none-eabi/5.4.1/../../../../arm-none-eabi/lib/armv6-m/libm.a
LOAD _build/system_nrf51.o
LOAD _build/nrf_delay.o
LOAD _build/in4073.o
LOAD _build/control.o
LOAD _build/sensors.o
LOAD _build/filters.o
LOAD _build/fixedp.o
LOAD _build/crc.o
LOAD _build/packet.o
LOAD _build/packet_uav.o
LOAD _build/logging.o
LOAD _build/gpio.o
LOAD _build/timers.o
LOAD _build/uart.o
LOAD _build/queue.o
LOAD _build/twi.o
LOAD _build/adc.o
LOAD _build/baro.o
LOAD _build/ble.o
LOAD _build/spi_flash.o
LOAD _build/inv_mpu.o
LOAD _build/inv_mpu_dmp_motion_driver.o
LOAD _build/ml.o
LOAD _build/mpu_wrapper.o
LOAD _build/app_error.o
LOAD _build/app_timer.o
LOAD _build/nrf_assert.o
LOAD _build/nrf_drv_common.o
LOAD _build/pstorage.o
LOAD _build/ble_advdata.o
LOAD _build/ble_advertising.o
LOAD _build/ble_conn_params.o
LOAD _build/ble_nus.o
LOAD _build/ble_srv_common.o
LOAD _build/softdevice_handler.o
LOAD _build/gcc_startup_nrf51.o
LOAD /media/ishu/Data/MS/Quarter5/ERTS/lab/Quadcopter/gcc-arm-none-eabi/bin/../lib/gcc/arm-none-eabi/5.4.1/../../../../arm-none-eabi/lib/armv6-m/libm.a
START GROUP
LOAD /media/ishu/Data/MS/Quarter5/ERTS/lab/Quadcopter/gcc-arm-none-eabi/bin/../lib/gcc/arm-none-eabi/5.4.1/armv6-m/libgcc.a
LOAD /media/ishu/Data/MS/Quarter5/ERTS/lab/Quadcopter/gcc-arm-none-eabi/bin/../lib/gcc/arm-none-eabi/5.4.1/../../../../arm-none-eabi/lib/armv6-m/libc_nano.a
END GROUP
START GROUP
LOAD /media/ishu/Data/MS/Quarter5/ERTS/lab/Quadcopter/gcc-arm-none-eabi/bin/../lib/gcc/arm-none-eabi/5.4.1/armv6-m/libgcc.a
LOAD /media/ishu/Data/MS/Quarter5/ERTS/lab/Quadcopter/gcc-arm-none-eabi/bin/../lib/gcc/arm-none-eabi/5.4.1/../../../../arm-none-eabi/lib/armv6-m/libc_nano.a
END GROUP
LOAD /media/ishu/Data/MS/Quarter5/ERTS/lab/Quadcopter/gcc-arm-none-eabi/bin/../lib/gcc/arm-none-eabi/5.4.1/armv6-m/crtend.o
LOAD /media/ishu/Data/MS/Quarter5/ERTS/lab/Quadcopter/gcc-arm-none-eabi/bin/../lib/gcc/arm-none-eabi/5.4.1/armv6-m/crtn.o
START GROUP
LOAD /media/ishu/Data/MS/Quarter5/ERTS/lab/Quadcopter/gcc-arm-none-eabi/bin/../lib/gcc/arm-none-eabi/5.4.1/armv6-m/libgcc.a
LOAD /media/ishu/Data/MS/Quarter5/ERTS/lab/Quadcopter/gcc-arm-none-eabi/bin/../lib/gcc/arm-none-eabi/5.4.1/../../../../arm-none-eabi/lib/armv6-m/libc.a
LOAD /media/ishu/Data/MS/Quarter5/ERTS/lab/Quadcopter/gcc-arm-none-eabi/bin/../lib/gcc/arm-none-eabi/5.4.1/../../../../arm-none-eabi/lib/armv6-m/libnosys.a
END GROUP

.fs_data_out    0x00000000        0x0
                [!provide]                PROVIDE (__start_fs_data, .)
 *(fs_data)
                [!provide]                PROVIDE (__stop_fs_data, .)

.text           0x00018000     0xccf4
 *(.Vectors)
 .Vectors       0x00018000       0xc0 _build/gcc_startup_nrf51.o
                0x00018000                __Vectors
 *(.text*)
 .text          0x000180c0       0x60 /media/ishu/Data/MS/Quarter5/ERTS/lab/Quadcopter/gcc-arm-none-eabi/bin/../lib/gcc/arm-none-eabi/5.4.1/armv6-m/crtbegin.o
 .text          0x00018120       0x78 /media/ishu/Data/MS/Quarter5/ERTS/lab/Quadcopter/gcc-arm-none-eabi/bin/../lib/gcc/arm-none-eabi/5.4.1/../../../../arm-none-eabi/lib/armv6-m/crt0.o
                0x00018120                _mainCRTStartup
                0x00018120                _start
 .text.exit     0x00018198       0x2c /media/ishu/Data/MS/Quarter5/ERTS/lab/Quadcopter/gcc-arm-none-eabi/bin/../lib/gcc/arm-none-eabi/5.4.1/../../../../arm-none-eabi/lib/armv6-m/libc_nano.a(lib_a-exit.o)
                0x00018198                exit
 .text.__libc_init_array
                0x000181c4       0x4c /media/ishu/Data/MS/Quarter5/ERTS/lab/Quadcopter/gcc-arm-none-eabi/bin/../lib/gcc/arm-none-eabi/5.4.1/../../../../arm-none-eabi/lib/armv6-m/libc_nano.a(lib_a-init.o)
                0x000181c4                __libc_init_array
 .text.memset   0x00018210       0x10 /media/ishu/Data/MS/Quarter5/ERTS/lab/Quadcopter/gcc-arm-none-eabi/bin/../lib/gcc/arm-none-eabi/5.4.1/../../../../arm-none-eabi/lib/armv6-m/libc_nano.a(lib_a-memset.o)
                0x00018210                memset
 .text._exit    0x00018220        0x4 /media/ishu/Data/MS/Quarter5/ERTS/lab/Quadcopter/gcc-arm-none-eabi/bin/../lib/gcc/arm-none-eabi/5.4.1/../../../../arm-none-eabi/lib/armv6-m/libnosys.a(_exit.o)
                0x00018220                _exit
 .text.SystemInit
                0x00018224       0x94 _build/system_nrf51.o
                0x00018224                SystemInit
 .text.nrf_delay_ms
                0x000182b8       0x3c _build/nrf_delay.o
                0x000182b8                nrf_delay_ms
 .text.determine_mode
                0x000182f4      0x258 _build/in4073.o
                0x000182f4                determine_mode
 .text.process_mode
                0x0001854c      0x1d4 _build/in4073.o
                0x0001854c                process_mode
 .text.startup.main
                0x00018720      0x30c _build/in4073.o
                0x00018720                main
 .text.update_actuator
                0x00018a2c      0x11c _build/control.o
                0x00018a2c                update_actuator
 .text.update_motors
                0x00018b48       0x90 _build/control.o
                0x00018b48                update_motors
 .text.yaw_controller
                0x00018bd8       0xe0 _build/control.o
                0x00018bd8                yaw_controller
 .text.yaw_mode
                0x00018cb8      0x108 _build/control.o
                0x00018cb8                yaw_mode
 .text.height_rate_controller
                0x00018dc0      0x134 _build/control.o
                0x00018dc0                height_rate_controller
 .text.rate_controller
                0x00018ef4      0x1a4 _build/control.o
                0x00018ef4                rate_controller
 .text.full_mode
                0x00019098       0x74 _build/control.o
                0x00019098                full_mode
 .text.height_mode
                0x0001910c      0x148 _build/control.o
                0x0001910c                height_mode
 .text.isCalibrated
                0x00019254        0xc _build/sensors.o
                0x00019254                isCalibrated
 .text.get_sensor
                0x00019260      0x100 _build/sensors.o
                0x00019260                get_sensor
 .text.insert_data
                0x00019360      0x170 _build/sensors.o
                0x00019360                insert_data
 .text.calibrate_sensors
                0x000194d0      0x368 _build/sensors.o
                0x000194d0                calibrate_sensors
 .text.calibrate_raw_sensors
                0x00019838      0x4bc _build/sensors.o
                0x00019838                calibrate_raw_sensors
 .text.get_filtered_data
                0x00019cf4       0xfc _build/sensors.o
                0x00019cf4                get_filtered_data
 .text.butter   0x00019df0       0xac _build/filters.o
                0x00019df0                butter
 .text.Kalman   0x00019e9c       0x8c _build/filters.o
                0x00019e9c                Kalman
 .text.fpmult   0x00019f28        0x8 _build/fixedp.o
                0x00019f28                fpmult
 .text.crc_message
                0x00019f30       0x20 _build/crc.o
                0x00019f30                crc_message
 .text.decode_header_pc_uav
                0x00019f50       0x7c _build/packet.o
                0x00019f50                decode_header_pc_uav
 .text.decode_data_command
                0x00019fcc       0x18 _build/packet.o
                0x00019fcc                decode_data_command
 .text.decode   0x00019fe4      0x164 _build/packet_uav.o
                0x00019fe4                decode
 .text.select_log_mode
                0x0001a148       0x24 _build/logging.o
                0x0001a148                select_log_mode
 .text.gpio_init
                0x0001a16c       0x8c _build/gpio.o
                0x0001a16c                gpio_init
 .text.quadrupel_timer_handler
                0x0001a1f8        0xc _build/timers.o
                0x0001a1f8                quadrupel_timer_handler
 .text.TIMER2_IRQHandler
                0x0001a204       0xb8 _build/timers.o
                0x0001a204                TIMER2_IRQHandler
 .text.TIMER1_IRQHandler
                0x0001a2bc       0xac _build/timers.o
                0x0001a2bc                TIMER1_IRQHandler
 .text.get_time_us
                0x0001a368       0x20 _build/timers.o
                0x0001a368                get_time_us
 .text.check_timer_flag
                0x0001a388        0xc _build/timers.o
                0x0001a388                check_timer_flag
 .text.clear_timer_flag
                0x0001a394        0xc _build/timers.o
                0x0001a394                clear_timer_flag
 .text.timers_init
                0x0001a3a0      0x1d4 _build/timers.o
                0x0001a3a0                timers_init
 .text._write   0x0001a574       0x84 _build/uart.o
                0x0001a574                _write
 .text.UART0_IRQHandler
                0x0001a5f8       0x84 _build/uart.o
                0x0001a5f8                UART0_IRQHandler
 .text.uart_init
                0x0001a67c       0xa0 _build/uart.o
                0x0001a67c                uart_init
 .text.init_queue
                0x0001a71c       0x14 _build/queue.o
                0x0001a71c                init_queue
 .text.enqueue  0x0001a730       0x1c _build/queue.o
                0x0001a730                enqueue
 .text.dequeue  0x0001a74c       0x20 _build/queue.o
                0x0001a74c                dequeue
 .text.i2c_read
                0x0001a76c       0xc0 _build/twi.o
                0x0001a76c                i2c_read
 .text.i2c_write
                0x0001a82c       0x70 _build/twi.o
                0x0001a82c                i2c_write
 .text.SPI0_TWI0_IRQHandler
                0x0001a89c       0x70 _build/twi.o
                0x0001a89c                SPI0_TWI0_IRQHandler
 .text.twi_init
                0x0001a90c       0x84 _build/twi.o
                0x0001a90c                twi_init
 .text.adc_request_sample
                0x0001a990       0x18 _build/adc.o
                0x0001a990                adc_request_sample
 .text.ADC_IRQHandler
                0x0001a9a8       0x24 _build/adc.o
                0x0001a9a8                ADC_IRQHandler
 .text.adc_init
                0x0001a9cc       0x3c _build/adc.o
                0x0001a9cc                adc_init
 .text.read_baro
                0x0001aa08      0x1b4 _build/baro.o
                0x0001aa08                read_baro
 .text.baro_init
                0x0001abbc       0x34 _build/baro.o
                0x0001abbc                baro_init
 .text.sd_ble_gap_disconnect
                0x0001abf0        0x4 _build/ble.o
 .text.sd_ble_gap_ppcp_set
                0x0001abf4        0x4 _build/ble.o
 .text.sd_ble_gap_device_name_set
                0x0001abf8        0x4 _build/ble.o
 .text.sd_ble_gap_sec_params_reply
                0x0001abfc        0x4 _build/ble.o
 .text.sd_ble_gatts_sys_attr_set
                0x0001ac00        0x4 _build/ble.o
 .text.sd_ble_enable
                0x0001ac04        0x4 _build/ble.o
 .text.sd_nvic_EnableIRQ
                0x0001ac08        0x4 _build/ble.o
 .text.sd_nvic_ClearPendingIRQ
                0x0001ac0c        0x4 _build/ble.o
 .text.sd_nvic_SetPriority
                0x0001ac10        0x4 _build/ble.o
 .text.sd_radio_notification_cfg_set
                0x0001ac14        0x4 _build/ble.o
 .text.conn_params_error_handler
                0x0001ac18       0x1c _build/ble.o
 .text.nus_data_handler
                0x0001ac34       0x20 _build/ble.o
 .text.ble_evt_dispatch
                0x0001ac54       0x94 _build/ble.o
 .text.on_conn_params_evt
                0x0001ace8       0x38 _build/ble.o
 .text.SWI1_IRQHandler
                0x0001ad20       0x10 _build/ble.o
                0x0001ad20                SWI1_IRQHandler
 .text.ble_init
                0x0001ad30      0x204 _build/ble.o
                0x0001ad30                ble_init
 .text.spi_flash_init
                0x0001af34      0x230 _build/spi_flash.o
                0x0001af34                spi_flash_init
 .text.mpu_reset_fifo
                0x0001b164      0x15c _build/inv_mpu.o
                0x0001b164                mpu_reset_fifo
 .text.mpu_lp_accel_mode
                0x0001b2c0      0x1b8 _build/inv_mpu.o
                0x0001b2c0                mpu_lp_accel_mode
 .text.mpu_get_accel_fsr
                0x0001b478       0x4c _build/inv_mpu.o
                0x0001b478                mpu_get_accel_fsr
 .text.mpu_set_lpf
                0x0001b4c4       0x78 _build/inv_mpu.o
                0x0001b4c4                mpu_set_lpf
 .text.mpu_set_sample_rate
                0x0001b53c      0x168 _build/inv_mpu.o
                0x0001b53c                mpu_set_sample_rate
 .text.mpu_configure_fifo
                0x0001b6a4       0xd0 _build/inv_mpu.o
                0x0001b6a4                mpu_configure_fifo
 .text.mpu_set_sensors
                0x0001b774      0x140 _build/inv_mpu.o
                0x0001b774                mpu_set_sensors
 .text.mpu_init
                0x0001b8b4      0x1f4 _build/inv_mpu.o
                0x0001b8b4                mpu_init
 .text.mpu_read_fifo
                0x0001baa8      0x26c _build/inv_mpu.o
                0x0001baa8                mpu_read_fifo
 .text.mpu_read_fifo_stream
                0x0001bd14       0xb0 _build/inv_mpu.o
                0x0001bd14                mpu_read_fifo_stream
 .text.mpu_set_int_level
                0x0001bdc4       0x10 _build/inv_mpu.o
                0x0001bdc4                mpu_set_int_level
 .text.mpu_set_int_latched
                0x0001bdd4       0x68 _build/inv_mpu.o
                0x0001bdd4                mpu_set_int_latched
 .text.mpu_write_mem
                0x0001be3c       0x58 _build/inv_mpu.o
                0x0001be3c                mpu_write_mem
 .text.mpu_load_firmware
                0x0001be94      0x15c _build/inv_mpu.o
                0x0001be94                mpu_load_firmware
 .text.mpu_set_dmp_state
                0x0001bff0      0x174 _build/inv_mpu.o
                0x0001bff0                mpu_set_dmp_state
 .text.dmp_load_motion_driver_firmware
                0x0001c164       0x1c _build/inv_mpu_dmp_motion_driver.o
                0x0001c164                dmp_load_motion_driver_firmware
 .text.dmp_set_orientation
                0x0001c180      0x118 _build/inv_mpu_dmp_motion_driver.o
                0x0001c180                dmp_set_orientation
 .text.dmp_set_fifo_rate
                0x0001c298       0x64 _build/inv_mpu_dmp_motion_driver.o
                0x0001c298                dmp_set_fifo_rate
 .text.dmp_set_tap_thresh
                0x0001c2fc      0x164 _build/inv_mpu_dmp_motion_driver.o
                0x0001c2fc                dmp_set_tap_thresh
 .text.dmp_enable_feature
                0x0001c460      0x28c _build/inv_mpu_dmp_motion_driver.o
                0x0001c460                dmp_enable_feature
 .text.dmp_read_fifo
                0x0001c6ec      0x20c _build/inv_mpu_dmp_motion_driver.o
                0x0001c6ec                dmp_read_fifo
 .text.inv_orientation_matrix_to_scalar
                0x0001c8f8      0x11c _build/ml.o
                0x0001c8f8                inv_orientation_matrix_to_scalar
 .text.get_dmp_data
                0x0001ca14      0x218 _build/mpu_wrapper.o
                0x0001ca14                get_dmp_data
 .text.get_raw_sensor_data
                0x0001cc2c       0x88 _build/mpu_wrapper.o
                0x0001cc2c                get_raw_sensor_data
 .text.check_sensor_int_flag
                0x0001ccb4       0x20 _build/mpu_wrapper.o
                0x0001ccb4                check_sensor_int_flag
 .text.imu_init
                0x0001ccd4      0x10c _build/mpu_wrapper.o
                0x0001ccd4                imu_init
 .text.app_error_handler
                0x0001cde0       0x40 _build/app_error.o
                0x0001cde0                app_error_handler
 .text.rtc1_stop
                0x0001ce20       0x78 _build/app_timer.o
 .text.RTC1_IRQHandler
                0x0001ce98       0xe0 _build/app_timer.o
                0x0001ce98                RTC1_IRQHandler
 .text.SWI0_IRQHandler
                0x0001cf78      0x4cc _build/app_timer.o
                0x0001cf78                SWI0_IRQHandler
 .text.app_timer_init
                0x0001d444       0xe4 _build/app_timer.o
                0x0001d444                app_timer_init
 .text.app_timer_create
                0x0001d528       0x34 _build/app_timer.o
                0x0001d528                app_timer_create
 .text.app_timer_start
                0x0001d55c       0xec _build/app_timer.o
                0x0001d55c                app_timer_start
 .text.app_timer_stop
                0x0001d648       0xc4 _build/app_timer.o
                0x0001d648                app_timer_stop
 .text.pstorage_access_status_get
                0x0001d70c       0x28 _build/pstorage.o
                0x0001d70c                pstorage_access_status_get
 .text.sd_ble_gap_address_get
                0x0001d734        0x4 _build/ble_advdata.o
 .text.sd_ble_gap_adv_data_set
                0x0001d738        0x4 _build/ble_advdata.o
 .text.sd_ble_gap_appearance_get
                0x0001d73c        0x4 _build/ble_advdata.o
 .text.sd_ble_gap_device_name_get
                0x0001d740        0x4 _build/ble_advdata.o
 .text.sd_ble_uuid_encode
                0x0001d744        0x4 _build/ble_advdata.o
 .text.uuid_list_sized_encode
                0x0001d748       0xf8 _build/ble_advdata.o
 .text.adv_data_encode
                0x0001d840      0x5b8 _build/ble_advdata.o
                0x0001d840                adv_data_encode
 .text.ble_advdata_set
                0x0001ddf8       0x68 _build/ble_advdata.o
                0x0001ddf8                ble_advdata_set
 .text.sd_ble_gap_adv_start
                0x0001de60        0x4 _build/ble_advertising.o
 .text.ble_advertising_start.part.1
                0x0001de64      0x2a8 _build/ble_advertising.o
 .text.ble_advertising_init
                0x0001e10c      0x144 _build/ble_advertising.o
                0x0001e10c                ble_advertising_init
 .text.ble_advertising_start
                0x0001e250       0x3c _build/ble_advertising.o
                0x0001e250                ble_advertising_start
 .text.ble_advertising_on_ble_evt
                0x0001e28c       0xec _build/ble_advertising.o
                0x0001e28c                ble_advertising_on_ble_evt
 .text.sd_ble_gap_conn_param_update
                0x0001e378        0x4 _build/ble_conn_params.o
 .text.sd_ble_gap_disconnect
                0x0001e37c        0x4 _build/ble_conn_params.o
 .text.sd_ble_gap_ppcp_set
                0x0001e380        0x4 _build/ble_conn_params.o
 .text.sd_ble_gap_ppcp_get
                0x0001e384        0x4 _build/ble_conn_params.o
 .text.update_timeout_handler
                0x0001e388       0x78 _build/ble_conn_params.o
 .text.conn_params_negotiation
                0x0001e400       0x88 _build/ble_conn_params.o
 .text.ble_conn_params_init
                0x0001e488       0x78 _build/ble_conn_params.o
                0x0001e488                ble_conn_params_init
 .text.ble_conn_params_on_ble_evt
                0x0001e500       0xac _build/ble_conn_params.o
                0x0001e500                ble_conn_params_on_ble_evt
 .text.sd_ble_gatts_service_add
                0x0001e5ac        0x4 _build/ble_nus.o
 .text.sd_ble_gatts_characteristic_add
                0x0001e5b0        0x4 _build/ble_nus.o
 .text.sd_ble_uuid_vs_add
                0x0001e5b4        0x4 _build/ble_nus.o
 .text.ble_nus_on_ble_evt
                0x0001e5b8       0x60 _build/ble_nus.o
                0x0001e5b8                ble_nus_on_ble_evt
 .text.ble_nus_init
                0x0001e618      0x208 _build/ble_nus.o
                0x0001e618                ble_nus_init
 .text.sd_nvic_EnableIRQ
                0x0001e820        0x4 _build/softdevice_handler.o
 .text.sd_evt_get
                0x0001e824        0x4 _build/softdevice_handler.o
 .text.sd_softdevice_enable
                0x0001e828        0x4 _build/softdevice_handler.o
 .text.sd_ble_evt_get
                0x0001e82c        0x4 _build/softdevice_handler.o
 .text.softdevice_assertion_handler
                0x0001e830        0xc _build/softdevice_handler.o
                0x0001e830                softdevice_assertion_handler
 .text.intern_softdevice_events_execute.part.0
                0x0001e83c       0xec _build/softdevice_handler.o
 .text.softdevice_handler_init
                0x0001e928       0x4c _build/softdevice_handler.o
                0x0001e928                softdevice_handler_init
 .text.softdevice_ble_evt_handler_set
                0x0001e974       0x14 _build/softdevice_handler.o
                0x0001e974                softdevice_ble_evt_handler_set
 .text.SWI2_IRQHandler
                0x0001e988       0x34 _build/softdevice_handler.o
                0x0001e988                SWI2_IRQHandler
 .text          0x0001e9bc       0x54 _build/gcc_startup_nrf51.o
                0x0001e9bc                Reset_Handler
                0x0001ea04                NMI_Handler
                0x0001ea06                HardFault_Handler
                0x0001ea08                SVC_Handler
                0x0001ea0a                PendSV_Handler
                0x0001ea0c                SysTick_Handler
                0x0001ea0e                RTC0_IRQHandler
                0x0001ea0e                GPIOTE_IRQHandler
                0x0001ea0e                POWER_CLOCK_IRQHandler
                0x0001ea0e                RADIO_IRQHandler
                0x0001ea0e                LPCOMP_IRQHandler
                0x0001ea0e                SWI4_IRQHandler
                0x0001ea0e                TEMP_IRQHandler
                0x0001ea0e                QDEC_IRQHandler
                0x0001ea0e                SWI5_IRQHandler
                0x0001ea0e                TIMER0_IRQHandler
                0x0001ea0e                ECB_IRQHandler
                0x0001ea0e                Default_Handler
                0x0001ea0e                SWI3_IRQHandler
                0x0001ea0e                CCM_AAR_IRQHandler
                0x0001ea0e                WDT_IRQHandler
                0x0001ea0e                RNG_IRQHandler
                0x0001ea0e                SPI1_TWI1_IRQHandler
 .text.fabs     0x0001ea10        0x8 /media/ishu/Data/MS/Quarter5/ERTS/lab/Quadcopter/gcc-arm-none-eabi/bin/../lib/gcc/arm-none-eabi/5.4.1/../../../../arm-none-eabi/lib/armv6-m/libm.a(lib_a-s_fabs.o)
                0x0001ea10                fabs
 .text.asin     0x0001ea18       0xc4 /media/ishu/Data/MS/Quarter5/ERTS/lab/Quadcopter/gcc-arm-none-eabi/bin/../lib/gcc/arm-none-eabi/5.4.1/../../../../arm-none-eabi/lib/armv6-m/libm.a(lib_a-w_asin.o)
                0x0001ea18                asin
 .text.atan2    0x0001eadc        0x8 /media/ishu/Data/MS/Quarter5/ERTS/lab/Quadcopter/gcc-arm-none-eabi/bin/../lib/gcc/arm-none-eabi/5.4.1/../../../../arm-none-eabi/lib/armv6-m/libm.a(lib_a-w_atan2.o)
                0x0001eadc                atan2
 .text.__ieee754_asin
                0x0001eae4      0x3cc /media/ishu/Data/MS/Quarter5/ERTS/lab/Quadcopter/gcc-arm-none-eabi/bin/../lib/gcc/arm-none-eabi/5.4.1/../../../../arm-none-eabi/lib/armv6-m/libm.a(lib_a-e_asin.o)
                0x0001eae4                __ieee754_asin
 .text.__ieee754_atan2
                0x0001eeb0      0x178 /media/ishu/Data/MS/Quarter5/ERTS/lab/Quadcopter/gcc-arm-none-eabi/bin/../lib/gcc/arm-none-eabi/5.4.1/../../../../arm-none-eabi/lib/armv6-m/libm.a(lib_a-e_atan2.o)
                0x0001eeb0                __ieee754_atan2
 .text.__ieee754_sqrt
                0x0001f028      0x1ec /media/ishu/Data/MS/Quarter5/ERTS/lab/Quadcopter/gcc-arm-none-eabi/bin/../lib/gcc/arm-none-eabi/5.4.1/../../../../arm-none-eabi/lib/armv6-m/libm.a(lib_a-e_sqrt.o)
                0x0001f028                __ieee754_sqrt
 .text.atan     0x0001f214      0x33c /media/ishu/Data/MS/Quarter5/ERTS/lab/Quadcopter/gcc-arm-none-eabi/bin/../lib/gcc/arm-none-eabi/5.4.1/../../../../arm-none-eabi/lib/armv6-m/libm.a(lib_a-s_atan.o)
                0x0001f214                atan
 .text.matherr  0x0001f550        0x4 /media/ishu/Data/MS/Quarter5/ERTS/lab/Quadcopter/gcc-arm-none-eabi/bin/../lib/gcc/arm-none-eabi/5.4.1/../../../../arm-none-eabi/lib/armv6-m/libm.a(lib_a-s_matherr.o)
                0x0001f550                matherr
 .text.nan      0x0001f554        0xc /media/ishu/Data/MS/Quarter5/ERTS/lab/Quadcopter/gcc-arm-none-eabi/bin/../lib/gcc/arm-none-eabi/5.4.1/../../../../arm-none-eabi/lib/armv6-m/libm.a(lib_a-s_nan.o)
                0x0001f554                nan
 .text          0x0001f560      0x114 /media/ishu/Data/MS/Quarter5/ERTS/lab/Quadcopter/gcc-arm-none-eabi/bin/../lib/gcc/arm-none-eabi/5.4.1/armv6-m/libgcc.a(_udivsi3.o)
                0x0001f560                __udivsi3
                0x0001f560                __aeabi_uidiv
                0x0001f66c                __aeabi_uidivmod
 .text          0x0001f674      0x1d4 /media/ishu/Data/MS/Quarter5/ERTS/lab/Quadcopter/gcc-arm-none-eabi/bin/../lib/gcc/arm-none-eabi/5.4.1/armv6-m/libgcc.a(_divsi3.o)
                0x0001f674                __aeabi_idiv
                0x0001f674                __divsi3
                0x0001f840                __aeabi_idivmod
 .text          0x0001f848        0x4 /media/ishu/Data/MS/Quarter5/ERTS/lab/Quadcopter/gcc-arm-none-eabi/bin/../lib/gcc/arm-none-eabi/5.4.1/armv6-m/libgcc.a(_dvmd_tls.o)
                0x0001f848                __aeabi_ldiv0
                0x0001f848                __aeabi_idiv0
 .text          0x0001f84c       0x7c /media/ishu/Data/MS/Quarter5/ERTS/lab/Quadcopter/gcc-arm-none-eabi/bin/../lib/gcc/arm-none-eabi/5.4.1/armv6-m/libgcc.a(_arm_cmpdf2.o)
                0x0001f84c                __aeabi_cdrcmple
                0x0001f85c                __aeabi_cdcmple
                0x0001f85c                __aeabi_cdcmpeq
                0x0001f86c                __aeabi_dcmpeq
                0x0001f878                __aeabi_dcmplt
                0x0001f88c                __aeabi_dcmple
                0x0001f8a0                __aeabi_dcmpgt
                0x0001f8b4                __aeabi_dcmpge
 .text          0x0001f8c8       0x74 /media/ishu/Data/MS/Quarter5/ERTS/lab/Quadcopter/gcc-arm-none-eabi/bin/../lib/gcc/arm-none-eabi/5.4.1/armv6-m/libgcc.a(_arm_cmpsf2.o)
                0x0001f8c8                __aeabi_cfrcmple
                0x0001f8d0                __aeabi_cfcmple
                0x0001f8d0                __aeabi_cfcmpeq
                0x0001f8e0                __aeabi_fcmpeq
                0x0001f8ec                __aeabi_fcmplt
                0x0001f900                __aeabi_fcmple
                0x0001f914                __aeabi_fcmpgt
                0x0001f928                __aeabi_fcmpge
 .text          0x0001f93c       0x58 /media/ishu/Data/MS/Quarter5/ERTS/lab/Quadcopter/gcc-arm-none-eabi/bin/../lib/gcc/arm-none-eabi/5.4.1/armv6-m/libgcc.a(_muldi3.o)
                0x0001f93c                __aeabi_lmul
                0x0001f93c                __muldi3
 .text          0x0001f994       0x30 /media/ishu/Data/MS/Quarter5/ERTS/lab/Quadcopter/gcc-arm-none-eabi/bin/../lib/gcc/arm-none-eabi/5.4.1/armv6-m/libgcc.a(_fixunssfsi.o)
                0x0001f994                __aeabi_f2uiz
                0x0001f994                __fixunssfsi
 .text          0x0001f9c4      0x2ec /media/ishu/Data/MS/Quarter5/ERTS/lab/Quadcopter/gcc-arm-none-eabi/bin/../lib/gcc/arm-none-eabi/5.4.1/armv6-m/libgcc.a(addsf3.o)
                0x0001f9c4                __aeabi_fadd
 .text          0x0001fcb0      0x234 /media/ishu/Data/MS/Quarter5/ERTS/lab/Quadcopter/gcc-arm-none-eabi/bin/../lib/gcc/arm-none-eabi/5.4.1/armv6-m/libgcc.a(divsf3.o)
                0x0001fcb0                __aeabi_fdiv
 .text          0x0001fee4       0x50 /media/ishu/Data/MS/Quarter5/ERTS/lab/Quadcopter/gcc-arm-none-eabi/bin/../lib/gcc/arm-none-eabi/5.4.1/armv6-m/libgcc.a(eqsf2.o)
                0x0001fee4                __nesf2
                0x0001fee4                __eqsf2
 .text          0x0001ff34       0x88 /media/ishu/Data/MS/Quarter5/ERTS/lab/Quadcopter/gcc-arm-none-eabi/bin/../lib/gcc/arm-none-eabi/5.4.1/armv6-m/libgcc.a(gesf2.o)
                0x0001ff34                __gtsf2
                0x0001ff34                __gesf2
 .text          0x0001ffbc       0x88 /media/ishu/Data/MS/Quarter5/ERTS/lab/Quadcopter/gcc-arm-none-eabi/bin/../lib/gcc/arm-none-eabi/5.4.1/armv6-m/libgcc.a(lesf2.o)
                0x0001ffbc                __lesf2
                0x0001ffbc                __ltsf2
 .text          0x00020044      0x228 /media/ishu/Data/MS/Quarter5/ERTS/lab/Quadcopter/gcc-arm-none-eabi/bin/../lib/gcc/arm-none-eabi/5.4.1/armv6-m/libgcc.a(mulsf3.o)
                0x00020044                __aeabi_fmul
 .text          0x0002026c      0x30c /media/ishu/Data/MS/Quarter5/ERTS/lab/Quadcopter/gcc-arm-none-eabi/bin/../lib/gcc/arm-none-eabi/5.4.1/armv6-m/libgcc.a(subsf3.o)
                0x0002026c                __aeabi_fsub
 .text          0x00020578       0x44 /media/ishu/Data/MS/Quarter5/ERTS/lab/Quadcopter/gcc-arm-none-eabi/bin/../lib/gcc/arm-none-eabi/5.4.1/armv6-m/libgcc.a(fixsfsi.o)
                0x00020578                __aeabi_f2iz
 .text          0x000205bc       0x90 /media/ishu/Data/MS/Quarter5/ERTS/lab/Quadcopter/gcc-arm-none-eabi/bin/../lib/gcc/arm-none-eabi/5.4.1/armv6-m/libgcc.a(floatsisf.o)
                0x000205bc                __aeabi_i2f
 .text          0x0002064c       0x7c /media/ishu/Data/MS/Quarter5/ERTS/lab/Quadcopter/gcc-arm-none-eabi/bin/../lib/gcc/arm-none-eabi/5.4.1/armv6-m/libgcc.a(floatunsisf.o)
                0x0002064c                __aeabi_ui2f
 .text          0x000206c8      0x658 /media/ishu/Data/MS/Quarter5/ERTS/lab/Quadcopter/gcc-arm-none-eabi/bin/../lib/gcc/arm-none-eabi/5.4.1/armv6-m/libgcc.a(adddf3.o)
                0x000206c8                __aeabi_dadd
 .text          0x00020d20      0x62c /media/ishu/Data/MS/Quarter5/ERTS/lab/Quadcopter/gcc-arm-none-eabi/bin/../lib/gcc/arm-none-eabi/5.4.1/armv6-m/libgcc.a(divdf3.o)
                0x00020d20                __aeabi_ddiv
 .text          0x0002134c       0x80 /media/ishu/Data/MS/Quarter5/ERTS/lab/Quadcopter/gcc-arm-none-eabi/bin/../lib/gcc/arm-none-eabi/5.4.1/armv6-m/libgcc.a(eqdf2.o)
                0x0002134c                __eqdf2
                0x0002134c                __nedf2
 .text          0x000213cc       0xc8 /media/ishu/Data/MS/Quarter5/ERTS/lab/Quadcopter/gcc-arm-none-eabi/bin/../lib/gcc/arm-none-eabi/5.4.1/armv6-m/libgcc.a(gedf2.o)
                0x000213cc                __gtdf2
                0x000213cc                __gedf2
 .text          0x00021494       0xd4 /media/ishu/Data/MS/Quarter5/ERTS/lab/Quadcopter/gcc-arm-none-eabi/bin/../lib/gcc/arm-none-eabi/5.4.1/armv6-m/libgcc.a(ledf2.o)
                0x00021494                __ltdf2
                0x00021494                __ledf2
 .text          0x00021568      0x4f4 /media/ishu/Data/MS/Quarter5/ERTS/lab/Quadcopter/gcc-arm-none-eabi/bin/../lib/gcc/arm-none-eabi/5.4.1/armv6-m/libgcc.a(muldf3.o)
                0x00021568                __aeabi_dmul
 .text          0x00021a5c      0x6a8 /media/ishu/Data/MS/Quarter5/ERTS/lab/Quadcopter/gcc-arm-none-eabi/bin/../lib/gcc/arm-none-eabi/5.4.1/armv6-m/libgcc.a(subdf3.o)
                0x00021a5c                __aeabi_dsub
 .text          0x00022104       0x40 /media/ishu/Data/MS/Quarter5/ERTS/lab/Quadcopter/gcc-arm-none-eabi/bin/../lib/gcc/arm-none-eabi/5.4.1/armv6-m/libgcc.a(unorddf2.o)
                0x00022104                __aeabi_dcmpun
 .text          0x00022144       0x6c /media/ishu/Data/MS/Quarter5/ERTS/lab/Quadcopter/gcc-arm-none-eabi/bin/../lib/gcc/arm-none-eabi/5.4.1/armv6-m/libgcc.a(fixdfsi.o)
                0x00022144                __aeabi_d2iz
 .text          0x000221b0       0xa8 /media/ishu/Data/MS/Quarter5/ERTS/lab/Quadcopter/gcc-arm-none-eabi/bin/../lib/gcc/arm-none-eabi/5.4.1/armv6-m/libgcc.a(extendsfdf2.o)
                0x000221b0                __aeabi_f2d
 .text          0x00022258       0x3c /media/ishu/Data/MS/Quarter5/ERTS/lab/Quadcopter/gcc-arm-none-eabi/bin/../lib/gcc/arm-none-eabi/5.4.1/armv6-m/libgcc.a(_clzsi2.o)
                0x00022258                __clzsi2
 .text.__errno  0x00022294        0xc /media/ishu/Data/MS/Quarter5/ERTS/lab/Quadcopter/gcc-arm-none-eabi/bin/../lib/gcc/arm-none-eabi/5.4.1/../../../../arm-none-eabi/lib/armv6-m/libc_nano.a(lib_a-errno.o)
                0x00022294                __errno
 .text.malloc   0x000222a0       0x14 /media/ishu/Data/MS/Quarter5/ERTS/lab/Quadcopter/gcc-arm-none-eabi/bin/../lib/gcc/arm-none-eabi/5.4.1/../../../../arm-none-eabi/lib/armv6-m/libc_nano.a(lib_a-malloc.o)
                0x000222a0                malloc
 .text.free     0x000222b4       0x14 /media/ishu/Data/MS/Quarter5/ERTS/lab/Quadcopter/gcc-arm-none-eabi/bin/../lib/gcc/arm-none-eabi/5.4.1/../../../../arm-none-eabi/lib/armv6-m/libc_nano.a(lib_a-malloc.o)
                0x000222b4                free
 .text.memcmp   0x000222c8       0x1e /media/ishu/Data/MS/Quarter5/ERTS/lab/Quadcopter/gcc-arm-none-eabi/bin/../lib/gcc/arm-none-eabi/5.4.1/../../../../arm-none-eabi/lib/armv6-m/libc_nano.a(lib_a-memcmp.o)
                0x000222c8                memcmp
 .text.memcpy   0x000222e6       0x12 /media/ishu/Data/MS/Quarter5/ERTS/lab/Quadcopter/gcc-arm-none-eabi/bin/../lib/gcc/arm-none-eabi/5.4.1/../../../../arm-none-eabi/lib/armv6-m/libc_nano.a(lib_a-memcpy-stub.o)
                0x000222e6                memcpy
 .text._free_r  0x000222f8       0x98 /media/ishu/Data/MS/Quarter5/ERTS/lab/Quadcopter/gcc-arm-none-eabi/bin/../lib/gcc/arm-none-eabi/5.4.1/../../../../arm-none-eabi/lib/armv6-m/libc_nano.a(lib_a-nano-freer.o)
                0x000222f8                _free_r
 .text._malloc_r
                0x00022390       0xc0 /media/ishu/Data/MS/Quarter5/ERTS/lab/Quadcopter/gcc-arm-none-eabi/bin/../lib/gcc/arm-none-eabi/5.4.1/../../../../arm-none-eabi/lib/armv6-m/libc_nano.a(lib_a-nano-mallocr.o)
                0x00022390                _malloc_r
 .text.printf   0x00022450       0x34 /media/ishu/Data/MS/Quarter5/ERTS/lab/Quadcopter/gcc-arm-none-eabi/bin/../lib/gcc/arm-none-eabi/5.4.1/../../../../arm-none-eabi/lib/armv6-m/libc_nano.a(lib_a-printf.o)
                0x00022450                printf
                0x00022450                iprintf
 .text._sbrk_r  0x00022484       0x24 /media/ishu/Data/MS/Quarter5/ERTS/lab/Quadcopter/gcc-arm-none-eabi/bin/../lib/gcc/arm-none-eabi/5.4.1/../../../../arm-none-eabi/lib/armv6-m/libc_nano.a(lib_a-sbrkr.o)
                0x00022484                _sbrk_r
 .text.sprintf  0x000224a8       0x44 /media/ishu/Data/MS/Quarter5/ERTS/lab/Quadcopter/gcc-arm-none-eabi/bin/../lib/gcc/arm-none-eabi/5.4.1/../../../../arm-none-eabi/lib/armv6-m/libc_nano.a(lib_a-sprintf.o)
                0x000224a8                sprintf
                0x000224a8                siprintf
 .text          0x000224ec        0xe /media/ishu/Data/MS/Quarter5/ERTS/lab/Quadcopter/gcc-arm-none-eabi/bin/../lib/gcc/arm-none-eabi/5.4.1/../../../../arm-none-eabi/lib/armv6-m/libc_nano.a(lib_a-strlen.o)
                0x000224ec                strlen
 *fill*         0x000224fa        0x2 
 .text._cleanup_r
                0x000224fc       0x10 /media/ishu/Data/MS/Quarter5/ERTS/lab/Quadcopter/gcc-arm-none-eabi/bin/../lib/gcc/arm-none-eabi/5.4.1/../../../../arm-none-eabi/lib/armv6-m/libc_nano.a(lib_a-findfp.o)
                0x000224fc                _cleanup_r
 .text.std.isra.0
                0x0002250c       0x48 /media/ishu/Data/MS/Quarter5/ERTS/lab/Quadcopter/gcc-arm-none-eabi/bin/../lib/gcc/arm-none-eabi/5.4.1/../../../../arm-none-eabi/lib/armv6-m/libc_nano.a(lib_a-findfp.o)
 .text.__sfmoreglue
                0x00022554       0x2c /media/ishu/Data/MS/Quarter5/ERTS/lab/Quadcopter/gcc-arm-none-eabi/bin/../lib/gcc/arm-none-eabi/5.4.1/../../../../arm-none-eabi/lib/armv6-m/libc_nano.a(lib_a-findfp.o)
                0x00022554                __sfmoreglue
 .text.__sinit  0x00022580       0x68 /media/ishu/Data/MS/Quarter5/ERTS/lab/Quadcopter/gcc-arm-none-eabi/bin/../lib/gcc/arm-none-eabi/5.4.1/../../../../arm-none-eabi/lib/armv6-m/libc_nano.a(lib_a-findfp.o)
                0x00022580                __sinit
 .text.__sfp    0x000225e8       0x7c /media/ishu/Data/MS/Quarter5/ERTS/lab/Quadcopter/gcc-arm-none-eabi/bin/../lib/gcc/arm-none-eabi/5.4.1/../../../../arm-none-eabi/lib/armv6-m/libc_nano.a(lib_a-findfp.o)
                0x000225e8                __sfp
 .text._fwalk_reent
                0x00022664       0x42 /media/ishu/Data/MS/Quarter5/ERTS/lab/Quadcopter/gcc-arm-none-eabi/bin/../lib/gcc/arm-none-eabi/5.4.1/../../../../arm-none-eabi/lib/armv6-m/libc_nano.a(lib_a-fwalk.o)
                0x00022664                _fwalk_reent
 .text.__malloc_lock
                0x000226a6        0x2 /media/ishu/Data/MS/Quarter5/ERTS/lab/Quadcopter/gcc-arm-none-eabi/bin/../lib/gcc/arm-none-eabi/5.4.1/../../../../arm-none-eabi/lib/armv6-m/libc_nano.a(lib_a-mlock.o)
                0x000226a6                __malloc_lock
 .text.__malloc_unlock
                0x000226a8        0x2 /media/ishu/Data/MS/Quarter5/ERTS/lab/Quadcopter/gcc-arm-none-eabi/bin/../lib/gcc/arm-none-eabi/5.4.1/../../../../arm-none-eabi/lib/armv6-m/libc_nano.a(lib_a-mlock.o)
                0x000226a8                __malloc_unlock
 *fill*         0x000226aa        0x2 
 .text.__ssputs_r
                0x000226ac       0xc4 /media/ishu/Data/MS/Quarter5/ERTS/lab/Quadcopter/gcc-arm-none-eabi/bin/../lib/gcc/arm-none-eabi/5.4.1/../../../../arm-none-eabi/lib/armv6-m/libc_nano.a(lib_a-nano-svfprintf.o)
                0x000226ac                __ssputs_r
 .text._svfprintf_r
                0x00022770      0x1fc /media/ishu/Data/MS/Quarter5/ERTS/lab/Quadcopter/gcc-arm-none-eabi/bin/../lib/gcc/arm-none-eabi/5.4.1/../../../../arm-none-eabi/lib/armv6-m/libc_nano.a(lib_a-nano-svfprintf.o)
                0x00022770                _svfprintf_r
                0x00022770                _svfiprintf_r
 .text.__sfputc_r
                0x0002296c       0x2a /media/ishu/Data/MS/Quarter5/ERTS/lab/Quadcopter/gcc-arm-none-eabi/bin/../lib/gcc/arm-none-eabi/5.4.1/../../../../arm-none-eabi/lib/armv6-m/libc_nano.a(lib_a-nano-vfprintf.o)
 .text.__sfputs_r
                0x00022996       0x24 /media/ishu/Data/MS/Quarter5/ERTS/lab/Quadcopter/gcc-arm-none-eabi/bin/../lib/gcc/arm-none-eabi/5.4.1/../../../../arm-none-eabi/lib/armv6-m/libc_nano.a(lib_a-nano-vfprintf.o)
                0x00022996                __sfputs_r
 *fill*         0x000229ba        0x2 
 .text._vfprintf_r
                0x000229bc      0x238 /media/ishu/Data/MS/Quarter5/ERTS/lab/Quadcopter/gcc-arm-none-eabi/bin/../lib/gcc/arm-none-eabi/5.4.1/../../../../arm-none-eabi/lib/armv6-m/libc_nano.a(lib_a-nano-vfprintf.o)
                0x000229bc                _vfiprintf_r
                0x000229bc                _vfprintf_r
 .text._printf_common
                0x00022bf4       0xdc /media/ishu/Data/MS/Quarter5/ERTS/lab/Quadcopter/gcc-arm-none-eabi/bin/../lib/gcc/arm-none-eabi/5.4.1/../../../../arm-none-eabi/lib/armv6-m/libc_nano.a(lib_a-nano-vfprintf_i.o)
                0x00022bf4                _printf_common
 .text._printf_i
                0x00022cd0      0x244 /media/ishu/Data/MS/Quarter5/ERTS/lab/Quadcopter/gcc-arm-none-eabi/bin/../lib/gcc/arm-none-eabi/5.4.1/../../../../arm-none-eabi/lib/armv6-m/libc_nano.a(lib_a-nano-vfprintf_i.o)
                0x00022cd0                _printf_i
 .text.__sread  0x00022f14       0x28 /media/ishu/Data/MS/Quarter5/ERTS/lab/Quadcopter/gcc-arm-none-eabi/bin/../lib/gcc/arm-none-eabi/5.4.1/../../../../arm-none-eabi/lib/armv6-m/libc_nano.a(lib_a-stdio.o)
                0x00022f14                __sread
 .text.__swrite
                0x00022f3c       0x38 /media/ishu/Data/MS/Quarter5/ERTS/lab/Quadcopter/gcc-arm-none-eabi/bin/../lib/gcc/arm-none-eabi/5.4.1/../../../../arm-none-eabi/lib/armv6-m/libc_nano.a(lib_a-stdio.o)
                0x00022f3c                __swrite
 .text.__sseek  0x00022f74       0x2c /media/ishu/Data/MS/Quarter5/ERTS/lab/Quadcopter/gcc-arm-none-eabi/bin/../lib/gcc/arm-none-eabi/5.4.1/../../../../arm-none-eabi/lib/armv6-m/libc_nano.a(lib_a-stdio.o)
                0x00022f74                __sseek
 .text.__sclose
                0x00022fa0        0xc /media/ishu/Data/MS/Quarter5/ERTS/lab/Quadcopter/gcc-arm-none-eabi/bin/../lib/gcc/arm-none-eabi/5.4.1/../../../../arm-none-eabi/lib/armv6-m/libc_nano.a(lib_a-stdio.o)
                0x00022fa0                __sclose
 .text.__swbuf_r
                0x00022fac       0xb0 /media/ishu/Data/MS/Quarter5/ERTS/lab/Quadcopter/gcc-arm-none-eabi/bin/../lib/gcc/arm-none-eabi/5.4.1/../../../../arm-none-eabi/lib/armv6-m/libc_nano.a(lib_a-wbuf.o)
                0x00022fac                __swbuf_r
 .text._write_r
                0x0002305c       0x28 /media/ishu/Data/MS/Quarter5/ERTS/lab/Quadcopter/gcc-arm-none-eabi/bin/../lib/gcc/arm-none-eabi/5.4.1/../../../../arm-none-eabi/lib/armv6-m/libc_nano.a(lib_a-writer.o)
                0x0002305c                _write_r
 .text.__swsetup_r
                0x00023084       0xec /media/ishu/Data/MS/Quarter5/ERTS/lab/Quadcopter/gcc-arm-none-eabi/bin/../lib/gcc/arm-none-eabi/5.4.1/../../../../arm-none-eabi/lib/armv6-m/libc_nano.a(lib_a-wsetup.o)
                0x00023084                __swsetup_r
 .text._close_r
                0x00023170       0x24 /media/ishu/Data/MS/Quarter5/ERTS/lab/Quadcopter/gcc-arm-none-eabi/bin/../lib/gcc/arm-none-eabi/5.4.1/../../../../arm-none-eabi/lib/armv6-m/libc_nano.a(lib_a-closer.o)
                0x00023170                _close_r
 .text.__sflush_r
                0x00023194      0x10c /media/ishu/Data/MS/Quarter5/ERTS/lab/Quadcopter/gcc-arm-none-eabi/bin/../lib/gcc/arm-none-eabi/5.4.1/../../../../arm-none-eabi/lib/armv6-m/libc_nano.a(lib_a-fflush.o)
                0x00023194                __sflush_r
 .text._fflush_r
                0x000232a0       0x58 /media/ishu/Data/MS/Quarter5/ERTS/lab/Quadcopter/gcc-arm-none-eabi/bin/../lib/gcc/arm-none-eabi/5.4.1/../../../../arm-none-eabi/lib/armv6-m/libc_nano.a(lib_a-fflush.o)
                0x000232a0                _fflush_r
 .text._lseek_r
                0x000232f8       0x28 /media/ishu/Data/MS/Quarter5/ERTS/lab/Quadcopter/gcc-arm-none-eabi/bin/../lib/gcc/arm-none-eabi/5.4.1/../../../../arm-none-eabi/lib/armv6-m/libc_nano.a(lib_a-lseekr.o)
                0x000232f8                _lseek_r
 .text.__swhatbuf_r
                0x00023320       0x4c /media/ishu/Data/MS/Quarter5/ERTS/lab/Quadcopter/gcc-arm-none-eabi/bin/../lib/gcc/arm-none-eabi/5.4.1/../../../../arm-none-eabi/lib/armv6-m/libc_nano.a(lib_a-makebuf.o)
                0x00023320                __swhatbuf_r
 .text.__smakebuf_r
                0x0002336c       0x7c /media/ishu/Data/MS/Quarter5/ERTS/lab/Quadcopter/gcc-arm-none-eabi/bin/../lib/gcc/arm-none-eabi/5.4.1/../../../../arm-none-eabi/lib/armv6-m/libc_nano.a(lib_a-makebuf.o)
                0x0002336c                __smakebuf_r
 .text.memchr   0x000233e8       0x16 /media/ishu/Data/MS/Quarter5/ERTS/lab/Quadcopter/gcc-arm-none-eabi/bin/../lib/gcc/arm-none-eabi/5.4.1/../../../../arm-none-eabi/lib/armv6-m/libc_nano.a(lib_a-memchr-stub.o)
                0x000233e8                memchr
 .text.memmove  0x000233fe       0x2a /media/ishu/Data/MS/Quarter5/ERTS/lab/Quadcopter/gcc-arm-none-eabi/bin/../lib/gcc/arm-none-eabi/5.4.1/../../../../arm-none-eabi/lib/armv6-m/libc_nano.a(lib_a-memmove.o)
                0x000233fe                memmove
 .text._realloc_r
                0x00023428       0x4c /media/ishu/Data/MS/Quarter5/ERTS/lab/Quadcopter/gcc-arm-none-eabi/bin/../lib/gcc/arm-none-eabi/5.4.1/../../../../arm-none-eabi/lib/armv6-m/libc_nano.a(lib_a-nano-reallocr.o)
                0x00023428                _realloc_r
 .text._read_r  0x00023474       0x28 /media/ishu/Data/MS/Quarter5/ERTS/lab/Quadcopter/gcc-arm-none-eabi/bin/../lib/gcc/arm-none-eabi/5.4.1/../../../../arm-none-eabi/lib/armv6-m/libc_nano.a(lib_a-readr.o)
                0x00023474                _read_r
 .text._fstat_r
                0x0002349c       0x24 /media/ishu/Data/MS/Quarter5/ERTS/lab/Quadcopter/gcc-arm-none-eabi/bin/../lib/gcc/arm-none-eabi/5.4.1/../../../../arm-none-eabi/lib/armv6-m/libc_nano.a(lib_a-fstatr.o)
                0x0002349c                _fstat_r
 .text._isatty_r
                0x000234c0       0x24 /media/ishu/Data/MS/Quarter5/ERTS/lab/Quadcopter/gcc-arm-none-eabi/bin/../lib/gcc/arm-none-eabi/5.4.1/../../../../arm-none-eabi/lib/armv6-m/libc_nano.a(lib_a-isattyr.o)
                0x000234c0                _isatty_r
 .text._malloc_usable_size_r
                0x000234e4       0x16 /media/ishu/Data/MS/Quarter5/ERTS/lab/Quadcopter/gcc-arm-none-eabi/bin/../lib/gcc/arm-none-eabi/5.4.1/../../../../arm-none-eabi/lib/armv6-m/libc_nano.a(lib_a-nano-msizer.o)
                0x000234e4                _malloc_usable_size_r
 *fill*         0x000234fa        0x2 
 .text._close   0x000234fc       0x10 /media/ishu/Data/MS/Quarter5/ERTS/lab/Quadcopter/gcc-arm-none-eabi/bin/../lib/gcc/arm-none-eabi/5.4.1/../../../../arm-none-eabi/lib/armv6-m/libnosys.a(close.o)
                0x000234fc                _close
 .text._fstat   0x0002350c       0x10 /media/ishu/Data/MS/Quarter5/ERTS/lab/Quadcopter/gcc-arm-none-eabi/bin/../lib/gcc/arm-none-eabi/5.4.1/../../../../arm-none-eabi/lib/armv6-m/libnosys.a(fstat.o)
                0x0002350c                _fstat
 .text._isatty  0x0002351c       0x10 /media/ishu/Data/MS/Quarter5/ERTS/lab/Quadcopter/gcc-arm-none-eabi/bin/../lib/gcc/arm-none-eabi/5.4.1/../../../../arm-none-eabi/lib/armv6-m/libnosys.a(isatty.o)
                0x0002351c                _isatty
 .text._lseek   0x0002352c       0x10 /media/ishu/Data/MS/Quarter5/ERTS/lab/Quadcopter/gcc-arm-none-eabi/bin/../lib/gcc/arm-none-eabi/5.4.1/../../../../arm-none-eabi/lib/armv6-m/libnosys.a(lseek.o)
                0x0002352c                _lseek
 .text._read    0x0002353c       0x10 /media/ishu/Data/MS/Quarter5/ERTS/lab/Quadcopter/gcc-arm-none-eabi/bin/../lib/gcc/arm-none-eabi/5.4.1/../../../../arm-none-eabi/lib/armv6-m/libnosys.a(read.o)
                0x0002353c                _read
 .text._sbrk    0x0002354c       0x1c /media/ishu/Data/MS/Quarter5/ERTS/lab/Quadcopter/gcc-arm-none-eabi/bin/../lib/gcc/arm-none-eabi/5.4.1/../../../../arm-none-eabi/lib/armv6-m/libnosys.a(sbrk.o)
                0x0002354c                _sbrk
 *(.init)
 .init          0x00023568        0x4 /media/ishu/Data/MS/Quarter5/ERTS/lab/Quadcopter/gcc-arm-none-eabi/bin/../lib/gcc/arm-none-eabi/5.4.1/armv6-m/crti.o
                0x00023568                _init
 .init          0x0002356c        0x8 /media/ishu/Data/MS/Quarter5/ERTS/lab/Quadcopter/gcc-arm-none-eabi/bin/../lib/gcc/arm-none-eabi/5.4.1/armv6-m/crtn.o
 *(.fini)
 .fini          0x00023574        0x4 /media/ishu/Data/MS/Quarter5/ERTS/lab/Quadcopter/gcc-arm-none-eabi/bin/../lib/gcc/arm-none-eabi/5.4.1/armv6-m/crti.o
                0x00023574                _fini
 .fini          0x00023578        0x8 /media/ishu/Data/MS/Quarter5/ERTS/lab/Quadcopter/gcc-arm-none-eabi/bin/../lib/gcc/arm-none-eabi/5.4.1/armv6-m/crtn.o
 *crtbegin.o(.ctors)
 *crtbegin?.o(.ctors)
 *(EXCLUDE_FILE(*crtend.o *crtend?.o) .ctors)
 *(SORT(.ctors.*))
 *(.ctors)
 *crtbegin.o(.dtors)
 *crtbegin?.o(.dtors)
 *(EXCLUDE_FILE(*crtend.o *crtend?.o) .dtors)
 *(SORT(.dtors.*))
 *(.dtors)
 *(.rodata*)
 .rodata.str1.1
                0x00023580        0x2 /media/ishu/Data/MS/Quarter5/ERTS/lab/Quadcopter/gcc-arm-none-eabi/bin/../lib/gcc/arm-none-eabi/5.4.1/../../../../arm-none-eabi/lib/armv6-m/libc_nano.a(lib_a-impure.o)
 *fill*         0x00023582        0x2 
 .rodata._global_impure_ptr
                0x00023584        0x4 /media/ishu/Data/MS/Quarter5/ERTS/lab/Quadcopter/gcc-arm-none-eabi/bin/../lib/gcc/arm-none-eabi/5.4.1/../../../../arm-none-eabi/lib/armv6-m/libc_nano.a(lib_a-impure.o)
                0x00023584                _global_impure_ptr
 .rodata.determine_mode
                0x00023588       0x28 _build/in4073.o
 .rodata.process_mode
                0x000235b0       0x28 _build/in4073.o
 .rodata.str1.4
                0x000235d8      0x166 _build/in4073.o
 *fill*         0x0002373e        0x2 
 .rodata.str1.4
                0x00023740       0x5d _build/control.o
 *fill*         0x0002379d        0x3 
 .rodata.get_sensor
                0x000237a0       0x2c _build/sensors.o
 .rodata.crclut
                0x000237cc      0x100 _build/crc.o
                0x000237cc                crclut
 .rodata.decode_header_pc_uav
                0x000238cc       0x20 _build/packet.o
 .rodata.str1.4
                0x000238ec       0x50 _build/packet_uav.o
 .rodata.str1.4
                0x0002393c      0x289 _build/logging.o
 *fill*         0x00023bc5        0x3 
 .rodata.quadrupel_timer.7147
                0x00023bc8        0x4 _build/timers.o
 .rodata.str1.4
                0x00023bcc       0x11 _build/uart.o
 *fill*         0x00023bdd        0x3 
 .rodata.str1.4
                0x00023be0       0x38 _build/twi.o
 .rodata.str1.4
                0x00023c18       0x12 _build/ble.o
 *fill*         0x00023c2a        0x2 
 .rodata.test   0x00023c2c       0x28 _build/inv_mpu.o
                0x00023c2c                test
 .rodata.str1.4
                0x00023c54       0xa6 _build/inv_mpu.o
 *fill*         0x00023cfa        0x2 
 .rodata.hw     0x00023cfc        0xc _build/inv_mpu.o
                0x00023cfc                hw
 .rodata.reg    0x00023d08       0x1e _build/inv_mpu.o
                0x00023d08                reg
 *fill*         0x00023d26        0x2 
 .rodata        0x00023d28       0x4b _build/inv_mpu_dmp_motion_driver.o
 *fill*         0x00023d73        0x1 
 .rodata.dmp_memory
                0x00023d74      0xbf6 _build/inv_mpu_dmp_motion_driver.o
 *fill*         0x0002496a        0x2 
 .rodata.str1.4
                0x0002496c      0x12a _build/mpu_wrapper.o
 *fill*         0x00024a96        0x2 
 .rodata.str1.4
                0x00024a98       0x27 _build/app_error.o
 *fill*         0x00024abf        0x1 
 .rodata.m_conn_params_timer_id
                0x00024ac0        0x4 _build/ble_conn_params.o
 .rodata        0x00024ac4       0x10 _build/ble_nus.o
 .rodata.str1.4
                0x00024ad4        0x8 /media/ishu/Data/MS/Quarter5/ERTS/lab/Quadcopter/gcc-arm-none-eabi/bin/../lib/gcc/arm-none-eabi/5.4.1/../../../../arm-none-eabi/lib/armv6-m/libm.a(lib_a-w_asin.o)
                                  0x9 (size before relaxing)
 *fill*         0x00024adc        0x4 
 .rodata.atanlo
                0x00024ae0       0x20 /media/ishu/Data/MS/Quarter5/ERTS/lab/Quadcopter/gcc-arm-none-eabi/bin/../lib/gcc/arm-none-eabi/5.4.1/../../../../arm-none-eabi/lib/armv6-m/libm.a(lib_a-s_atan.o)
 .rodata.atanhi
                0x00024b00       0x20 /media/ishu/Data/MS/Quarter5/ERTS/lab/Quadcopter/gcc-arm-none-eabi/bin/../lib/gcc/arm-none-eabi/5.4.1/../../../../arm-none-eabi/lib/armv6-m/libm.a(lib_a-s_atan.o)
 .rodata        0x00024b20       0x80 /media/ishu/Data/MS/Quarter5/ERTS/lab/Quadcopter/gcc-arm-none-eabi/bin/../lib/gcc/arm-none-eabi/5.4.1/armv6-m/libgcc.a(divsf3.o)
 .rodata        0x00024ba0       0x40 /media/ishu/Data/MS/Quarter5/ERTS/lab/Quadcopter/gcc-arm-none-eabi/bin/../lib/gcc/arm-none-eabi/5.4.1/armv6-m/libgcc.a(mulsf3.o)
 .rodata        0x00024be0       0x40 /media/ishu/Data/MS/Quarter5/ERTS/lab/Quadcopter/gcc-arm-none-eabi/bin/../lib/gcc/arm-none-eabi/5.4.1/armv6-m/libgcc.a(divdf3.o)
 .rodata        0x00024c20       0x40 /media/ishu/Data/MS/Quarter5/ERTS/lab/Quadcopter/gcc-arm-none-eabi/bin/../lib/gcc/arm-none-eabi/5.4.1/armv6-m/libgcc.a(muldf3.o)
 .rodata.__sf_fake_stdin
                0x00024c60       0x20 /media/ishu/Data/MS/Quarter5/ERTS/lab/Quadcopter/gcc-arm-none-eabi/bin/../lib/gcc/arm-none-eabi/5.4.1/../../../../arm-none-eabi/lib/armv6-m/libc_nano.a(lib_a-findfp.o)
                0x00024c60                __sf_fake_stdin
 .rodata.__sf_fake_stdout
                0x00024c80       0x20 /media/ishu/Data/MS/Quarter5/ERTS/lab/Quadcopter/gcc-arm-none-eabi/bin/../lib/gcc/arm-none-eabi/5.4.1/../../../../arm-none-eabi/lib/armv6-m/libc_nano.a(lib_a-findfp.o)
                0x00024c80                __sf_fake_stdout
 .rodata.__sf_fake_stderr
                0x00024ca0       0x20 /media/ishu/Data/MS/Quarter5/ERTS/lab/Quadcopter/gcc-arm-none-eabi/bin/../lib/gcc/arm-none-eabi/5.4.1/../../../../arm-none-eabi/lib/armv6-m/libc_nano.a(lib_a-findfp.o)
                0x00024ca0                __sf_fake_stderr
 .rodata.str1.1
                0x00024cc0       0x11 /media/ishu/Data/MS/Quarter5/ERTS/lab/Quadcopter/gcc-arm-none-eabi/bin/../lib/gcc/arm-none-eabi/5.4.1/../../../../arm-none-eabi/lib/armv6-m/libc_nano.a(lib_a-nano-svfprintf.o)
 .rodata.str1.1
                0x00024cd1       0x11 /media/ishu/Data/MS/Quarter5/ERTS/lab/Quadcopter/gcc-arm-none-eabi/bin/../lib/gcc/arm-none-eabi/5.4.1/../../../../arm-none-eabi/lib/armv6-m/libc_nano.a(lib_a-nano-vfprintf.o)
 .rodata.str1.1
                0x00024cd1       0x22 /media/ishu/Data/MS/Quarter5/ERTS/lab/Quadcopter/gcc-arm-none-eabi/bin/../lib/gcc/arm-none-eabi/5.4.1/../../../../arm-none-eabi/lib/armv6-m/libc_nano.a(lib_a-nano-vfprintf_i.o)
 *(.eh_frame*)
 *fill*         0x00024cf3        0x1 
 .eh_frame      0x00024cf4        0x0 /media/ishu/Data/MS/Quarter5/ERTS/lab/Quadcopter/gcc-arm-none-eabi/bin/../lib/gcc/arm-none-eabi/5.4.1/armv6-m/crtbegin.o
                0x00024cf4                . = ALIGN (0x4)

.glue_7         0x00024cf4        0x0
 .glue_7        0x00024cf4        0x0 linker stubs

.glue_7t        0x00024cf4        0x0
 .glue_7t       0x00024cf4        0x0 linker stubs

.vfp11_veneer   0x00024cf4        0x0
 .vfp11_veneer  0x00024cf4        0x0 linker stubs

.v4_bx          0x00024cf4        0x0
 .v4_bx         0x00024cf4        0x0 linker stubs

.iplt           0x00024cf4        0x0
 .iplt          0x00024cf4        0x0 /media/ishu/Data/MS/Quarter5/ERTS/lab/Quadcopter/gcc-arm-none-eabi/bin/../lib/gcc/arm-none-eabi/5.4.1/armv6-m/crtbegin.o

.ARM.extab      0x00024cf4        0x0
 *(.ARM.extab* .gnu.linkonce.armextab.*)
                0x00024cf4                . = ALIGN (0x4)
                0x00024cf4                __exidx_start = .

.ARM.exidx      0x00024cf4        0x8
 *(.ARM.exidx* .gnu.linkonce.armexidx.*)
 .ARM.exidx     0x00024cf4        0x8 /media/ishu/Data/MS/Quarter5/ERTS/lab/Quadcopter/gcc-arm-none-eabi/bin/../lib/gcc/arm-none-eabi/5.4.1/../../../../arm-none-eabi/lib/armv6-m/crt0.o
 .ARM.exidx     0x00024cfc        0x0 _build/gcc_startup_nrf51.o
                                  0x8 (size before relaxing)
                0x00024cfc                . = ALIGN (0x4)
                0x00024cfc                __exidx_end = .
                0x00024cfc                __etext = .

.rel.dyn        0x00024cfc        0x0
 .rel.iplt      0x00024cfc        0x0 /media/ishu/Data/MS/Quarter5/ERTS/lab/Quadcopter/gcc-arm-none-eabi/bin/../lib/gcc/arm-none-eabi/5.4.1/armv6-m/crtbegin.o

.data           0x20002000       0xb4 load address 0x00024cfc
                0x20002000                __data_start__ = .
 *(vtable)
 *(.data*)
 .data.impure_data
                0x20002000       0x60 /media/ishu/Data/MS/Quarter5/ERTS/lab/Quadcopter/gcc-arm-none-eabi/bin/../lib/gcc/arm-none-eabi/5.4.1/../../../../arm-none-eabi/lib/armv6-m/libc_nano.a(lib_a-impure.o)
 .data._impure_ptr
                0x20002060        0x4 /media/ishu/Data/MS/Quarter5/ERTS/lab/Quadcopter/gcc-arm-none-eabi/bin/../lib/gcc/arm-none-eabi/5.4.1/../../../../arm-none-eabi/lib/armv6-m/libc_nano.a(lib_a-impure.o)
                0x20002060                _impure_ptr
 .data.txd_available
                0x20002064        0x1 _build/uart.o
                0x20002064                txd_available
 *fill*         0x20002065        0x3 
 .data.m_adv_uuids
                0x20002068        0x4 _build/ble.o
 .data.m_conn_handle
                0x2000206c        0x2 _build/ble.o
 *fill*         0x2000206e        0x2 
 .data.st       0x20002070       0x2c _build/inv_mpu.o
 .data.gyro_orientation.7067
                0x2000209c        0x9 _build/mpu_wrapper.o
 *fill*         0x200020a5        0x1 
 .data.current_slave_link_conn_handle.7275
                0x200020a6        0x2 _build/ble_advertising.o
 .data.__fdlib_version
                0x200020a8        0x1 /media/ishu/Data/MS/Quarter5/ERTS/lab/Quadcopter/gcc-arm-none-eabi/bin/../lib/gcc/arm-none-eabi/5.4.1/../../../../arm-none-eabi/lib/armv6-m/libm.a(lib_a-s_lib_ver.o)
                0x200020a8                __fdlib_version
                0x200020ac                . = ALIGN (0x4)
 *fill*         0x200020a9        0x3 
                0x200020ac                PROVIDE (__preinit_array_start, .)
 *(.preinit_array)
                0x200020ac                PROVIDE (__preinit_array_end, .)
                0x200020ac                . = ALIGN (0x4)
                0x200020ac                PROVIDE (__init_array_start, .)
 *(SORT(.init_array.*))
 *(.init_array)
 .init_array    0x200020ac        0x4 /media/ishu/Data/MS/Quarter5/ERTS/lab/Quadcopter/gcc-arm-none-eabi/bin/../lib/gcc/arm-none-eabi/5.4.1/armv6-m/crtbegin.o
                0x200020b0                PROVIDE (__init_array_end, .)
                0x200020b0                . = ALIGN (0x4)
                [!provide]                PROVIDE (__fini_array_start, .)
 *(SORT(.fini_array.*))
 *(.fini_array)
 .fini_array    0x200020b0        0x4 /media/ishu/Data/MS/Quarter5/ERTS/lab/Quadcopter/gcc-arm-none-eabi/bin/../lib/gcc/arm-none-eabi/5.4.1/armv6-m/crtbegin.o
                [!provide]                PROVIDE (__fini_array_end, .)
 *(.jcr)
 .jcr           0x200020b4        0x0 /media/ishu/Data/MS/Quarter5/ERTS/lab/Quadcopter/gcc-arm-none-eabi/bin/../lib/gcc/arm-none-eabi/5.4.1/armv6-m/crtbegin.o
                0x200020b4                . = ALIGN (0x4)
                0x200020b4                __data_end__ = .

.igot.plt       0x200020b4        0x0 load address 0x00024db0
 .igot.plt      0x200020b4        0x0 /media/ishu/Data/MS/Quarter5/ERTS/lab/Quadcopter/gcc-arm-none-eabi/bin/../lib/gcc/arm-none-eabi/5.4.1/armv6-m/crtbegin.o

.bss            0x200020b4      0xaa0 load address 0x00024db0
                0x200020b4                . = ALIGN (0x4)
                0x200020b4                __bss_start__ = .
 *(.bss*)
 .bss           0x200020b4       0x1c /media/ishu/Data/MS/Quarter5/ERTS/lab/Quadcopter/gcc-arm-none-eabi/bin/../lib/gcc/arm-none-eabi/5.4.1/armv6-m/crtbegin.o
 .bss.height_counter.7615
                0x200020d0        0x1 _build/control.o
 *fill*         0x200020d1        0x1 
 .bss.prev_height_rate.7624
                0x200020d2        0x2 _build/control.o
 .bss.avg_pressure.7630
                0x200020d4        0x4 _build/control.o
 .bss.count.7626
                0x200020d8        0x4 _build/control.o
 .bss.outer_counter
                0x200020dc        0x1 _build/control.o
                0x200020dc                outer_counter
 .bss.calibration_flag
                0x200020dd        0x1 _build/sensors.o
                0x200020dd                calibration_flag
 .bss.dcsaz     0x200020de        0x2 _build/sensors.o
                0x200020de                dcsaz
 .bss.fpdcsax   0x200020e0        0x4 _build/sensors.o
                0x200020e0                fpdcsax
 .bss.fpdcsay   0x200020e4        0x4 _build/sensors.o
                0x200020e4                fpdcsay
 .bss.fpdcsaz   0x200020e8        0x4 _build/sensors.o
                0x200020e8                fpdcsaz
 .bss.dcsax     0x200020ec        0x2 _build/sensors.o
                0x200020ec                dcsax
 .bss.dcsay     0x200020ee        0x2 _build/sensors.o
                0x200020ee                dcsay
 .bss.dcsp      0x200020f0        0x2 _build/sensors.o
                0x200020f0                dcsp
 .bss.dcsq      0x200020f2        0x2 _build/sensors.o
                0x200020f2                dcsq
 .bss.dcsr      0x200020f4        0x2 _build/sensors.o
                0x200020f4                dcsr
 .bss.dcphi     0x200020f6        0x2 _build/sensors.o
                0x200020f6                dcphi
 .bss.dcpsi     0x200020f8        0x2 _build/sensors.o
                0x200020f8                dcpsi
 *fill*         0x200020fa        0x2 
 .bss.dcbaro    0x200020fc        0x4 _build/sensors.o
                0x200020fc                dcbaro
 .bss.dctheta   0x20002100        0x2 _build/sensors.o
                0x20002100                dctheta
 *fill*         0x20002102        0x2 
 .bss.xtheta.3861
                0x20002104        0xc _build/filters.o
 .bss.ytheta.3862
                0x20002110        0xc _build/filters.o
 .bss.yphi.3860
                0x2000211c        0xc _build/filters.o
 .bss.phiOrient.3874
                0x20002128        0x4 _build/filters.o
 .bss.xpsi.3863
                0x2000212c        0xc _build/filters.o
 .bss.thetaBias20.3873
                0x20002138        0x4 _build/filters.o
 .bss.thetaFpsRate.3877
                0x2000213c        0x4 _build/filters.o
 .bss.phiFpsRate.3876
                0x20002140        0x4 _build/filters.o
 .bss.ypsi.3864
                0x20002144        0xc _build/filters.o
 .bss.thetaOrient.3875
                0x20002150        0x4 _build/filters.o
 .bss.xphi.3859
                0x20002154        0xc _build/filters.o
 .bss.phiBias20.3872
                0x20002160        0x4 _build/filters.o
 .bss.last_received_message.7387
                0x20002164        0x4 _build/packet_uav.o
 .bss.discard_count
                0x20002168        0x1 _build/packet_uav.o
                0x20002168                discard_count
 .bss.no_read_count
                0x20002169        0x1 _build/packet_uav.o
                0x20002169                no_read_count
 .bss.logNum    0x2000216a        0x2 _build/logging.o
 .bss.logMode   0x2000216c        0x1 _build/logging.o
 *fill*         0x2000216d        0x3 
 .bss.APP_TIMER_BUF.7143
                0x20002170      0x1c8 _build/timers.o
 .bss.quadrupel_timer_data.7146
                0x20002338       0x20 _build/timers.o
 .bss.sent      0x20002358        0x1 _build/twi.o
 .bss.read      0x20002359        0x1 _build/twi.o
 .bss.loop_count
                0x2000235a        0x1 _build/baro.o
 *fill*         0x2000235b        0x1 
 .bss.prom      0x2000235c       0x10 _build/baro.o
 .bss.data      0x2000236c        0x3 _build/baro.o
 *fill*         0x2000236f        0x1 
 .bss.data.7060
                0x20002370        0x2 _build/baro.o
 *fill*         0x20002372        0x2 
 .bss.initTime  0x20002374        0x4 _build/baro.o
                0x20002374                initTime
 .bss.m_nus     0x20002378       0x1c _build/ble.o
 .bss.BLE_EVT_BUFFER.8991
                0x20002394       0x48 _build/ble.o
 .bss.spi_config_table
                0x200023dc        0xc _build/spi_flash.o
 .bss.SPI       0x200023e8        0x4 _build/spi_flash.o
 .bss.dmp       0x200023ec       0x10 _build/inv_mpu_dmp_motion_driver.o
 .bss.m_ticks_latest
                0x200023fc        0x4 _build/app_timer.o
 .bss.mp_timer_id_head
                0x20002400        0x4 _build/app_timer.o
 .bss.m_evt_schedule_func
                0x20002404        0x4 _build/app_timer.o
 .bss.m_user_array_size
                0x20002408        0x1 _build/app_timer.o
 *fill*         0x20002409        0x3 
 .bss.mp_users  0x2000240c        0x4 _build/app_timer.o
 .bss.m_ticks_elapsed_q_read_ind
                0x20002410        0x1 _build/app_timer.o
 .bss.m_ticks_elapsed_q_write_ind
                0x20002411        0x1 _build/app_timer.o
 .bss.m_rtc1_reset
                0x20002412        0x1 _build/app_timer.o
 *fill*         0x20002413        0x1 
 .bss.m_ticks_elapsed
                0x20002414        0x8 _build/app_timer.o
 .bss.m_rtc1_running
                0x2000241c        0x1 _build/app_timer.o
 *fill*         0x2000241d        0x3 
 .bss.m_cmd_queue
                0x20002420       0xcc _build/pstorage.o
 .bss.m_flags   0x200024ec        0x4 _build/pstorage.o
 .bss.m_advdata
                0x200024f0       0x38 _build/ble_advertising.o
 .bss.m_manuf_specific_data
                0x20002528        0xc _build/ble_advertising.o
 .bss.m_evt_handler
                0x20002534        0x4 _build/ble_advertising.o
 .bss.m_advertising_start_pending
                0x20002538        0x1 _build/ble_advertising.o
 *fill*         0x20002539        0x3 
 .bss.m_manuf_data_array
                0x2000253c       0x1f _build/ble_advertising.o
 .bss.m_whitelist_temporarily_disabled
                0x2000255b        0x1 _build/ble_advertising.o
 .bss.m_error_handler
                0x2000255c        0x4 _build/ble_advertising.o
 .bss.m_peer_address
                0x20002560        0x7 _build/ble_advertising.o
 *fill*         0x20002567        0x1 
 .bss.m_adv_modes_config
                0x20002568       0x24 _build/ble_advertising.o
 .bss.mp_whitelist_addr
                0x2000258c       0x20 _build/ble_advertising.o
 .bss.m_tx_power_level
                0x200025ac        0x1 _build/ble_advertising.o
 *fill*         0x200025ad        0x3 
 .bss.m_whitelist
                0x200025b0       0x10 _build/ble_advertising.o
 .bss.m_service_data_array
                0x200025c0       0x1f _build/ble_advertising.o
 .bss.m_whitelist_reply_expected
                0x200025df        0x1 _build/ble_advertising.o
 .bss.mp_whitelist_irk
                0x200025e0       0x20 _build/ble_advertising.o
 .bss.m_adv_mode_current
                0x20002600        0x1 _build/ble_advertising.o
 .bss.m_peer_addr_reply_expected
                0x20002601        0x1 _build/ble_advertising.o
 *fill*         0x20002602        0x2 
 .bss.m_slave_conn_int
                0x20002604        0x4 _build/ble_advertising.o
 .bss.m_service_data
                0x20002608        0xc _build/ble_advertising.o
 .bss.m_adv_evt
                0x20002614        0x1 _build/ble_advertising.o
 .bss.m_change_param
                0x20002615        0x1 _build/ble_conn_params.o
 *fill*         0x20002616        0x2 
 .bss.m_current_conn_params
                0x20002618        0x8 _build/ble_conn_params.o
 .bss.m_update_count
                0x20002620        0x1 _build/ble_conn_params.o
 *fill*         0x20002621        0x3 
 .bss.m_conn_params_config
                0x20002624       0x1c _build/ble_conn_params.o
 .bss.m_conn_params_timer_id_data
                0x20002640       0x20 _build/ble_conn_params.o
 .bss.m_conn_handle
                0x20002660        0x2 _build/ble_conn_params.o
 *fill*         0x20002662        0x2 
 .bss.m_preferred_conn_params
                0x20002664        0x8 _build/ble_conn_params.o
 .bss.m_softdevice_enabled
                0x2000266c        0x1 _build/softdevice_handler.o
 *fill*         0x2000266d        0x1 
 .bss.m_ble_evt_buffer_size
                0x2000266e        0x2 _build/softdevice_handler.o
 .bss.mp_ble_evt_buffer
                0x20002670        0x4 _build/softdevice_handler.o
 .bss.m_sys_evt_handler
                0x20002674        0x4 _build/softdevice_handler.o
 .bss.m_ble_evt_handler
                0x20002678        0x4 _build/softdevice_handler.o
 .bss.m_evt_schedule_func
                0x2000267c        0x4 _build/softdevice_handler.o
 .bss.__malloc_sbrk_start
                0x20002680        0x4 /media/ishu/Data/MS/Quarter5/ERTS/lab/Quadcopter/gcc-arm-none-eabi/bin/../lib/gcc/arm-none-eabi/5.4.1/../../../../arm-none-eabi/lib/armv6-m/libc_nano.a(lib_a-nano-mallocr.o)
                0x20002680                __malloc_sbrk_start
 .bss.__malloc_free_list
                0x20002684        0x4 /media/ishu/Data/MS/Quarter5/ERTS/lab/Quadcopter/gcc-arm-none-eabi/bin/../lib/gcc/arm-none-eabi/5.4.1/../../../../arm-none-eabi/lib/armv6-m/libc_nano.a(lib_a-nano-mallocr.o)
                0x20002684                __malloc_free_list
 .bss.heap_end.4167
                0x20002688        0x4 /media/ishu/Data/MS/Quarter5/ERTS/lab/Quadcopter/gcc-arm-none-eabi/bin/../lib/gcc/arm-none-eabi/5.4.1/../../../../arm-none-eabi/lib/armv6-m/libnosys.a(sbrk.o)
 *(COMMON)
 COMMON         0x2000268c      0x47d _build/in4073.o
                0x2000268c                yaw_parameter
                0x2000268e                say
                0x20002690                C1
                0x20002691                b
                0x20002692                psi
                0x20002694                sensor_fifo_count
                0x20002695                P1
                0x20002696                saz
                0x20002698                height_mode_flag
                0x2000269c                logCore
                0x200026a0                rx_queue
                0x200027a6                current_mode
                0x200027a8                phi
                0x200027aa                P2
                0x200027ab                prev_mode
                0x200027ac                temperature
                0x200027b0                psi_s
                0x200027b2                new_lift
                0x200027b4                theta
                0x200027b8                pressure
                0x200027bc                C2
                0x200027bd                exit_mode_flag
                0x200027be                mode
                0x200027bf                dcpsi_s
                0x200027c0                tx_queue
                0x200028c6                sax
                0x200028c8                lift
                0x200028c9                P4
                0x200028ca                sq
                0x200028cc                yaw_error
                0x200028ce                bat_volt
                0x200028d0                P3
                0x200028d4                ble_rx_queue
                0x200029da                d
                0x200029dc                sp
                0x200029de                safe_flag
                0x200029df                radio_active
                0x200029e0                motor
                0x200029e8                yaw
                0x200029ec                last_correct_checksum_time
                0x200029f0                prev_lift
                0x200029f2                pitch
                0x200029f3                roll
                0x200029f4                ble_tx_queue
                0x20002afc                ae
                0x20002b04                sr
                0x20002b06                height_lift_flag
                0x20002b07                demo_done
                0x20002b08                P
 *fill*         0x20002b09        0x3 
 COMMON         0x20002b0c       0x28 _build/control.o
                0x20002b0c                roll_overflow
                0x20002b0e                yaw_rate
                0x20002b10                pitch_act
                0x20002b14                height_s
                0x20002b18                yaw_overflow
                0x20002b1a                yaw_prev
                0x20002b1c                yaw_act
                0x20002b1e                pitch_rate_d
                0x20002b20                roll_act
                0x20002b22                height_overflow
                0x20002b24                height_act
                0x20002b26                yaw_s
                0x20002b28                height_rate_d
                0x20002b2a                roll_rate_d
                0x20002b2c                pitch_overflow
                0x20002b30                height_d
 COMMON         0x20002b34        0xc _build/sensors.o
                0x20002b34                fpsax
                0x20002b38                fpsaz
                0x20002b3c                fpsay
 COMMON         0x20002b40        0x5 _build/timers.o
                0x20002b40                global_time
                0x20002b44                timer_flag
 *fill*         0x20002b45        0x3 
 COMMON         0x20002b48        0x8 _build/baro.o
                0x20002b48                D2
                0x20002b4c                D1
 COMMON         0x20002b50        0x4 /media/ishu/Data/MS/Quarter5/ERTS/lab/Quadcopter/gcc-arm-none-eabi/bin/../lib/gcc/arm-none-eabi/5.4.1/../../../../arm-none-eabi/lib/armv6-m/libc_nano.a(lib_a-reent.o)
                0x20002b50                errno
                0x20002b54                . = ALIGN (0x4)
                0x20002b54                __bss_end__ = .

.heap           0x20002b58      0x800
                0x20002b58                __end__ = .
                0x20002b58                end = __end__
 *(.heap*)
 .heap          0x20002b58      0x800 _build/gcc_startup_nrf51.o
                0x20002b58                __HeapBase
                0x20003358                __HeapLimit = .

.stack_dummy    0x20002b58      0x800
 *(.stack*)
 .stack         0x20002b58      0x800 _build/gcc_startup_nrf51.o
                0x20004000                __StackTop = (ORIGIN (RAM) + LENGTH (RAM))
                0x20003800                __StackLimit = (__StackTop - SIZEOF (.stack_dummy))
                0x20004000                PROVIDE (__stack, __StackTop)
                0x00000001                ASSERT ((__StackLimit >= __HeapLimit), region RAM overflowed with stack)
OUTPUT(_build/in4073.out elf32-littlearm)

.ARM.attributes
                0x00000000       0x28
 .ARM.attributes
                0x00000000       0x1e /media/ishu/Data/MS/Quarter5/ERTS/lab/Quadcopter/gcc-arm-none-eabi/bin/../lib/gcc/arm-none-eabi/5.4.1/armv6-m/crti.o
 .ARM.attributes
                0x0000001e       0x2c /media/ishu/Data/MS/Quarter5/ERTS/lab/Quadcopter/gcc-arm-none-eabi/bin/../lib/gcc/arm-none-eabi/5.4.1/armv6-m/crtbegin.o
 .ARM.attributes
                0x0000004a       0x1b /media/ishu/Data/MS/Quarter5/ERTS/lab/Quadcopter/gcc-arm-none-eabi/bin/../lib/gcc/arm-none-eabi/5.4.1/../../../../arm-none-eabi/lib/armv6-m/crt0.o
 .ARM.attributes
                0x00000065       0x2c /media/ishu/Data/MS/Quarter5/ERTS/lab/Quadcopter/gcc-arm-none-eabi/bin/../lib/gcc/arm-none-eabi/5.4.1/../../../../arm-none-eabi/lib/armv6-m/libc_nano.a(lib_a-exit.o)
 .ARM.attributes
                0x00000091       0x2c /media/ishu/Data/MS/Quarter5/ERTS/lab/Quadcopter/gcc-arm-none-eabi/bin/../lib/gcc/arm-none-eabi/5.4.1/../../../../arm-none-eabi/lib/armv6-m/libc_nano.a(lib_a-impure.o)
 .ARM.attributes
                0x000000bd       0x2c /media/ishu/Data/MS/Quarter5/ERTS/lab/Quadcopter/gcc-arm-none-eabi/bin/../lib/gcc/arm-none-eabi/5.4.1/../../../../arm-none-eabi/lib/armv6-m/libc_nano.a(lib_a-init.o)
 .ARM.attributes
                0x000000e9       0x2c /media/ishu/Data/MS/Quarter5/ERTS/lab/Quadcopter/gcc-arm-none-eabi/bin/../lib/gcc/arm-none-eabi/5.4.1/../../../../arm-none-eabi/lib/armv6-m/libc_nano.a(lib_a-memset.o)
 .ARM.attributes
                0x00000115       0x2c /media/ishu/Data/MS/Quarter5/ERTS/lab/Quadcopter/gcc-arm-none-eabi/bin/../lib/gcc/arm-none-eabi/5.4.1/../../../../arm-none-eabi/lib/armv6-m/libnosys.a(_exit.o)
 .ARM.attributes
                0x00000141       0x31 _build/system_nrf51.o
 .ARM.attributes
                0x00000172       0x31 _build/nrf_delay.o
 .ARM.attributes
                0x000001a3       0x31 _build/in4073.o
 .ARM.attributes
                0x000001d4       0x31 _build/control.o
 .ARM.attributes
                0x00000205       0x31 _build/sensors.o
 .ARM.attributes
                0x00000236       0x31 _build/filters.o
 .ARM.attributes
                0x00000267       0x31 _build/fixedp.o
 .ARM.attributes
                0x00000298       0x31 _build/crc.o
 .ARM.attributes
                0x000002c9       0x31 _build/packet.o
 .ARM.attributes
                0x000002fa       0x31 _build/packet_uav.o
 .ARM.attributes
                0x0000032b       0x31 _build/logging.o
 .ARM.attributes
                0x0000035c       0x31 _build/gpio.o
 .ARM.attributes
                0x0000038d       0x31 _build/timers.o
 .ARM.attributes
                0x000003be       0x31 _build/uart.o
 .ARM.attributes
                0x000003ef       0x31 _build/queue.o
 .ARM.attributes
                0x00000420       0x31 _build/twi.o
 .ARM.attributes
                0x00000451       0x31 _build/adc.o
 .ARM.attributes
                0x00000482       0x31 _build/baro.o
 .ARM.attributes
                0x000004b3       0x31 _build/ble.o
 .ARM.attributes
                0x000004e4       0x31 _build/spi_flash.o
 .ARM.attributes
                0x00000515       0x31 _build/inv_mpu.o
 .ARM.attributes
                0x00000546       0x31 _build/inv_mpu_dmp_motion_driver.o
 .ARM.attributes
                0x00000577       0x31 _build/ml.o
 .ARM.attributes
                0x000005a8       0x31 _build/mpu_wrapper.o
 .ARM.attributes
                0x000005d9       0x31 _build/app_error.o
 .ARM.attributes
                0x0000060a       0x31 _build/app_timer.o
 .ARM.attributes
                0x0000063b       0x31 _build/pstorage.o
 .ARM.attributes
                0x0000066c       0x31 _build/ble_advdata.o
 .ARM.attributes
                0x0000069d       0x31 _build/ble_advertising.o
 .ARM.attributes
                0x000006ce       0x31 _build/ble_conn_params.o
 .ARM.attributes
                0x000006ff       0x31 _build/ble_nus.o
 .ARM.attributes
                0x00000730       0x31 _build/softdevice_handler.o
 .ARM.attributes
                0x00000761       0x1b _build/gcc_startup_nrf51.o
 .ARM.attributes
                0x0000077c       0x2c /media/ishu/Data/MS/Quarter5/ERTS/lab/Quadcopter/gcc-arm-none-eabi/bin/../lib/gcc/arm-none-eabi/5.4.1/../../../../arm-none-eabi/lib/armv6-m/libm.a(lib_a-s_fabs.o)
 .ARM.attributes
                0x000007a8       0x2c /media/ishu/Data/MS/Quarter5/ERTS/lab/Quadcopter/gcc-arm-none-eabi/bin/../lib/gcc/arm-none-eabi/5.4.1/../../../../arm-none-eabi/lib/armv6-m/libm.a(lib_a-w_asin.o)
 .ARM.attributes
                0x000007d4       0x2c /media/ishu/Data/MS/Quarter5/ERTS/lab/Quadcopter/gcc-arm-none-eabi/bin/../lib/gcc/arm-none-eabi/5.4.1/../../../../arm-none-eabi/lib/armv6-m/libm.a(lib_a-w_atan2.o)
 .ARM.attributes
                0x00000800       0x2c /media/ishu/Data/MS/Quarter5/ERTS/lab/Quadcopter/gcc-arm-none-eabi/bin/../lib/gcc/arm-none-eabi/5.4.1/../../../../arm-none-eabi/lib/armv6-m/libm.a(lib_a-e_asin.o)
 .ARM.attributes
                0x0000082c       0x2c /media/ishu/Data/MS/Quarter5/ERTS/lab/Quadcopter/gcc-arm-none-eabi/bin/../lib/gcc/arm-none-eabi/5.4.1/../../../../arm-none-eabi/lib/armv6-m/libm.a(lib_a-e_atan2.o)
 .ARM.attributes
                0x00000858       0x2c /media/ishu/Data/MS/Quarter5/ERTS/lab/Quadcopter/gcc-arm-none-eabi/bin/../lib/gcc/arm-none-eabi/5.4.1/../../../../arm-none-eabi/lib/armv6-m/libm.a(lib_a-e_sqrt.o)
 .ARM.attributes
                0x00000884       0x2c /media/ishu/Data/MS/Quarter5/ERTS/lab/Quadcopter/gcc-arm-none-eabi/bin/../lib/gcc/arm-none-eabi/5.4.1/../../../../arm-none-eabi/lib/armv6-m/libm.a(lib_a-s_atan.o)
 .ARM.attributes
                0x000008b0       0x2c /media/ishu/Data/MS/Quarter5/ERTS/lab/Quadcopter/gcc-arm-none-eabi/bin/../lib/gcc/arm-none-eabi/5.4.1/../../../../arm-none-eabi/lib/armv6-m/libm.a(lib_a-s_lib_ver.o)
 .ARM.attributes
                0x000008dc       0x2c /media/ishu/Data/MS/Quarter5/ERTS/lab/Quadcopter/gcc-arm-none-eabi/bin/../lib/gcc/arm-none-eabi/5.4.1/../../../../arm-none-eabi/lib/armv6-m/libm.a(lib_a-s_matherr.o)
 .ARM.attributes
                0x00000908       0x2c /media/ishu/Data/MS/Quarter5/ERTS/lab/Quadcopter/gcc-arm-none-eabi/bin/../lib/gcc/arm-none-eabi/5.4.1/../../../../arm-none-eabi/lib/armv6-m/libm.a(lib_a-s_nan.o)
 .ARM.attributes
                0x00000934       0x1e /media/ishu/Data/MS/Quarter5/ERTS/lab/Quadcopter/gcc-arm-none-eabi/bin/../lib/gcc/arm-none-eabi/5.4.1/armv6-m/libgcc.a(_udivsi3.o)
 .ARM.attributes
                0x00000952       0x1e /media/ishu/Data/MS/Quarter5/ERTS/lab/Quadcopter/gcc-arm-none-eabi/bin/../lib/gcc/arm-none-eabi/5.4.1/armv6-m/libgcc.a(_divsi3.o)
 .ARM.attributes
                0x00000970       0x1e /media/ishu/Data/MS/Quarter5/ERTS/lab/Quadcopter/gcc-arm-none-eabi/bin/../lib/gcc/arm-none-eabi/5.4.1/armv6-m/libgcc.a(_dvmd_tls.o)
 .ARM.attributes
                0x0000098e       0x1e /media/ishu/Data/MS/Quarter5/ERTS/lab/Quadcopter/gcc-arm-none-eabi/bin/../lib/gcc/arm-none-eabi/5.4.1/armv6-m/libgcc.a(_arm_cmpdf2.o)
 .ARM.attributes
                0x000009ac       0x1e /media/ishu/Data/MS/Quarter5/ERTS/lab/Quadcopter/gcc-arm-none-eabi/bin/../lib/gcc/arm-none-eabi/5.4.1/armv6-m/libgcc.a(_arm_cmpsf2.o)
 .ARM.attributes
                0x000009ca       0x2c /media/ishu/Data/MS/Quarter5/ERTS/lab/Quadcopter/gcc-arm-none-eabi/bin/../lib/gcc/arm-none-eabi/5.4.1/armv6-m/libgcc.a(_muldi3.o)
 .ARM.attributes
                0x000009f6       0x2c /media/ishu/Data/MS/Quarter5/ERTS/lab/Quadcopter/gcc-arm-none-eabi/bin/../lib/gcc/arm-none-eabi/5.4.1/armv6-m/libgcc.a(_fixunssfsi.o)
 .ARM.attributes
                0x00000a22       0x2c /media/ishu/Data/MS/Quarter5/ERTS/lab/Quadcopter/gcc-arm-none-eabi/bin/../lib/gcc/arm-none-eabi/5.4.1/armv6-m/libgcc.a(addsf3.o)
 .ARM.attributes
                0x00000a4e       0x2c /media/ishu/Data/MS/Quarter5/ERTS/lab/Quadcopter/gcc-arm-none-eabi/bin/../lib/gcc/arm-none-eabi/5.4.1/armv6-m/libgcc.a(divsf3.o)
 .ARM.attributes
                0x00000a7a       0x2c /media/ishu/Data/MS/Quarter5/ERTS/lab/Quadcopter/gcc-arm-none-eabi/bin/../lib/gcc/arm-none-eabi/5.4.1/armv6-m/libgcc.a(eqsf2.o)
 .ARM.attributes
                0x00000aa6       0x2c /media/ishu/Data/MS/Quarter5/ERTS/lab/Quadcopter/gcc-arm-none-eabi/bin/../lib/gcc/arm-none-eabi/5.4.1/armv6-m/libgcc.a(gesf2.o)
 .ARM.attributes
                0x00000ad2       0x2c /media/ishu/Data/MS/Quarter5/ERTS/lab/Quadcopter/gcc-arm-none-eabi/bin/../lib/gcc/arm-none-eabi/5.4.1/armv6-m/libgcc.a(lesf2.o)
 .ARM.attributes
                0x00000afe       0x2c /media/ishu/Data/MS/Quarter5/ERTS/lab/Quadcopter/gcc-arm-none-eabi/bin/../lib/gcc/arm-none-eabi/5.4.1/armv6-m/libgcc.a(mulsf3.o)
 .ARM.attributes
                0x00000b2a       0x2c /media/ishu/Data/MS/Quarter5/ERTS/lab/Quadcopter/gcc-arm-none-eabi/bin/../lib/gcc/arm-none-eabi/5.4.1/armv6-m/libgcc.a(subsf3.o)
 .ARM.attributes
                0x00000b56       0x2c /media/ishu/Data/MS/Quarter5/ERTS/lab/Quadcopter/gcc-arm-none-eabi/bin/../lib/gcc/arm-none-eabi/5.4.1/armv6-m/libgcc.a(fixsfsi.o)
 .ARM.attributes
                0x00000b82       0x2c /media/ishu/Data/MS/Quarter5/ERTS/lab/Quadcopter/gcc-arm-none-eabi/bin/../lib/gcc/arm-none-eabi/5.4.1/armv6-m/libgcc.a(floatsisf.o)
 .ARM.attributes
                0x00000bae       0x2c /media/ishu/Data/MS/Quarter5/ERTS/lab/Quadcopter/gcc-arm-none-eabi/bin/../lib/gcc/arm-none-eabi/5.4.1/armv6-m/libgcc.a(floatunsisf.o)
 .ARM.attributes
                0x00000bda       0x2c /media/ishu/Data/MS/Quarter5/ERTS/lab/Quadcopter/gcc-arm-none-eabi/bin/../lib/gcc/arm-none-eabi/5.4.1/armv6-m/libgcc.a(adddf3.o)
 .ARM.attributes
                0x00000c06       0x2c /media/ishu/Data/MS/Quarter5/ERTS/lab/Quadcopter/gcc-arm-none-eabi/bin/../lib/gcc/arm-none-eabi/5.4.1/armv6-m/libgcc.a(divdf3.o)
 .ARM.attributes
                0x00000c32       0x2c /media/ishu/Data/MS/Quarter5/ERTS/lab/Quadcopter/gcc-arm-none-eabi/bin/../lib/gcc/arm-none-eabi/5.4.1/armv6-m/libgcc.a(eqdf2.o)
 .ARM.attributes
                0x00000c5e       0x2c /media/ishu/Data/MS/Quarter5/ERTS/lab/Quadcopter/gcc-arm-none-eabi/bin/../lib/gcc/arm-none-eabi/5.4.1/armv6-m/libgcc.a(gedf2.o)
 .ARM.attributes
                0x00000c8a       0x2c /media/ishu/Data/MS/Quarter5/ERTS/lab/Quadcopter/gcc-arm-none-eabi/bin/../lib/gcc/arm-none-eabi/5.4.1/armv6-m/libgcc.a(ledf2.o)
 .ARM.attributes
                0x00000cb6       0x2c /media/ishu/Data/MS/Quarter5/ERTS/lab/Quadcopter/gcc-arm-none-eabi/bin/../lib/gcc/arm-none-eabi/5.4.1/armv6-m/libgcc.a(muldf3.o)
 .ARM.attributes
                0x00000ce2       0x2c /media/ishu/Data/MS/Quarter5/ERTS/lab/Quadcopter/gcc-arm-none-eabi/bin/../lib/gcc/arm-none-eabi/5.4.1/armv6-m/libgcc.a(subdf3.o)
 .ARM.attributes
                0x00000d0e       0x2c /media/ishu/Data/MS/Quarter5/ERTS/lab/Quadcopter/gcc-arm-none-eabi/bin/../lib/gcc/arm-none-eabi/5.4.1/armv6-m/libgcc.a(unorddf2.o)
 .ARM.attributes
                0x00000d3a       0x2c /media/ishu/Data/MS/Quarter5/ERTS/lab/Quadcopter/gcc-arm-none-eabi/bin/../lib/gcc/arm-none-eabi/5.4.1/armv6-m/libgcc.a(fixdfsi.o)
 .ARM.attributes
                0x00000d66       0x2c /media/ishu/Data/MS/Quarter5/ERTS/lab/Quadcopter/gcc-arm-none-eabi/bin/../lib/gcc/arm-none-eabi/5.4.1/armv6-m/libgcc.a(extendsfdf2.o)
 .ARM.attributes
                0x00000d92       0x1e /media/ishu/Data/MS/Quarter5/ERTS/lab/Quadcopter/gcc-arm-none-eabi/bin/../lib/gcc/arm-none-eabi/5.4.1/armv6-m/libgcc.a(_clzsi2.o)
 .ARM.attributes
                0x00000db0       0x2c /media/ishu/Data/MS/Quarter5/ERTS/lab/Quadcopter/gcc-arm-none-eabi/bin/../lib/gcc/arm-none-eabi/5.4.1/../../../../arm-none-eabi/lib/armv6-m/libc_nano.a(lib_a-errno.o)
 .ARM.attributes
                0x00000ddc       0x2c /media/ishu/Data/MS/Quarter5/ERTS/lab/Quadcopter/gcc-arm-none-eabi/bin/../lib/gcc/arm-none-eabi/5.4.1/../../../../arm-none-eabi/lib/armv6-m/libc_nano.a(lib_a-malloc.o)
 .ARM.attributes
                0x00000e08       0x2c /media/ishu/Data/MS/Quarter5/ERTS/lab/Quadcopter/gcc-arm-none-eabi/bin/../lib/gcc/arm-none-eabi/5.4.1/../../../../arm-none-eabi/lib/armv6-m/libc_nano.a(lib_a-memcmp.o)
 .ARM.attributes
                0x00000e34       0x2c /media/ishu/Data/MS/Quarter5/ERTS/lab/Quadcopter/gcc-arm-none-eabi/bin/../lib/gcc/arm-none-eabi/5.4.1/../../../../arm-none-eabi/lib/armv6-m/libc_nano.a(lib_a-memcpy-stub.o)
 .ARM.attributes
                0x00000e60       0x2c /media/ishu/Data/MS/Quarter5/ERTS/lab/Quadcopter/gcc-arm-none-eabi/bin/../lib/gcc/arm-none-eabi/5.4.1/../../../../arm-none-eabi/lib/armv6-m/libc_nano.a(lib_a-nano-freer.o)
 .ARM.attributes
                0x00000e8c       0x2c /media/ishu/Data/MS/Quarter5/ERTS/lab/Quadcopter/gcc-arm-none-eabi/bin/../lib/gcc/arm-none-eabi/5.4.1/../../../../arm-none-eabi/lib/armv6-m/libc_nano.a(lib_a-nano-mallocr.o)
 .ARM.attributes
                0x00000eb8       0x2c /media/ishu/Data/MS/Quarter5/ERTS/lab/Quadcopter/gcc-arm-none-eabi/bin/../lib/gcc/arm-none-eabi/5.4.1/../../../../arm-none-eabi/lib/armv6-m/libc_nano.a(lib_a-printf.o)
 .ARM.attributes
                0x00000ee4       0x2c /media/ishu/Data/MS/Quarter5/ERTS/lab/Quadcopter/gcc-arm-none-eabi/bin/../lib/gcc/arm-none-eabi/5.4.1/../../../../arm-none-eabi/lib/armv6-m/libc_nano.a(lib_a-sbrkr.o)
 .ARM.attributes
                0x00000f10       0x2c /media/ishu/Data/MS/Quarter5/ERTS/lab/Quadcopter/gcc-arm-none-eabi/bin/../lib/gcc/arm-none-eabi/5.4.1/../../../../arm-none-eabi/lib/armv6-m/libc_nano.a(lib_a-sprintf.o)
 .ARM.attributes
                0x00000f3c       0x1c /media/ishu/Data/MS/Quarter5/ERTS/lab/Quadcopter/gcc-arm-none-eabi/bin/../lib/gcc/arm-none-eabi/5.4.1/../../../../arm-none-eabi/lib/armv6-m/libc_nano.a(lib_a-strlen.o)
 .ARM.attributes
                0x00000f58       0x2c /media/ishu/Data/MS/Quarter5/ERTS/lab/Quadcopter/gcc-arm-none-eabi/bin/../lib/gcc/arm-none-eabi/5.4.1/../../../../arm-none-eabi/lib/armv6-m/libc_nano.a(lib_a-findfp.o)
 .ARM.attributes
                0x00000f84       0x2c /media/ishu/Data/MS/Quarter5/ERTS/lab/Quadcopter/gcc-arm-none-eabi/bin/../lib/gcc/arm-none-eabi/5.4.1/../../../../arm-none-eabi/lib/armv6-m/libc_nano.a(lib_a-fwalk.o)
 .ARM.attributes
                0x00000fb0       0x2c /media/ishu/Data/MS/Quarter5/ERTS/lab/Quadcopter/gcc-arm-none-eabi/bin/../lib/gcc/arm-none-eabi/5.4.1/../../../../arm-none-eabi/lib/armv6-m/libc_nano.a(lib_a-mlock.o)
 .ARM.attributes
                0x00000fdc       0x2c /media/ishu/Data/MS/Quarter5/ERTS/lab/Quadcopter/gcc-arm-none-eabi/bin/../lib/gcc/arm-none-eabi/5.4.1/../../../../arm-none-eabi/lib/armv6-m/libc_nano.a(lib_a-nano-svfprintf.o)
 .ARM.attributes
                0x00001008       0x2c /media/ishu/Data/MS/Quarter5/ERTS/lab/Quadcopter/gcc-arm-none-eabi/bin/../lib/gcc/arm-none-eabi/5.4.1/../../../../arm-none-eabi/lib/armv6-m/libc_nano.a(lib_a-nano-vfprintf.o)
 .ARM.attributes
                0x00001034       0x2c /media/ishu/Data/MS/Quarter5/ERTS/lab/Quadcopter/gcc-arm-none-eabi/bin/../lib/gcc/arm-none-eabi/5.4.1/../../../../arm-none-eabi/lib/armv6-m/libc_nano.a(lib_a-nano-vfprintf_i.o)
 .ARM.attributes
                0x00001060       0x2c /media/ishu/Data/MS/Quarter5/ERTS/lab/Quadcopter/gcc-arm-none-eabi/bin/../lib/gcc/arm-none-eabi/5.4.1/../../../../arm-none-eabi/lib/armv6-m/libc_nano.a(lib_a-reent.o)
 .ARM.attributes
                0x0000108c       0x2c /media/ishu/Data/MS/Quarter5/ERTS/lab/Quadcopter/gcc-arm-none-eabi/bin/../lib/gcc/arm-none-eabi/5.4.1/../../../../arm-none-eabi/lib/armv6-m/libc_nano.a(lib_a-stdio.o)
 .ARM.attributes
                0x000010b8       0x2c /media/ishu/Data/MS/Quarter5/ERTS/lab/Quadcopter/gcc-arm-none-eabi/bin/../lib/gcc/arm-none-eabi/5.4.1/../../../../arm-none-eabi/lib/armv6-m/libc_nano.a(lib_a-wbuf.o)
 .ARM.attributes
                0x000010e4       0x2c /media/ishu/Data/MS/Quarter5/ERTS/lab/Quadcopter/gcc-arm-none-eabi/bin/../lib/gcc/arm-none-eabi/5.4.1/../../../../arm-none-eabi/lib/armv6-m/libc_nano.a(lib_a-writer.o)
 .ARM.attributes
                0x00001110       0x2c /media/ishu/Data/MS/Quarter5/ERTS/lab/Quadcopter/gcc-arm-none-eabi/bin/../lib/gcc/arm-none-eabi/5.4.1/../../../../arm-none-eabi/lib/armv6-m/libc_nano.a(lib_a-wsetup.o)
 .ARM.attributes
                0x0000113c       0x2c /media/ishu/Data/MS/Quarter5/ERTS/lab/Quadcopter/gcc-arm-none-eabi/bin/../lib/gcc/arm-none-eabi/5.4.1/../../../../arm-none-eabi/lib/armv6-m/libc_nano.a(lib_a-closer.o)
 .ARM.attributes
                0x00001168       0x2c /media/ishu/Data/MS/Quarter5/ERTS/lab/Quadcopter/gcc-arm-none-eabi/bin/../lib/gcc/arm-none-eabi/5.4.1/../../../../arm-none-eabi/lib/armv6-m/libc_nano.a(lib_a-fflush.o)
 .ARM.attributes
                0x00001194       0x2c /media/ishu/Data/MS/Quarter5/ERTS/lab/Quadcopter/gcc-arm-none-eabi/bin/../lib/gcc/arm-none-eabi/5.4.1/../../../../arm-none-eabi/lib/armv6-m/libc_nano.a(lib_a-lseekr.o)
 .ARM.attributes
                0x000011c0       0x2c /media/ishu/Data/MS/Quarter5/ERTS/lab/Quadcopter/gcc-arm-none-eabi/bin/../lib/gcc/arm-none-eabi/5.4.1/../../../../arm-none-eabi/lib/armv6-m/libc_nano.a(lib_a-makebuf.o)
 .ARM.attributes
                0x000011ec       0x2c /media/ishu/Data/MS/Quarter5/ERTS/lab/Quadcopter/gcc-arm-none-eabi/bin/../lib/gcc/arm-none-eabi/5.4.1/../../../../arm-none-eabi/lib/armv6-m/libc_nano.a(lib_a-memchr-stub.o)
 .ARM.attributes
                0x00001218       0x2c /media/ishu/Data/MS/Quarter5/ERTS/lab/Quadcopter/gcc-arm-none-eabi/bin/../lib/gcc/arm-none-eabi/5.4.1/../../../../arm-none-eabi/lib/armv6-m/libc_nano.a(lib_a-memmove.o)
 .ARM.attributes
                0x00001244       0x2c /media/ishu/Data/MS/Quarter5/ERTS/lab/Quadcopter/gcc-arm-none-eabi/bin/../lib/gcc/arm-none-eabi/5.4.1/../../../../arm-none-eabi/lib/armv6-m/libc_nano.a(lib_a-nano-reallocr.o)
 .ARM.attributes
                0x00001270       0x2c /media/ishu/Data/MS/Quarter5/ERTS/lab/Quadcopter/gcc-arm-none-eabi/bin/../lib/gcc/arm-none-eabi/5.4.1/../../../../arm-none-eabi/lib/armv6-m/libc_nano.a(lib_a-readr.o)
 .ARM.attributes
                0x0000129c       0x2c /media/ishu/Data/MS/Quarter5/ERTS/lab/Quadcopter/gcc-arm-none-eabi/bin/../lib/gcc/arm-none-eabi/5.4.1/../../../../arm-none-eabi/lib/armv6-m/libc_nano.a(lib_a-fstatr.o)
 .ARM.attributes
                0x000012c8       0x2c /media/ishu/Data/MS/Quarter5/ERTS/lab/Quadcopter/gcc-arm-none-eabi/bin/../lib/gcc/arm-none-eabi/5.4.1/../../../../arm-none-eabi/lib/armv6-m/libc_nano.a(lib_a-isattyr.o)
 .ARM.attributes
                0x000012f4       0x2c /media/ishu/Data/MS/Quarter5/ERTS/lab/Quadcopter/gcc-arm-none-eabi/bin/../lib/gcc/arm-none-eabi/5.4.1/../../../../arm-none-eabi/lib/armv6-m/libc_nano.a(lib_a-nano-msizer.o)
 .ARM.attributes
                0x00001320       0x1e /media/ishu/Data/MS/Quarter5/ERTS/lab/Quadcopter/gcc-arm-none-eabi/bin/../lib/gcc/arm-none-eabi/5.4.1/armv6-m/crtn.o
 .ARM.attributes
                0x0000133e       0x2c /media/ishu/Data/MS/Quarter5/ERTS/lab/Quadcopter/gcc-arm-none-eabi/bin/../lib/gcc/arm-none-eabi/5.4.1/../../../../arm-none-eabi/lib/armv6-m/libnosys.a(close.o)
 .ARM.attributes
                0x0000136a       0x2c /media/ishu/Data/MS/Quarter5/ERTS/lab/Quadcopter/gcc-arm-none-eabi/bin/../lib/gcc/arm-none-eabi/5.4.1/../../../../arm-none-eabi/lib/armv6-m/libnosys.a(fstat.o)
 .ARM.attributes
                0x00001396       0x2c /media/ishu/Data/MS/Quarter5/ERTS/lab/Quadcopter/gcc-arm-none-eabi/bin/../lib/gcc/arm-none-eabi/5.4.1/../../../../arm-none-eabi/lib/armv6-m/libnosys.a(isatty.o)
 .ARM.attributes
                0x000013c2       0x2c /media/ishu/Data/MS/Quarter5/ERTS/lab/Quadcopter/gcc-arm-none-eabi/bin/../lib/gcc/arm-none-eabi/5.4.1/../../../../arm-none-eabi/lib/armv6-m/libnosys.a(lseek.o)
 .ARM.attributes
                0x000013ee       0x2c /media/ishu/Data/MS/Quarter5/ERTS/lab/Quadcopter/gcc-arm-none-eabi/bin/../lib/gcc/arm-none-eabi/5.4.1/../../../../arm-none-eabi/lib/armv6-m/libnosys.a(read.o)
 .ARM.attributes
                0x0000141a       0x2c /media/ishu/Data/MS/Quarter5/ERTS/lab/Quadcopter/gcc-arm-none-eabi/bin/../lib/gcc/arm-none-eabi/5.4.1/../../../../arm-none-eabi/lib/armv6-m/libnosys.a(sbrk.o)

.comment        0x00000000       0x6e