Archive member included to satisfy reference by file (symbol)

/home/constantinos/RTES/init_software/gcc-arm-none-eabi/bin/../lib/gcc/arm-none-eabi/5.4.1/../../../../arm-none-eabi/lib/armv6-m/libc_nano.a(lib_a-exit.o)
                              /home/constantinos/RTES/init_software/gcc-arm-none-eabi/bin/../lib/gcc/arm-none-eabi/5.4.1/../../../../arm-none-eabi/lib/armv6-m/crt0.o (exit)
/home/constantinos/RTES/init_software/gcc-arm-none-eabi/bin/../lib/gcc/arm-none-eabi/5.4.1/../../../../arm-none-eabi/lib/armv6-m/libc_nano.a(lib_a-impure.o)
                              /home/constantinos/RTES/init_software/gcc-arm-none-eabi/bin/../lib/gcc/arm-none-eabi/5.4.1/../../../../arm-none-eabi/lib/armv6-m/libc_nano.a(lib_a-exit.o) (_global_impure_ptr)
/home/constantinos/RTES/init_software/gcc-arm-none-eabi/bin/../lib/gcc/arm-none-eabi/5.4.1/../../../../arm-none-eabi/lib/armv6-m/libc_nano.a(lib_a-init.o)
                              /home/constantinos/RTES/init_software/gcc-arm-none-eabi/bin/../lib/gcc/arm-none-eabi/5.4.1/../../../../arm-none-eabi/lib/armv6-m/crt0.o (__libc_init_array)
/home/constantinos/RTES/init_software/gcc-arm-none-eabi/bin/../lib/gcc/arm-none-eabi/5.4.1/../../../../arm-none-eabi/lib/armv6-m/libc_nano.a(lib_a-memset.o)
                              /home/constantinos/RTES/init_software/gcc-arm-none-eabi/bin/../lib/gcc/arm-none-eabi/5.4.1/../../../../arm-none-eabi/lib/armv6-m/crt0.o (memset)
/home/constantinos/RTES/init_software/gcc-arm-none-eabi/bin/../lib/gcc/arm-none-eabi/5.4.1/../../../../arm-none-eabi/lib/armv6-m/libnosys.a(_exit.o)
                              /home/constantinos/RTES/init_software/gcc-arm-none-eabi/bin/../lib/gcc/arm-none-eabi/5.4.1/../../../../arm-none-eabi/lib/armv6-m/libc_nano.a(lib_a-exit.o) (_exit)
/home/constantinos/RTES/init_software/gcc-arm-none-eabi/bin/../lib/gcc/arm-none-eabi/5.4.1/../../../../arm-none-eabi/lib/armv6-m/libm.a(lib_a-s_fabs.o)
                              _build/inv_mpu.o (fabs)
/home/constantinos/RTES/init_software/gcc-arm-none-eabi/bin/../lib/gcc/arm-none-eabi/5.4.1/../../../../arm-none-eabi/lib/armv6-m/libm.a(lib_a-w_asin.o)
                              _build/mpu_wrapper.o (asin)
/home/constantinos/RTES/init_software/gcc-arm-none-eabi/bin/../lib/gcc/arm-none-eabi/5.4.1/../../../../arm-none-eabi/lib/armv6-m/libm.a(lib_a-w_atan2.o)
                              _build/mpu_wrapper.o (atan2)
/home/constantinos/RTES/init_software/gcc-arm-none-eabi/bin/../lib/gcc/arm-none-eabi/5.4.1/../../../../arm-none-eabi/lib/armv6-m/libm.a(lib_a-e_asin.o)
                              /home/constantinos/RTES/init_software/gcc-arm-none-eabi/bin/../lib/gcc/arm-none-eabi/5.4.1/../../../../arm-none-eabi/lib/armv6-m/libm.a(lib_a-w_asin.o) (__ieee754_asin)
/home/constantinos/RTES/init_software/gcc-arm-none-eabi/bin/../lib/gcc/arm-none-eabi/5.4.1/../../../../arm-none-eabi/lib/armv6-m/libm.a(lib_a-e_atan2.o)
                              /home/constantinos/RTES/init_software/gcc-arm-none-eabi/bin/../lib/gcc/arm-none-eabi/5.4.1/../../../../arm-none-eabi/lib/armv6-m/libm.a(lib_a-w_atan2.o) (__ieee754_atan2)
/home/constantinos/RTES/init_software/gcc-arm-none-eabi/bin/../lib/gcc/arm-none-eabi/5.4.1/../../../../arm-none-eabi/lib/armv6-m/libm.a(lib_a-e_sqrt.o)
                              /home/constantinos/RTES/init_software/gcc-arm-none-eabi/bin/../lib/gcc/arm-none-eabi/5.4.1/../../../../arm-none-eabi/lib/armv6-m/libm.a(lib_a-e_asin.o) (__ieee754_sqrt)
/home/constantinos/RTES/init_software/gcc-arm-none-eabi/bin/../lib/gcc/arm-none-eabi/5.4.1/../../../../arm-none-eabi/lib/armv6-m/libm.a(lib_a-s_atan.o)
                              /home/constantinos/RTES/init_software/gcc-arm-none-eabi/bin/../lib/gcc/arm-none-eabi/5.4.1/../../../../arm-none-eabi/lib/armv6-m/libm.a(lib_a-e_atan2.o) (atan)
/home/constantinos/RTES/init_software/gcc-arm-none-eabi/bin/../lib/gcc/arm-none-eabi/5.4.1/../../../../arm-none-eabi/lib/armv6-m/libm.a(lib_a-s_lib_ver.o)
                              /home/constantinos/RTES/init_software/gcc-arm-none-eabi/bin/../lib/gcc/arm-none-eabi/5.4.1/../../../../arm-none-eabi/lib/armv6-m/libm.a(lib_a-w_asin.o) (__fdlib_version)
/home/constantinos/RTES/init_software/gcc-arm-none-eabi/bin/../lib/gcc/arm-none-eabi/5.4.1/../../../../arm-none-eabi/lib/armv6-m/libm.a(lib_a-s_matherr.o)
                              /home/constantinos/RTES/init_software/gcc-arm-none-eabi/bin/../lib/gcc/arm-none-eabi/5.4.1/../../../../arm-none-eabi/lib/armv6-m/libm.a(lib_a-w_asin.o) (matherr)
/home/constantinos/RTES/init_software/gcc-arm-none-eabi/bin/../lib/gcc/arm-none-eabi/5.4.1/../../../../arm-none-eabi/lib/armv6-m/libm.a(lib_a-s_nan.o)
                              /home/constantinos/RTES/init_software/gcc-arm-none-eabi/bin/../lib/gcc/arm-none-eabi/5.4.1/../../../../arm-none-eabi/lib/armv6-m/libm.a(lib_a-w_asin.o) (nan)
/home/constantinos/RTES/init_software/gcc-arm-none-eabi/bin/../lib/gcc/arm-none-eabi/5.4.1/armv6-m/libgcc.a(_udivsi3.o)
[...]
Memory Configuration

Name             Origin             Length             Attributes
FLASH            0x00018000         0x00028000         xr
RAM              0x20002000         0x00002000         xrw
*default*        0x00000000         0xffffffff

Linker script and memory map

LOAD /home/constantinos/RTES/init_software/gcc-arm-none-eabi/bin/../lib/gcc/arm-none-eabi/5.4.1/armv6-m/crti.o
LOAD /home/constantinos/RTES/init_software/gcc-arm-none-eabi/bin/../lib/gcc/arm-none-eabi/5.4.1/armv6-m/crtbegin.o
LOAD /home/constantinos/RTES/init_software/gcc-arm-none-eabi/bin/../lib/gcc/arm-none-eabi/5.4.1/../../../../arm-none-eabi/lib/armv6-m/crt0.o
LOAD /home/constantinos/RTES/init_software/gcc-arm-none-eabi/bin/../lib/gcc/arm-none-eabi/5.4.1/../../../../arm-none-eabi/lib/armv6-m/libc_nano.a
LOAD /home/constantinos/RTES/init_software/gcc-arm-none-eabi/bin/../lib/gcc/arm-none-eabi/5.4.1/../../../../arm-none-eabi/lib/armv6-m/libnosys.a
LOAD /home/constantinos/RTES/init_software/gcc-arm-none-eabi/bin/../lib/gcc/arm-none-eabi/5.4.1/../../../../arm-none-eabi/lib/armv6-m/libm.a
LOAD _build/system_nrf51.o
LOAD _build/nrf_delay.o
LOAD _build/in4073.o
LOAD _build/control.o
LOAD _build/sensors.o
LOAD _build/crc.o
LOAD _build/packet.o
LOAD _build/packet_uav.o
LOAD _build/logging.o
LOAD _build/gpio.o
LOAD _build/timers.o
LOAD _build/uart.o
LOAD _build/queue.o
LOAD _build/twi.o
LOAD _build/adc.o
LOAD _build/baro.o
LOAD _build/ble.o
LOAD _build/spi_flash.o
LOAD _build/inv_mpu.o
LOAD _build/inv_mpu_dmp_motion_driver.o
LOAD _build/ml.o
LOAD _build/mpu_wrapper.o
LOAD _build/app_error.o
LOAD _build/app_timer.o
LOAD _build/nrf_assert.o
LOAD _build/nrf_drv_common.o
LOAD _build/pstorage.o
LOAD _build/ble_advdata.o
LOAD _build/ble_advertising.o
LOAD _build/ble_conn_params.o
LOAD _build/ble_nus.o
LOAD _build/ble_srv_common.o
LOAD _build/softdevice_handler.o
LOAD _build/gcc_startup_nrf51.o
LOAD /home/constantinos/RTES/init_software/gcc-arm-none-eabi/bin/../lib/gcc/arm-none-eabi/5.4.1/../../../../arm-none-eabi/lib/armv6-m/libm.a
START GROUP
LOAD /home/constantinos/RTES/init_software/gcc-arm-none-eabi/bin/../lib/gcc/arm-none-eabi/5.4.1/armv6-m/libgcc.a
LOAD /home/constantinos/RTES/init_software/gcc-arm-none-eabi/bin/../lib/gcc/arm-none-eabi/5.4.1/../../../../arm-none-eabi/lib/armv6-m/libc_nano.a
END GROUP
START GROUP
LOAD /home/constantinos/RTES/init_software/gcc-arm-none-eabi/bin/../lib/gcc/arm-none-eabi/5.4.1/armv6-m/libgcc.a
LOAD /home/constantinos/RTES/init_software/gcc-arm-none-eabi/bin/../lib/gcc/arm-none-eabi/5.4.1/../../../../arm-none-eabi/lib/armv6-m/libc_nano.a
END GROUP
LOAD /home/constantinos/RTES/init_software/gcc-arm-none-eabi/bin/../lib/gcc/arm-none-eabi/5.4.1/armv6-m/crtend.o
LOAD /home/constantinos/RTES/init_software/gcc-arm-none-eabi/bin/../lib/gcc/arm-none-eabi/5.4.1/armv6-m/crtn.o
START GROUP
LOAD /home/constantinos/RTES/init_software/gcc-arm-none-eabi/bin/../lib/gcc/arm-none-eabi/5.4.1/armv6-m/libgcc.a
LOAD /home/constantinos/RTES/init_software/gcc-arm-none-eabi/bin/../lib/gcc/arm-none-eabi/5.4.1/../../../../arm-none-eabi/lib/armv6-m/libc.a
LOAD /home/constantinos/RTES/init_software/gcc-arm-none-eabi/bin/../lib/gcc/arm-none-eabi/5.4.1/../../../../arm-none-eabi/lib/armv6-m/libnosys.a
END GROUP

.fs_data_out    0x00000000        0x0
                [!provide]                PROVIDE (__start_fs_data, .)
 *(fs_data)
                [!provide]                PROVIDE (__stop_fs_data, .)

.text           0x00018000     0xc428
 *(.Vectors)
 .Vectors       0x00018000       0xc0 _build/gcc_startup_nrf51.o
                0x00018000                __Vectors
 *(.text*)
 .text          0x000180c0       0x60 /home/constantinos/RTES/init_software/gcc-arm-none-eabi/bin/../lib/gcc/arm-none-eabi/5.4.1/armv6-m/crtbegin.o
 .text          0x00018120       0x78 /home/constantinos/RTES/init_software/gcc-arm-none-eabi/bin/../lib/gcc/arm-none-eabi/5.4.1/../../../../arm-none-eabi/lib/armv6-m/crt0.o
                0x00018120                _mainCRTStartup
                0x00018120                _start
 .text.exit     0x00018198       0x2c /home/constantinos/RTES/init_software/gcc-arm-none-eabi/bin/../lib/gcc/arm-none-eabi/5.4.1/../../../../arm-none-eabi/lib/armv6-m/libc_nano.a(lib_a-exit.o)
                0x00018198                exit
 .text.__libc_init_array
                0x000181c4       0x4c /home/constantinos/RTES/init_software/gcc-arm-none-eabi/bin/../lib/gcc/arm-none-eabi/5.4.1/../../../../arm-none-eabi/lib/armv6-m/libc_nano.a(lib_a-init.o)
                0x000181c4                __libc_init_array
 .text.memset   0x00018210       0x10 /home/constantinos/RTES/init_software/gcc-arm-none-eabi/bin/../lib/gcc/arm-none-eabi/5.4.1/../../../../arm-none-eabi/lib/armv6-m/libc_nano.a(lib_a-memset.o)
                0x00018210                memset
 .text._exit    0x00018220        0x4 /home/constantinos/RTES/init_software/gcc-arm-none-eabi/bin/../lib/gcc/arm-none-eabi/5.4.1/../../../../arm-none-eabi/lib/armv6-m/libnosys.a(_exit.o)
                0x00018220                _exit
 .text.SystemInit
                0x00018224       0x94 _build/system_nrf51.o
                0x00018224                SystemInit
 .text.nrf_delay_ms
                0x000182b8       0x3c _build/nrf_delay.o
                0x000182b8                nrf_delay_ms
 .text.process_mode
                0x000182f4      0x3bc _build/in4073.o
                0x000182f4                process_mode
 .text.startup.main
                0x000186b0      0x37c _build/in4073.o
                0x000186b0                main
 .text.run_filters_and_control
                0x00018a2c        0x4 _build/control.o
                0x00018a2c                run_filters_and_control
 .text.isCalibrated
                0x00018a30        0xc _build/sensors.o
                0x00018a30                isCalibrated
 .text.get_sensor
                0x00018a3c       0xdc _build/sensors.o
                0x00018a3c                get_sensor
 .text.insert_data
                0x00018b18      0x13c _build/sensors.o
                0x00018b18                insert_data
 .text.calibrate_sensors
                0x00018c54      0x730 _build/sensors.o
                0x00018c54                calibrate_sensors
 .text.crc_message
                0x00019384       0x20 _build/crc.o
                0x00019384                crc_message
 .text.generate_core
                0x000193a4       0x18 _build/packet.o
                0x000193a4                generate_core
 .text.decode   0x000193bc       0xe8 _build/packet_uav.o
                0x000193bc                decode
 .text.init_logging
                0x000194a4       0x44 _build/logging.o
                0x000194a4                init_logging
 .text.select_log_mode
                0x000194e8       0x48 _build/logging.o
                0x000194e8                select_log_mode
 .text.write_short_log
                0x00019530       0xa4 _build/logging.o
                0x00019530                write_short_log
 .text.write_log_entry
                0x000195d4      0x124 _build/logging.o
                0x000195d4                write_log_entry
 .text.print_last_log
                0x000196f8      0x140 _build/logging.o
                0x000196f8                print_last_log
 .text.gpio_init
                0x00019838       0x8c _build/gpio.o
                0x00019838                gpio_init
 .text.quadrupel_timer_handler
                0x000198c4        0xc _build/timers.o
                0x000198c4                quadrupel_timer_handler
 .text.TIMER2_IRQHandler
                0x000198d0       0xb8 _build/timers.o
                0x000198d0                TIMER2_IRQHandler
 .text.TIMER1_IRQHandler
                0x00019988       0xac _build/timers.o
                0x00019988                TIMER1_IRQHandler
 .text.get_time_us
                0x00019a34       0x20 _build/timers.o
                0x00019a34                get_time_us
 .text.check_timer_flag
                0x00019a54        0xc _build/timers.o
                0x00019a54                check_timer_flag
 .text.clear_timer_flag
                0x00019a60        0xc _build/timers.o
                0x00019a60                clear_timer_flag
 .text.timers_init
                0x00019a6c      0x1d4 _build/timers.o
                0x00019a6c                timers_init
 .text._write   0x00019c40       0x84 _build/uart.o
                0x00019c40                _write
 .text.UART0_IRQHandler
                0x00019cc4       0x84 _build/uart.o
                0x00019cc4                UART0_IRQHandler
 .text.uart_init
                0x00019d48       0xa0 _build/uart.o
                0x00019d48                uart_init
 .text.init_queue
                0x00019de8       0x14 _build/queue.o
                0x00019de8                init_queue
 .text.enqueue  0x00019dfc       0x1c _build/queue.o
                0x00019dfc                enqueue
 .text.dequeue  0x00019e18       0x20 _build/queue.o
                0x00019e18                dequeue
 .text.i2c_read
                0x00019e38       0xc0 _build/twi.o
                0x00019e38                i2c_read
 .text.i2c_write
                0x00019ef8       0x70 _build/twi.o
                0x00019ef8                i2c_write
 .text.SPI0_TWI0_IRQHandler
                0x00019f68       0x70 _build/twi.o
                0x00019f68                SPI0_TWI0_IRQHandler
 .text.twi_init
                0x00019fd8       0x84 _build/twi.o
                0x00019fd8                twi_init
 .text.ADC_IRQHandler
                0x0001a05c       0x24 _build/adc.o
                0x0001a05c                ADC_IRQHandler
 .text.adc_init
                0x0001a080       0x3c _build/adc.o
                0x0001a080                adc_init
 .text.read_baro
                0x0001a0bc      0x1b4 _build/baro.o
                0x0001a0bc                read_baro
 .text.baro_init
                0x0001a270       0x34 _build/baro.o
                0x0001a270                baro_init
 .text.sd_ble_gap_disconnect
                0x0001a2a4        0x4 _build/ble.o
 .text.sd_ble_gap_ppcp_set
                0x0001a2a8        0x4 _build/ble.o
 .text.sd_ble_gap_device_name_set
                0x0001a2ac        0x4 _build/ble.o
 .text.sd_ble_gap_sec_params_reply
                0x0001a2b0        0x4 _build/ble.o
 .text.sd_ble_gatts_sys_attr_set
                0x0001a2b4        0x4 _build/ble.o
 .text.sd_ble_enable
                0x0001a2b8        0x4 _build/ble.o
 .text.sd_nvic_EnableIRQ
                0x0001a2bc        0x4 _build/ble.o
 .text.sd_nvic_ClearPendingIRQ
                0x0001a2c0        0x4 _build/ble.o
 .text.sd_nvic_SetPriority
                0x0001a2c4        0x4 _build/ble.o
 .text.sd_radio_notification_cfg_set
                0x0001a2c8        0x4 _build/ble.o
 .text.conn_params_error_handler
                0x0001a2cc       0x1c _build/ble.o
 .text.nus_data_handler
                0x0001a2e8       0x20 _build/ble.o
 .text.ble_evt_dispatch
                0x0001a308       0x94 _build/ble.o
 .text.on_conn_params_evt
                0x0001a39c       0x38 _build/ble.o
 .text.SWI1_IRQHandler
                0x0001a3d4       0x10 _build/ble.o
                0x0001a3d4                SWI1_IRQHandler
 .text.ble_init
                0x0001a3e4      0x204 _build/ble.o
                0x0001a3e4                ble_init
 .text.flash_chip_erase
                0x0001a5e8       0x9c _build/spi_flash.o
                0x0001a5e8                flash_chip_erase
 .text.flash_write_bytes
                0x0001a684      0x248 _build/spi_flash.o
                0x0001a684                flash_write_bytes
 .text.flash_read_bytes
                0x0001a8cc       0xf0 _build/spi_flash.o
                0x0001a8cc                flash_read_bytes
 .text.spi_flash_init
                0x0001a9bc      0x230 _build/spi_flash.o
                0x0001a9bc                spi_flash_init
 .text.mpu_reset_fifo
                0x0001abec      0x15c _build/inv_mpu.o
                0x0001abec                mpu_reset_fifo
 .text.mpu_lp_accel_mode
                0x0001ad48      0x1b8 _build/inv_mpu.o
                0x0001ad48                mpu_lp_accel_mode
 .text.mpu_get_accel_fsr
                0x0001af00       0x4c _build/inv_mpu.o
                0x0001af00                mpu_get_accel_fsr
 .text.mpu_set_lpf
                0x0001af4c       0x78 _build/inv_mpu.o
                0x0001af4c                mpu_set_lpf
 .text.mpu_set_sample_rate
                0x0001afc4      0x168 _build/inv_mpu.o
                0x0001afc4                mpu_set_sample_rate
 .text.mpu_configure_fifo
                0x0001b12c       0xd0 _build/inv_mpu.o
                0x0001b12c                mpu_configure_fifo
 .text.mpu_set_sensors
                0x0001b1fc      0x140 _build/inv_mpu.o
                0x0001b1fc                mpu_set_sensors
 .text.mpu_init
                0x0001b33c      0x1f4 _build/inv_mpu.o
                0x0001b33c                mpu_init
 .text.mpu_read_fifo_stream
                0x0001b530       0xb0 _build/inv_mpu.o
                0x0001b530                mpu_read_fifo_stream
 .text.mpu_set_int_level
                0x0001b5e0       0x10 _build/inv_mpu.o
                0x0001b5e0                mpu_set_int_level
 .text.mpu_set_int_latched
                0x0001b5f0       0x68 _build/inv_mpu.o
                0x0001b5f0                mpu_set_int_latched
 .text.mpu_write_mem
                0x0001b658       0x58 _build/inv_mpu.o
                0x0001b658                mpu_write_mem
 .text.mpu_load_firmware
                0x0001b6b0      0x15c _build/inv_mpu.o
                0x0001b6b0                mpu_load_firmware
 .text.mpu_set_dmp_state
                0x0001b80c      0x174 _build/inv_mpu.o
                0x0001b80c                mpu_set_dmp_state
 .text.dmp_load_motion_driver_firmware
                0x0001b980       0x1c _build/inv_mpu_dmp_motion_driver.o
                0x0001b980                dmp_load_motion_driver_firmware
 .text.dmp_set_orientation
                0x0001b99c      0x118 _build/inv_mpu_dmp_motion_driver.o
                0x0001b99c                dmp_set_orientation
 .text.dmp_set_fifo_rate
                0x0001bab4       0x64 _build/inv_mpu_dmp_motion_driver.o
                0x0001bab4                dmp_set_fifo_rate
 .text.dmp_set_tap_thresh
                0x0001bb18      0x164 _build/inv_mpu_dmp_motion_driver.o
                0x0001bb18                dmp_set_tap_thresh
 .text.dmp_enable_feature
                0x0001bc7c      0x28c _build/inv_mpu_dmp_motion_driver.o
                0x0001bc7c                dmp_enable_feature
 .text.dmp_read_fifo
                0x0001bf08      0x20c _build/inv_mpu_dmp_motion_driver.o
                0x0001bf08                dmp_read_fifo
 .text.inv_orientation_matrix_to_scalar
                0x0001c114      0x11c _build/ml.o
                0x0001c114                inv_orientation_matrix_to_scalar
 .text.get_dmp_data
                0x0001c230      0x218 _build/mpu_wrapper.o
                0x0001c230                get_dmp_data
 .text.check_sensor_int_flag
                0x0001c448       0x20 _build/mpu_wrapper.o
                0x0001c448                check_sensor_int_flag
 .text.imu_init
                0x0001c468      0x10c _build/mpu_wrapper.o
                0x0001c468                imu_init
 .text.app_error_handler
                0x0001c574       0x40 _build/app_error.o
                0x0001c574                app_error_handler
 .text.rtc1_stop
                0x0001c5b4       0x78 _build/app_timer.o
 .text.RTC1_IRQHandler
                0x0001c62c       0xe0 _build/app_timer.o
                0x0001c62c                RTC1_IRQHandler
 .text.SWI0_IRQHandler
                0x0001c70c      0x4cc _build/app_timer.o
                0x0001c70c                SWI0_IRQHandler
 .text.app_timer_init
                0x0001cbd8       0xe4 _build/app_timer.o
                0x0001cbd8                app_timer_init
 .text.app_timer_create
                0x0001ccbc       0x34 _build/app_timer.o
                0x0001ccbc                app_timer_create
 .text.app_timer_start
                0x0001ccf0       0xec _build/app_timer.o
                0x0001ccf0                app_timer_start
 .text.app_timer_stop
                0x0001cddc       0xc4 _build/app_timer.o
                0x0001cddc                app_timer_stop
 .text.pstorage_access_status_get
                0x0001cea0       0x28 _build/pstorage.o
                0x0001cea0                pstorage_access_status_get
 .text.sd_ble_gap_address_get
                0x0001cec8        0x4 _build/ble_advdata.o
 .text.sd_ble_gap_adv_data_set
                0x0001cecc        0x4 _build/ble_advdata.o
 .text.sd_ble_gap_appearance_get
                0x0001ced0        0x4 _build/ble_advdata.o
 .text.sd_ble_gap_device_name_get
                0x0001ced4        0x4 _build/ble_advdata.o
 .text.sd_ble_uuid_encode
                0x0001ced8        0x4 _build/ble_advdata.o
 .text.uuid_list_sized_encode
                0x0001cedc       0xf8 _build/ble_advdata.o
 .text.adv_data_encode
                0x0001cfd4      0x5b8 _build/ble_advdata.o
                0x0001cfd4                adv_data_encode
 .text.ble_advdata_set
                0x0001d58c       0x68 _build/ble_advdata.o
                0x0001d58c                ble_advdata_set
 .text.sd_ble_gap_adv_start
                0x0001d5f4        0x4 _build/ble_advertising.o
 .text.ble_advertising_start.part.1
                0x0001d5f8      0x2a8 _build/ble_advertising.o
 .text.ble_advertising_init
                0x0001d8a0      0x144 _build/ble_advertising.o
                0x0001d8a0                ble_advertising_init
 .text.ble_advertising_start
                0x0001d9e4       0x3c _build/ble_advertising.o
                0x0001d9e4                ble_advertising_start
 .text.ble_advertising_on_ble_evt
                0x0001da20       0xec _build/ble_advertising.o
                0x0001da20                ble_advertising_on_ble_evt
 .text.sd_ble_gap_conn_param_update
                0x0001db0c        0x4 _build/ble_conn_params.o
 .text.sd_ble_gap_disconnect
                0x0001db10        0x4 _build/ble_conn_params.o
 .text.sd_ble_gap_ppcp_set
                0x0001db14        0x4 _build/ble_conn_params.o
 .text.sd_ble_gap_ppcp_get
                0x0001db18        0x4 _build/ble_conn_params.o
 .text.update_timeout_handler
                0x0001db1c       0x78 _build/ble_conn_params.o
 .text.conn_params_negotiation
                0x0001db94       0x88 _build/ble_conn_params.o
 .text.ble_conn_params_init
                0x0001dc1c       0x78 _build/ble_conn_params.o
                0x0001dc1c                ble_conn_params_init
 .text.ble_conn_params_on_ble_evt
                0x0001dc94       0xac _build/ble_conn_params.o
                0x0001dc94                ble_conn_params_on_ble_evt
 .text.sd_ble_gatts_service_add
                0x0001dd40        0x4 _build/ble_nus.o
 .text.sd_ble_gatts_characteristic_add
                0x0001dd44        0x4 _build/ble_nus.o
 .text.sd_ble_uuid_vs_add
                0x0001dd48        0x4 _build/ble_nus.o
 .text.ble_nus_on_ble_evt
                0x0001dd4c       0x60 _build/ble_nus.o
                0x0001dd4c                ble_nus_on_ble_evt
 .text.ble_nus_init
                0x0001ddac      0x208 _build/ble_nus.o
                0x0001ddac                ble_nus_init
 .text.sd_nvic_EnableIRQ
                0x0001dfb4        0x4 _build/softdevice_handler.o
 .text.sd_evt_get
                0x0001dfb8        0x4 _build/softdevice_handler.o
 .text.sd_softdevice_enable
                0x0001dfbc        0x4 _build/softdevice_handler.o
 .text.sd_ble_evt_get
                0x0001dfc0        0x4 _build/softdevice_handler.o
 .text.softdevice_assertion_handler
                0x0001dfc4        0xc _build/softdevice_handler.o
                0x0001dfc4                softdevice_assertion_handler
 .text.intern_softdevice_events_execute.part.0
                0x0001dfd0       0xec _build/softdevice_handler.o
 .text.softdevice_handler_init
                0x0001e0bc       0x4c _build/softdevice_handler.o
                0x0001e0bc                softdevice_handler_init
 .text.softdevice_ble_evt_handler_set
                0x0001e108       0x14 _build/softdevice_handler.o
                0x0001e108                softdevice_ble_evt_handler_set
 .text.SWI2_IRQHandler
                0x0001e11c       0x34 _build/softdevice_handler.o
                0x0001e11c                SWI2_IRQHandler
 .text          0x0001e150       0x54 _build/gcc_startup_nrf51.o
                0x0001e150                Reset_Handler
                0x0001e198                NMI_Handler
                0x0001e19a                HardFault_Handler
                0x0001e19c                SVC_Handler
                0x0001e19e                PendSV_Handler
                0x0001e1a0                SysTick_Handler
                0x0001e1a2                RTC0_IRQHandler
                0x0001e1a2                GPIOTE_IRQHandler
                0x0001e1a2                POWER_CLOCK_IRQHandler
                0x0001e1a2                RADIO_IRQHandler
                0x0001e1a2                LPCOMP_IRQHandler
                0x0001e1a2                SWI4_IRQHandler
                0x0001e1a2                TEMP_IRQHandler
                0x0001e1a2                QDEC_IRQHandler
                0x0001e1a2                SWI5_IRQHandler
                0x0001e1a2                TIMER0_IRQHandler
                0x0001e1a2                ECB_IRQHandler
                0x0001e1a2                Default_Handler
                0x0001e1a2                SWI3_IRQHandler
                0x0001e1a2                CCM_AAR_IRQHandler
                0x0001e1a2                WDT_IRQHandler
                0x0001e1a2                RNG_IRQHandler
                0x0001e1a2                SPI1_TWI1_IRQHandler
 .text.fabs     0x0001e1a4        0x8 /home/constantinos/RTES/init_software/gcc-arm-none-eabi/bin/../lib/gcc/arm-none-eabi/5.4.1/../../../../arm-none-eabi/lib/armv6-m/libm.a(lib_a-s_fabs.o)
                0x0001e1a4                fabs
 .text.asin     0x0001e1ac       0xc4 /home/constantinos/RTES/init_software/gcc-arm-none-eabi/bin/../lib/gcc/arm-none-eabi/5.4.1/../../../../arm-none-eabi/lib/armv6-m/libm.a(lib_a-w_asin.o)
                0x0001e1ac                asin
 .text.atan2    0x0001e270        0x8 /home/constantinos/RTES/init_software/gcc-arm-none-eabi/bin/../lib/gcc/arm-none-eabi/5.4.1/../../../../arm-none-eabi/lib/armv6-m/libm.a(lib_a-w_atan2.o)
                0x0001e270                atan2
 .text.__ieee754_asin
                0x0001e278      0x3cc /home/constantinos/RTES/init_software/gcc-arm-none-eabi/bin/../lib/gcc/arm-none-eabi/5.4.1/../../../../arm-none-eabi/lib/armv6-m/libm.a(lib_a-e_asin.o)
                0x0001e278                __ieee754_asin
 .text.__ieee754_atan2
                0x0001e644      0x178 /home/constantinos/RTES/init_software/gcc-arm-none-eabi/bin/../lib/gcc/arm-none-eabi/5.4.1/../../../../arm-none-eabi/lib/armv6-m/libm.a(lib_a-e_atan2.o)
                0x0001e644                __ieee754_atan2
 .text.__ieee754_sqrt
                0x0001e7bc      0x1ec /home/constantinos/RTES/init_software/gcc-arm-none-eabi/bin/../lib/gcc/arm-none-eabi/5.4.1/../../../../arm-none-eabi/lib/armv6-m/libm.a(lib_a-e_sqrt.o)
                0x0001e7bc                __ieee754_sqrt
 .text.atan     0x0001e9a8      0x33c /home/constantinos/RTES/init_software/gcc-arm-none-eabi/bin/../lib/gcc/arm-none-eabi/5.4.1/../../../../arm-none-eabi/lib/armv6-m/libm.a(lib_a-s_atan.o)
                0x0001e9a8                atan
 .text.matherr  0x0001ece4        0x4 /home/constantinos/RTES/init_software/gcc-arm-none-eabi/bin/../lib/gcc/arm-none-eabi/5.4.1/../../../../arm-none-eabi/lib/armv6-m/libm.a(lib_a-s_matherr.o)
                0x0001ece4                matherr
 .text.nan      0x0001ece8        0xc /home/constantinos/RTES/init_software/gcc-arm-none-eabi/bin/../lib/gcc/arm-none-eabi/5.4.1/../../../../arm-none-eabi/lib/armv6-m/libm.a(lib_a-s_nan.o)
                0x0001ece8                nan
 .text          0x0001ecf4      0x114 /home/constantinos/RTES/init_software/gcc-arm-none-eabi/bin/../lib/gcc/arm-none-eabi/5.4.1/armv6-m/libgcc.a(_udivsi3.o)
                0x0001ecf4                __udivsi3
                0x0001ecf4                __aeabi_uidiv
                0x0001ee00                __aeabi_uidivmod
 .text          0x0001ee08      0x1d4 /home/constantinos/RTES/init_software/gcc-arm-none-eabi/bin/../lib/gcc/arm-none-eabi/5.4.1/armv6-m/libgcc.a(_divsi3.o)
                0x0001ee08                __aeabi_idiv
                0x0001ee08                __divsi3
                0x0001efd4                __aeabi_idivmod
 .text          0x0001efdc        0x4 /home/constantinos/RTES/init_software/gcc-arm-none-eabi/bin/../lib/gcc/arm-none-eabi/5.4.1/armv6-m/libgcc.a(_dvmd_tls.o)
                0x0001efdc                __aeabi_ldiv0
                0x0001efdc                __aeabi_idiv0
 .text          0x0001efe0       0x7c /home/constantinos/RTES/init_software/gcc-arm-none-eabi/bin/../lib/gcc/arm-none-eabi/5.4.1/armv6-m/libgcc.a(_arm_cmpdf2.o)
                0x0001efe0                __aeabi_cdrcmple
                0x0001eff0                __aeabi_cdcmple
                0x0001eff0                __aeabi_cdcmpeq
                0x0001f000                __aeabi_dcmpeq
                0x0001f00c                __aeabi_dcmplt
                0x0001f020                __aeabi_dcmple
                0x0001f034                __aeabi_dcmpgt
                0x0001f048                __aeabi_dcmpge
 .text          0x0001f05c       0x74 /home/constantinos/RTES/init_software/gcc-arm-none-eabi/bin/../lib/gcc/arm-none-eabi/5.4.1/armv6-m/libgcc.a(_arm_cmpsf2.o)
                0x0001f05c                __aeabi_cfrcmple
                0x0001f064                __aeabi_cfcmple
                0x0001f064                __aeabi_cfcmpeq
                0x0001f074                __aeabi_fcmpeq
                0x0001f080                __aeabi_fcmplt
                0x0001f094                __aeabi_fcmple
                0x0001f0a8                __aeabi_fcmpgt
                0x0001f0bc                __aeabi_fcmpge
 .text          0x0001f0d0       0x58 /home/constantinos/RTES/init_software/gcc-arm-none-eabi/bin/../lib/gcc/arm-none-eabi/5.4.1/armv6-m/libgcc.a(_muldi3.o)
                0x0001f0d0                __aeabi_lmul
                0x0001f0d0                __muldi3
 .text          0x0001f128       0x30 /home/constantinos/RTES/init_software/gcc-arm-none-eabi/bin/../lib/gcc/arm-none-eabi/5.4.1/armv6-m/libgcc.a(_fixunssfsi.o)
                0x0001f128                __aeabi_f2uiz
                0x0001f128                __fixunssfsi
 .text          0x0001f158      0x2ec /home/constantinos/RTES/init_software/gcc-arm-none-eabi/bin/../lib/gcc/arm-none-eabi/5.4.1/armv6-m/libgcc.a(addsf3.o)
                0x0001f158                __aeabi_fadd
 .text          0x0001f444      0x234 /home/constantinos/RTES/init_software/gcc-arm-none-eabi/bin/../lib/gcc/arm-none-eabi/5.4.1/armv6-m/libgcc.a(divsf3.o)
                0x0001f444                __aeabi_fdiv
 .text          0x0001f678       0x50 /home/constantinos/RTES/init_software/gcc-arm-none-eabi/bin/../lib/gcc/arm-none-eabi/5.4.1/armv6-m/libgcc.a(eqsf2.o)
                0x0001f678                __nesf2
                0x0001f678                __eqsf2
 .text          0x0001f6c8       0x88 /home/constantinos/RTES/init_software/gcc-arm-none-eabi/bin/../lib/gcc/arm-none-eabi/5.4.1/armv6-m/libgcc.a(gesf2.o)
                0x0001f6c8                __gtsf2
                0x0001f6c8                __gesf2
 .text          0x0001f750       0x88 /home/constantinos/RTES/init_software/gcc-arm-none-eabi/bin/../lib/gcc/arm-none-eabi/5.4.1/armv6-m/libgcc.a(lesf2.o)
                0x0001f750                __lesf2
                0x0001f750                __ltsf2
 .text          0x0001f7d8      0x228 /home/constantinos/RTES/init_software/gcc-arm-none-eabi/bin/../lib/gcc/arm-none-eabi/5.4.1/armv6-m/libgcc.a(mulsf3.o)
                0x0001f7d8                __aeabi_fmul
 .text          0x0001fa00      0x30c /home/constantinos/RTES/init_software/gcc-arm-none-eabi/bin/../lib/gcc/arm-none-eabi/5.4.1/armv6-m/libgcc.a(subsf3.o)
                0x0001fa00                __aeabi_fsub
 .text          0x0001fd0c       0x44 /home/constantinos/RTES/init_software/gcc-arm-none-eabi/bin/../lib/gcc/arm-none-eabi/5.4.1/armv6-m/libgcc.a(fixsfsi.o)
                0x0001fd0c                __aeabi_f2iz
 .text          0x0001fd50       0x90 /home/constantinos/RTES/init_software/gcc-arm-none-eabi/bin/../lib/gcc/arm-none-eabi/5.4.1/armv6-m/libgcc.a(floatsisf.o)
                0x0001fd50                __aeabi_i2f
 .text          0x0001fde0       0x7c /home/constantinos/RTES/init_software/gcc-arm-none-eabi/bin/../lib/gcc/arm-none-eabi/5.4.1/armv6-m/libgcc.a(floatunsisf.o)
                0x0001fde0                __aeabi_ui2f
 .text          0x0001fe5c      0x658 /home/constantinos/RTES/init_software/gcc-arm-none-eabi/bin/../lib/gcc/arm-none-eabi/5.4.1/armv6-m/libgcc.a(adddf3.o)
                0x0001fe5c                __aeabi_dadd
 .text          0x000204b4      0x62c /home/constantinos/RTES/init_software/gcc-arm-none-eabi/bin/../lib/gcc/arm-none-eabi/5.4.1/armv6-m/libgcc.a(divdf3.o)
                0x000204b4                __aeabi_ddiv
 .text          0x00020ae0       0x80 /home/constantinos/RTES/init_software/gcc-arm-none-eabi/bin/../lib/gcc/arm-none-eabi/5.4.1/armv6-m/libgcc.a(eqdf2.o)
                0x00020ae0                __eqdf2
                0x00020ae0                __nedf2
 .text          0x00020b60       0xc8 /home/constantinos/RTES/init_software/gcc-arm-none-eabi/bin/../lib/gcc/arm-none-eabi/5.4.1/armv6-m/libgcc.a(gedf2.o)
                0x00020b60                __gtdf2
                0x00020b60                __gedf2
 .text          0x00020c28       0xd4 /home/constantinos/RTES/init_software/gcc-arm-none-eabi/bin/../lib/gcc/arm-none-eabi/5.4.1/armv6-m/libgcc.a(ledf2.o)
                0x00020c28                __ltdf2
                0x00020c28                __ledf2
 .text          0x00020cfc      0x4f4 /home/constantinos/RTES/init_software/gcc-arm-none-eabi/bin/../lib/gcc/arm-none-eabi/5.4.1/armv6-m/libgcc.a(muldf3.o)
                0x00020cfc                __aeabi_dmul
 .text          0x000211f0      0x6a8 /home/constantinos/RTES/init_software/gcc-arm-none-eabi/bin/../lib/gcc/arm-none-eabi/5.4.1/armv6-m/libgcc.a(subdf3.o)
                0x000211f0                __aeabi_dsub
 .text          0x00021898       0x40 /home/constantinos/RTES/init_software/gcc-arm-none-eabi/bin/../lib/gcc/arm-none-eabi/5.4.1/armv6-m/libgcc.a(unorddf2.o)
                0x00021898                __aeabi_dcmpun
 .text          0x000218d8       0x6c /home/constantinos/RTES/init_software/gcc-arm-none-eabi/bin/../lib/gcc/arm-none-eabi/5.4.1/armv6-m/libgcc.a(fixdfsi.o)
                0x000218d8                __aeabi_d2iz
 .text          0x00021944       0xa8 /home/constantinos/RTES/init_software/gcc-arm-none-eabi/bin/../lib/gcc/arm-none-eabi/5.4.1/armv6-m/libgcc.a(extendsfdf2.o)
                0x00021944                __aeabi_f2d
 .text          0x000219ec       0x3c /home/constantinos/RTES/init_software/gcc-arm-none-eabi/bin/../lib/gcc/arm-none-eabi/5.4.1/armv6-m/libgcc.a(_clzsi2.o)
                0x000219ec                __clzsi2
 .text.__assert_func
                0x00021a28       0x40 /home/constantinos/RTES/init_software/gcc-arm-none-eabi/bin/../lib/gcc/arm-none-eabi/5.4.1/../../../../arm-none-eabi/lib/armv6-m/libc_nano.a(lib_a-assert.o)
                0x00021a28                __assert_func
 .text.__errno  0x00021a68        0xc /home/constantinos/RTES/init_software/gcc-arm-none-eabi/bin/../lib/gcc/arm-none-eabi/5.4.1/../../../../arm-none-eabi/lib/armv6-m/libc_nano.a(lib_a-errno.o)
                0x00021a68                __errno
 .text.fprintf  0x00021a74       0x20 /home/constantinos/RTES/init_software/gcc-arm-none-eabi/bin/../lib/gcc/arm-none-eabi/5.4.1/../../../../arm-none-eabi/lib/armv6-m/libc_nano.a(lib_a-fprintf.o)
                0x00021a74                fprintf
                0x00021a74                fiprintf
 .text.malloc   0x00021a94       0x14 /home/constantinos/RTES/init_software/gcc-arm-none-eabi/bin/../lib/gcc/arm-none-eabi/5.4.1/../../../../arm-none-eabi/lib/armv6-m/libc_nano.a(lib_a-malloc.o)
                0x00021a94                malloc
 .text.free     0x00021aa8       0x14 /home/constantinos/RTES/init_software/gcc-arm-none-eabi/bin/../lib/gcc/arm-none-eabi/5.4.1/../../../../arm-none-eabi/lib/armv6-m/libc_nano.a(lib_a-malloc.o)
                0x00021aa8                free
 .text.memcmp   0x00021abc       0x1e /home/constantinos/RTES/init_software/gcc-arm-none-eabi/bin/../lib/gcc/arm-none-eabi/5.4.1/../../../../arm-none-eabi/lib/armv6-m/libc_nano.a(lib_a-memcmp.o)
                0x00021abc                memcmp
 .text.memcpy   0x00021ada       0x12 /home/constantinos/RTES/init_software/gcc-arm-none-eabi/bin/../lib/gcc/arm-none-eabi/5.4.1/../../../../arm-none-eabi/lib/armv6-m/libc_nano.a(lib_a-memcpy-stub.o)
                0x00021ada                memcpy
 .text._free_r  0x00021aec       0x98 /home/constantinos/RTES/init_software/gcc-arm-none-eabi/bin/../lib/gcc/arm-none-eabi/5.4.1/../../../../arm-none-eabi/lib/armv6-m/libc_nano.a(lib_a-nano-freer.o)
                0x00021aec                _free_r
 .text._malloc_r
                0x00021b84       0xc0 /home/constantinos/RTES/init_software/gcc-arm-none-eabi/bin/../lib/gcc/arm-none-eabi/5.4.1/../../../../arm-none-eabi/lib/armv6-m/libc_nano.a(lib_a-nano-mallocr.o)
                0x00021b84                _malloc_r
 .text.__sfputc_r
                0x00021c44       0x2a /home/constantinos/RTES/init_software/gcc-arm-none-eabi/bin/../lib/gcc/arm-none-eabi/5.4.1/../../../../arm-none-eabi/lib/armv6-m/libc_nano.a(lib_a-nano-vfprintf.o)
 .text.__sfputs_r
                0x00021c6e       0x24 /home/constantinos/RTES/init_software/gcc-arm-none-eabi/bin/../lib/gcc/arm-none-eabi/5.4.1/../../../../arm-none-eabi/lib/armv6-m/libc_nano.a(lib_a-nano-vfprintf.o)
                0x00021c6e                __sfputs_r
 *fill*         0x00021c92        0x2 
 .text._vfprintf_r
                0x00021c94      0x238 /home/constantinos/RTES/init_software/gcc-arm-none-eabi/bin/../lib/gcc/arm-none-eabi/5.4.1/../../../../arm-none-eabi/lib/armv6-m/libc_nano.a(lib_a-nano-vfprintf.o)
                0x00021c94                _vfiprintf_r
                0x00021c94                _vfprintf_r
 .text._printf_common
                0x00021ecc       0xdc /home/constantinos/RTES/init_software/gcc-arm-none-eabi/bin/../lib/gcc/arm-none-eabi/5.4.1/../../../../arm-none-eabi/lib/armv6-m/libc_nano.a(lib_a-nano-vfprintf_i.o)
                0x00021ecc                _printf_common
 .text._printf_i
                0x00021fa8      0x244 /home/constantinos/RTES/init_software/gcc-arm-none-eabi/bin/../lib/gcc/arm-none-eabi/5.4.1/../../../../arm-none-eabi/lib/armv6-m/libc_nano.a(lib_a-nano-vfprintf_i.o)
                0x00021fa8                _printf_i
 .text.printf   0x000221ec       0x34 /home/constantinos/RTES/init_software/gcc-arm-none-eabi/bin/../lib/gcc/arm-none-eabi/5.4.1/../../../../arm-none-eabi/lib/armv6-m/libc_nano.a(lib_a-printf.o)
                0x000221ec                printf
                0x000221ec                iprintf
 .text._sbrk_r  0x00022220       0x24 /home/constantinos/RTES/init_software/gcc-arm-none-eabi/bin/../lib/gcc/arm-none-eabi/5.4.1/../../../../arm-none-eabi/lib/armv6-m/libc_nano.a(lib_a-sbrkr.o)
                0x00022220                _sbrk_r
 .text.sprintf  0x00022244       0x44 /home/constantinos/RTES/init_software/gcc-arm-none-eabi/bin/../lib/gcc/arm-none-eabi/5.4.1/../../../../arm-none-eabi/lib/armv6-m/libc_nano.a(lib_a-sprintf.o)
                0x00022244                sprintf
                0x00022244                siprintf
 .text          0x00022288        0xe /home/constantinos/RTES/init_software/gcc-arm-none-eabi/bin/../lib/gcc/arm-none-eabi/5.4.1/../../../../arm-none-eabi/lib/armv6-m/libc_nano.a(lib_a-strlen.o)
                0x00022288                strlen
 *fill*         0x00022296        0x2 
 .text.__swbuf_r
                0x00022298       0xb0 /home/constantinos/RTES/init_software/gcc-arm-none-eabi/bin/../lib/gcc/arm-none-eabi/5.4.1/../../../../arm-none-eabi/lib/armv6-m/libc_nano.a(lib_a-wbuf.o)
                0x00022298                __swbuf_r
 .text.__swsetup_r
                0x00022348       0xec /home/constantinos/RTES/init_software/gcc-arm-none-eabi/bin/../lib/gcc/arm-none-eabi/5.4.1/../../../../arm-none-eabi/lib/armv6-m/libc_nano.a(lib_a-wsetup.o)
                0x00022348                __swsetup_r
 .text.abort    0x00022434        0xe /home/constantinos/RTES/init_software/gcc-arm-none-eabi/bin/../lib/gcc/arm-none-eabi/5.4.1/../../../../arm-none-eabi/lib/armv6-m/libc_nano.a(lib_a-abort.o)
                0x00022434                abort
 *fill*         0x00022442        0x2 
 .text.__sflush_r
                0x00022444      0x10c /home/constantinos/RTES/init_software/gcc-arm-none-eabi/bin/../lib/gcc/arm-none-eabi/5.4.1/../../../../arm-none-eabi/lib/armv6-m/libc_nano.a(lib_a-fflush.o)
                0x00022444                __sflush_r
 .text._fflush_r
                0x00022550       0x58 /home/constantinos/RTES/init_software/gcc-arm-none-eabi/bin/../lib/gcc/arm-none-eabi/5.4.1/../../../../arm-none-eabi/lib/armv6-m/libc_nano.a(lib_a-fflush.o)
                0x00022550                _fflush_r
 .text._cleanup_r
                0x000225a8       0x10 /home/constantinos/RTES/init_software/gcc-arm-none-eabi/bin/../lib/gcc/arm-none-eabi/5.4.1/../../../../arm-none-eabi/lib/armv6-m/libc_nano.a(lib_a-findfp.o)
                0x000225a8                _cleanup_r
 .text.std.isra.0
                0x000225b8       0x48 /home/constantinos/RTES/init_software/gcc-arm-none-eabi/bin/../lib/gcc/arm-none-eabi/5.4.1/../../../../arm-none-eabi/lib/armv6-m/libc_nano.a(lib_a-findfp.o)
 .text.__sfmoreglue
                0x00022600       0x2c /home/constantinos/RTES/init_software/gcc-arm-none-eabi/bin/../lib/gcc/arm-none-eabi/5.4.1/../../../../arm-none-eabi/lib/armv6-m/libc_nano.a(lib_a-findfp.o)
                0x00022600                __sfmoreglue
 .text.__sinit  0x0002262c       0x68 /home/constantinos/RTES/init_software/gcc-arm-none-eabi/bin/../lib/gcc/arm-none-eabi/5.4.1/../../../../arm-none-eabi/lib/armv6-m/libc_nano.a(lib_a-findfp.o)
                0x0002262c                __sinit
 .text.__sfp    0x00022694       0x7c /home/constantinos/RTES/init_software/gcc-arm-none-eabi/bin/../lib/gcc/arm-none-eabi/5.4.1/../../../../arm-none-eabi/lib/armv6-m/libc_nano.a(lib_a-findfp.o)
                0x00022694                __sfp
 .text._fwalk_reent
                0x00022710       0x42 /home/constantinos/RTES/init_software/gcc-arm-none-eabi/bin/../lib/gcc/arm-none-eabi/5.4.1/../../../../arm-none-eabi/lib/armv6-m/libc_nano.a(lib_a-fwalk.o)
                0x00022710                _fwalk_reent
 *fill*         0x00022752        0x2 
 .text.__swhatbuf_r
                0x00022754       0x4c /home/constantinos/RTES/init_software/gcc-arm-none-eabi/bin/../lib/gcc/arm-none-eabi/5.4.1/../../../../arm-none-eabi/lib/armv6-m/libc_nano.a(lib_a-makebuf.o)
                0x00022754                __swhatbuf_r
 .text.__smakebuf_r
                0x000227a0       0x7c /home/constantinos/RTES/init_software/gcc-arm-none-eabi/bin/../lib/gcc/arm-none-eabi/5.4.1/../../../../arm-none-eabi/lib/armv6-m/libc_nano.a(lib_a-makebuf.o)
                0x000227a0                __smakebuf_r
 .text.memchr   0x0002281c       0x16 /home/constantinos/RTES/init_software/gcc-arm-none-eabi/bin/../lib/gcc/arm-none-eabi/5.4.1/../../../../arm-none-eabi/lib/armv6-m/libc_nano.a(lib_a-memchr-stub.o)
                0x0002281c                memchr
 .text.memmove  0x00022832       0x2a /home/constantinos/RTES/init_software/gcc-arm-none-eabi/bin/../lib/gcc/arm-none-eabi/5.4.1/../../../../arm-none-eabi/lib/armv6-m/libc_nano.a(lib_a-memmove.o)
                0x00022832                memmove
 .text.__malloc_lock
                0x0002285c        0x2 /home/constantinos/RTES/init_software/gcc-arm-none-eabi/bin/../lib/gcc/arm-none-eabi/5.4.1/../../../../arm-none-eabi/lib/armv6-m/libc_nano.a(lib_a-mlock.o)
                0x0002285c                __malloc_lock
 .text.__malloc_unlock
                0x0002285e        0x2 /home/constantinos/RTES/init_software/gcc-arm-none-eabi/bin/../lib/gcc/arm-none-eabi/5.4.1/../../../../arm-none-eabi/lib/armv6-m/libc_nano.a(lib_a-mlock.o)
                0x0002285e                __malloc_unlock
 .text._realloc_r
                0x00022860       0x4c /home/constantinos/RTES/init_software/gcc-arm-none-eabi/bin/../lib/gcc/arm-none-eabi/5.4.1/../../../../arm-none-eabi/lib/armv6-m/libc_nano.a(lib_a-nano-reallocr.o)
                0x00022860                _realloc_r
 .text.__ssputs_r
                0x000228ac       0xc4 /home/constantinos/RTES/init_software/gcc-arm-none-eabi/bin/../lib/gcc/arm-none-eabi/5.4.1/../../../../arm-none-eabi/lib/armv6-m/libc_nano.a(lib_a-nano-svfprintf.o)
                0x000228ac                __ssputs_r
 .text._svfprintf_r
                0x00022970      0x1fc /home/constantinos/RTES/init_software/gcc-arm-none-eabi/bin/../lib/gcc/arm-none-eabi/5.4.1/../../../../arm-none-eabi/lib/armv6-m/libc_nano.a(lib_a-nano-svfprintf.o)
                0x00022970                _svfprintf_r
                0x00022970                _svfiprintf_r
 .text._raise_r
                0x00022b6c       0x54 /home/constantinos/RTES/init_software/gcc-arm-none-eabi/bin/../lib/gcc/arm-none-eabi/5.4.1/../../../../arm-none-eabi/lib/armv6-m/libc_nano.a(lib_a-signal.o)
                0x00022b6c                _raise_r
 .text.raise    0x00022bc0       0x14 /home/constantinos/RTES/init_software/gcc-arm-none-eabi/bin/../lib/gcc/arm-none-eabi/5.4.1/../../../../arm-none-eabi/lib/armv6-m/libc_nano.a(lib_a-signal.o)
                0x00022bc0                raise
 .text._kill_r  0x00022bd4       0x24 /home/constantinos/RTES/init_software/gcc-arm-none-eabi/bin/../lib/gcc/arm-none-eabi/5.4.1/../../../../arm-none-eabi/lib/armv6-m/libc_nano.a(lib_a-signalr.o)
                0x00022bd4                _kill_r
 .text._getpid_r
                0x00022bf8        0x8 /home/constantinos/RTES/init_software/gcc-arm-none-eabi/bin/../lib/gcc/arm-none-eabi/5.4.1/../../../../arm-none-eabi/lib/armv6-m/libc_nano.a(lib_a-signalr.o)
                0x00022bf8                _getpid_r
 .text.__sread  0x00022c00       0x28 /home/constantinos/RTES/init_software/gcc-arm-none-eabi/bin/../lib/gcc/arm-none-eabi/5.4.1/../../../../arm-none-eabi/lib/armv6-m/libc_nano.a(lib_a-stdio.o)
                0x00022c00                __sread
 .text.__swrite
                0x00022c28       0x38 /home/constantinos/RTES/init_software/gcc-arm-none-eabi/bin/../lib/gcc/arm-none-eabi/5.4.1/../../../../arm-none-eabi/lib/armv6-m/libc_nano.a(lib_a-stdio.o)
                0x00022c28                __swrite
 .text.__sseek  0x00022c60       0x2c /home/constantinos/RTES/init_software/gcc-arm-none-eabi/bin/../lib/gcc/arm-none-eabi/5.4.1/../../../../arm-none-eabi/lib/armv6-m/libc_nano.a(lib_a-stdio.o)
                0x00022c60                __sseek
 .text.__sclose
                0x00022c8c        0xc /home/constantinos/RTES/init_software/gcc-arm-none-eabi/bin/../lib/gcc/arm-none-eabi/5.4.1/../../../../arm-none-eabi/lib/armv6-m/libc_nano.a(lib_a-stdio.o)
                0x00022c8c                __sclose
 .text._write_r
                0x00022c98       0x28 /home/constantinos/RTES/init_software/gcc-arm-none-eabi/bin/../lib/gcc/arm-none-eabi/5.4.1/../../../../arm-none-eabi/lib/armv6-m/libc_nano.a(lib_a-writer.o)
                0x00022c98                _write_r
 .text._close_r
                0x00022cc0       0x24 /home/constantinos/RTES/init_software/gcc-arm-none-eabi/bin/../lib/gcc/arm-none-eabi/5.4.1/../../../../arm-none-eabi/lib/armv6-m/libc_nano.a(lib_a-closer.o)
                0x00022cc0                _close_r
 .text._fstat_r
                0x00022ce4       0x24 /home/constantinos/RTES/init_software/gcc-arm-none-eabi/bin/../lib/gcc/arm-none-eabi/5.4.1/../../../../arm-none-eabi/lib/armv6-m/libc_nano.a(lib_a-fstatr.o)
                0x00022ce4                _fstat_r
 .text._isatty_r
                0x00022d08       0x24 /home/constantinos/RTES/init_software/gcc-arm-none-eabi/bin/../lib/gcc/arm-none-eabi/5.4.1/../../../../arm-none-eabi/lib/armv6-m/libc_nano.a(lib_a-isattyr.o)
                0x00022d08                _isatty_r
 .text._lseek_r
                0x00022d2c       0x28 /home/constantinos/RTES/init_software/gcc-arm-none-eabi/bin/../lib/gcc/arm-none-eabi/5.4.1/../../../../arm-none-eabi/lib/armv6-m/libc_nano.a(lib_a-lseekr.o)
                0x00022d2c                _lseek_r
 .text._malloc_usable_size_r
                0x00022d54       0x16 /home/constantinos/RTES/init_software/gcc-arm-none-eabi/bin/../lib/gcc/arm-none-eabi/5.4.1/../../../../arm-none-eabi/lib/armv6-m/libc_nano.a(lib_a-nano-msizer.o)
                0x00022d54                _malloc_usable_size_r
 *fill*         0x00022d6a        0x2 
 .text._read_r  0x00022d6c       0x28 /home/constantinos/RTES/init_software/gcc-arm-none-eabi/bin/../lib/gcc/arm-none-eabi/5.4.1/../../../../arm-none-eabi/lib/armv6-m/libc_nano.a(lib_a-readr.o)
                0x00022d6c                _read_r
 .text._close   0x00022d94       0x10 /home/constantinos/RTES/init_software/gcc-arm-none-eabi/bin/../lib/gcc/arm-none-eabi/5.4.1/../../../../arm-none-eabi/lib/armv6-m/libnosys.a(close.o)
                0x00022d94                _close
 .text._fstat   0x00022da4       0x10 /home/constantinos/RTES/init_software/gcc-arm-none-eabi/bin/../lib/gcc/arm-none-eabi/5.4.1/../../../../arm-none-eabi/lib/armv6-m/libnosys.a(fstat.o)
                0x00022da4                _fstat
 .text._getpid  0x00022db4       0x10 /home/constantinos/RTES/init_software/gcc-arm-none-eabi/bin/../lib/gcc/arm-none-eabi/5.4.1/../../../../arm-none-eabi/lib/armv6-m/libnosys.a(getpid.o)
                0x00022db4                _getpid
 .text._isatty  0x00022dc4       0x10 /home/constantinos/RTES/init_software/gcc-arm-none-eabi/bin/../lib/gcc/arm-none-eabi/5.4.1/../../../../arm-none-eabi/lib/armv6-m/libnosys.a(isatty.o)
                0x00022dc4                _isatty
 .text._kill    0x00022dd4       0x10 /home/constantinos/RTES/init_software/gcc-arm-none-eabi/bin/../lib/gcc/arm-none-eabi/5.4.1/../../../../arm-none-eabi/lib/armv6-m/libnosys.a(kill.o)
                0x00022dd4                _kill
 .text._lseek   0x00022de4       0x10 /home/constantinos/RTES/init_software/gcc-arm-none-eabi/bin/../lib/gcc/arm-none-eabi/5.4.1/../../../../arm-none-eabi/lib/armv6-m/libnosys.a(lseek.o)
                0x00022de4                _lseek
 .text._read    0x00022df4       0x10 /home/constantinos/RTES/init_software/gcc-arm-none-eabi/bin/../lib/gcc/arm-none-eabi/5.4.1/../../../../arm-none-eabi/lib/armv6-m/libnosys.a(read.o)
                0x00022df4                _read
 .text._sbrk    0x00022e04       0x1c /home/constantinos/RTES/init_software/gcc-arm-none-eabi/bin/../lib/gcc/arm-none-eabi/5.4.1/../../../../arm-none-eabi/lib/armv6-m/libnosys.a(sbrk.o)
                0x00022e04                _sbrk
 *(.init)
 .init          0x00022e20        0x4 /home/constantinos/RTES/init_software/gcc-arm-none-eabi/bin/../lib/gcc/arm-none-eabi/5.4.1/armv6-m/crti.o
                0x00022e20                _init
 .init          0x00022e24        0x8 /home/constantinos/RTES/init_software/gcc-arm-none-eabi/bin/../lib/gcc/arm-none-eabi/5.4.1/armv6-m/crtn.o
 *(.fini)
 .fini          0x00022e2c        0x4 /home/constantinos/RTES/init_software/gcc-arm-none-eabi/bin/../lib/gcc/arm-none-eabi/5.4.1/armv6-m/crti.o
                0x00022e2c                _fini
 .fini          0x00022e30        0x8 /home/constantinos/RTES/init_software/gcc-arm-none-eabi/bin/../lib/gcc/arm-none-eabi/5.4.1/armv6-m/crtn.o
 *crtbegin.o(.ctors)
 *crtbegin?.o(.ctors)
 *(EXCLUDE_FILE(*crtend.o *crtend?.o) .ctors)
 *(SORT(.ctors.*))
 *(.ctors)
 *crtbegin.o(.dtors)
 *crtbegin?.o(.dtors)
 *(EXCLUDE_FILE(*crtend.o *crtend?.o) .dtors)
 *(SORT(.dtors.*))
 *(.dtors)
 *(.rodata*)
 .rodata.str1.1
                0x00022e38        0x2 /home/constantinos/RTES/init_software/gcc-arm-none-eabi/bin/../lib/gcc/arm-none-eabi/5.4.1/../../../../arm-none-eabi/lib/armv6-m/libc_nano.a(lib_a-impure.o)
 *fill*         0x00022e3a        0x2 
 .rodata._global_impure_ptr
                0x00022e3c        0x4 /home/constantinos/RTES/init_software/gcc-arm-none-eabi/bin/../lib/gcc/arm-none-eabi/5.4.1/../../../../arm-none-eabi/lib/armv6-m/libc_nano.a(lib_a-impure.o)
                0x00022e3c                _global_impure_ptr
 .rodata.process_mode
                0x00022e40       0x28 _build/in4073.o
 .rodata.str1.4
                0x00022e68       0x96 _build/in4073.o
 *fill*         0x00022efe        0x2 
 .rodata.get_sensor
                0x00022f00       0x28 _build/sensors.o
 .rodata.str1.4
                0x00022f28        0x4 _build/sensors.o
                                  0x6 (size before relaxing)
 .rodata.crclut
                0x00022f2c      0x100 _build/crc.o
                0x00022f2c                crclut
 .rodata.str1.4
                0x0002302c       0x86 _build/packet_uav.o
 *fill*         0x000230b2        0x2 
 .rodata.__func__.7239
                0x000230b4        0x7 _build/packet_uav.o
 *fill*         0x000230bb        0x1 
 .rodata.str1.4
                0x000230bc      0x201 _build/logging.o
                                0x259 (size before relaxing)
 *fill*         0x000232bd        0x3 
 .rodata.quadrupel_timer.7118
                0x000232c0        0x4 _build/timers.o
 .rodata.str1.4
                0x000232c4       0x11 _build/uart.o
 *fill*         0x000232d5        0x3 
 .rodata.str1.4
                0x000232d8       0x38 _build/twi.o
 .rodata.str1.4
                0x00023310       0x12 _build/ble.o
 *fill*         0x00023322        0x2 
 .rodata.test   0x00023324       0x28 _build/inv_mpu.o
                0x00023324                test
 .rodata.str1.4
                0x0002334c       0xa6 _build/inv_mpu.o
 *fill*         0x000233f2        0x2 
 .rodata.hw     0x000233f4        0xc _build/inv_mpu.o
                0x000233f4                hw
 .rodata.reg    0x00023400       0x1e _build/inv_mpu.o
                0x00023400                reg
 *fill*         0x0002341e        0x2 
 .rodata        0x00023420       0x4b _build/inv_mpu_dmp_motion_driver.o
 *fill*         0x0002346b        0x1 
 .rodata.dmp_memory
                0x0002346c      0xbf6 _build/inv_mpu_dmp_motion_driver.o
 *fill*         0x00024062        0x2 
 .rodata.str1.4
                0x00024064      0x12a _build/mpu_wrapper.o
 *fill*         0x0002418e        0x2 
 .rodata.str1.4
                0x00024190       0x27 _build/app_error.o
 *fill*         0x000241b7        0x1 
 .rodata.m_conn_params_timer_id
                0x000241b8        0x4 _build/ble_conn_params.o
 .rodata        0x000241bc       0x10 _build/ble_nus.o
 .rodata.str1.4
                0x000241cc        0x8 /home/constantinos/RTES/init_software/gcc-arm-none-eabi/bin/../lib/gcc/arm-none-eabi/5.4.1/../../../../arm-none-eabi/lib/armv6-m/libm.a(lib_a-w_asin.o)
                                  0x9 (size before relaxing)
 *fill*         0x000241d4        0x4 
 .rodata.atanlo
                0x000241d8       0x20 /home/constantinos/RTES/init_software/gcc-arm-none-eabi/bin/../lib/gcc/arm-none-eabi/5.4.1/../../../../arm-none-eabi/lib/armv6-m/libm.a(lib_a-s_atan.o)
 .rodata.atanhi
                0x000241f8       0x20 /home/constantinos/RTES/init_software/gcc-arm-none-eabi/bin/../lib/gcc/arm-none-eabi/5.4.1/../../../../arm-none-eabi/lib/armv6-m/libm.a(lib_a-s_atan.o)
 .rodata        0x00024218       0x80 /home/constantinos/RTES/init_software/gcc-arm-none-eabi/bin/../lib/gcc/arm-none-eabi/5.4.1/armv6-m/libgcc.a(divsf3.o)
 .rodata        0x00024298       0x40 /home/constantinos/RTES/init_software/gcc-arm-none-eabi/bin/../lib/gcc/arm-none-eabi/5.4.1/armv6-m/libgcc.a(mulsf3.o)
 .rodata        0x000242d8       0x40 /home/constantinos/RTES/init_software/gcc-arm-none-eabi/bin/../lib/gcc/arm-none-eabi/5.4.1/armv6-m/libgcc.a(divdf3.o)
 .rodata        0x00024318       0x40 /home/constantinos/RTES/init_software/gcc-arm-none-eabi/bin/../lib/gcc/arm-none-eabi/5.4.1/armv6-m/libgcc.a(muldf3.o)
 .rodata.str1.1
                0x00024358       0x3c /home/constantinos/RTES/init_software/gcc-arm-none-eabi/bin/../lib/gcc/arm-none-eabi/5.4.1/../../../../arm-none-eabi/lib/armv6-m/libc_nano.a(lib_a-assert.o)
                                 0x3d (size before relaxing)
 .rodata.str1.1
                0x00024394       0x11 /home/constantinos/RTES/init_software/gcc-arm-none-eabi/bin/../lib/gcc/arm-none-eabi/5.4.1/../../../../arm-none-eabi/lib/armv6-m/libc_nano.a(lib_a-nano-vfprintf.o)
 .rodata.str1.1
                0x000243a5       0x22 /home/constantinos/RTES/init_software/gcc-arm-none-eabi/bin/../lib/gcc/arm-none-eabi/5.4.1/../../../../arm-none-eabi/lib/armv6-m/libc_nano.a(lib_a-nano-vfprintf_i.o)
 *fill*         0x000243c7        0x1 
 .rodata.__sf_fake_stdin
                0x000243c8       0x20 /home/constantinos/RTES/init_software/gcc-arm-none-eabi/bin/../lib/gcc/arm-none-eabi/5.4.1/../../../../arm-none-eabi/lib/armv6-m/libc_nano.a(lib_a-findfp.o)
                0x000243c8                __sf_fake_stdin
 .rodata.__sf_fake_stdout
                0x000243e8       0x20 /home/constantinos/RTES/init_software/gcc-arm-none-eabi/bin/../lib/gcc/arm-none-eabi/5.4.1/../../../../arm-none-eabi/lib/armv6-m/libc_nano.a(lib_a-findfp.o)
                0x000243e8                __sf_fake_stdout
 .rodata.__sf_fake_stderr
                0x00024408       0x20 /home/constantinos/RTES/init_software/gcc-arm-none-eabi/bin/../lib/gcc/arm-none-eabi/5.4.1/../../../../arm-none-eabi/lib/armv6-m/libc_nano.a(lib_a-findfp.o)
                0x00024408                __sf_fake_stderr
 .rodata.str1.1
                0x00024428       0x11 /home/constantinos/RTES/init_software/gcc-arm-none-eabi/bin/../lib/gcc/arm-none-eabi/5.4.1/../../../../arm-none-eabi/lib/armv6-m/libc_nano.a(lib_a-nano-svfprintf.o)
 *(.eh_frame*)
 .eh_frame      0x00024428        0x0 /home/constantinos/RTES/init_software/gcc-arm-none-eabi/bin/../lib/gcc/arm-none-eabi/5.4.1/armv6-m/crtbegin.o
                0x0002443c                . = ALIGN (0x4)

.glue_7         0x00024428        0x0
 .glue_7        0x00024428        0x0 linker stubs

.glue_7t        0x00024428        0x0
 .glue_7t       0x00024428        0x0 linker stubs

.vfp11_veneer   0x00024428        0x0
 .vfp11_veneer  0x00024428        0x0 linker stubs

.v4_bx          0x00024428        0x0
 .v4_bx         0x00024428        0x0 linker stubs

.iplt           0x00024428        0x0
 .iplt          0x00024428        0x0 /home/constantinos/RTES/init_software/gcc-arm-none-eabi/bin/../lib/gcc/arm-none-eabi/5.4.1/armv6-m/crtbegin.o

.ARM.extab      0x00024428        0x0
 *(.ARM.extab* .gnu.linkonce.armextab.*)
                0x00024428                . = ALIGN (0x4)
                0x00024428                __exidx_start = .

.ARM.exidx      0x00024428        0x8
 *(.ARM.exidx* .gnu.linkonce.armexidx.*)
 .ARM.exidx     0x00024428        0x8 /home/constantinos/RTES/init_software/gcc-arm-none-eabi/bin/../lib/gcc/arm-none-eabi/5.4.1/../../../../arm-none-eabi/lib/armv6-m/crt0.o
 .ARM.exidx     0x00024430        0x0 _build/gcc_startup_nrf51.o
                                  0x8 (size before relaxing)
                0x00024430                . = ALIGN (0x4)
                0x00024430                __exidx_end = .
                0x00024430                __etext = .

.rel.dyn        0x00024430        0x0
 .rel.iplt      0x00024430        0x0 /home/constantinos/RTES/init_software/gcc-arm-none-eabi/bin/../lib/gcc/arm-none-eabi/5.4.1/armv6-m/crtbegin.o

.data           0x20002000       0xb4 load address 0x00024430
                0x20002000                __data_start__ = .
 *(vtable)
 *(.data*)
 .data.impure_data
                0x20002000       0x60 /home/constantinos/RTES/init_software/gcc-arm-none-eabi/bin/../lib/gcc/arm-none-eabi/5.4.1/../../../../arm-none-eabi/lib/armv6-m/libc_nano.a(lib_a-impure.o)
 .data._impure_ptr
                0x20002060        0x4 /home/constantinos/RTES/init_software/gcc-arm-none-eabi/bin/../lib/gcc/arm-none-eabi/5.4.1/../../../../arm-none-eabi/lib/armv6-m/libc_nano.a(lib_a-impure.o)
                0x20002060                _impure_ptr
 .data.txd_available
                0x20002064        0x1 _build/uart.o
                0x20002064                txd_available
 *fill*         0x20002065        0x3 
 .data.m_adv_uuids
                0x20002068        0x4 _build/ble.o
 .data.m_conn_handle
                0x2000206c        0x2 _build/ble.o
 *fill*         0x2000206e        0x2 
 .data.st       0x20002070       0x2c _build/inv_mpu.o
 .data.gyro_orientation.7038
                0x2000209c        0x9 _build/mpu_wrapper.o
 *fill*         0x200020a5        0x1 
 .data.current_slave_link_conn_handle.7275
                0x200020a6        0x2 _build/ble_advertising.o
 .data.__fdlib_version
                0x200020a8        0x1 /home/constantinos/RTES/init_software/gcc-arm-none-eabi/bin/../lib/gcc/arm-none-eabi/5.4.1/../../../../arm-none-eabi/lib/armv6-m/libm.a(lib_a-s_lib_ver.o)
                0x200020a8                __fdlib_version
                0x200020ac                . = ALIGN (0x4)
 *fill*         0x200020a9        0x3 
                0x200020ac                PROVIDE (__preinit_array_start, .)
 *(.preinit_array)
                0x200020ac                PROVIDE (__preinit_array_end, .)
                0x200020ac                . = ALIGN (0x4)
                0x200020ac                PROVIDE (__init_array_start, .)
 *(SORT(.init_array.*))
 *(.init_array)
 .init_array    0x200020ac        0x4 /home/constantinos/RTES/init_software/gcc-arm-none-eabi/bin/../lib/gcc/arm-none-eabi/5.4.1/armv6-m/crtbegin.o
                0x200020b0                PROVIDE (__init_array_end, .)
                0x200020b0                . = ALIGN (0x4)
                [!provide]                PROVIDE (__fini_array_start, .)
 *(SORT(.fini_array.*))
 *(.fini_array)
 .fini_array    0x200020b0        0x4 /home/constantinos/RTES/init_software/gcc-arm-none-eabi/bin/../lib/gcc/arm-none-eabi/5.4.1/armv6-m/crtbegin.o
                [!provide]                PROVIDE (__fini_array_end, .)
 *(.jcr)
 .jcr           0x200020b4        0x0 /home/constantinos/RTES/init_software/gcc-arm-none-eabi/bin/../lib/gcc/arm-none-eabi/5.4.1/armv6-m/crtbegin.o
                0x200020b4                . = ALIGN (0x4)
                0x200020b4                __data_end__ = .

.igot.plt       0x200020b4        0x0 load address 0x000244e4
 .igot.plt      0x200020b4        0x0 /home/constantinos/RTES/init_software/gcc-arm-none-eabi/bin/../lib/gcc/arm-none-eabi/5.4.1/armv6-m/crtbegin.o

.bss            0x200020b4      0x9e8 load address 0x000244e4
                0x200020b4                . = ALIGN (0x4)
                0x200020b4                __bss_start__ = .
 *(.bss*)
 .bss           0x200020b4       0x1c /home/constantinos/RTES/init_software/gcc-arm-none-eabi/bin/../lib/gcc/arm-none-eabi/5.4.1/armv6-m/crtbegin.o
 .bss.calibration_flag
                0x200020d0        0x1 _build/sensors.o
                0x200020d0                calibration_flag
 *fill*         0x200020d1        0x1 
 .bss.logNum    0x200020d2        0x2 _build/logging.o
 .bss.nextAddress
                0x200020d4        0x4 _build/logging.o
 .bss.shortLogging
                0x200020d8        0x1 _build/logging.o
 *fill*         0x200020d9        0x3 
 .bss.quadrupel_timer_data.7117
                0x200020dc       0x20 _build/timers.o
 .bss.APP_TIMER_BUF.7114
                0x200020fc      0x1c8 _build/timers.o
 .bss.sent      0x200022c4        0x1 _build/twi.o
 .bss.read      0x200022c5        0x1 _build/twi.o
 .bss.loop_count
                0x200022c6        0x1 _build/baro.o
 *fill*         0x200022c7        0x1 
 .bss.data.7031
                0x200022c8        0x2 _build/baro.o
 *fill*         0x200022ca        0x2 
 .bss.prom      0x200022cc       0x10 _build/baro.o
 .bss.data      0x200022dc        0x3 _build/baro.o
 *fill*         0x200022df        0x1 
 .bss.initTime  0x200022e0        0x4 _build/baro.o
                0x200022e0                initTime
 .bss.BLE_EVT_BUFFER.8962
                0x200022e4       0x48 _build/ble.o
 .bss.m_nus     0x2000232c       0x1c _build/ble.o
 .bss.spi_config_table
                0x20002348        0xc _build/spi_flash.o
 .bss.SPI       0x20002354        0x4 _build/spi_flash.o
 .bss.dmp       0x20002358       0x10 _build/inv_mpu_dmp_motion_driver.o
 .bss.m_ticks_latest
                0x20002368        0x4 _build/app_timer.o
 .bss.mp_timer_id_head
                0x2000236c        0x4 _build/app_timer.o
 .bss.m_evt_schedule_func
                0x20002370        0x4 _build/app_timer.o
 .bss.m_user_array_size
                0x20002374        0x1 _build/app_timer.o
 *fill*         0x20002375        0x3 
 .bss.mp_users  0x20002378        0x4 _build/app_timer.o
 .bss.m_ticks_elapsed_q_read_ind
                0x2000237c        0x1 _build/app_timer.o
 .bss.m_ticks_elapsed_q_write_ind
                0x2000237d        0x1 _build/app_timer.o
 .bss.m_rtc1_reset
                0x2000237e        0x1 _build/app_timer.o
 *fill*         0x2000237f        0x1 
 .bss.m_ticks_elapsed
                0x20002380        0x8 _build/app_timer.o
 .bss.m_rtc1_running
                0x20002388        0x1 _build/app_timer.o
 *fill*         0x20002389        0x3 
 .bss.m_cmd_queue
                0x2000238c       0xcc _build/pstorage.o
 .bss.m_flags   0x20002458        0x4 _build/pstorage.o
 .bss.m_advdata
                0x2000245c       0x38 _build/ble_advertising.o
 .bss.m_manuf_specific_data
                0x20002494        0xc _build/ble_advertising.o
 .bss.m_evt_handler
                0x200024a0        0x4 _build/ble_advertising.o
 .bss.m_advertising_start_pending
                0x200024a4        0x1 _build/ble_advertising.o
 *fill*         0x200024a5        0x3 
 .bss.m_manuf_data_array
                0x200024a8       0x1f _build/ble_advertising.o
 .bss.m_whitelist_temporarily_disabled
                0x200024c7        0x1 _build/ble_advertising.o
 .bss.m_error_handler
                0x200024c8        0x4 _build/ble_advertising.o
 .bss.m_peer_address
                0x200024cc        0x7 _build/ble_advertising.o
 *fill*         0x200024d3        0x1 
 .bss.m_adv_modes_config
                0x200024d4       0x24 _build/ble_advertising.o
 .bss.mp_whitelist_addr
                0x200024f8       0x20 _build/ble_advertising.o
 .bss.m_tx_power_level
                0x20002518        0x1 _build/ble_advertising.o
 *fill*         0x20002519        0x3 
 .bss.m_whitelist
                0x2000251c       0x10 _build/ble_advertising.o
 .bss.m_service_data_array
                0x2000252c       0x1f _build/ble_advertising.o
 .bss.m_whitelist_reply_expected
                0x2000254b        0x1 _build/ble_advertising.o
 .bss.mp_whitelist_irk
                0x2000254c       0x20 _build/ble_advertising.o
 .bss.m_adv_mode_current
                0x2000256c        0x1 _build/ble_advertising.o
 .bss.m_peer_addr_reply_expected
                0x2000256d        0x1 _build/ble_advertising.o
 *fill*         0x2000256e        0x2 
 .bss.m_slave_conn_int
                0x20002570        0x4 _build/ble_advertising.o
 .bss.m_service_data
                0x20002574        0xc _build/ble_advertising.o
 .bss.m_adv_evt
                0x20002580        0x1 _build/ble_advertising.o
 .bss.m_change_param
                0x20002581        0x1 _build/ble_conn_params.o
 *fill*         0x20002582        0x2 
 .bss.m_current_conn_params
                0x20002584        0x8 _build/ble_conn_params.o
 .bss.m_update_count
                0x2000258c        0x1 _build/ble_conn_params.o
 *fill*         0x2000258d        0x3 
 .bss.m_conn_params_config
                0x20002590       0x1c _build/ble_conn_params.o
 .bss.m_conn_params_timer_id_data
                0x200025ac       0x20 _build/ble_conn_params.o
 .bss.m_conn_handle
                0x200025cc        0x2 _build/ble_conn_params.o
 *fill*         0x200025ce        0x2 
 .bss.m_preferred_conn_params
                0x200025d0        0x8 _build/ble_conn_params.o
 .bss.m_softdevice_enabled
                0x200025d8        0x1 _build/softdevice_handler.o
 *fill*         0x200025d9        0x1 
 .bss.m_ble_evt_buffer_size
                0x200025da        0x2 _build/softdevice_handler.o
 .bss.mp_ble_evt_buffer
                0x200025dc        0x4 _build/softdevice_handler.o
 .bss.m_sys_evt_handler
                0x200025e0        0x4 _build/softdevice_handler.o
 .bss.m_ble_evt_handler
                0x200025e4        0x4 _build/softdevice_handler.o
 .bss.m_evt_schedule_func
                0x200025e8        0x4 _build/softdevice_handler.o
 .bss.__malloc_sbrk_start
                0x200025ec        0x4 /home/constantinos/RTES/init_software/gcc-arm-none-eabi/bin/../lib/gcc/arm-none-eabi/5.4.1/../../../../arm-none-eabi/lib/armv6-m/libc_nano.a(lib_a-nano-mallocr.o)
                0x200025ec                __malloc_sbrk_start
 .bss.__malloc_free_list
                0x200025f0        0x4 /home/constantinos/RTES/init_software/gcc-arm-none-eabi/bin/../lib/gcc/arm-none-eabi/5.4.1/../../../../arm-none-eabi/lib/armv6-m/libc_nano.a(lib_a-nano-mallocr.o)
                0x200025f0                __malloc_free_list
 .bss.heap_end.4167
                0x200025f4        0x4 /home/constantinos/RTES/init_software/gcc-arm-none-eabi/bin/../lib/gcc/arm-none-eabi/5.4.1/../../../../arm-none-eabi/lib/armv6-m/libnosys.a(sbrk.o)
 *(COMMON)
 COMMON         0x200025f8      0x48d _build/in4073.o
                0x200025f8                yaw_parameter
                0x200025fa                say
                0x200025fc                b
                0x200025fe                dcsr
                0x20002600                psi
                0x20002602                prev_roll
                0x20002603                sensor_fifo_count
                0x20002604                saz
                0x20002606                prev_pitch
                0x20002608                logCore
                0x2000260c                roll_delta
                0x20002610                rx_queue
                0x20002716                yaw_delta
                0x20002718                phi
                0x2000271a                lift_delta
                0x2000271b                prev_mode
                0x2000271c                temperature
                0x20002720                psi_s
                0x20002722                dcsp
                0x20002724                theta
                0x20002728                pressure
                0x2000272c                dcsq
                0x2000272e                dcsax
                0x20002730                mode
                0x20002731                dcpsi_s
                0x20002734                tx_queue
                0x2000283a                sax
                0x2000283c                prev_yaw
                0x2000283d                lift
                0x2000283e                sq
                0x20002840                yaw_error
                0x20002842                bat_volt
                0x20002844                ble_rx_queue
                0x2000294a                d
                0x2000294b                pitch_delta
                0x2000294c                sp
                0x2000294e                dctheta
                0x20002950                dcpsi
                0x20002952                dcsay
                0x20002954                radio_active
                0x20002958                motor
                0x20002960                yaw
                0x20002964                last_correct_checksum_time
                0x20002968                prev_lift
                0x2000296a                dcphi
                0x2000296c                pitch
                0x2000296d                roll
                0x20002970                ble_tx_queue
                0x20002a78                ae
                0x20002a80                sr
                0x20002a82                dcsaz
                0x20002a84                demo_done
 *fill*         0x20002a85        0x3 
 COMMON         0x20002a88        0x5 _build/timers.o
                0x20002a88                global_time
                0x20002a8c                timer_flag
 *fill*         0x20002a8d        0x3 
 COMMON         0x20002a90        0x8 _build/baro.o
                0x20002a90                D2
                0x20002a94                D1
 COMMON         0x20002a98        0x4 /home/constantinos/RTES/init_software/gcc-arm-none-eabi/bin/../lib/gcc/arm-none-eabi/5.4.1/../../../../arm-none-eabi/lib/armv6-m/libc_nano.a(lib_a-reent.o)
                0x20002a98                errno
                0x20002a9c                . = ALIGN (0x4)
                0x20002a9c                __bss_end__ = .

.heap           0x20002aa0      0x800
                0x20002aa0                __end__ = .
                0x20002aa0                end = __end__
 *(.heap*)
 .heap          0x20002aa0      0x800 _build/gcc_startup_nrf51.o
                0x20002aa0                __HeapBase
                0x200032a0                __HeapLimit = .

.stack_dummy    0x20002aa0      0x800
 *(.stack*)
 .stack         0x20002aa0      0x800 _build/gcc_startup_nrf51.o
                0x20004000                __StackTop = (ORIGIN (RAM) + LENGTH (RAM))
                0x20003800                __StackLimit = (__StackTop - SIZEOF (.stack_dummy))
                0x20004000                PROVIDE (__stack, __StackTop)
                0x00000001                ASSERT ((__StackLimit >= __HeapLimit), region RAM overflowed with stack)
OUTPUT(_build/in4073.out elf32-littlearm)

.ARM.attributes
                0x00000000       0x28
 .ARM.attributes
                0x00000000       0x1e /home/constantinos/RTES/init_software/gcc-arm-none-eabi/bin/../lib/gcc/arm-none-eabi/5.4.1/armv6-m/crti.o
 .ARM.attributes
                0x0000001e       0x2c /home/constantinos/RTES/init_software/gcc-arm-none-eabi/bin/../lib/gcc/arm-none-eabi/5.4.1/armv6-m/crtbegin.o
 .ARM.attributes
                0x0000004a       0x1b /home/constantinos/RTES/init_software/gcc-arm-none-eabi/bin/../lib/gcc/arm-none-eabi/5.4.1/../../../../arm-none-eabi/lib/armv6-m/crt0.o
 .ARM.attributes
                0x00000065       0x2c /home/constantinos/RTES/init_software/gcc-arm-none-eabi/bin/../lib/gcc/arm-none-eabi/5.4.1/../../../../arm-none-eabi/lib/armv6-m/libc_nano.a(lib_a-exit.o)
 .ARM.attributes
                0x00000091       0x2c /home/constantinos/RTES/init_software/gcc-arm-none-eabi/bin/../lib/gcc/arm-none-eabi/5.4.1/../../../../arm-none-eabi/lib/armv6-m/libc_nano.a(lib_a-impure.o)
 .ARM.attributes
                0x000000bd       0x2c /home/constantinos/RTES/init_software/gcc-arm-none-eabi/bin/../lib/gcc/arm-none-eabi/5.4.1/../../../../arm-none-eabi/lib/armv6-m/libc_nano.a(lib_a-init.o)
 .ARM.attributes
                0x000000e9       0x2c /home/constantinos/RTES/init_software/gcc-arm-none-eabi/bin/../lib/gcc/arm-none-eabi/5.4.1/../../../../arm-none-eabi/lib/armv6-m/libc_nano.a(lib_a-memset.o)
 .ARM.attributes
                0x00000115       0x2c /home/constantinos/RTES/init_software/gcc-arm-none-eabi/bin/../lib/gcc/arm-none-eabi/5.4.1/../../../../arm-none-eabi/lib/armv6-m/libnosys.a(_exit.o)
 .ARM.attributes
                0x00000141       0x31 _build/system_nrf51.o
 .ARM.attributes
                0x00000172       0x31 _build/nrf_delay.o
 .ARM.attributes
                0x000001a3       0x31 _build/in4073.o
 .ARM.attributes
                0x000001d4       0x31 _build/control.o
 .ARM.attributes
                0x00000205       0x31 _build/sensors.o
 .ARM.attributes
                0x00000236       0x31 _build/crc.o
 .ARM.attributes
                0x00000267       0x31 _build/packet.o
 .ARM.attributes
                0x00000298       0x31 _build/packet_uav.o
 .ARM.attributes
                0x000002c9       0x31 _build/logging.o
 .ARM.attributes
                0x000002fa       0x31 _build/gpio.o
 .ARM.attributes
                0x0000032b       0x31 _build/timers.o
 .ARM.attributes
                0x0000035c       0x31 _build/uart.o
 .ARM.attributes
                0x0000038d       0x31 _build/queue.o
 .ARM.attributes
                0x000003be       0x31 _build/twi.o
 .ARM.attributes
                0x000003ef       0x31 _build/adc.o
 .ARM.attributes
                0x00000420       0x31 _build/baro.o
 .ARM.attributes
                0x00000451       0x31 _build/ble.o
 .ARM.attributes
                0x00000482       0x31 _build/spi_flash.o
 .ARM.attributes
                0x000004b3       0x31 _build/inv_mpu.o
 .ARM.attributes
                0x000004e4       0x31 _build/inv_mpu_dmp_motion_driver.o
 .ARM.attributes
                0x00000515       0x31 _build/ml.o
 .ARM.attributes
                0x00000546       0x31 _build/mpu_wrapper.o
 .ARM.attributes
                0x00000577       0x31 _build/app_error.o
 .ARM.attributes
                0x000005a8       0x31 _build/app_timer.o
 .ARM.attributes
                0x000005d9       0x31 _build/pstorage.o
 .ARM.attributes
                0x0000060a       0x31 _build/ble_advdata.o
 .ARM.attributes
                0x0000063b       0x31 _build/ble_advertising.o
 .ARM.attributes
                0x0000066c       0x31 _build/ble_conn_params.o
 .ARM.attributes
                0x0000069d       0x31 _build/ble_nus.o
 .ARM.attributes
                0x000006ce       0x31 _build/softdevice_handler.o
 .ARM.attributes
                0x000006ff       0x1b _build/gcc_startup_nrf51.o
 .ARM.attributes
                0x0000071a       0x2c /home/constantinos/RTES/init_software/gcc-arm-none-eabi/bin/../lib/gcc/arm-none-eabi/5.4.1/../../../../arm-none-eabi/lib/armv6-m/libm.a(lib_a-s_fabs.o)
 .ARM.attributes
                0x00000746       0x2c /home/constantinos/RTES/init_software/gcc-arm-none-eabi/bin/../lib/gcc/arm-none-eabi/5.4.1/../../../../arm-none-eabi/lib/armv6-m/libm.a(lib_a-w_asin.o)
 .ARM.attributes
                0x00000772       0x2c /home/constantinos/RTES/init_software/gcc-arm-none-eabi/bin/../lib/gcc/arm-none-eabi/5.4.1/../../../../arm-none-eabi/lib/armv6-m/libm.a(lib_a-w_atan2.o)
 .ARM.attributes
                0x0000079e       0x2c /home/constantinos/RTES/init_software/gcc-arm-none-eabi/bin/../lib/gcc/arm-none-eabi/5.4.1/../../../../arm-none-eabi/lib/armv6-m/libm.a(lib_a-e_asin.o)
 .ARM.attributes
                0x000007ca       0x2c /home/constantinos/RTES/init_software/gcc-arm-none-eabi/bin/../lib/gcc/arm-none-eabi/5.4.1/../../../../arm-none-eabi/lib/armv6-m/libm.a(lib_a-e_atan2.o)
 .ARM.attributes
                0x000007f6       0x2c /home/constantinos/RTES/init_software/gcc-arm-none-eabi/bin/../lib/gcc/arm-none-eabi/5.4.1/../../../../arm-none-eabi/lib/armv6-m/libm.a(lib_a-e_sqrt.o)
 .ARM.attributes
                0x00000822       0x2c /home/constantinos/RTES/init_software/gcc-arm-none-eabi/bin/../lib/gcc/arm-none-eabi/5.4.1/../../../../arm-none-eabi/lib/armv6-m/libm.a(lib_a-s_atan.o)
 .ARM.attributes
                0x0000084e       0x2c /home/constantinos/RTES/init_software/gcc-arm-none-eabi/bin/../lib/gcc/arm-none-eabi/5.4.1/../../../../arm-none-eabi/lib/armv6-m/libm.a(lib_a-s_lib_ver.o)
 .ARM.attributes
                0x0000087a       0x2c /home/constantinos/RTES/init_software/gcc-arm-none-eabi/bin/../lib/gcc/arm-none-eabi/5.4.1/../../../../arm-none-eabi/lib/armv6-m/libm.a(lib_a-s_matherr.o)
 .ARM.attributes
                0x000008a6       0x2c /home/constantinos/RTES/init_software/gcc-arm-none-eabi/bin/../lib/gcc/arm-none-eabi/5.4.1/../../../../arm-none-eabi/lib/armv6-m/libm.a(lib_a-s_nan.o)
 .ARM.attributes
                0x000008d2       0x1e /home/constantinos/RTES/init_software/gcc-arm-none-eabi/bin/../lib/gcc/arm-none-eabi/5.4.1/armv6-m/libgcc.a(_udivsi3.o)
 .ARM.attributes
                0x000008f0       0x1e /home/constantinos/RTES/init_software/gcc-arm-none-eabi/bin/../lib/gcc/arm-none-eabi/5.4.1/armv6-m/libgcc.a(_divsi3.o)
 .ARM.attributes
                0x0000090e       0x1e /home/constantinos/RTES/init_software/gcc-arm-none-eabi/bin/../lib/gcc/arm-none-eabi/5.4.1/armv6-m/libgcc.a(_dvmd_tls.o)
 .ARM.attributes
                0x0000092c       0x1e /home/constantinos/RTES/init_software/gcc-arm-none-eabi/bin/../lib/gcc/arm-none-eabi/5.4.1/armv6-m/libgcc.a(_arm_cmpdf2.o)
 .ARM.attributes
                0x0000094a       0x1e /home/constantinos/RTES/init_software/gcc-arm-none-eabi/bin/../lib/gcc/arm-none-eabi/5.4.1/armv6-m/libgcc.a(_arm_cmpsf2.o)
 .ARM.attributes
                0x00000968       0x2c /home/constantinos/RTES/init_software/gcc-arm-none-eabi/bin/../lib/gcc/arm-none-eabi/5.4.1/armv6-m/libgcc.a(_muldi3.o)
 .ARM.attributes
                0x00000994       0x2c /home/constantinos/RTES/init_software/gcc-arm-none-eabi/bin/../lib/gcc/arm-none-eabi/5.4.1/armv6-m/libgcc.a(_fixunssfsi.o)
 .ARM.attributes
                0x000009c0       0x2c /home/constantinos/RTES/init_software/gcc-arm-none-eabi/bin/../lib/gcc/arm-none-eabi/5.4.1/armv6-m/libgcc.a(addsf3.o)
 .ARM.attributes
                0x000009ec       0x2c /home/constantinos/RTES/init_software/gcc-arm-none-eabi/bin/../lib/gcc/arm-none-eabi/5.4.1/armv6-m/libgcc.a(divsf3.o)
 .ARM.attributes
                0x00000a18       0x2c /home/constantinos/RTES/init_software/gcc-arm-none-eabi/bin/../lib/gcc/arm-none-eabi/5.4.1/armv6-m/libgcc.a(eqsf2.o)
 .ARM.attributes
                0x00000a44       0x2c /home/constantinos/RTES/init_software/gcc-arm-none-eabi/bin/../lib/gcc/arm-none-eabi/5.4.1/armv6-m/libgcc.a(gesf2.o)
 .ARM.attributes
                0x00000a70       0x2c /home/constantinos/RTES/init_software/gcc-arm-none-eabi/bin/../lib/gcc/arm-none-eabi/5.4.1/armv6-m/libgcc.a(lesf2.o)
 .ARM.attributes
                0x00000a9c       0x2c /home/constantinos/RTES/init_software/gcc-arm-none-eabi/bin/../lib/gcc/arm-none-eabi/5.4.1/armv6-m/libgcc.a(mulsf3.o)
 .ARM.attributes
                0x00000ac8       0x2c /home/constantinos/RTES/init_software/gcc-arm-none-eabi/bin/../lib/gcc/arm-none-eabi/5.4.1/armv6-m/libgcc.a(subsf3.o)
 .ARM.attributes
                0x00000af4       0x2c /home/constantinos/RTES/init_software/gcc-arm-none-eabi/bin/../lib/gcc/arm-none-eabi/5.4.1/armv6-m/libgcc.a(fixsfsi.o)
 .ARM.attributes
                0x00000b20       0x2c /home/constantinos/RTES/init_software/gcc-arm-none-eabi/bin/../lib/gcc/arm-none-eabi/5.4.1/armv6-m/libgcc.a(floatsisf.o)
 .ARM.attributes
                0x00000b4c       0x2c /home/constantinos/RTES/init_software/gcc-arm-none-eabi/bin/../lib/gcc/arm-none-eabi/5.4.1/armv6-m/libgcc.a(floatunsisf.o)
 .ARM.attributes
                0x00000b78       0x2c /home/constantinos/RTES/init_software/gcc-arm-none-eabi/bin/../lib/gcc/arm-none-eabi/5.4.1/armv6-m/libgcc.a(adddf3.o)
 .ARM.attributes
                0x00000ba4       0x2c /home/constantinos/RTES/init_software/gcc-arm-none-eabi/bin/../lib/gcc/arm-none-eabi/5.4.1/armv6-m/libgcc.a(divdf3.o)
 .ARM.attributes
                0x00000bd0       0x2c /home/constantinos/RTES/init_software/gcc-arm-none-eabi/bin/../lib/gcc/arm-none-eabi/5.4.1/armv6-m/libgcc.a(eqdf2.o)
 .ARM.attributes
                0x00000bfc       0x2c /home/constantinos/RTES/init_software/gcc-arm-none-eabi/bin/../lib/gcc/arm-none-eabi/5.4.1/armv6-m/libgcc.a(gedf2.o)
 .ARM.attributes
                0x00000c28       0x2c /home/constantinos/RTES/init_software/gcc-arm-none-eabi/bin/../lib/gcc/arm-none-eabi/5.4.1/armv6-m/libgcc.a(ledf2.o)
 .ARM.attributes
                0x00000c54       0x2c /home/constantinos/RTES/init_software/gcc-arm-none-eabi/bin/../lib/gcc/arm-none-eabi/5.4.1/armv6-m/libgcc.a(muldf3.o)
 .ARM.attributes
                0x00000c80       0x2c /home/constantinos/RTES/init_software/gcc-arm-none-eabi/bin/../lib/gcc/arm-none-eabi/5.4.1/armv6-m/libgcc.a(subdf3.o)
 .ARM.attributes
                0x00000cac       0x2c /home/constantinos/RTES/init_software/gcc-arm-none-eabi/bin/../lib/gcc/arm-none-eabi/5.4.1/armv6-m/libgcc.a(unorddf2.o)
 .ARM.attributes
                0x00000cd8       0x2c /home/constantinos/RTES/init_software/gcc-arm-none-eabi/bin/../lib/gcc/arm-none-eabi/5.4.1/armv6-m/libgcc.a(fixdfsi.o)
 .ARM.attributes
                0x00000d04       0x2c /home/constantinos/RTES/init_software/gcc-arm-none-eabi/bin/../lib/gcc/arm-none-eabi/5.4.1/armv6-m/libgcc.a(extendsfdf2.o)
 .ARM.attributes
                0x00000d30       0x1e /home/constantinos/RTES/init_software/gcc-arm-none-eabi/bin/../lib/gcc/arm-none-eabi/5.4.1/armv6-m/libgcc.a(_clzsi2.o)
 .ARM.attributes
                0x00000d4e       0x2c /home/constantinos/RTES/init_software/gcc-arm-none-eabi/bin/../lib/gcc/arm-none-eabi/5.4.1/../../../../arm-none-eabi/lib/armv6-m/libc_nano.a(lib_a-assert.o)
 .ARM.attributes
                0x00000d7a       0x2c /home/constantinos/RTES/init_software/gcc-arm-none-eabi/bin/../lib/gcc/arm-none-eabi/5.4.1/../../../../arm-none-eabi/lib/armv6-m/libc_nano.a(lib_a-errno.o)
 .ARM.attributes
                0x00000da6       0x2c /home/constantinos/RTES/init_software/gcc-arm-none-eabi/bin/../lib/gcc/arm-none-eabi/5.4.1/../../../../arm-none-eabi/lib/armv6-m/libc_nano.a(lib_a-fprintf.o)
 .ARM.attributes
                0x00000dd2       0x2c /home/constantinos/RTES/init_software/gcc-arm-none-eabi/bin/../lib/gcc/arm-none-eabi/5.4.1/../../../../arm-none-eabi/lib/armv6-m/libc_nano.a(lib_a-malloc.o)
 .ARM.attributes
                0x00000dfe       0x2c /home/constantinos/RTES/init_software/gcc-arm-none-eabi/bin/../lib/gcc/arm-none-eabi/5.4.1/../../../../arm-none-eabi/lib/armv6-m/libc_nano.a(lib_a-memcmp.o)
 .ARM.attributes
                0x00000e2a       0x2c /home/constantinos/RTES/init_software/gcc-arm-none-eabi/bin/../lib/gcc/arm-none-eabi/5.4.1/../../../../arm-none-eabi/lib/armv6-m/libc_nano.a(lib_a-memcpy-stub.o)
 .ARM.attributes
                0x00000e56       0x2c /home/constantinos/RTES/init_software/gcc-arm-none-eabi/bin/../lib/gcc/arm-none-eabi/5.4.1/../../../../arm-none-eabi/lib/armv6-m/libc_nano.a(lib_a-nano-freer.o)
 .ARM.attributes
                0x00000e82       0x2c /home/constantinos/RTES/init_software/gcc-arm-none-eabi/bin/../lib/gcc/arm-none-eabi/5.4.1/../../../../arm-none-eabi/lib/armv6-m/libc_nano.a(lib_a-nano-mallocr.o)
 .ARM.attributes
                0x00000eae       0x2c /home/constantinos/RTES/init_software/gcc-arm-none-eabi/bin/../lib/gcc/arm-none-eabi/5.4.1/../../../../arm-none-eabi/lib/armv6-m/libc_nano.a(lib_a-nano-vfprintf.o)
 .ARM.attributes
                0x00000eda       0x2c /home/constantinos/RTES/init_software/gcc-arm-none-eabi/bin/../lib/gcc/arm-none-eabi/5.4.1/../../../../arm-none-eabi/lib/armv6-m/libc_nano.a(lib_a-nano-vfprintf_i.o)
 .ARM.attributes
                0x00000f06       0x2c /home/constantinos/RTES/init_software/gcc-arm-none-eabi/bin/../lib/gcc/arm-none-eabi/5.4.1/../../../../arm-none-eabi/lib/armv6-m/libc_nano.a(lib_a-printf.o)
 .ARM.attributes
                0x00000f32       0x2c /home/constantinos/RTES/init_software/gcc-arm-none-eabi/bin/../lib/gcc/arm-none-eabi/5.4.1/../../../../arm-none-eabi/lib/armv6-m/libc_nano.a(lib_a-sbrkr.o)
 .ARM.attributes
                0x00000f5e       0x2c /home/constantinos/RTES/init_software/gcc-arm-none-eabi/bin/../lib/gcc/arm-none-eabi/5.4.1/../../../../arm-none-eabi/lib/armv6-m/libc_nano.a(lib_a-sprintf.o)
 .ARM.attributes
                0x00000f8a       0x1c /home/constantinos/RTES/init_software/gcc-arm-none-eabi/bin/../lib/gcc/arm-none-eabi/5.4.1/../../../../arm-none-eabi/lib/armv6-m/libc_nano.a(lib_a-strlen.o)
 .ARM.attributes
                0x00000fa6       0x2c /home/constantinos/RTES/init_software/gcc-arm-none-eabi/bin/../lib/gcc/arm-none-eabi/5.4.1/../../../../arm-none-eabi/lib/armv6-m/libc_nano.a(lib_a-wbuf.o)
 .ARM.attributes
                0x00000fd2       0x2c /home/constantinos/RTES/init_software/gcc-arm-none-eabi/bin/../lib/gcc/arm-none-eabi/5.4.1/../../../../arm-none-eabi/lib/armv6-m/libc_nano.a(lib_a-wsetup.o)
 .ARM.attributes
                0x00000ffe       0x2c /home/constantinos/RTES/init_software/gcc-arm-none-eabi/bin/../lib/gcc/arm-none-eabi/5.4.1/../../../../arm-none-eabi/lib/armv6-m/libc_nano.a(lib_a-abort.o)
 .ARM.attributes
                0x0000102a       0x2c /home/constantinos/RTES/init_software/gcc-arm-none-eabi/bin/../lib/gcc/arm-none-eabi/5.4.1/../../../../arm-none-eabi/lib/armv6-m/libc_nano.a(lib_a-fflush.o)
 .ARM.attributes
                0x00001056       0x2c /home/constantinos/RTES/init_software/gcc-arm-none-eabi/bin/../lib/gcc/arm-none-eabi/5.4.1/../../../../arm-none-eabi/lib/armv6-m/libc_nano.a(lib_a-findfp.o)
 .ARM.attributes
                0x00001082       0x2c /home/constantinos/RTES/init_software/gcc-arm-none-eabi/bin/../lib/gcc/arm-none-eabi/5.4.1/../../../../arm-none-eabi/lib/armv6-m/libc_nano.a(lib_a-fwalk.o)
 .ARM.attributes
                0x000010ae       0x2c /home/constantinos/RTES/init_software/gcc-arm-none-eabi/bin/../lib/gcc/arm-none-eabi/5.4.1/../../../../arm-none-eabi/lib/armv6-m/libc_nano.a(lib_a-makebuf.o)
 .ARM.attributes
                0x000010da       0x2c /home/constantinos/RTES/init_software/gcc-arm-none-eabi/bin/../lib/gcc/arm-none-eabi/5.4.1/../../../../arm-none-eabi/lib/armv6-m/libc_nano.a(lib_a-memchr-stub.o)
 .ARM.attributes
                0x00001106       0x2c /home/constantinos/RTES/init_software/gcc-arm-none-eabi/bin/../lib/gcc/arm-none-eabi/5.4.1/../../../../arm-none-eabi/lib/armv6-m/libc_nano.a(lib_a-memmove.o)
 .ARM.attributes
                0x00001132       0x2c /home/constantinos/RTES/init_software/gcc-arm-none-eabi/bin/../lib/gcc/arm-none-eabi/5.4.1/../../../../arm-none-eabi/lib/armv6-m/libc_nano.a(lib_a-mlock.o)
 .ARM.attributes
                0x0000115e       0x2c /home/constantinos/RTES/init_software/gcc-arm-none-eabi/bin/../lib/gcc/arm-none-eabi/5.4.1/../../../../arm-none-eabi/lib/armv6-m/libc_nano.a(lib_a-nano-reallocr.o)
 .ARM.attributes
                0x0000118a       0x2c /home/constantinos/RTES/init_software/gcc-arm-none-eabi/bin/../lib/gcc/arm-none-eabi/5.4.1/../../../../arm-none-eabi/lib/armv6-m/libc_nano.a(lib_a-nano-svfprintf.o)
 .ARM.attributes
                0x000011b6       0x2c /home/constantinos/RTES/init_software/gcc-arm-none-eabi/bin/../lib/gcc/arm-none-eabi/5.4.1/../../../../arm-none-eabi/lib/armv6-m/libc_nano.a(lib_a-reent.o)
 .ARM.attributes
                0x000011e2       0x2c /home/constantinos/RTES/init_software/gcc-arm-none-eabi/bin/../lib/gcc/arm-none-eabi/5.4.1/../../../../arm-none-eabi/lib/armv6-m/libc_nano.a(lib_a-signal.o)
 .ARM.attributes
                0x0000120e       0x2c /home/constantinos/RTES/init_software/gcc-arm-none-eabi/bin/../lib/gcc/arm-none-eabi/5.4.1/../../../../arm-none-eabi/lib/armv6-m/libc_nano.a(lib_a-signalr.o)
 .ARM.attributes
                0x0000123a       0x2c /home/constantinos/RTES/init_software/gcc-arm-none-eabi/bin/../lib/gcc/arm-none-eabi/5.4.1/../../../../arm-none-eabi/lib/armv6-m/libc_nano.a(lib_a-stdio.o)
 .ARM.attributes
                0x00001266       0x2c /home/constantinos/RTES/init_software/gcc-arm-none-eabi/bin/../lib/gcc/arm-none-eabi/5.4.1/../../../../arm-none-eabi/lib/armv6-m/libc_nano.a(lib_a-writer.o)
 .ARM.attributes
                0x00001292       0x2c /home/constantinos/RTES/init_software/gcc-arm-none-eabi/bin/../lib/gcc/arm-none-eabi/5.4.1/../../../../arm-none-eabi/lib/armv6-m/libc_nano.a(lib_a-closer.o)
 .ARM.attributes
                0x000012be       0x2c /home/constantinos/RTES/init_software/gcc-arm-none-eabi/bin/../lib/gcc/arm-none-eabi/5.4.1/../../../../arm-none-eabi/lib/armv6-m/libc_nano.a(lib_a-fstatr.o)
 .ARM.attributes
                0x000012ea       0x2c /home/constantinos/RTES/init_software/gcc-arm-none-eabi/bin/../lib/gcc/arm-none-eabi/5.4.1/../../../../arm-none-eabi/lib/armv6-m/libc_nano.a(lib_a-isattyr.o)
 .ARM.attributes
                0x00001316       0x2c /home/constantinos/RTES/init_software/gcc-arm-none-eabi/bin/../lib/gcc/arm-none-eabi/5.4.1/../../../../arm-none-eabi/lib/armv6-m/libc_nano.a(lib_a-lseekr.o)
 .ARM.attributes
                0x00001342       0x2c /home/constantinos/RTES/init_software/gcc-arm-none-eabi/bin/../lib/gcc/arm-none-eabi/5.4.1/../../../../arm-none-eabi/lib/armv6-m/libc_nano.a(lib_a-nano-msizer.o)
 .ARM.attributes
                0x0000136e       0x2c /home/constantinos/RTES/init_software/gcc-arm-none-eabi/bin/../lib/gcc/arm-none-eabi/5.4.1/../../../../arm-none-eabi/lib/armv6-m/libc_nano.a(lib_a-readr.o)
 .ARM.attributes
                0x0000139a       0x1e /home/constantinos/RTES/init_software/gcc-arm-none-eabi/bin/../lib/gcc/arm-none-eabi/5.4.1/armv6-m/crtn.o
 .ARM.attributes
                0x000013b8       0x2c /home/constantinos/RTES/init_software/gcc-arm-none-eabi/bin/../lib/gcc/arm-none-eabi/5.4.1/../../../../arm-none-eabi/lib/armv6-m/libnosys.a(close.o)
 .ARM.attributes
                0x000013e4       0x2c /home/constantinos/RTES/init_software/gcc-arm-none-eabi/bin/../lib/gcc/arm-none-eabi/5.4.1/../../../../arm-none-eabi/lib/armv6-m/libnosys.a(fstat.o)
 .ARM.attributes
                0x00001410       0x2c /home/constantinos/RTES/init_software/gcc-arm-none-eabi/bin/../lib/gcc/arm-none-eabi/5.4.1/../../../../arm-none-eabi/lib/armv6-m/libnosys.a(getpid.o)
 .ARM.attributes
                0x0000143c       0x2c /home/constantinos/RTES/init_software/gcc-arm-none-eabi/bin/../lib/gcc/arm-none-eabi/5.4.1/../../../../arm-none-eabi/lib/armv6-m/libnosys.a(isatty.o)
 .ARM.attributes
                0x00001468       0x2c /home/constantinos/RTES/init_software/gcc-arm-none-eabi/bin/../lib/gcc/arm-none-eabi/5.4.1/../../../../arm-none-eabi/lib/armv6-m/libnosys.a(kill.o)
 .ARM.attributes
                0x00001494       0x2c /home/constantinos/RTES/init_software/gcc-arm-none-eabi/bin/../lib/gcc/arm-none-eabi/5.4.1/../../../../arm-none-eabi/lib/armv6-m/libnosys.a(lseek.o)
 .ARM.attributes
                0x000014c0       0x2c /home/constantinos/RTES/init_software/gcc-arm-none-eabi/bin/../lib/gcc/arm-none-eabi/5.4.1/../../../../arm-none-eabi/lib/armv6-m/libnosys.a(read.o)
 .ARM.attributes
                0x000014ec       0x2c /home/constantinos/RTES/init_software/gcc-arm-none-eabi/bin/../lib/gcc/arm-none-eabi/5.4.1/../../../../arm-none-eabi/lib/armv6-m/libnosys.a(sbrk.o)

.comment        0x00000000       0x6e
 .comment       0x00000000       0x6e _build/system_nrf51.o
                                 0x6f (size before relaxing)
 .comment       0x0000006e       0x6f _build/nrf_delay.o
 .comment       0x0000006e       0x6f _build/in4073.o
 .comment       0x0000006e       0x6f _build/control.o
 .comment       0x0000006e       0x6f _build/sensors.o
 .comment       0x0000006e       0x6f _build/crc.o
 .comment       0x0000006e       0x6f _build/packet.o
 .comment       0x0000006e       0x6f _build/packet_uav.o
 .comment       0x0000006e       0x6f _build/logging.o
 .comment       0x0000006e       0x6f _build/gpio.o
 .comment       0x0000006e       0x6f _build/timers.o
 .comment       0x0000006e       0x6f _build/uart.o
 .comment       0x0000006e       0x6f _build/queue.o
 .comment       0x0000006e       0x6f _build/twi.o
 .comment       0x0000006e       0x6f _build/adc.o
 .comment       0x0000006e       0x6f _build/baro.o
 .comment       0x0000006e       0x6f _build/ble.o
 .comment       0x0000006e       0x6f _build/spi_flash.o
 .comment       0x0000006e       0x6f _build/inv_mpu.o
 .comment       0x0000006e       0x6f _build/inv_mpu_dmp_motion_driver.o
 .comment       0x0000006e       0x6f _build/ml.o
 .comment       0x0000006e       0x6f _build/mpu_wrapper.o
 .comment       0x0000006e       0x6f _build/app_error.o
 .comment       0x0000006e       0x6f _build/app_timer.o
 .comment       0x0000006e       0x6f _build/pstorage.o
 .comment       0x0000006e       0x6f _build/ble_advdata.o
 .comment       0x0000006e       0x6f _build/ble_advertising.o
 .comment       0x0000006e       0x6f _build/ble_conn_params.o
 .comment       0x0000006e       0x6f _build/ble_nus.o
 .comment       0x0000006e       0x6f _build/softdevice_handler.o

.debug_frame    0x00000000     0x1258
 .debug_frame   0x00000000       0x28 /home/constantinos/RTES/init_software/gcc-arm-none-eabi/bin/../lib/gcc/arm-none-eabi/5.4.1/../../../../arm-none-eabi/lib/armv6-m/libc_nano.a(lib_a-exit.o)
 .debug_frame   0x00000028       0x2c /home/constantinos/RTES/init_software/gcc-arm-none-eabi/bin/../lib/gcc/arm-none-eabi/5.4.1/../../../../arm-none-eabi/lib/armv6-m/libc_nano.a(lib_a-init.o)
 .debug_frame   0x00000054       0x20 /home/constantinos/RTES/init_software/gcc-arm-none-eabi/bin/../lib/gcc/arm-none-eabi/5.4.1/../../../../arm-none-eabi/lib/armv6-m/libc_nano.a(lib_a-memset.o)
 .debug_frame   0x00000074       0x20 /home/constantinos/RTES/init_software/gcc-arm-none-eabi/bin/../lib/gcc/arm-none-eabi/5.4.1/../../../../arm-none-eabi/lib/armv6-m/libnosys.a(_exit.o)
 .debug_frame   0x00000094       0x20 /home/constantinos/RTES/init_software/gcc-arm-none-eabi/bin/../lib/gcc/arm-none-eabi/5.4.1/../../../../arm-none-eabi/lib/armv6-m/libm.a(lib_a-s_fabs.o)
 .debug_frame   0x000000b4       0x38 /home/constantinos/RTES/init_software/gcc-arm-none-eabi/bin/../lib/gcc/arm-none-eabi/5.4.1/../../../../arm-none-eabi/lib/armv6-m/libm.a(lib_a-w_asin.o)
 .debug_frame   0x000000ec       0x28 /home/constantinos/RTES/init_software/gcc-arm-none-eabi/bin/../lib/gcc/arm-none-eabi/5.4.1/../../../../arm-none-eabi/lib/armv6-m/libm.a(lib_a-w_atan2.o)
 .debug_frame   0x00000114       0x38 /home/constantinos/RTES/init_software/gcc-arm-none-eabi/bin/../lib/gcc/arm-none-eabi/5.4.1/../../../../arm-none-eabi/lib/armv6-m/libm.a(lib_a-e_asin.o)
 .debug_frame   0x0000014c       0x38 /home/constantinos/RTES/init_software/gcc-arm-none-eabi/bin/../lib/gcc/arm-none-eabi/5.4.1/../../../../arm-none-eabi/lib/armv6-m/libm.a(lib_a-e_atan2.o)
 .debug_frame   0x00000184       0x3c /home/constantinos/RTES/init_software/gcc-arm-none-eabi/bin/../lib/gcc/arm-none-eabi/5.4.1/../../../../arm-none-eabi/lib/armv6-m/libm.a(lib_a-e_sqrt.o)