Archive member included to satisfy reference by file (symbol)

/media/ishu/Data/MS/Quarter5/ERTS/lab/Quadcopter/gcc-arm-none-eabi/bin/../lib/gcc/arm-none-eabi/5.4.1/../../../../arm-none-eabi/lib/armv6-m/libc_nano.a(lib_a-exit.o)
                              /media/ishu/Data/MS/Quarter5/ERTS/lab/Quadcopter/gcc-arm-none-eabi/bin/../lib/gcc/arm-none-eabi/5.4.1/../../../../arm-none-eabi/lib/armv6-m/crt0.o (exit)
/media/ishu/Data/MS/Quarter5/ERTS/lab/Quadcopter/gcc-arm-none-eabi/bin/../lib/gcc/arm-none-eabi/5.4.1/../../../../arm-none-eabi/lib/armv6-m/libc_nano.a(lib_a-impure.o)
                              /media/ishu/Data/MS/Quarter5/ERTS/lab/Quadcopter/gcc-arm-none-eabi/bin/../lib/gcc/arm-none-eabi/5.4.1/../../../../arm-none-eabi/lib/armv6-m/libc_nano.a(lib_a-exit.o) (_global_impure_ptr)
/media/ishu/Data/MS/Quarter5/ERTS/lab/Quadcopter/gcc-arm-none-eabi/bin/../lib/gcc/arm-none-eabi/5.4.1/../../../../arm-none-eabi/lib/armv6-m/libc_nano.a(lib_a-init.o)
                              /media/ishu/Data/MS/Quarter5/ERTS/lab/Quadcopter/gcc-arm-none-eabi/bin/../lib/gcc/arm-none-eabi/5.4.1/../../../../arm-none-eabi/lib/armv6-m/crt0.o (__libc_init_array)
/media/ishu/Data/MS/Quarter5/ERTS/lab/Quadcopter/gcc-arm-none-eabi/bin/../lib/gcc/arm-none-eabi/5.4.1/../../../../arm-none-eabi/lib/armv6-m/libc_nano.a(lib_a-memset.o)
                              /media/ishu/Data/MS/Quarter5/ERTS/lab/Quadcopter/gcc-arm-none-eabi/bin/../lib/gcc/arm-none-eabi/5.4.1/../../../../arm-none-eabi/lib/armv6-m/crt0.o (memset)
/media/ishu/Data/MS/Quarter5/ERTS/lab/Quadcopter/gcc-arm-none-eabi/bin/../lib/gcc/arm-none-eabi/5.4.1/../../../../arm-none-eabi/lib/armv6-m/libnosys.a(_exit.o)
                              /media/ishu/Data/MS/Quarter5/ERTS/lab/Quadcopter/gcc-arm-none-eabi/bin/../lib/gcc/arm-none-eabi/5.4.1/../../../../arm-none-eabi/lib/armv6-m/libc_nano.a(lib_a-exit.o) (_exit)
/media/ishu/Data/MS/Quarter5/ERTS/lab/Quadcopter/gcc-arm-none-eabi/bin/../lib/gcc/arm-none-eabi/5.4.1/../../../../arm-none-eabi/lib/armv6-m/libm.a(lib_a-s_fabs.o)
                              _build/inv_mpu.o (fabs)
/media/ishu/Data/MS/Quarter5/ERTS/lab/Quadcopter/gcc-arm-none-eabi/bin/../lib/gcc/arm-none-eabi/5.4.1/../../../../arm-none-eabi/lib/armv6-m/libm.a(lib_a-w_asin.o)
                              _build/mpu_wrapper.o (asin)
/media/ishu/Data/MS/Quarter5/ERTS/lab/Quadcopter/gcc-arm-none-eabi/bin/../lib/gcc/arm-none-eabi/5.4.1/../../../../arm-none-eabi/lib/armv6-m/libm.a(lib_a-w_atan2.o)
                              _build/mpu_wrapper.o (atan2)
/media/ishu/Data/MS/Quarter5/ERTS/lab/Quadcopter/gcc-arm-none-eabi/bin/../lib/gcc/arm-none-eabi/5.4.1/../../../../arm-none-eabi/lib/armv6-m/libm.a(lib_a-e_asin.o)
                              /media/ishu/Data/MS/Quarter5/ERTS/lab/Quadcopter/gcc-arm-none-eabi/bin/../lib/gcc/arm-none-eabi/5.4.1/../../../../arm-none-eabi/lib/armv6-m/libm.a(lib_a-w_asin.o) (__ieee754_asin)
/media/ishu/Data/MS/Quarter5/ERTS/lab/Quadcopter/gcc-arm-none-eabi/bin/../lib/gcc/arm-none-eabi/5.4.1/../../../../arm-none-eabi/lib/armv6-m/libm.a(lib_a-e_atan2.o)
                              /media/ishu/Data/MS/Quarter5/ERTS/lab/Quadcopter/gcc-arm-none-eabi/bin/../lib/gcc/arm-none-eabi/5.4.1/../../../../arm-none-eabi/lib/armv6-m/libm.a(lib_a-w_atan2.o) (__ieee754_atan2)
/media/ishu/Data/MS/Quarter5/ERTS/lab/Quadcopter/gcc-arm-none-eabi/bin/../lib/gcc/arm-none-eabi/5.4.1/../../../../arm-none-eabi/lib/armv6-m/libm.a(lib_a-e_sqrt.o)
                              /media/ishu/Data/MS/Quarter5/ERTS/lab/Quadcopter/gcc-arm-none-eabi/bin/../lib/gcc/arm-none-eabi/5.4.1/../../../../arm-none-eabi/lib/armv6-m/libm.a(lib_a-e_asin.o) (__ieee754_sqrt)
/media/ishu/Data/MS/Quarter5/ERTS/lab/Quadcopter/gcc-arm-none-eabi/bin/../lib/gcc/arm-none-eabi/5.4.1/../../../../arm-none-eabi/lib/armv6-m/libm.a(lib_a-s_atan.o)
                              /media/ishu/Data/MS/Quarter5/ERTS/lab/Quadcopter/gcc-arm-none-eabi/bin/../lib/gcc/arm-none-eabi/5.4.1/../../../../arm-none-eabi/lib/armv6-m/libm.a(lib_a-e_atan2.o) (atan)
/media/ishu/Data/MS/Quarter5/ERTS/lab/Quadcopter/gcc-arm-none-eabi/bin/../lib/gcc/arm-none-eabi/5.4.1/../../../../arm-none-eabi/lib/armv6-m/libm.a(lib_a-s_lib_ver.o)
                              /media/ishu/Data/MS/Quarter5/ERTS/lab/Quadcopter/gcc-arm-none-eabi/bin/../lib/gcc/arm-none-eabi/5.4.1/../../../../arm-none-eabi/lib/armv6-m/libm.a(lib_a-w_asin.o) (__fdlib_version)
/media/ishu/Data/MS/Quarter5/ERTS/lab/Quadcopter/gcc-arm-none-eabi/bin/../lib/gcc/arm-none-eabi/5.4.1/../../../../arm-none-eabi/lib/armv6-m/libm.a(lib_a-s_matherr.o)
                              /media/ishu/Data/MS/Quarter5/ERTS/lab/Quadcopter/gcc-arm-none-eabi/bin/../lib/gcc/arm-none-eabi/5.4.1/../../../../arm-none-eabi/lib/armv6-m/libm.a(lib_a-w_asin.o) (matherr)
/media/ishu/Data/MS/Quarter5/ERTS/lab/Quadcopter/gcc-arm-none-eabi/bin/../lib/gcc/arm-none-eabi/5.4.1/../../../../arm-none-eabi/lib/armv6-m/libm.a(lib_a-s_nan.o)
[...]
Memory Configuration

Name             Origin             Length             Attributes
FLASH            0x00018000         0x00028000         xr
RAM              0x20002000         0x00002000         xrw
*default*        0x00000000         0xffffffff

Linker script and memory map

LOAD /media/ishu/Data/MS/Quarter5/ERTS/lab/Quadcopter/gcc-arm-none-eabi/bin/../lib/gcc/arm-none-eabi/5.4.1/armv6-m/crti.o
LOAD /media/ishu/Data/MS/Quarter5/ERTS/lab/Quadcopter/gcc-arm-none-eabi/bin/../lib/gcc/arm-none-eabi/5.4.1/armv6-m/crtbegin.o
LOAD /media/ishu/Data/MS/Quarter5/ERTS/lab/Quadcopter/gcc-arm-none-eabi/bin/../lib/gcc/arm-none-eabi/5.4.1/../../../../arm-none-eabi/lib/armv6-m/crt0.o
LOAD /media/ishu/Data/MS/Quarter5/ERTS/lab/Quadcopter/gcc-arm-none-eabi/bin/../lib/gcc/arm-none-eabi/5.4.1/../../../../arm-none-eabi/lib/armv6-m/libc_nano.a
LOAD /media/ishu/Data/MS/Quarter5/ERTS/lab/Quadcopter/gcc-arm-none-eabi/bin/../lib/gcc/arm-none-eabi/5.4.1/../../../../arm-none-eabi/lib/armv6-m/libnosys.a
LOAD /media/ishu/Data/MS/Quarter5/ERTS/lab/Quadcopter/gcc-arm-none-eabi/bin/../lib/gcc/arm-none-eabi/5.4.1/../../../../arm-none-eabi/lib/armv6-m/libm.a
LOAD _build/system_nrf51.o
LOAD _build/nrf_delay.o
LOAD _build/in4073.o
LOAD _build/control.o
LOAD _build/sensors.o
LOAD _build/filters.o
LOAD _build/fixedp.o
LOAD _build/crc.o
LOAD _build/packet.o
LOAD _build/packet_uav.o
LOAD _build/logging.o
LOAD _build/gpio.o
LOAD _build/timers.o
LOAD _build/uart.o
LOAD _build/queue.o
LOAD _build/twi.o
LOAD _build/adc.o
LOAD _build/baro.o
LOAD _build/ble.o
LOAD _build/spi_flash.o
LOAD _build/inv_mpu.o
LOAD _build/inv_mpu_dmp_motion_driver.o
LOAD _build/ml.o
LOAD _build/mpu_wrapper.o
LOAD _build/app_error.o
LOAD _build/app_timer.o
LOAD _build/nrf_assert.o
LOAD _build/nrf_drv_common.o
LOAD _build/pstorage.o
LOAD _build/ble_advdata.o
LOAD _build/ble_advertising.o
LOAD _build/ble_conn_params.o
LOAD _build/ble_nus.o
LOAD _build/ble_srv_common.o
LOAD _build/softdevice_handler.o
LOAD _build/gcc_startup_nrf51.o
LOAD /media/ishu/Data/MS/Quarter5/ERTS/lab/Quadcopter/gcc-arm-none-eabi/bin/../lib/gcc/arm-none-eabi/5.4.1/../../../../arm-none-eabi/lib/armv6-m/libm.a
START GROUP
LOAD /media/ishu/Data/MS/Quarter5/ERTS/lab/Quadcopter/gcc-arm-none-eabi/bin/../lib/gcc/arm-none-eabi/5.4.1/armv6-m/libgcc.a
LOAD /media/ishu/Data/MS/Quarter5/ERTS/lab/Quadcopter/gcc-arm-none-eabi/bin/../lib/gcc/arm-none-eabi/5.4.1/../../../../arm-none-eabi/lib/armv6-m/libc_nano.a
END GROUP
START GROUP
LOAD /media/ishu/Data/MS/Quarter5/ERTS/lab/Quadcopter/gcc-arm-none-eabi/bin/../lib/gcc/arm-none-eabi/5.4.1/armv6-m/libgcc.a
LOAD /media/ishu/Data/MS/Quarter5/ERTS/lab/Quadcopter/gcc-arm-none-eabi/bin/../lib/gcc/arm-none-eabi/5.4.1/../../../../arm-none-eabi/lib/armv6-m/libc_nano.a
END GROUP
LOAD /media/ishu/Data/MS/Quarter5/ERTS/lab/Quadcopter/gcc-arm-none-eabi/bin/../lib/gcc/arm-none-eabi/5.4.1/armv6-m/crtend.o
LOAD /media/ishu/Data/MS/Quarter5/ERTS/lab/Quadcopter/gcc-arm-none-eabi/bin/../lib/gcc/arm-none-eabi/5.4.1/armv6-m/crtn.o
START GROUP
LOAD /media/ishu/Data/MS/Quarter5/ERTS/lab/Quadcopter/gcc-arm-none-eabi/bin/../lib/gcc/arm-none-eabi/5.4.1/armv6-m/libgcc.a
LOAD /media/ishu/Data/MS/Quarter5/ERTS/lab/Quadcopter/gcc-arm-none-eabi/bin/../lib/gcc/arm-none-eabi/5.4.1/../../../../arm-none-eabi/lib/armv6-m/libc.a
LOAD /media/ishu/Data/MS/Quarter5/ERTS/lab/Quadcopter/gcc-arm-none-eabi/bin/../lib/gcc/arm-none-eabi/5.4.1/../../../../arm-none-eabi/lib/armv6-m/libnosys.a
END GROUP

.fs_data_out    0x00000000        0x0
                [!provide]                PROVIDE (__start_fs_data, .)
 *(fs_data)
                [!provide]                PROVIDE (__stop_fs_data, .)

.text           0x00018000     0xd0d4
 *(.Vectors)
 .Vectors       0x00018000       0xc0 _build/gcc_startup_nrf51.o
                0x00018000                __Vectors
 *(.text*)
 .text          0x000180c0       0x60 /media/ishu/Data/MS/Quarter5/ERTS/lab/Quadcopter/gcc-arm-none-eabi/bin/../lib/gcc/arm-none-eabi/5.4.1/armv6-m/crtbegin.o
 .text          0x00018120       0x78 /media/ishu/Data/MS/Quarter5/ERTS/lab/Quadcopter/gcc-arm-none-eabi/bin/../lib/gcc/arm-none-eabi/5.4.1/../../../../arm-none-eabi/lib/armv6-m/crt0.o
                0x00018120                _mainCRTStartup
                0x00018120                _start
 .text.exit     0x00018198       0x2c /media/ishu/Data/MS/Quarter5/ERTS/lab/Quadcopter/gcc-arm-none-eabi/bin/../lib/gcc/arm-none-eabi/5.4.1/../../../../arm-none-eabi/lib/armv6-m/libc_nano.a(lib_a-exit.o)
                0x00018198                exit
 .text.__libc_init_array
                0x000181c4       0x4c /media/ishu/Data/MS/Quarter5/ERTS/lab/Quadcopter/gcc-arm-none-eabi/bin/../lib/gcc/arm-none-eabi/5.4.1/../../../../arm-none-eabi/lib/armv6-m/libc_nano.a(lib_a-init.o)
                0x000181c4                __libc_init_array
 .text.memset   0x00018210       0x10 /media/ishu/Data/MS/Quarter5/ERTS/lab/Quadcopter/gcc-arm-none-eabi/bin/../lib/gcc/arm-none-eabi/5.4.1/../../../../arm-none-eabi/lib/armv6-m/libc_nano.a(lib_a-memset.o)
                0x00018210                memset
 .text._exit    0x00018220        0x4 /media/ishu/Data/MS/Quarter5/ERTS/lab/Quadcopter/gcc-arm-none-eabi/bin/../lib/gcc/arm-none-eabi/5.4.1/../../../../arm-none-eabi/lib/armv6-m/libnosys.a(_exit.o)
                0x00018220                _exit
 .text.SystemInit
                0x00018224       0x94 _build/system_nrf51.o
                0x00018224                SystemInit
 .text.nrf_delay_ms
                0x000182b8       0x3c _build/nrf_delay.o
                0x000182b8                nrf_delay_ms
 .text.determine_mode
                0x000182f4      0x254 _build/in4073.o
                0x000182f4                determine_mode
 .text.process_mode
                0x00018548      0x1d4 _build/in4073.o
                0x00018548                process_mode
 .text.startup.main
                0x0001871c      0x2dc _build/in4073.o
                0x0001871c                main
 .text.update_actuator
                0x000189f8      0x11c _build/control.o
                0x000189f8                update_actuator
 .text.update_motors
                0x00018b14       0x90 _build/control.o
                0x00018b14                update_motors
 .text.yaw_controller
                0x00018ba4       0xe0 _build/control.o
                0x00018ba4                yaw_controller
 .text.yaw_mode
                0x00018c84      0x108 _build/control.o
                0x00018c84                yaw_mode
 .text.height_rate_controller
                0x00018d8c       0xe0 _build/control.o
                0x00018d8c                height_rate_controller
 .text.rate_controller
                0x00018e6c      0x1a4 _build/control.o
                0x00018e6c                rate_controller
 .text.full_mode
                0x00019010       0x74 _build/control.o
                0x00019010                full_mode
 .text.height_mode
                0x00019084      0x148 _build/control.o
                0x00019084                height_mode
 .text.isCalibrated
                0x000191cc        0xc _build/sensors.o
                0x000191cc                isCalibrated
 .text.get_sensor
                0x000191d8      0x100 _build/sensors.o
                0x000191d8                get_sensor
 .text.insert_data
                0x000192d8      0x170 _build/sensors.o
                0x000192d8                insert_data
 .text.calibrate_sensors
                0x00019448      0x368 _build/sensors.o
                0x00019448                calibrate_sensors
 .text.calibrate_raw_sensors
                0x000197b0      0x4bc _build/sensors.o
                0x000197b0                calibrate_raw_sensors
 .text.get_filtered_data
                0x00019c6c       0xfc _build/sensors.o
                0x00019c6c                get_filtered_data
 .text.butter   0x00019d68       0xac _build/filters.o
                0x00019d68                butter
 .text.Kalman   0x00019e14       0x8c _build/filters.o
                0x00019e14                Kalman
 .text.fpmult   0x00019ea0        0x8 _build/fixedp.o
                0x00019ea0                fpmult
 .text.crc_message
                0x00019ea8       0x28 _build/crc.o
                0x00019ea8                crc_message
 .text.decode_header_pc_uav
                0x00019ed0       0x7c _build/packet.o
                0x00019ed0                decode_header_pc_uav
 .text.encode_header_uav_pc
                0x00019f4c        0x8 _build/packet.o
                0x00019f4c                encode_header_uav_pc
 .text.decode_data_command
                0x00019f54       0x18 _build/packet.o
                0x00019f54                decode_data_command
 .text.encode_data_motor
                0x00019f6c        0xc _build/packet.o
                0x00019f6c                encode_data_motor
 .text.encode_data_angles
                0x00019f78        0x8 _build/packet.o
                0x00019f78                encode_data_angles
 .text.encode_data_gyro
                0x00019f80        0x8 _build/packet.o
                0x00019f80                encode_data_gyro
 .text.encode_data_accel
                0x00019f88        0x8 _build/packet.o
                0x00019f88                encode_data_accel
 .text.encode_data_gains1
                0x00019f90       0x10 _build/packet.o
                0x00019f90                encode_data_gains1
 .text.encode_data_gains2
                0x00019fa0        0x8 _build/packet.o
                0x00019fa0                encode_data_gains2
 .text.decode   0x00019fa8      0x154 _build/packet_uav.o
                0x00019fa8                decode
 .text.encode   0x0001a0fc      0x1d8 _build/packet_uav.o
                0x0001a0fc                encode
 .text.select_log_mode
                0x0001a2d4       0x24 _build/logging.o
                0x0001a2d4                select_log_mode
 .text.gpio_init
                0x0001a2f8       0x8c _build/gpio.o
                0x0001a2f8                gpio_init
 .text.quadrupel_timer_handler
                0x0001a384        0xc _build/timers.o
                0x0001a384                quadrupel_timer_handler
 .text.TIMER2_IRQHandler
                0x0001a390       0xb8 _build/timers.o
                0x0001a390                TIMER2_IRQHandler
 .text.TIMER1_IRQHandler
                0x0001a448       0xac _build/timers.o
                0x0001a448                TIMER1_IRQHandler
 .text.get_time_us
                0x0001a4f4       0x20 _build/timers.o
                0x0001a4f4                get_time_us
 .text.check_timer_flag
                0x0001a514        0xc _build/timers.o
                0x0001a514                check_timer_flag
 .text.clear_timer_flag
                0x0001a520        0xc _build/timers.o
                0x0001a520                clear_timer_flag
 .text.timers_init
                0x0001a52c      0x1d4 _build/timers.o
                0x0001a52c                timers_init
 .text.uart_put_packet
                0x0001a700       0x7c _build/uart.o
                0x0001a700                uart_put_packet
 .text._write   0x0001a77c      0x2c4 _build/uart.o
                0x0001a77c                _write
 .text.UART0_IRQHandler
                0x0001aa40       0x84 _build/uart.o
                0x0001aa40                UART0_IRQHandler
 .text.uart_init
                0x0001aac4       0xa0 _build/uart.o
                0x0001aac4                uart_init
 .text.init_queue
                0x0001ab64       0x14 _build/queue.o
                0x0001ab64                init_queue
 .text.enqueue  0x0001ab78       0x1c _build/queue.o
                0x0001ab78                enqueue
 .text.dequeue  0x0001ab94       0x20 _build/queue.o
                0x0001ab94                dequeue
 .text.i2c_read
                0x0001abb4       0xc0 _build/twi.o
                0x0001abb4                i2c_read
 .text.i2c_write
                0x0001ac74       0x70 _build/twi.o
                0x0001ac74                i2c_write
 .text.SPI0_TWI0_IRQHandler
                0x0001ace4       0x70 _build/twi.o
                0x0001ace4                SPI0_TWI0_IRQHandler
 .text.twi_init
                0x0001ad54       0x84 _build/twi.o
                0x0001ad54                twi_init
 .text.adc_request_sample
                0x0001add8       0x18 _build/adc.o
                0x0001add8                adc_request_sample
 .text.ADC_IRQHandler
                0x0001adf0       0x24 _build/adc.o
                0x0001adf0                ADC_IRQHandler
 .text.adc_init
                0x0001ae14       0x3c _build/adc.o
                0x0001ae14                adc_init
 .text.read_baro
                0x0001ae50      0x1b4 _build/baro.o
                0x0001ae50                read_baro
 .text.baro_init
                0x0001b004       0x34 _build/baro.o
                0x0001b004                baro_init
 .text.sd_ble_gap_disconnect
                0x0001b038        0x4 _build/ble.o
 .text.sd_ble_gap_ppcp_set
                0x0001b03c        0x4 _build/ble.o
 .text.sd_ble_gap_device_name_set
                0x0001b040        0x4 _build/ble.o
 .text.sd_ble_gap_sec_params_reply
                0x0001b044        0x4 _build/ble.o
 .text.sd_ble_gatts_sys_attr_set
                0x0001b048        0x4 _build/ble.o
 .text.sd_ble_enable
                0x0001b04c        0x4 _build/ble.o
 .text.sd_nvic_EnableIRQ
                0x0001b050        0x4 _build/ble.o
 .text.sd_nvic_ClearPendingIRQ
                0x0001b054        0x4 _build/ble.o
 .text.sd_nvic_SetPriority
                0x0001b058        0x4 _build/ble.o
 .text.sd_radio_notification_cfg_set
                0x0001b05c        0x4 _build/ble.o
 .text.conn_params_error_handler
                0x0001b060       0x1c _build/ble.o
 .text.nus_data_handler
                0x0001b07c       0x20 _build/ble.o
 .text.ble_evt_dispatch
                0x0001b09c       0x94 _build/ble.o
 .text.on_conn_params_evt
                0x0001b130       0x38 _build/ble.o
 .text.SWI1_IRQHandler
                0x0001b168       0x10 _build/ble.o
                0x0001b168                SWI1_IRQHandler
 .text.ble_init
                0x0001b178      0x204 _build/ble.o
                0x0001b178                ble_init
 .text.spi_flash_init
                0x0001b37c      0x230 _build/spi_flash.o
                0x0001b37c                spi_flash_init
 .text.mpu_reset_fifo
                0x0001b5ac      0x15c _build/inv_mpu.o
                0x0001b5ac                mpu_reset_fifo
 .text.mpu_lp_accel_mode
                0x0001b708      0x1b8 _build/inv_mpu.o
                0x0001b708                mpu_lp_accel_mode
 .text.mpu_get_accel_fsr
                0x0001b8c0       0x4c _build/inv_mpu.o
                0x0001b8c0                mpu_get_accel_fsr
 .text.mpu_set_lpf
                0x0001b90c       0x78 _build/inv_mpu.o
                0x0001b90c                mpu_set_lpf
 .text.mpu_set_sample_rate
                0x0001b984      0x168 _build/inv_mpu.o
                0x0001b984                mpu_set_sample_rate
 .text.mpu_configure_fifo
                0x0001baec       0xd0 _build/inv_mpu.o
                0x0001baec                mpu_configure_fifo
 .text.mpu_set_sensors
                0x0001bbbc      0x140 _build/inv_mpu.o
                0x0001bbbc                mpu_set_sensors
 .text.mpu_init
                0x0001bcfc      0x1f4 _build/inv_mpu.o
                0x0001bcfc                mpu_init
 .text.mpu_read_fifo
                0x0001bef0      0x26c _build/inv_mpu.o
                0x0001bef0                mpu_read_fifo
 .text.mpu_read_fifo_stream
                0x0001c15c       0xb0 _build/inv_mpu.o
                0x0001c15c                mpu_read_fifo_stream
 .text.mpu_set_int_level
                0x0001c20c       0x10 _build/inv_mpu.o
                0x0001c20c                mpu_set_int_level
 .text.mpu_set_int_latched
                0x0001c21c       0x68 _build/inv_mpu.o
                0x0001c21c                mpu_set_int_latched
 .text.mpu_write_mem
                0x0001c284       0x58 _build/inv_mpu.o
                0x0001c284                mpu_write_mem
 .text.mpu_load_firmware
                0x0001c2dc      0x15c _build/inv_mpu.o
                0x0001c2dc                mpu_load_firmware
 .text.mpu_set_dmp_state
                0x0001c438      0x174 _build/inv_mpu.o
                0x0001c438                mpu_set_dmp_state
 .text.dmp_load_motion_driver_firmware
                0x0001c5ac       0x1c _build/inv_mpu_dmp_motion_driver.o
                0x0001c5ac                dmp_load_motion_driver_firmware
 .text.dmp_set_orientation
                0x0001c5c8      0x118 _build/inv_mpu_dmp_motion_driver.o
                0x0001c5c8                dmp_set_orientation
 .text.dmp_set_fifo_rate
                0x0001c6e0       0x64 _build/inv_mpu_dmp_motion_driver.o
                0x0001c6e0                dmp_set_fifo_rate
 .text.dmp_set_tap_thresh
                0x0001c744      0x164 _build/inv_mpu_dmp_motion_driver.o
                0x0001c744                dmp_set_tap_thresh
 .text.dmp_enable_feature
                0x0001c8a8      0x28c _build/inv_mpu_dmp_motion_driver.o
                0x0001c8a8                dmp_enable_feature
 .text.dmp_read_fifo
                0x0001cb34      0x20c _build/inv_mpu_dmp_motion_driver.o
                0x0001cb34                dmp_read_fifo
 .text.inv_orientation_matrix_to_scalar
                0x0001cd40      0x11c _build/ml.o
                0x0001cd40                inv_orientation_matrix_to_scalar
 .text.get_dmp_data
                0x0001ce5c      0x218 _build/mpu_wrapper.o
                0x0001ce5c                get_dmp_data
 .text.get_raw_sensor_data
                0x0001d074       0x88 _build/mpu_wrapper.o
                0x0001d074                get_raw_sensor_data
 .text.check_sensor_int_flag
                0x0001d0fc       0x20 _build/mpu_wrapper.o
                0x0001d0fc                check_sensor_int_flag
 .text.imu_init
                0x0001d11c      0x10c _build/mpu_wrapper.o
                0x0001d11c                imu_init
 .text.app_error_handler
                0x0001d228       0x40 _build/app_error.o
                0x0001d228                app_error_handler
 .text.rtc1_stop
                0x0001d268       0x78 _build/app_timer.o
 .text.RTC1_IRQHandler
                0x0001d2e0       0xe0 _build/app_timer.o
                0x0001d2e0                RTC1_IRQHandler
 .text.SWI0_IRQHandler
                0x0001d3c0      0x4cc _build/app_timer.o
                0x0001d3c0                SWI0_IRQHandler
 .text.app_timer_init
                0x0001d88c       0xe4 _build/app_timer.o
                0x0001d88c                app_timer_init
 .text.app_timer_create
                0x0001d970       0x34 _build/app_timer.o
                0x0001d970                app_timer_create
 .text.app_timer_start
                0x0001d9a4       0xec _build/app_timer.o
                0x0001d9a4                app_timer_start
 .text.app_timer_stop
                0x0001da90       0xc4 _build/app_timer.o
                0x0001da90                app_timer_stop
 .text.pstorage_access_status_get
                0x0001db54       0x28 _build/pstorage.o
                0x0001db54                pstorage_access_status_get
 .text.sd_ble_gap_address_get
                0x0001db7c        0x4 _build/ble_advdata.o
 .text.sd_ble_gap_adv_data_set
                0x0001db80        0x4 _build/ble_advdata.o
 .text.sd_ble_gap_appearance_get
                0x0001db84        0x4 _build/ble_advdata.o
 .text.sd_ble_gap_device_name_get
                0x0001db88        0x4 _build/ble_advdata.o
 .text.sd_ble_uuid_encode
                0x0001db8c        0x4 _build/ble_advdata.o
 .text.uuid_list_sized_encode
                0x0001db90       0xf8 _build/ble_advdata.o
 .text.adv_data_encode
                0x0001dc88      0x5b8 _build/ble_advdata.o
                0x0001dc88                adv_data_encode
 .text.ble_advdata_set
                0x0001e240       0x68 _build/ble_advdata.o
                0x0001e240                ble_advdata_set
 .text.sd_ble_gap_adv_start
                0x0001e2a8        0x4 _build/ble_advertising.o
 .text.ble_advertising_start.part.1
                0x0001e2ac      0x2a8 _build/ble_advertising.o
 .text.ble_advertising_init
                0x0001e554      0x144 _build/ble_advertising.o
                0x0001e554                ble_advertising_init
 .text.ble_advertising_start
                0x0001e698       0x3c _build/ble_advertising.o
                0x0001e698                ble_advertising_start
 .text.ble_advertising_on_ble_evt
                0x0001e6d4       0xec _build/ble_advertising.o
                0x0001e6d4                ble_advertising_on_ble_evt
 .text.sd_ble_gap_conn_param_update
                0x0001e7c0        0x4 _build/ble_conn_params.o
 .text.sd_ble_gap_disconnect
                0x0001e7c4        0x4 _build/ble_conn_params.o
 .text.sd_ble_gap_ppcp_set
                0x0001e7c8        0x4 _build/ble_conn_params.o
 .text.sd_ble_gap_ppcp_get
                0x0001e7cc        0x4 _build/ble_conn_params.o
 .text.update_timeout_handler
                0x0001e7d0       0x78 _build/ble_conn_params.o
 .text.conn_params_negotiation
                0x0001e848       0x88 _build/ble_conn_params.o
 .text.ble_conn_params_init
                0x0001e8d0       0x78 _build/ble_conn_params.o
                0x0001e8d0                ble_conn_params_init
 .text.ble_conn_params_on_ble_evt
                0x0001e948       0xac _build/ble_conn_params.o
                0x0001e948                ble_conn_params_on_ble_evt
 .text.sd_ble_gatts_service_add
                0x0001e9f4        0x4 _build/ble_nus.o
 .text.sd_ble_gatts_characteristic_add
                0x0001e9f8        0x4 _build/ble_nus.o
 .text.sd_ble_uuid_vs_add
                0x0001e9fc        0x4 _build/ble_nus.o
 .text.ble_nus_on_ble_evt
                0x0001ea00       0x60 _build/ble_nus.o
                0x0001ea00                ble_nus_on_ble_evt
 .text.ble_nus_init
                0x0001ea60      0x208 _build/ble_nus.o
                0x0001ea60                ble_nus_init
 .text.sd_nvic_EnableIRQ
                0x0001ec68        0x4 _build/softdevice_handler.o
 .text.sd_evt_get
                0x0001ec6c        0x4 _build/softdevice_handler.o
 .text.sd_softdevice_enable
                0x0001ec70        0x4 _build/softdevice_handler.o
 .text.sd_ble_evt_get
                0x0001ec74        0x4 _build/softdevice_handler.o
 .text.softdevice_assertion_handler
                0x0001ec78        0xc _build/softdevice_handler.o
                0x0001ec78                softdevice_assertion_handler
 .text.intern_softdevice_events_execute.part.0
                0x0001ec84       0xec _build/softdevice_handler.o
 .text.softdevice_handler_init
                0x0001ed70       0x4c _build/softdevice_handler.o
                0x0001ed70                softdevice_handler_init
 .text.softdevice_ble_evt_handler_set
                0x0001edbc       0x14 _build/softdevice_handler.o
                0x0001edbc                softdevice_ble_evt_handler_set
 .text.SWI2_IRQHandler
                0x0001edd0       0x34 _build/softdevice_handler.o
                0x0001edd0                SWI2_IRQHandler
 .text          0x0001ee04       0x54 _build/gcc_startup_nrf51.o
                0x0001ee04                Reset_Handler
                0x0001ee4c                NMI_Handler
                0x0001ee4e                HardFault_Handler
                0x0001ee50                SVC_Handler
                0x0001ee52                PendSV_Handler
                0x0001ee54                SysTick_Handler
                0x0001ee56                RTC0_IRQHandler
                0x0001ee56                GPIOTE_IRQHandler
                0x0001ee56                POWER_CLOCK_IRQHandler
                0x0001ee56                RADIO_IRQHandler
                0x0001ee56                LPCOMP_IRQHandler
                0x0001ee56                SWI4_IRQHandler
                0x0001ee56                TEMP_IRQHandler
                0x0001ee56                QDEC_IRQHandler
                0x0001ee56                SWI5_IRQHandler
                0x0001ee56                TIMER0_IRQHandler
                0x0001ee56                ECB_IRQHandler
                0x0001ee56                Default_Handler
                0x0001ee56                SWI3_IRQHandler
                0x0001ee56                CCM_AAR_IRQHandler
                0x0001ee56                WDT_IRQHandler
                0x0001ee56                RNG_IRQHandler
                0x0001ee56                SPI1_TWI1_IRQHandler
 .text.fabs     0x0001ee58        0x8 /media/ishu/Data/MS/Quarter5/ERTS/lab/Quadcopter/gcc-arm-none-eabi/bin/../lib/gcc/arm-none-eabi/5.4.1/../../../../arm-none-eabi/lib/armv6-m/libm.a(lib_a-s_fabs.o)
                0x0001ee58                fabs
 .text.asin     0x0001ee60       0xc4 /media/ishu/Data/MS/Quarter5/ERTS/lab/Quadcopter/gcc-arm-none-eabi/bin/../lib/gcc/arm-none-eabi/5.4.1/../../../../arm-none-eabi/lib/armv6-m/libm.a(lib_a-w_asin.o)
                0x0001ee60                asin
 .text.atan2    0x0001ef24        0x8 /media/ishu/Data/MS/Quarter5/ERTS/lab/Quadcopter/gcc-arm-none-eabi/bin/../lib/gcc/arm-none-eabi/5.4.1/../../../../arm-none-eabi/lib/armv6-m/libm.a(lib_a-w_atan2.o)
                0x0001ef24                atan2
 .text.__ieee754_asin
                0x0001ef2c      0x3cc /media/ishu/Data/MS/Quarter5/ERTS/lab/Quadcopter/gcc-arm-none-eabi/bin/../lib/gcc/arm-none-eabi/5.4.1/../../../../arm-none-eabi/lib/armv6-m/libm.a(lib_a-e_asin.o)
                0x0001ef2c                __ieee754_asin
 .text.__ieee754_atan2
                0x0001f2f8      0x178 /media/ishu/Data/MS/Quarter5/ERTS/lab/Quadcopter/gcc-arm-none-eabi/bin/../lib/gcc/arm-none-eabi/5.4.1/../../../../arm-none-eabi/lib/armv6-m/libm.a(lib_a-e_atan2.o)
                0x0001f2f8                __ieee754_atan2
 .text.__ieee754_sqrt
                0x0001f470      0x1ec /media/ishu/Data/MS/Quarter5/ERTS/lab/Quadcopter/gcc-arm-none-eabi/bin/../lib/gcc/arm-none-eabi/5.4.1/../../../../arm-none-eabi/lib/armv6-m/libm.a(lib_a-e_sqrt.o)
                0x0001f470                __ieee754_sqrt
 .text.atan     0x0001f65c      0x33c /media/ishu/Data/MS/Quarter5/ERTS/lab/Quadcopter/gcc-arm-none-eabi/bin/../lib/gcc/arm-none-eabi/5.4.1/../../../../arm-none-eabi/lib/armv6-m/libm.a(lib_a-s_atan.o)
                0x0001f65c                atan
 .text.matherr  0x0001f998        0x4 /media/ishu/Data/MS/Quarter5/ERTS/lab/Quadcopter/gcc-arm-none-eabi/bin/../lib/gcc/arm-none-eabi/5.4.1/../../../../arm-none-eabi/lib/armv6-m/libm.a(lib_a-s_matherr.o)
                0x0001f998                matherr
 .text.nan      0x0001f99c        0xc /media/ishu/Data/MS/Quarter5/ERTS/lab/Quadcopter/gcc-arm-none-eabi/bin/../lib/gcc/arm-none-eabi/5.4.1/../../../../arm-none-eabi/lib/armv6-m/libm.a(lib_a-s_nan.o)
                0x0001f99c                nan
 .text          0x0001f9a8      0x114 /media/ishu/Data/MS/Quarter5/ERTS/lab/Quadcopter/gcc-arm-none-eabi/bin/../lib/gcc/arm-none-eabi/5.4.1/armv6-m/libgcc.a(_udivsi3.o)
                0x0001f9a8                __udivsi3
                0x0001f9a8                __aeabi_uidiv
                0x0001fab4                __aeabi_uidivmod
 .text          0x0001fabc      0x1d4 /media/ishu/Data/MS/Quarter5/ERTS/lab/Quadcopter/gcc-arm-none-eabi/bin/../lib/gcc/arm-none-eabi/5.4.1/armv6-m/libgcc.a(_divsi3.o)
                0x0001fabc                __aeabi_idiv
                0x0001fabc                __divsi3
                0x0001fc88                __aeabi_idivmod
 .text          0x0001fc90        0x4 /media/ishu/Data/MS/Quarter5/ERTS/lab/Quadcopter/gcc-arm-none-eabi/bin/../lib/gcc/arm-none-eabi/5.4.1/armv6-m/libgcc.a(_dvmd_tls.o)
                0x0001fc90                __aeabi_ldiv0
                0x0001fc90                __aeabi_idiv0
 .text          0x0001fc94       0x7c /media/ishu/Data/MS/Quarter5/ERTS/lab/Quadcopter/gcc-arm-none-eabi/bin/../lib/gcc/arm-none-eabi/5.4.1/armv6-m/libgcc.a(_arm_cmpdf2.o)
                0x0001fc94                __aeabi_cdrcmple
                0x0001fca4                __aeabi_cdcmple
                0x0001fca4                __aeabi_cdcmpeq
                0x0001fcb4                __aeabi_dcmpeq
                0x0001fcc0                __aeabi_dcmplt
                0x0001fcd4                __aeabi_dcmple
                0x0001fce8                __aeabi_dcmpgt
                0x0001fcfc                __aeabi_dcmpge
 .text          0x0001fd10       0x74 /media/ishu/Data/MS/Quarter5/ERTS/lab/Quadcopter/gcc-arm-none-eabi/bin/../lib/gcc/arm-none-eabi/5.4.1/armv6-m/libgcc.a(_arm_cmpsf2.o)
                0x0001fd10                __aeabi_cfrcmple
                0x0001fd18                __aeabi_cfcmple
                0x0001fd18                __aeabi_cfcmpeq
                0x0001fd28                __aeabi_fcmpeq
                0x0001fd34                __aeabi_fcmplt
                0x0001fd48                __aeabi_fcmple
                0x0001fd5c                __aeabi_fcmpgt
                0x0001fd70                __aeabi_fcmpge
 .text          0x0001fd84       0x58 /media/ishu/Data/MS/Quarter5/ERTS/lab/Quadcopter/gcc-arm-none-eabi/bin/../lib/gcc/arm-none-eabi/5.4.1/armv6-m/libgcc.a(_muldi3.o)
                0x0001fd84                __aeabi_lmul
                0x0001fd84                __muldi3
 .text          0x0001fddc       0x30 /media/ishu/Data/MS/Quarter5/ERTS/lab/Quadcopter/gcc-arm-none-eabi/bin/../lib/gcc/arm-none-eabi/5.4.1/armv6-m/libgcc.a(_fixunssfsi.o)
                0x0001fddc                __aeabi_f2uiz
                0x0001fddc                __fixunssfsi
 .text          0x0001fe0c      0x2ec /media/ishu/Data/MS/Quarter5/ERTS/lab/Quadcopter/gcc-arm-none-eabi/bin/../lib/gcc/arm-none-eabi/5.4.1/armv6-m/libgcc.a(addsf3.o)
                0x0001fe0c                __aeabi_fadd
 .text          0x000200f8      0x234 /media/ishu/Data/MS/Quarter5/ERTS/lab/Quadcopter/gcc-arm-none-eabi/bin/../lib/gcc/arm-none-eabi/5.4.1/armv6-m/libgcc.a(divsf3.o)
                0x000200f8                __aeabi_fdiv
 .text          0x0002032c       0x50 /media/ishu/Data/MS/Quarter5/ERTS/lab/Quadcopter/gcc-arm-none-eabi/bin/../lib/gcc/arm-none-eabi/5.4.1/armv6-m/libgcc.a(eqsf2.o)
                0x0002032c                __nesf2
                0x0002032c                __eqsf2
 .text          0x0002037c       0x88 /media/ishu/Data/MS/Quarter5/ERTS/lab/Quadcopter/gcc-arm-none-eabi/bin/../lib/gcc/arm-none-eabi/5.4.1/armv6-m/libgcc.a(gesf2.o)
                0x0002037c                __gtsf2
                0x0002037c                __gesf2
 .text          0x00020404       0x88 /media/ishu/Data/MS/Quarter5/ERTS/lab/Quadcopter/gcc-arm-none-eabi/bin/../lib/gcc/arm-none-eabi/5.4.1/armv6-m/libgcc.a(lesf2.o)
                0x00020404                __lesf2
                0x00020404                __ltsf2
 .text          0x0002048c      0x228 /media/ishu/Data/MS/Quarter5/ERTS/lab/Quadcopter/gcc-arm-none-eabi/bin/../lib/gcc/arm-none-eabi/5.4.1/armv6-m/libgcc.a(mulsf3.o)
                0x0002048c                __aeabi_fmul
 .text          0x000206b4      0x30c /media/ishu/Data/MS/Quarter5/ERTS/lab/Quadcopter/gcc-arm-none-eabi/bin/../lib/gcc/arm-none-eabi/5.4.1/armv6-m/libgcc.a(subsf3.o)
                0x000206b4                __aeabi_fsub
 .text          0x000209c0       0x44 /media/ishu/Data/MS/Quarter5/ERTS/lab/Quadcopter/gcc-arm-none-eabi/bin/../lib/gcc/arm-none-eabi/5.4.1/armv6-m/libgcc.a(fixsfsi.o)
                0x000209c0                __aeabi_f2iz
 .text          0x00020a04       0x90 /media/ishu/Data/MS/Quarter5/ERTS/lab/Quadcopter/gcc-arm-none-eabi/bin/../lib/gcc/arm-none-eabi/5.4.1/armv6-m/libgcc.a(floatsisf.o)
                0x00020a04                __aeabi_i2f
 .text          0x00020a94       0x7c /media/ishu/Data/MS/Quarter5/ERTS/lab/Quadcopter/gcc-arm-none-eabi/bin/../lib/gcc/arm-none-eabi/5.4.1/armv6-m/libgcc.a(floatunsisf.o)
                0x00020a94                __aeabi_ui2f
 .text          0x00020b10      0x658 /media/ishu/Data/MS/Quarter5/ERTS/lab/Quadcopter/gcc-arm-none-eabi/bin/../lib/gcc/arm-none-eabi/5.4.1/armv6-m/libgcc.a(adddf3.o)
                0x00020b10                __aeabi_dadd
 .text          0x00021168      0x62c /media/ishu/Data/MS/Quarter5/ERTS/lab/Quadcopter/gcc-arm-none-eabi/bin/../lib/gcc/arm-none-eabi/5.4.1/armv6-m/libgcc.a(divdf3.o)
                0x00021168                __aeabi_ddiv
 .text          0x00021794       0x80 /media/ishu/Data/MS/Quarter5/ERTS/lab/Quadcopter/gcc-arm-none-eabi/bin/../lib/gcc/arm-none-eabi/5.4.1/armv6-m/libgcc.a(eqdf2.o)
                0x00021794                __eqdf2
                0x00021794                __nedf2
 .text          0x00021814       0xc8 /media/ishu/Data/MS/Quarter5/ERTS/lab/Quadcopter/gcc-arm-none-eabi/bin/../lib/gcc/arm-none-eabi/5.4.1/armv6-m/libgcc.a(gedf2.o)
                0x00021814                __gtdf2
                0x00021814                __gedf2
 .text          0x000218dc       0xd4 /media/ishu/Data/MS/Quarter5/ERTS/lab/Quadcopter/gcc-arm-none-eabi/bin/../lib/gcc/arm-none-eabi/5.4.1/armv6-m/libgcc.a(ledf2.o)
                0x000218dc                __ltdf2
                0x000218dc                __ledf2
 .text          0x000219b0      0x4f4 /media/ishu/Data/MS/Quarter5/ERTS/lab/Quadcopter/gcc-arm-none-eabi/bin/../lib/gcc/arm-none-eabi/5.4.1/armv6-m/libgcc.a(muldf3.o)
                0x000219b0                __aeabi_dmul
 .text          0x00021ea4      0x6a8 /media/ishu/Data/MS/Quarter5/ERTS/lab/Quadcopter/gcc-arm-none-eabi/bin/../lib/gcc/arm-none-eabi/5.4.1/armv6-m/libgcc.a(subdf3.o)
                0x00021ea4                __aeabi_dsub
 .text          0x0002254c       0x40 /media/ishu/Data/MS/Quarter5/ERTS/lab/Quadcopter/gcc-arm-none-eabi/bin/../lib/gcc/arm-none-eabi/5.4.1/armv6-m/libgcc.a(unorddf2.o)
                0x0002254c                __aeabi_dcmpun
 .text          0x0002258c       0x6c /media/ishu/Data/MS/Quarter5/ERTS/lab/Quadcopter/gcc-arm-none-eabi/bin/../lib/gcc/arm-none-eabi/5.4.1/armv6-m/libgcc.a(fixdfsi.o)
                0x0002258c                __aeabi_d2iz
 .text          0x000225f8       0xa8 /media/ishu/Data/MS/Quarter5/ERTS/lab/Quadcopter/gcc-arm-none-eabi/bin/../lib/gcc/arm-none-eabi/5.4.1/armv6-m/libgcc.a(extendsfdf2.o)
                0x000225f8                __aeabi_f2d
 .text          0x000226a0       0x3c /media/ishu/Data/MS/Quarter5/ERTS/lab/Quadcopter/gcc-arm-none-eabi/bin/../lib/gcc/arm-none-eabi/5.4.1/armv6-m/libgcc.a(_clzsi2.o)
                0x000226a0                __clzsi2
 .text.__errno  0x000226dc        0xc /media/ishu/Data/MS/Quarter5/ERTS/lab/Quadcopter/gcc-arm-none-eabi/bin/../lib/gcc/arm-none-eabi/5.4.1/../../../../arm-none-eabi/lib/armv6-m/libc_nano.a(lib_a-errno.o)
                0x000226dc                __errno
 .text.malloc   0x000226e8       0x14 /media/ishu/Data/MS/Quarter5/ERTS/lab/Quadcopter/gcc-arm-none-eabi/bin/../lib/gcc/arm-none-eabi/5.4.1/../../../../arm-none-eabi/lib/armv6-m/libc_nano.a(lib_a-malloc.o)
                0x000226e8                malloc
 .text.free     0x000226fc       0x14 /media/ishu/Data/MS/Quarter5/ERTS/lab/Quadcopter/gcc-arm-none-eabi/bin/../lib/gcc/arm-none-eabi/5.4.1/../../../../arm-none-eabi/lib/armv6-m/libc_nano.a(lib_a-malloc.o)
                0x000226fc                free
 .text.memcmp   0x00022710       0x1e /media/ishu/Data/MS/Quarter5/ERTS/lab/Quadcopter/gcc-arm-none-eabi/bin/../lib/gcc/arm-none-eabi/5.4.1/../../../../arm-none-eabi/lib/armv6-m/libc_nano.a(lib_a-memcmp.o)
                0x00022710                memcmp
 .text.memcpy   0x0002272e       0x12 /media/ishu/Data/MS/Quarter5/ERTS/lab/Quadcopter/gcc-arm-none-eabi/bin/../lib/gcc/arm-none-eabi/5.4.1/../../../../arm-none-eabi/lib/armv6-m/libc_nano.a(lib_a-memcpy-stub.o)
                0x0002272e                memcpy
 .text._free_r  0x00022740       0x98 /media/ishu/Data/MS/Quarter5/ERTS/lab/Quadcopter/gcc-arm-none-eabi/bin/../lib/gcc/arm-none-eabi/5.4.1/../../../../arm-none-eabi/lib/armv6-m/libc_nano.a(lib_a-nano-freer.o)
                0x00022740                _free_r
 .text._malloc_r
                0x000227d8       0xc0 /media/ishu/Data/MS/Quarter5/ERTS/lab/Quadcopter/gcc-arm-none-eabi/bin/../lib/gcc/arm-none-eabi/5.4.1/../../../../arm-none-eabi/lib/armv6-m/libc_nano.a(lib_a-nano-mallocr.o)
                0x000227d8                _malloc_r
 .text.printf   0x00022898       0x34 /media/ishu/Data/MS/Quarter5/ERTS/lab/Quadcopter/gcc-arm-none-eabi/bin/../lib/gcc/arm-none-eabi/5.4.1/../../../../arm-none-eabi/lib/armv6-m/libc_nano.a(lib_a-printf.o)
                0x00022898                printf
                0x00022898                iprintf
 .text._sbrk_r  0x000228cc       0x24 /media/ishu/Data/MS/Quarter5/ERTS/lab/Quadcopter/gcc-arm-none-eabi/bin/../lib/gcc/arm-none-eabi/5.4.1/../../../../arm-none-eabi/lib/armv6-m/libc_nano.a(lib_a-sbrkr.o)
                0x000228cc                _sbrk_r
 .text.sprintf  0x000228f0       0x44 /media/ishu/Data/MS/Quarter5/ERTS/lab/Quadcopter/gcc-arm-none-eabi/bin/../lib/gcc/arm-none-eabi/5.4.1/../../../../arm-none-eabi/lib/armv6-m/libc_nano.a(lib_a-sprintf.o)
                0x000228f0                sprintf
                0x000228f0                siprintf
 .text          0x00022934        0xe /media/ishu/Data/MS/Quarter5/ERTS/lab/Quadcopter/gcc-arm-none-eabi/bin/../lib/gcc/arm-none-eabi/5.4.1/../../../../arm-none-eabi/lib/armv6-m/libc_nano.a(lib_a-strlen.o)
                0x00022934                strlen
 *fill*         0x00022942        0x2 
 .text._cleanup_r
                0x00022944       0x10 /media/ishu/Data/MS/Quarter5/ERTS/lab/Quadcopter/gcc-arm-none-eabi/bin/../lib/gcc/arm-none-eabi/5.4.1/../../../../arm-none-eabi/lib/armv6-m/libc_nano.a(lib_a-findfp.o)
                0x00022944                _cleanup_r
 .text.std.isra.0
                0x00022954       0x48 /media/ishu/Data/MS/Quarter5/ERTS/lab/Quadcopter/gcc-arm-none-eabi/bin/../lib/gcc/arm-none-eabi/5.4.1/../../../../arm-none-eabi/lib/armv6-m/libc_nano.a(lib_a-findfp.o)
 .text.__sfmoreglue
                0x0002299c       0x2c /media/ishu/Data/MS/Quarter5/ERTS/lab/Quadcopter/gcc-arm-none-eabi/bin/../lib/gcc/arm-none-eabi/5.4.1/../../../../arm-none-eabi/lib/armv6-m/libc_nano.a(lib_a-findfp.o)
                0x0002299c                __sfmoreglue
 .text.__sinit  0x000229c8       0x68 /media/ishu/Data/MS/Quarter5/ERTS/lab/Quadcopter/gcc-arm-none-eabi/bin/../lib/gcc/arm-none-eabi/5.4.1/../../../../arm-none-eabi/lib/armv6-m/libc_nano.a(lib_a-findfp.o)
                0x000229c8                __sinit
 .text.__sfp    0x00022a30       0x7c /media/ishu/Data/MS/Quarter5/ERTS/lab/Quadcopter/gcc-arm-none-eabi/bin/../lib/gcc/arm-none-eabi/5.4.1/../../../../arm-none-eabi/lib/armv6-m/libc_nano.a(lib_a-findfp.o)
                0x00022a30                __sfp
 .text._fwalk_reent
                0x00022aac       0x42 /media/ishu/Data/MS/Quarter5/ERTS/lab/Quadcopter/gcc-arm-none-eabi/bin/../lib/gcc/arm-none-eabi/5.4.1/../../../../arm-none-eabi/lib/armv6-m/libc_nano.a(lib_a-fwalk.o)
                0x00022aac                _fwalk_reent
 .text.__malloc_lock
                0x00022aee        0x2 /media/ishu/Data/MS/Quarter5/ERTS/lab/Quadcopter/gcc-arm-none-eabi/bin/../lib/gcc/arm-none-eabi/5.4.1/../../../../arm-none-eabi/lib/armv6-m/libc_nano.a(lib_a-mlock.o)
                0x00022aee                __malloc_lock
 .text.__malloc_unlock
                0x00022af0        0x2 /media/ishu/Data/MS/Quarter5/ERTS/lab/Quadcopter/gcc-arm-none-eabi/bin/../lib/gcc/arm-none-eabi/5.4.1/../../../../arm-none-eabi/lib/armv6-m/libc_nano.a(lib_a-mlock.o)
                0x00022af0                __malloc_unlock
 *fill*         0x00022af2        0x2 
 .text.__ssputs_r
                0x00022af4       0xc4 /media/ishu/Data/MS/Quarter5/ERTS/lab/Quadcopter/gcc-arm-none-eabi/bin/../lib/gcc/arm-none-eabi/5.4.1/../../../../arm-none-eabi/lib/armv6-m/libc_nano.a(lib_a-nano-svfprintf.o)
                0x00022af4                __ssputs_r
 .text._svfprintf_r
                0x00022bb8      0x1fc /media/ishu/Data/MS/Quarter5/ERTS/lab/Quadcopter/gcc-arm-none-eabi/bin/../lib/gcc/arm-none-eabi/5.4.1/../../../../arm-none-eabi/lib/armv6-m/libc_nano.a(lib_a-nano-svfprintf.o)
                0x00022bb8                _svfprintf_r
                0x00022bb8                _svfiprintf_r
 .text.__sfputc_r
                0x00022db4       0x2a /media/ishu/Data/MS/Quarter5/ERTS/lab/Quadcopter/gcc-arm-none-eabi/bin/../lib/gcc/arm-none-eabi/5.4.1/../../../../arm-none-eabi/lib/armv6-m/libc_nano.a(lib_a-nano-vfprintf.o)
 .text.__sfputs_r
                0x00022dde       0x24 /media/ishu/Data/MS/Quarter5/ERTS/lab/Quadcopter/gcc-arm-none-eabi/bin/../lib/gcc/arm-none-eabi/5.4.1/../../../../arm-none-eabi/lib/armv6-m/libc_nano.a(lib_a-nano-vfprintf.o)
                0x00022dde                __sfputs_r
 *fill*         0x00022e02        0x2 
 .text._vfprintf_r
                0x00022e04      0x238 /media/ishu/Data/MS/Quarter5/ERTS/lab/Quadcopter/gcc-arm-none-eabi/bin/../lib/gcc/arm-none-eabi/5.4.1/../../../../arm-none-eabi/lib/armv6-m/libc_nano.a(lib_a-nano-vfprintf.o)
                0x00022e04                _vfiprintf_r
                0x00022e04                _vfprintf_r
 .text._printf_common
                0x0002303c       0xdc /media/ishu/Data/MS/Quarter5/ERTS/lab/Quadcopter/gcc-arm-none-eabi/bin/../lib/gcc/arm-none-eabi/5.4.1/../../../../arm-none-eabi/lib/armv6-m/libc_nano.a(lib_a-nano-vfprintf_i.o)
                0x0002303c                _printf_common
 .text._printf_i
                0x00023118      0x244 /media/ishu/Data/MS/Quarter5/ERTS/lab/Quadcopter/gcc-arm-none-eabi/bin/../lib/gcc/arm-none-eabi/5.4.1/../../../../arm-none-eabi/lib/armv6-m/libc_nano.a(lib_a-nano-vfprintf_i.o)
                0x00023118                _printf_i
 .text.__sread  0x0002335c       0x28 /media/ishu/Data/MS/Quarter5/ERTS/lab/Quadcopter/gcc-arm-none-eabi/bin/../lib/gcc/arm-none-eabi/5.4.1/../../../../arm-none-eabi/lib/armv6-m/libc_nano.a(lib_a-stdio.o)
                0x0002335c                __sread
 .text.__swrite
                0x00023384       0x38 /media/ishu/Data/MS/Quarter5/ERTS/lab/Quadcopter/gcc-arm-none-eabi/bin/../lib/gcc/arm-none-eabi/5.4.1/../../../../arm-none-eabi/lib/armv6-m/libc_nano.a(lib_a-stdio.o)
                0x00023384                __swrite
 .text.__sseek  0x000233bc       0x2c /media/ishu/Data/MS/Quarter5/ERTS/lab/Quadcopter/gcc-arm-none-eabi/bin/../lib/gcc/arm-none-eabi/5.4.1/../../../../arm-none-eabi/lib/armv6-m/libc_nano.a(lib_a-stdio.o)
                0x000233bc                __sseek
 .text.__sclose
                0x000233e8        0xc /media/ishu/Data/MS/Quarter5/ERTS/lab/Quadcopter/gcc-arm-none-eabi/bin/../lib/gcc/arm-none-eabi/5.4.1/../../../../arm-none-eabi/lib/armv6-m/libc_nano.a(lib_a-stdio.o)
                0x000233e8                __sclose
 .text.__swbuf_r
                0x000233f4       0xb0 /media/ishu/Data/MS/Quarter5/ERTS/lab/Quadcopter/gcc-arm-none-eabi/bin/../lib/gcc/arm-none-eabi/5.4.1/../../../../arm-none-eabi/lib/armv6-m/libc_nano.a(lib_a-wbuf.o)
                0x000233f4                __swbuf_r
 .text._write_r
                0x000234a4       0x28 /media/ishu/Data/MS/Quarter5/ERTS/lab/Quadcopter/gcc-arm-none-eabi/bin/../lib/gcc/arm-none-eabi/5.4.1/../../../../arm-none-eabi/lib/armv6-m/libc_nano.a(lib_a-writer.o)
                0x000234a4                _write_r
 .text.__swsetup_r
                0x000234cc       0xec /media/ishu/Data/MS/Quarter5/ERTS/lab/Quadcopter/gcc-arm-none-eabi/bin/../lib/gcc/arm-none-eabi/5.4.1/../../../../arm-none-eabi/lib/armv6-m/libc_nano.a(lib_a-wsetup.o)
                0x000234cc                __swsetup_r
 .text._close_r
                0x000235b8       0x24 /media/ishu/Data/MS/Quarter5/ERTS/lab/Quadcopter/gcc-arm-none-eabi/bin/../lib/gcc/arm-none-eabi/5.4.1/../../../../arm-none-eabi/lib/armv6-m/libc_nano.a(lib_a-closer.o)
                0x000235b8                _close_r
 .text.__sflush_r
                0x000235dc      0x10c /media/ishu/Data/MS/Quarter5/ERTS/lab/Quadcopter/gcc-arm-none-eabi/bin/../lib/gcc/arm-none-eabi/5.4.1/../../../../arm-none-eabi/lib/armv6-m/libc_nano.a(lib_a-fflush.o)
                0x000235dc                __sflush_r
 .text._fflush_r
                0x000236e8       0x58 /media/ishu/Data/MS/Quarter5/ERTS/lab/Quadcopter/gcc-arm-none-eabi/bin/../lib/gcc/arm-none-eabi/5.4.1/../../../../arm-none-eabi/lib/armv6-m/libc_nano.a(lib_a-fflush.o)
                0x000236e8                _fflush_r
 .text._lseek_r
                0x00023740       0x28 /media/ishu/Data/MS/Quarter5/ERTS/lab/Quadcopter/gcc-arm-none-eabi/bin/../lib/gcc/arm-none-eabi/5.4.1/../../../../arm-none-eabi/lib/armv6-m/libc_nano.a(lib_a-lseekr.o)
                0x00023740                _lseek_r
 .text.__swhatbuf_r
                0x00023768       0x4c /media/ishu/Data/MS/Quarter5/ERTS/lab/Quadcopter/gcc-arm-none-eabi/bin/../lib/gcc/arm-none-eabi/5.4.1/../../../../arm-none-eabi/lib/armv6-m/libc_nano.a(lib_a-makebuf.o)
                0x00023768                __swhatbuf_r
 .text.__smakebuf_r
                0x000237b4       0x7c /media/ishu/Data/MS/Quarter5/ERTS/lab/Quadcopter/gcc-arm-none-eabi/bin/../lib/gcc/arm-none-eabi/5.4.1/../../../../arm-none-eabi/lib/armv6-m/libc_nano.a(lib_a-makebuf.o)
                0x000237b4                __smakebuf_r
 .text.memchr   0x00023830       0x16 /media/ishu/Data/MS/Quarter5/ERTS/lab/Quadcopter/gcc-arm-none-eabi/bin/../lib/gcc/arm-none-eabi/5.4.1/../../../../arm-none-eabi/lib/armv6-m/libc_nano.a(lib_a-memchr-stub.o)
                0x00023830                memchr
 .text.memmove  0x00023846       0x2a /media/ishu/Data/MS/Quarter5/ERTS/lab/Quadcopter/gcc-arm-none-eabi/bin/../lib/gcc/arm-none-eabi/5.4.1/../../../../arm-none-eabi/lib/armv6-m/libc_nano.a(lib_a-memmove.o)
                0x00023846                memmove
 .text._realloc_r
                0x00023870       0x4c /media/ishu/Data/MS/Quarter5/ERTS/lab/Quadcopter/gcc-arm-none-eabi/bin/../lib/gcc/arm-none-eabi/5.4.1/../../../../arm-none-eabi/lib/armv6-m/libc_nano.a(lib_a-nano-reallocr.o)
                0x00023870                _realloc_r
 .text._read_r  0x000238bc       0x28 /media/ishu/Data/MS/Quarter5/ERTS/lab/Quadcopter/gcc-arm-none-eabi/bin/../lib/gcc/arm-none-eabi/5.4.1/../../../../arm-none-eabi/lib/armv6-m/libc_nano.a(lib_a-readr.o)
                0x000238bc                _read_r
 .text._fstat_r
                0x000238e4       0x24 /media/ishu/Data/MS/Quarter5/ERTS/lab/Quadcopter/gcc-arm-none-eabi/bin/../lib/gcc/arm-none-eabi/5.4.1/../../../../arm-none-eabi/lib/armv6-m/libc_nano.a(lib_a-fstatr.o)
                0x000238e4                _fstat_r
 .text._isatty_r
                0x00023908       0x24 /media/ishu/Data/MS/Quarter5/ERTS/lab/Quadcopter/gcc-arm-none-eabi/bin/../lib/gcc/arm-none-eabi/5.4.1/../../../../arm-none-eabi/lib/armv6-m/libc_nano.a(lib_a-isattyr.o)
                0x00023908                _isatty_r
 .text._malloc_usable_size_r
                0x0002392c       0x16 /media/ishu/Data/MS/Quarter5/ERTS/lab/Quadcopter/gcc-arm-none-eabi/bin/../lib/gcc/arm-none-eabi/5.4.1/../../../../arm-none-eabi/lib/armv6-m/libc_nano.a(lib_a-nano-msizer.o)
                0x0002392c                _malloc_usable_size_r
 *fill*         0x00023942        0x2 
 .text._close   0x00023944       0x10 /media/ishu/Data/MS/Quarter5/ERTS/lab/Quadcopter/gcc-arm-none-eabi/bin/../lib/gcc/arm-none-eabi/5.4.1/../../../../arm-none-eabi/lib/armv6-m/libnosys.a(close.o)
                0x00023944                _close
 .text._fstat   0x00023954       0x10 /media/ishu/Data/MS/Quarter5/ERTS/lab/Quadcopter/gcc-arm-none-eabi/bin/../lib/gcc/arm-none-eabi/5.4.1/../../../../arm-none-eabi/lib/armv6-m/libnosys.a(fstat.o)
                0x00023954                _fstat
 .text._isatty  0x00023964       0x10 /media/ishu/Data/MS/Quarter5/ERTS/lab/Quadcopter/gcc-arm-none-eabi/bin/../lib/gcc/arm-none-eabi/5.4.1/../../../../arm-none-eabi/lib/armv6-m/libnosys.a(isatty.o)
                0x00023964                _isatty
 .text._lseek   0x00023974       0x10 /media/ishu/Data/MS/Quarter5/ERTS/lab/Quadcopter/gcc-arm-none-eabi/bin/../lib/gcc/arm-none-eabi/5.4.1/../../../../arm-none-eabi/lib/armv6-m/libnosys.a(lseek.o)
                0x00023974                _lseek
 .text._read    0x00023984       0x10 /media/ishu/Data/MS/Quarter5/ERTS/lab/Quadcopter/gcc-arm-none-eabi/bin/../lib/gcc/arm-none-eabi/5.4.1/../../../../arm-none-eabi/lib/armv6-m/libnosys.a(read.o)
                0x00023984                _read
 .text._sbrk    0x00023994       0x1c /media/ishu/Data/MS/Quarter5/ERTS/lab/Quadcopter/gcc-arm-none-eabi/bin/../lib/gcc/arm-none-eabi/5.4.1/../../../../arm-none-eabi/lib/armv6-m/libnosys.a(sbrk.o)
                0x00023994                _sbrk
 *(.init)
 .init          0x000239b0        0x4 /media/ishu/Data/MS/Quarter5/ERTS/lab/Quadcopter/gcc-arm-none-eabi/bin/../lib/gcc/arm-none-eabi/5.4.1/armv6-m/crti.o
                0x000239b0                _init
 .init          0x000239b4        0x8 /media/ishu/Data/MS/Quarter5/ERTS/lab/Quadcopter/gcc-arm-none-eabi/bin/../lib/gcc/arm-none-eabi/5.4.1/armv6-m/crtn.o
 *(.fini)
 .fini          0x000239bc        0x4 /media/ishu/Data/MS/Quarter5/ERTS/lab/Quadcopter/gcc-arm-none-eabi/bin/../lib/gcc/arm-none-eabi/5.4.1/armv6-m/crti.o
                0x000239bc                _fini
 .fini          0x000239c0        0x8 /media/ishu/Data/MS/Quarter5/ERTS/lab/Quadcopter/gcc-arm-none-eabi/bin/../lib/gcc/arm-none-eabi/5.4.1/armv6-m/crtn.o
 *crtbegin.o(.ctors)
 *crtbegin?.o(.ctors)
 *(EXCLUDE_FILE(*crtend.o *crtend?.o) .ctors)
 *(SORT(.ctors.*))
 *(.ctors)
 *crtbegin.o(.dtors)
 *crtbegin?.o(.dtors)
 *(EXCLUDE_FILE(*crtend.o *crtend?.o) .dtors)
 *(SORT(.dtors.*))
 *(.dtors)
 *(.rodata*)
 .rodata.str1.1
                0x000239c8        0x2 /media/ishu/Data/MS/Quarter5/ERTS/lab/Quadcopter/gcc-arm-none-eabi/bin/../lib/gcc/arm-none-eabi/5.4.1/../../../../arm-none-eabi/lib/armv6-m/libc_nano.a(lib_a-impure.o)
 *fill*         0x000239ca        0x2 
 .rodata._global_impure_ptr
                0x000239cc        0x4 /media/ishu/Data/MS/Quarter5/ERTS/lab/Quadcopter/gcc-arm-none-eabi/bin/../lib/gcc/arm-none-eabi/5.4.1/../../../../arm-none-eabi/lib/armv6-m/libc_nano.a(lib_a-impure.o)
                0x000239cc                _global_impure_ptr
 .rodata.determine_mode
                0x000239d0       0x28 _build/in4073.o
 .rodata.process_mode
                0x000239f8       0x28 _build/in4073.o
 .rodata        0x00023a20        0xc _build/in4073.o
 .rodata.str1.4
                0x00023a2c       0xfa _build/in4073.o
 *fill*         0x00023b26        0x2 
 .rodata.str1.4
                0x00023b28       0x1a _build/control.o
 *fill*         0x00023b42        0x2 
 .rodata.get_sensor
                0x00023b44       0x2c _build/sensors.o
 .rodata.crclut
                0x00023b70      0x100 _build/crc.o
                0x00023b70                crclut
 .rodata.decode_header_pc_uav
                0x00023c70       0x20 _build/packet.o
 .rodata.encode
                0x00023c90       0x1c _build/packet_uav.o
 .rodata.str1.4
                0x00023cac       0x6f _build/packet_uav.o
 *fill*         0x00023d1b        0x1 
 .rodata.str1.4
                0x00023d1c      0x289 _build/logging.o
 *fill*         0x00023fa5        0x3 
 .rodata.quadrupel_timer.7149
                0x00023fa8        0x4 _build/timers.o
 .rodata.str1.4
                0x00023fac       0x11 _build/uart.o
 *fill*         0x00023fbd        0x3 
 .rodata.str1.4
                0x00023fc0       0x38 _build/twi.o
 .rodata.str1.4
                0x00023ff8       0x12 _build/ble.o
 *fill*         0x0002400a        0x2 
 .rodata.test   0x0002400c       0x28 _build/inv_mpu.o
                0x0002400c                test
 .rodata.str1.4
                0x00024034       0xa6 _build/inv_mpu.o
 *fill*         0x000240da        0x2 
 .rodata.hw     0x000240dc        0xc _build/inv_mpu.o
                0x000240dc                hw
 .rodata.reg    0x000240e8       0x1e _build/inv_mpu.o
                0x000240e8                reg
 *fill*         0x00024106        0x2 
 .rodata        0x00024108       0x4b _build/inv_mpu_dmp_motion_driver.o
 *fill*         0x00024153        0x1 
 .rodata.dmp_memory
                0x00024154      0xbf6 _build/inv_mpu_dmp_motion_driver.o
 *fill*         0x00024d4a        0x2 
 .rodata.str1.4
                0x00024d4c      0x12a _build/mpu_wrapper.o
 *fill*         0x00024e76        0x2 
 .rodata.str1.4
                0x00024e78       0x27 _build/app_error.o
 *fill*         0x00024e9f        0x1 
 .rodata.m_conn_params_timer_id
                0x00024ea0        0x4 _build/ble_conn_params.o
 .rodata        0x00024ea4       0x10 _build/ble_nus.o
 .rodata.str1.4
                0x00024eb4        0x8 /media/ishu/Data/MS/Quarter5/ERTS/lab/Quadcopter/gcc-arm-none-eabi/bin/../lib/gcc/arm-none-eabi/5.4.1/../../../../arm-none-eabi/lib/armv6-m/libm.a(lib_a-w_asin.o)
                                  0x9 (size before relaxing)
 *fill*         0x00024ebc        0x4 
 .rodata.atanlo
                0x00024ec0       0x20 /media/ishu/Data/MS/Quarter5/ERTS/lab/Quadcopter/gcc-arm-none-eabi/bin/../lib/gcc/arm-none-eabi/5.4.1/../../../../arm-none-eabi/lib/armv6-m/libm.a(lib_a-s_atan.o)
 .rodata.atanhi
                0x00024ee0       0x20 /media/ishu/Data/MS/Quarter5/ERTS/lab/Quadcopter/gcc-arm-none-eabi/bin/../lib/gcc/arm-none-eabi/5.4.1/../../../../arm-none-eabi/lib/armv6-m/libm.a(lib_a-s_atan.o)
 .rodata        0x00024f00       0x80 /media/ishu/Data/MS/Quarter5/ERTS/lab/Quadcopter/gcc-arm-none-eabi/bin/../lib/gcc/arm-none-eabi/5.4.1/armv6-m/libgcc.a(divsf3.o)
 .rodata        0x00024f80       0x40 /media/ishu/Data/MS/Quarter5/ERTS/lab/Quadcopter/gcc-arm-none-eabi/bin/../lib/gcc/arm-none-eabi/5.4.1/armv6-m/libgcc.a(mulsf3.o)
 .rodata        0x00024fc0       0x40 /media/ishu/Data/MS/Quarter5/ERTS/lab/Quadcopter/gcc-arm-none-eabi/bin/../lib/gcc/arm-none-eabi/5.4.1/armv6-m/libgcc.a(divdf3.o)
 .rodata        0x00025000       0x40 /media/ishu/Data/MS/Quarter5/ERTS/lab/Quadcopter/gcc-arm-none-eabi/bin/../lib/gcc/arm-none-eabi/5.4.1/armv6-m/libgcc.a(muldf3.o)
 .rodata.__sf_fake_stdin
                0x00025040       0x20 /media/ishu/Data/MS/Quarter5/ERTS/lab/Quadcopter/gcc-arm-none-eabi/bin/../lib/gcc/arm-none-eabi/5.4.1/../../../../arm-none-eabi/lib/armv6-m/libc_nano.a(lib_a-findfp.o)
                0x00025040                __sf_fake_stdin
 .rodata.__sf_fake_stdout
                0x00025060       0x20 /media/ishu/Data/MS/Quarter5/ERTS/lab/Quadcopter/gcc-arm-none-eabi/bin/../lib/gcc/arm-none-eabi/5.4.1/../../../../arm-none-eabi/lib/armv6-m/libc_nano.a(lib_a-findfp.o)
                0x00025060                __sf_fake_stdout
 .rodata.__sf_fake_stderr
                0x00025080       0x20 /media/ishu/Data/MS/Quarter5/ERTS/lab/Quadcopter/gcc-arm-none-eabi/bin/../lib/gcc/arm-none-eabi/5.4.1/../../../../arm-none-eabi/lib/armv6-m/libc_nano.a(lib_a-findfp.o)
                0x00025080                __sf_fake_stderr
 .rodata.str1.1
                0x000250a0       0x11 /media/ishu/Data/MS/Quarter5/ERTS/lab/Quadcopter/gcc-arm-none-eabi/bin/../lib/gcc/arm-none-eabi/5.4.1/../../../../arm-none-eabi/lib/armv6-m/libc_nano.a(lib_a-nano-svfprintf.o)
 .rodata.str1.1
                0x000250b1       0x11 /media/ishu/Data/MS/Quarter5/ERTS/lab/Quadcopter/gcc-arm-none-eabi/bin/../lib/gcc/arm-none-eabi/5.4.1/../../../../arm-none-eabi/lib/armv6-m/libc_nano.a(lib_a-nano-vfprintf.o)
 .rodata.str1.1
                0x000250b1       0x22 /media/ishu/Data/MS/Quarter5/ERTS/lab/Quadcopter/gcc-arm-none-eabi/bin/../lib/gcc/arm-none-eabi/5.4.1/../../../../arm-none-eabi/lib/armv6-m/libc_nano.a(lib_a-nano-vfprintf_i.o)
 *(.eh_frame*)
 *fill*         0x000250d3        0x1 
 .eh_frame      0x000250d4        0x0 /media/ishu/Data/MS/Quarter5/ERTS/lab/Quadcopter/gcc-arm-none-eabi/bin/../lib/gcc/arm-none-eabi/5.4.1/armv6-m/crtbegin.o
                0x000250d4                . = ALIGN (0x4)

.glue_7         0x000250d4        0x0
 .glue_7        0x000250d4        0x0 linker stubs

.glue_7t        0x000250d4        0x0
 .glue_7t       0x000250d4        0x0 linker stubs

.vfp11_veneer   0x000250d4        0x0
 .vfp11_veneer  0x000250d4        0x0 linker stubs

.v4_bx          0x000250d4        0x0
 .v4_bx         0x000250d4        0x0 linker stubs

.iplt           0x000250d4        0x0
 .iplt          0x000250d4        0x0 /media/ishu/Data/MS/Quarter5/ERTS/lab/Quadcopter/gcc-arm-none-eabi/bin/../lib/gcc/arm-none-eabi/5.4.1/armv6-m/crtbegin.o

.ARM.extab      0x000250d4        0x0
 *(.ARM.extab* .gnu.linkonce.armextab.*)
                0x000250d4                . = ALIGN (0x4)
                0x000250d4                __exidx_start = .

.ARM.exidx      0x000250d4        0x8
 *(.ARM.exidx* .gnu.linkonce.armexidx.*)
 .ARM.exidx     0x000250d4        0x8 /media/ishu/Data/MS/Quarter5/ERTS/lab/Quadcopter/gcc-arm-none-eabi/bin/../lib/gcc/arm-none-eabi/5.4.1/../../../../arm-none-eabi/lib/armv6-m/crt0.o
 .ARM.exidx     0x000250dc        0x0 _build/gcc_startup_nrf51.o
                                  0x8 (size before relaxing)
                0x000250dc                . = ALIGN (0x4)
                0x000250dc                __exidx_end = .
                0x000250dc                __etext = .

.rel.dyn        0x000250dc        0x0
 .rel.iplt      0x000250dc        0x0 /media/ishu/Data/MS/Quarter5/ERTS/lab/Quadcopter/gcc-arm-none-eabi/bin/../lib/gcc/arm-none-eabi/5.4.1/armv6-m/crtbegin.o

.data           0x20002000       0xb4 load address 0x000250dc
                0x20002000                __data_start__ = .
 *(vtable)
 *(.data*)
 .data.impure_data
                0x20002000       0x60 /media/ishu/Data/MS/Quarter5/ERTS/lab/Quadcopter/gcc-arm-none-eabi/bin/../lib/gcc/arm-none-eabi/5.4.1/../../../../arm-none-eabi/lib/armv6-m/libc_nano.a(lib_a-impure.o)
 .data._impure_ptr
                0x20002060        0x4 /media/ishu/Data/MS/Quarter5/ERTS/lab/Quadcopter/gcc-arm-none-eabi/bin/../lib/gcc/arm-none-eabi/5.4.1/../../../../arm-none-eabi/lib/armv6-m/libc_nano.a(lib_a-impure.o)
                0x20002060                _impure_ptr
 .data.txd_available
                0x20002064        0x1 _build/uart.o
                0x20002064                txd_available
 *fill*         0x20002065        0x3 
 .data.m_adv_uuids
                0x20002068        0x4 _build/ble.o
 .data.m_conn_handle
                0x2000206c        0x2 _build/ble.o
 *fill*         0x2000206e        0x2 
 .data.st       0x20002070       0x2c _build/inv_mpu.o
 .data.gyro_orientation.7069
                0x2000209c        0x9 _build/mpu_wrapper.o
 *fill*         0x200020a5        0x1 
 .data.current_slave_link_conn_handle.7275
                0x200020a6        0x2 _build/ble_advertising.o
 .data.__fdlib_version
                0x200020a8        0x1 /media/ishu/Data/MS/Quarter5/ERTS/lab/Quadcopter/gcc-arm-none-eabi/bin/../lib/gcc/arm-none-eabi/5.4.1/../../../../arm-none-eabi/lib/armv6-m/libm.a(lib_a-s_lib_ver.o)
                0x200020a8                __fdlib_version
                0x200020ac                . = ALIGN (0x4)
 *fill*         0x200020a9        0x3 
                0x200020ac                PROVIDE (__preinit_array_start, .)
 *(.preinit_array)
                0x200020ac                PROVIDE (__preinit_array_end, .)
                0x200020ac                . = ALIGN (0x4)
                0x200020ac                PROVIDE (__init_array_start, .)
 *(SORT(.init_array.*))
 *(.init_array)
 .init_array    0x200020ac        0x4 /media/ishu/Data/MS/Quarter5/ERTS/lab/Quadcopter/gcc-arm-none-eabi/bin/../lib/gcc/arm-none-eabi/5.4.1/armv6-m/crtbegin.o
                0x200020b0                PROVIDE (__init_array_end, .)
                0x200020b0                . = ALIGN (0x4)
                [!provide]                PROVIDE (__fini_array_start, .)
 *(SORT(.fini_array.*))
 *(.fini_array)
 .fini_array    0x200020b0        0x4 /media/ishu/Data/MS/Quarter5/ERTS/lab/Quadcopter/gcc-arm-none-eabi/bin/../lib/gcc/arm-none-eabi/5.4.1/armv6-m/crtbegin.o
                [!provide]                PROVIDE (__fini_array_end, .)
 *(.jcr)
 .jcr           0x200020b4        0x0 /media/ishu/Data/MS/Quarter5/ERTS/lab/Quadcopter/gcc-arm-none-eabi/bin/../lib/gcc/arm-none-eabi/5.4.1/armv6-m/crtbegin.o
                0x200020b4                . = ALIGN (0x4)
                0x200020b4                __data_end__ = .

.igot.plt       0x200020b4        0x0 load address 0x00025190
 .igot.plt      0x200020b4        0x0 /media/ishu/Data/MS/Quarter5/ERTS/lab/Quadcopter/gcc-arm-none-eabi/bin/../lib/gcc/arm-none-eabi/5.4.1/armv6-m/crtbegin.o

.bss            0x200020b4      0xaa0 load address 0x00025190
                0x200020b4                . = ALIGN (0x4)
                0x200020b4                __bss_start__ = .
 *(.bss*)
 .bss           0x200020b4       0x1c /media/ishu/Data/MS/Quarter5/ERTS/lab/Quadcopter/gcc-arm-none-eabi/bin/../lib/gcc/arm-none-eabi/5.4.1/armv6-m/crtbegin.o
 .bss.avg_pressure.7623
                0x200020d0        0x4 _build/control.o
 .bss.prev_height_rate.7618
                0x200020d4        0x2 _build/control.o
 .bss.height_counter.7609
                0x200020d6        0x1 _build/control.o
 .bss.outer_counter
                0x200020d7        0x1 _build/control.o
                0x200020d7                outer_counter
 .bss.calibration_flag
                0x200020d8        0x1 _build/sensors.o
                0x200020d8                calibration_flag
 *fill*         0x200020d9        0x1 
 .bss.dcsaz     0x200020da        0x2 _build/sensors.o
                0x200020da                dcsaz
 .bss.fpdcsax   0x200020dc        0x4 _build/sensors.o
                0x200020dc                fpdcsax
 .bss.fpdcsay   0x200020e0        0x4 _build/sensors.o
                0x200020e0                fpdcsay
 .bss.fpdcsaz   0x200020e4        0x4 _build/sensors.o
                0x200020e4                fpdcsaz
 .bss.dcsax     0x200020e8        0x2 _build/sensors.o
                0x200020e8                dcsax
 .bss.dcsay     0x200020ea        0x2 _build/sensors.o
                0x200020ea                dcsay
 .bss.dcsp      0x200020ec        0x2 _build/sensors.o
                0x200020ec                dcsp
 .bss.dcsq      0x200020ee        0x2 _build/sensors.o
                0x200020ee                dcsq
 .bss.dcsr      0x200020f0        0x2 _build/sensors.o
                0x200020f0                dcsr
 .bss.dcphi     0x200020f2        0x2 _build/sensors.o
                0x200020f2                dcphi
 .bss.dcpsi     0x200020f4        0x2 _build/sensors.o
                0x200020f4                dcpsi
 *fill*         0x200020f6        0x2 
 .bss.dcbaro    0x200020f8        0x4 _build/sensors.o
                0x200020f8                dcbaro
 .bss.dctheta   0x200020fc        0x2 _build/sensors.o
                0x200020fc                dctheta
 *fill*         0x200020fe        0x2 
 .bss.ytheta.3854
                0x20002100        0xc _build/filters.o
 .bss.yphi.3852
                0x2000210c        0xc _build/filters.o
 .bss.phiOrient.3866
                0x20002118        0x4 _build/filters.o
 .bss.xpsi.3855
                0x2000211c        0xc _build/filters.o
 .bss.thetaBias20.3865
                0x20002128        0x4 _build/filters.o
 .bss.thetaFpsRate.3869
                0x2000212c        0x4 _build/filters.o
 .bss.phiFpsRate.3868
                0x20002130        0x4 _build/filters.o
 .bss.xphi.3851
                0x20002134        0xc _build/filters.o
 .bss.ypsi.3856
                0x20002140        0xc _build/filters.o
 .bss.thetaOrient.3867
                0x2000214c        0x4 _build/filters.o
 .bss.phiBias20.3864
                0x20002150        0x4 _build/filters.o
 .bss.xtheta.3853
                0x20002154        0xc _build/filters.o
 .bss.last_received_message.7414
                0x20002160        0x4 _build/packet_uav.o
 .bss.discard_count
                0x20002164        0x1 _build/packet_uav.o
                0x20002164                discard_count
 .bss.no_read_count
                0x20002165        0x1 _build/packet_uav.o
                0x20002165                no_read_count
 .bss.logNum    0x20002166        0x2 _build/logging.o
 .bss.logMode   0x20002168        0x1 _build/logging.o
 *fill*         0x20002169        0x3 
 .bss.APP_TIMER_BUF.7145
                0x2000216c      0x1c8 _build/timers.o
 .bss.quadrupel_timer_data.7148
                0x20002334       0x20 _build/timers.o
 .bss.sent      0x20002354        0x1 _build/twi.o
 .bss.read      0x20002355        0x1 _build/twi.o
 .bss.loop_count
                0x20002356        0x1 _build/baro.o
 *fill*         0x20002357        0x1 
 .bss.data.7062
                0x20002358        0x2 _build/baro.o
 *fill*         0x2000235a        0x2 
 .bss.prom      0x2000235c       0x10 _build/baro.o
 .bss.data      0x2000236c        0x3 _build/baro.o
 *fill*         0x2000236f        0x1 
 .bss.initTime  0x20002370        0x4 _build/baro.o
                0x20002370                initTime
 .bss.BLE_EVT_BUFFER.8993
                0x20002374       0x48 _build/ble.o
 .bss.m_nus     0x200023bc       0x1c _build/ble.o
 .bss.spi_config_table
                0x200023d8        0xc _build/spi_flash.o
 .bss.SPI       0x200023e4        0x4 _build/spi_flash.o
 .bss.dmp       0x200023e8       0x10 _build/inv_mpu_dmp_motion_driver.o
 .bss.m_ticks_latest
                0x200023f8        0x4 _build/app_timer.o
 .bss.mp_timer_id_head
                0x200023fc        0x4 _build/app_timer.o
 .bss.m_evt_schedule_func
                0x20002400        0x4 _build/app_timer.o
 .bss.m_user_array_size
                0x20002404        0x1 _build/app_timer.o
 *fill*         0x20002405        0x3 
 .bss.mp_users  0x20002408        0x4 _build/app_timer.o
 .bss.m_ticks_elapsed_q_read_ind
                0x2000240c        0x1 _build/app_timer.o
 .bss.m_ticks_elapsed_q_write_ind
                0x2000240d        0x1 _build/app_timer.o
 .bss.m_rtc1_reset
                0x2000240e        0x1 _build/app_timer.o
 *fill*         0x2000240f        0x1 
 .bss.m_ticks_elapsed
                0x20002410        0x8 _build/app_timer.o
 .bss.m_rtc1_running
                0x20002418        0x1 _build/app_timer.o
 *fill*         0x20002419        0x3 
 .bss.m_cmd_queue
                0x2000241c       0xcc _build/pstorage.o
 .bss.m_flags   0x200024e8        0x4 _build/pstorage.o
 .bss.m_advdata
                0x200024ec       0x38 _build/ble_advertising.o
 .bss.m_manuf_specific_data
                0x20002524        0xc _build/ble_advertising.o
 .bss.m_evt_handler
                0x20002530        0x4 _build/ble_advertising.o
 .bss.m_advertising_start_pending
                0x20002534        0x1 _build/ble_advertising.o
 *fill*         0x20002535        0x3 
 .bss.m_manuf_data_array
                0x20002538       0x1f _build/ble_advertising.o
 .bss.m_whitelist_temporarily_disabled
                0x20002557        0x1 _build/ble_advertising.o
 .bss.m_error_handler
                0x20002558        0x4 _build/ble_advertising.o
 .bss.m_peer_address
                0x2000255c        0x7 _build/ble_advertising.o
 *fill*         0x20002563        0x1 
 .bss.m_adv_modes_config
                0x20002564       0x24 _build/ble_advertising.o
 .bss.mp_whitelist_addr
                0x20002588       0x20 _build/ble_advertising.o
 .bss.m_tx_power_level
                0x200025a8        0x1 _build/ble_advertising.o
 *fill*         0x200025a9        0x3 
 .bss.m_whitelist
                0x200025ac       0x10 _build/ble_advertising.o
 .bss.m_service_data_array
                0x200025bc       0x1f _build/ble_advertising.o
 .bss.m_whitelist_reply_expected
                0x200025db        0x1 _build/ble_advertising.o
 .bss.mp_whitelist_irk
                0x200025dc       0x20 _build/ble_advertising.o
 .bss.m_adv_mode_current
                0x200025fc        0x1 _build/ble_advertising.o
 .bss.m_peer_addr_reply_expected
                0x200025fd        0x1 _build/ble_advertising.o
 *fill*         0x200025fe        0x2 
 .bss.m_slave_conn_int
                0x20002600        0x4 _build/ble_advertising.o
 .bss.m_service_data
                0x20002604        0xc _build/ble_advertising.o
 .bss.m_adv_evt
                0x20002610        0x1 _build/ble_advertising.o
 .bss.m_change_param
                0x20002611        0x1 _build/ble_conn_params.o
 *fill*         0x20002612        0x2 
 .bss.m_current_conn_params
                0x20002614        0x8 _build/ble_conn_params.o
 .bss.m_update_count
                0x2000261c        0x1 _build/ble_conn_params.o
 *fill*         0x2000261d        0x3 
 .bss.m_conn_params_config
                0x20002620       0x1c _build/ble_conn_params.o
 .bss.m_conn_params_timer_id_data
                0x2000263c       0x20 _build/ble_conn_params.o
 .bss.m_conn_handle
                0x2000265c        0x2 _build/ble_conn_params.o
 *fill*         0x2000265e        0x2 
 .bss.m_preferred_conn_params
                0x20002660        0x8 _build/ble_conn_params.o
 .bss.m_softdevice_enabled
                0x20002668        0x1 _build/softdevice_handler.o
 *fill*         0x20002669        0x1 
 .bss.m_ble_evt_buffer_size
                0x2000266a        0x2 _build/softdevice_handler.o
 .bss.mp_ble_evt_buffer
                0x2000266c        0x4 _build/softdevice_handler.o
 .bss.m_sys_evt_handler
                0x20002670        0x4 _build/softdevice_handler.o
 .bss.m_ble_evt_handler
                0x20002674        0x4 _build/softdevice_handler.o
 .bss.m_evt_schedule_func
                0x20002678        0x4 _build/softdevice_handler.o
 .bss.__malloc_sbrk_start
                0x2000267c        0x4 /media/ishu/Data/MS/Quarter5/ERTS/lab/Quadcopter/gcc-arm-none-eabi/bin/../lib/gcc/arm-none-eabi/5.4.1/../../../../arm-none-eabi/lib/armv6-m/libc_nano.a(lib_a-nano-mallocr.o)
                0x2000267c                __malloc_sbrk_start
 .bss.__malloc_free_list
                0x20002680        0x4 /media/ishu/Data/MS/Quarter5/ERTS/lab/Quadcopter/gcc-arm-none-eabi/bin/../lib/gcc/arm-none-eabi/5.4.1/../../../../arm-none-eabi/lib/armv6-m/libc_nano.a(lib_a-nano-mallocr.o)
                0x20002680                __malloc_free_list
 .bss.heap_end.4167
                0x20002684        0x4 /media/ishu/Data/MS/Quarter5/ERTS/lab/Quadcopter/gcc-arm-none-eabi/bin/../lib/gcc/arm-none-eabi/5.4.1/../../../../arm-none-eabi/lib/armv6-m/libnosys.a(sbrk.o)
 *(COMMON)
 COMMON         0x20002688      0x481 _build/in4073.o
                0x20002688                yaw_parameter
                0x2000268a                say
                0x2000268c                b
                0x2000268e                psi
                0x20002690                sensor_fifo_count
                0x20002691                P1
                0x20002692                saz
                0x20002694                height_mode_flag
                0x20002698                logCore
                0x2000269c                rx_queue
                0x200027a2                current_mode
                0x200027a4                phi
                0x200027a6                P2
                0x200027a7                prev_mode
                0x200027a8                temperature
                0x200027ac                psi_s
                0x200027ae                new_lift
                0x200027b0                theta
                0x200027b4                pressure
                0x200027b8                exit_mode_flag
                0x200027b9                mode
                0x200027ba                dcpsi_s
                0x200027bc                tx_queue
                0x200028c2                sax
                0x200028c4                lift
                0x200028c5                P4
                0x200028c6                sq
                0x200028c8                yaw_error
                0x200028ca                bat_volt
                0x200028cc                printf_data
                0x200028d0                P3
                0x200028d4                ble_rx_queue
                0x200029da                d
                0x200029dc                sp
                0x200029de                safe_flag
                0x200029df                radio_active
                0x200029e0                motor
                0x200029e8                yaw
                0x200029ec                last_correct_checksum_time
                0x200029f0                prev_lift
                0x200029f2                pitch
                0x200029f3                roll
                0x200029f4                ble_tx_queue
                0x20002afc                ae
                0x20002b04                sr
                0x20002b06                height_lift_flag
                0x20002b07                demo_done
                0x20002b08                P
 *fill*         0x20002b09        0x3 
 COMMON         0x20002b0c       0x28 _build/control.o
                0x20002b0c                roll_overflow
                0x20002b0e                yaw_rate
                0x20002b10                pitch_act
                0x20002b14                height_s
                0x20002b18                yaw_overflow
                0x20002b1a                yaw_prev
                0x20002b1c                yaw_act
                0x20002b1e                pitch_rate_d
                0x20002b20                roll_act
                0x20002b22                height_overflow
                0x20002b24                height_act
                0x20002b26                yaw_s
                0x20002b28                height_rate_d
                0x20002b2a                roll_rate_d
                0x20002b2c                pitch_overflow
                0x20002b30                height_d
 COMMON         0x20002b34        0xc _build/sensors.o
                0x20002b34                fpsax
                0x20002b38                fpsaz
                0x20002b3c                fpsay
 COMMON         0x20002b40        0x5 _build/timers.o
                0x20002b40                global_time
                0x20002b44                timer_flag
 *fill*         0x20002b45        0x3 
 COMMON         0x20002b48        0x8 _build/baro.o
                0x20002b48                D2
                0x20002b4c                D1
 COMMON         0x20002b50        0x4 /media/ishu/Data/MS/Quarter5/ERTS/lab/Quadcopter/gcc-arm-none-eabi/bin/../lib/gcc/arm-none-eabi/5.4.1/../../../../arm-none-eabi/lib/armv6-m/libc_nano.a(lib_a-reent.o)
                0x20002b50                errno
                0x20002b54                . = ALIGN (0x4)
                0x20002b54                __bss_end__ = .

.heap           0x20002b58      0x800
                0x20002b58                __end__ = .
                0x20002b58                end = __end__
 *(.heap*)
 .heap          0x20002b58      0x800 _build/gcc_startup_nrf51.o
                0x20002b58                __HeapBase
                0x20003358                __HeapLimit = .

.stack_dummy    0x20002b58      0x800
 *(.stack*)
 .stack         0x20002b58      0x800 _build/gcc_startup_nrf51.o
                0x20004000                __StackTop = (ORIGIN (RAM) + LENGTH (RAM))
                0x20003800                __StackLimit = (__StackTop - SIZEOF (.stack_dummy))
                0x20004000                PROVIDE (__stack, __StackTop)
                0x00000001                ASSERT ((__StackLimit >= __HeapLimit), region RAM overflowed with stack)
OUTPUT(_build/in4073.out elf32-littlearm)

.ARM.attributes
                0x00000000       0x28
 .ARM.attributes
                0x00000000       0x1e /media/ishu/Data/MS/Quarter5/ERTS/lab/Quadcopter/gcc-arm-none-eabi/bin/../lib/gcc/arm-none-eabi/5.4.1/armv6-m/crti.o
 .ARM.attributes
                0x0000001e       0x2c /media/ishu/Data/MS/Quarter5/ERTS/lab/Quadcopter/gcc-arm-none-eabi/bin/../lib/gcc/arm-none-eabi/5.4.1/armv6-m/crtbegin.o
 .ARM.attributes
                0x0000004a       0x1b /media/ishu/Data/MS/Quarter5/ERTS/lab/Quadcopter/gcc-arm-none-eabi/bin/../lib/gcc/arm-none-eabi/5.4.1/../../../../arm-none-eabi/lib/armv6-m/crt0.o
 .ARM.attributes
                0x00000065       0x2c /media/ishu/Data/MS/Quarter5/ERTS/lab/Quadcopter/gcc-arm-none-eabi/bin/../lib/gcc/arm-none-eabi/5.4.1/../../../../arm-none-eabi/lib/armv6-m/libc_nano.a(lib_a-exit.o)
 .ARM.attributes
                0x00000091       0x2c /media/ishu/Data/MS/Quarter5/ERTS/lab/Quadcopter/gcc-arm-none-eabi/bin/../lib/gcc/arm-none-eabi/5.4.1/../../../../arm-none-eabi/lib/armv6-m/libc_nano.a(lib_a-impure.o)
 .ARM.attributes
                0x000000bd       0x2c /media/ishu/Data/MS/Quarter5/ERTS/lab/Quadcopter/gcc-arm-none-eabi/bin/../lib/gcc/arm-none-eabi/5.4.1/../../../../arm-none-eabi/lib/armv6-m/libc_nano.a(lib_a-init.o)
 .ARM.attributes
                0x000000e9       0x2c /media/ishu/Data/MS/Quarter5/ERTS/lab/Quadcopter/gcc-arm-none-eabi/bin/../lib/gcc/arm-none-eabi/5.4.1/../../../../arm-none-eabi/lib/armv6-m/libc_nano.a(lib_a-memset.o)
 .ARM.attributes
                0x00000115       0x2c /media/ishu/Data/MS/Quarter5/ERTS/lab/Quadcopter/gcc-arm-none-eabi/bin/../lib/gcc/arm-none-eabi/5.4.1/../../../../arm-none-eabi/lib/armv6-m/libnosys.a(_exit.o)
 .ARM.attributes
                0x00000141       0x31 _build/system_nrf51.o
 .ARM.attributes
                0x00000172       0x31 _build/nrf_delay.o
 .ARM.attributes
                0x000001a3       0x31 _build/in4073.o
 .ARM.attributes
                0x000001d4       0x31 _build/control.o
 .ARM.attributes
                0x00000205       0x31 _build/sensors.o
 .ARM.attributes
                0x00000236       0x31 _build/filters.o
 .ARM.attributes
                0x00000267       0x31 _build/fixedp.o
 .ARM.attributes
                0x00000298       0x31 _build/crc.o
 .ARM.attributes
                0x000002c9       0x31 _build/packet.o
 .ARM.attributes
                0x000002fa       0x31 _build/packet_uav.o
 .ARM.attributes
                0x0000032b       0x31 _build/logging.o
 .ARM.attributes
                0x0000035c       0x31 _build/gpio.o
 .ARM.attributes
                0x0000038d       0x31 _build/timers.o
 .ARM.attributes
                0x000003be       0x31 _build/uart.o
 .ARM.attributes
                0x000003ef       0x31 _build/queue.o
 .ARM.attributes
                0x00000420       0x31 _build/twi.o
 .ARM.attributes
                0x00000451       0x31 _build/adc.o
 .ARM.attributes
                0x00000482       0x31 _build/baro.o
 .ARM.attributes
                0x000004b3       0x31 _build/ble.o
 .ARM.attributes
                0x000004e4       0x31 _build/spi_flash.o
 .ARM.attributes
                0x00000515       0x31 _build/inv_mpu.o
 .ARM.attributes
                0x00000546       0x31 _build/inv_mpu_dmp_motion_driver.o
 .ARM.attributes
                0x00000577       0x31 _build/ml.o
 .ARM.attributes
                0x000005a8       0x31 _build/mpu_wrapper.o
 .ARM.attributes
                0x000005d9       0x31 _build/app_error.o
 .ARM.attributes
                0x0000060a       0x31 _build/app_timer.o
 .ARM.attributes
                0x0000063b       0x31 _build/pstorage.o
 .ARM.attributes
                0x0000066c       0x31 _build/ble_advdata.o
 .ARM.attributes
                0x0000069d       0x31 _build/ble_advertising.o
 .ARM.attributes
                0x000006ce       0x31 _build/ble_conn_params.o
 .ARM.attributes
                0x000006ff       0x31 _build/ble_nus.o
 .ARM.attributes
                0x00000730       0x31 _build/softdevice_handler.o
 .ARM.attributes
                0x00000761       0x1b _build/gcc_startup_nrf51.o
 .ARM.attributes
                0x0000077c       0x2c /media/ishu/Data/MS/Quarter5/ERTS/lab/Quadcopter/gcc-arm-none-eabi/bin/../lib/gcc/arm-none-eabi/5.4.1/../../../../arm-none-eabi/lib/armv6-m/libm.a(lib_a-s_fabs.o)
 .ARM.attributes
                0x000007a8       0x2c /media/ishu/Data/MS/Quarter5/ERTS/lab/Quadcopter/gcc-arm-none-eabi/bin/../lib/gcc/arm-none-eabi/5.4.1/../../../../arm-none-eabi/lib/armv6-m/libm.a(lib_a-w_asin.o)
 .ARM.attributes
                0x000007d4       0x2c /media/ishu/Data/MS/Quarter5/ERTS/lab/Quadcopter/gcc-arm-none-eabi/bin/../lib/gcc/arm-none-eabi/5.4.1/../../../../arm-none-eabi/lib/armv6-m/libm.a(lib_a-w_atan2.o)
 .ARM.attributes
                0x00000800       0x2c /media/ishu/Data/MS/Quarter5/ERTS/lab/Quadcopter/gcc-arm-none-eabi/bin/../lib/gcc/arm-none-eabi/5.4.1/../../../../arm-none-eabi/lib/armv6-m/libm.a(lib_a-e_asin.o)
 .ARM.attributes
                0x0000082c       0x2c /media/ishu/Data/MS/Quarter5/ERTS/lab/Quadcopter/gcc-arm-none-eabi/bin/../lib/gcc/arm-none-eabi/5.4.1/../../../../arm-none-eabi/lib/armv6-m/libm.a(lib_a-e_atan2.o)
 .ARM.attributes
                0x00000858       0x2c /media/ishu/Data/MS/Quarter5/ERTS/lab/Quadcopter/gcc-arm-none-eabi/bin/../lib/gcc/arm-none-eabi/5.4.1/../../../../arm-none-eabi/lib/armv6-m/libm.a(lib_a-e_sqrt.o)
 .ARM.attributes
                0x00000884       0x2c /media/ishu/Data/MS/Quarter5/ERTS/lab/Quadcopter/gcc-arm-none-eabi/bin/../lib/gcc/arm-none-eabi/5.4.1/../../../../arm-none-eabi/lib/armv6-m/libm.a(lib_a-s_atan.o)
 .ARM.attributes
                0x000008b0       0x2c /media/ishu/Data/MS/Quarter5/ERTS/lab/Quadcopter/gcc-arm-none-eabi/bin/../lib/gcc/arm-none-eabi/5.4.1/../../../../arm-none-eabi/lib/armv6-m/libm.a(lib_a-s_lib_ver.o)
 .ARM.attributes
                0x000008dc       0x2c /media/ishu/Data/MS/Quarter5/ERTS/lab/Quadcopter/gcc-arm-none-eabi/bin/../lib/gcc/arm-none-eabi/5.4.1/../../../../arm-none-eabi/lib/armv6-m/libm.a(lib_a-s_matherr.o)
 .ARM.attributes
                0x00000908       0x2c /media/ishu/Data/MS/Quarter5/ERTS/lab/Quadcopter/gcc-arm-none-eabi/bin/../lib/gcc/arm-none-eabi/5.4.1/../../../../arm-none-eabi/lib/armv6-m/libm.a(lib_a-s_nan.o)
 .ARM.attributes
                0x00000934       0x1e /media/ishu/Data/MS/Quarter5/ERTS/lab/Quadcopter/gcc-arm-none-eabi/bin/../lib/gcc/arm-none-eabi/5.4.1/armv6-m/libgcc.a(_udivsi3.o)
 .ARM.attributes
                0x00000952       0x1e /media/ishu/Data/MS/Quarter5/ERTS/lab/Quadcopter/gcc-arm-none-eabi/bin/../lib/gcc/arm-none-eabi/5.4.1/armv6-m/libgcc.a(_divsi3.o)
 .ARM.attributes
                0x00000970       0x1e /media/ishu/Data/MS/Quarter5/ERTS/lab/Quadcopter/gcc-arm-none-eabi/bin/../lib/gcc/arm-none-eabi/5.4.1/armv6-m/libgcc.a(_dvmd_tls.o)
 .ARM.attributes
                0x0000098e       0x1e /media/ishu/Data/MS/Quarter5/ERTS/lab/Quadcopter/gcc-arm-none-eabi/bin/../lib/gcc/arm-none-eabi/5.4.1/armv6-m/libgcc.a(_arm_cmpdf2.o)
 .ARM.attributes
                0x000009ac       0x1e /media/ishu/Data/MS/Quarter5/ERTS/lab/Quadcopter/gcc-arm-none-eabi/bin/../lib/gcc/arm-none-eabi/5.4.1/armv6-m/libgcc.a(_arm_cmpsf2.o)
 .ARM.attributes
                0x000009ca       0x2c /media/ishu/Data/MS/Quarter5/ERTS/lab/Quadcopter/gcc-arm-none-eabi/bin/../lib/gcc/arm-none-eabi/5.4.1/armv6-m/libgcc.a(_muldi3.o)
 .ARM.attributes
                0x000009f6       0x2c /media/ishu/Data/MS/Quarter5/ERTS/lab/Quadcopter/gcc-arm-none-eabi/bin/../lib/gcc/arm-none-eabi/5.4.1/armv6-m/libgcc.a(_fixunssfsi.o)
 .ARM.attributes
                0x00000a22       0x2c /media/ishu/Data/MS/Quarter5/ERTS/lab/Quadcopter/gcc-arm-none-eabi/bin/../lib/gcc/arm-none-eabi/5.4.1/armv6-m/libgcc.a(addsf3.o)
 .ARM.attributes
                0x00000a4e       0x2c /media/ishu/Data/MS/Quarter5/ERTS/lab/Quadcopter/gcc-arm-none-eabi/bin/../lib/gcc/arm-none-eabi/5.4.1/armv6-m/libgcc.a(divsf3.o)
 .ARM.attributes
                0x00000a7a       0x2c /media/ishu/Data/MS/Quarter5/ERTS/lab/Quadcopter/gcc-arm-none-eabi/bin/../lib/gcc/arm-none-eabi/5.4.1/armv6-m/libgcc.a(eqsf2.o)
 .ARM.attributes
                0x00000aa6       0x2c /media/ishu/Data/MS/Quarter5/ERTS/lab/Quadcopter/gcc-arm-none-eabi/bin/../lib/gcc/arm-none-eabi/5.4.1/armv6-m/libgcc.a(gesf2.o)
 .ARM.attributes
                0x00000ad2       0x2c /media/ishu/Data/MS/Quarter5/ERTS/lab/Quadcopter/gcc-arm-none-eabi/bin/../lib/gcc/arm-none-eabi/5.4.1/armv6-m/libgcc.a(lesf2.o)
 .ARM.attributes
                0x00000afe       0x2c /media/ishu/Data/MS/Quarter5/ERTS/lab/Quadcopter/gcc-arm-none-eabi/bin/../lib/gcc/arm-none-eabi/5.4.1/armv6-m/libgcc.a(mulsf3.o)
 .ARM.attributes
                0x00000b2a       0x2c /media/ishu/Data/MS/Quarter5/ERTS/lab/Quadcopter/gcc-arm-none-eabi/bin/../lib/gcc/arm-none-eabi/5.4.1/armv6-m/libgcc.a(subsf3.o)
 .ARM.attributes
                0x00000b56       0x2c /media/ishu/Data/MS/Quarter5/ERTS/lab/Quadcopter/gcc-arm-none-eabi/bin/../lib/gcc/arm-none-eabi/5.4.1/armv6-m/libgcc.a(fixsfsi.o)
 .ARM.attributes
                0x00000b82       0x2c /media/ishu/Data/MS/Quarter5/ERTS/lab/Quadcopter/gcc-arm-none-eabi/bin/../lib/gcc/arm-none-eabi/5.4.1/armv6-m/libgcc.a(floatsisf.o)
 .ARM.attributes
                0x00000bae       0x2c /media/ishu/Data/MS/Quarter5/ERTS/lab/Quadcopter/gcc-arm-none-eabi/bin/../lib/gcc/arm-none-eabi/5.4.1/armv6-m/libgcc.a(floatunsisf.o)
 .ARM.attributes
                0x00000bda       0x2c /media/ishu/Data/MS/Quarter5/ERTS/lab/Quadcopter/gcc-arm-none-eabi/bin/../lib/gcc/arm-none-eabi/5.4.1/armv6-m/libgcc.a(adddf3.o)
 .ARM.attributes
                0x00000c06       0x2c /media/ishu/Data/MS/Quarter5/ERTS/lab/Quadcopter/gcc-arm-none-eabi/bin/../lib/gcc/arm-none-eabi/5.4.1/armv6-m/libgcc.a(divdf3.o)
 .ARM.attributes
                0x00000c32       0x2c /media/ishu/Data/MS/Quarter5/ERTS/lab/Quadcopter/gcc-arm-none-eabi/bin/../lib/gcc/arm-none-eabi/5.4.1/armv6-m/libgcc.a(eqdf2.o)
 .ARM.attributes
                0x00000c5e       0x2c /media/ishu/Data/MS/Quarter5/ERTS/lab/Quadcopter/gcc-arm-none-eabi/bin/../lib/gcc/arm-none-eabi/5.4.1/armv6-m/libgcc.a(gedf2.o)
 .ARM.attributes
                0x00000c8a       0x2c /media/ishu/Data/MS/Quarter5/ERTS/lab/Quadcopter/gcc-arm-none-eabi/bin/../lib/gcc/arm-none-eabi/5.4.1/armv6-m/libgcc.a(ledf2.o)
 .ARM.attributes
                0x00000cb6       0x2c /media/ishu/Data/MS/Quarter5/ERTS/lab/Quadcopter/gcc-arm-none-eabi/bin/../lib/gcc/arm-none-eabi/5.4.1/armv6-m/libgcc.a(muldf3.o)
 .ARM.attributes
                0x00000ce2       0x2c /media/ishu/Data/MS/Quarter5/ERTS/lab/Quadcopter/gcc-arm-none-eabi/bin/../lib/gcc/arm-none-eabi/5.4.1/armv6-m/libgcc.a(subdf3.o)
 .ARM.attributes
                0x00000d0e       0x2c /media/ishu/Data/MS/Quarter5/ERTS/lab/Quadcopter/gcc-arm-none-eabi/bin/../lib/gcc/arm-none-eabi/5.4.1/armv6-m/libgcc.a(unorddf2.o)
 .ARM.attributes
                0x00000d3a       0x2c /media/ishu/Data/MS/Quarter5/ERTS/lab/Quadcopter/gcc-arm-none-eabi/bin/../lib/gcc/arm-none-eabi/5.4.1/armv6-m/libgcc.a(fixdfsi.o)
 .ARM.attributes
                0x00000d66       0x2c /media/ishu/Data/MS/Quarter5/ERTS/lab/Quadcopter/gcc-arm-none-eabi/bin/../lib/gcc/arm-none-eabi/5.4.1/armv6-m/libgcc.a(extendsfdf2.o)
 .ARM.attributes
                0x00000d92       0x1e /media/ishu/Data/MS/Quarter5/ERTS/lab/Quadcopter/gcc-arm-none-eabi/bin/../lib/gcc/arm-none-eabi/5.4.1/armv6-m/libgcc.a(_clzsi2.o)
 .ARM.attributes
                0x00000db0       0x2c /media/ishu/Data/MS/Quarter5/ERTS/lab/Quadcopter/gcc-arm-none-eabi/bin/../lib/gcc/arm-none-eabi/5.4.1/../../../../arm-none-eabi/lib/armv6-m/libc_nano.a(lib_a-errno.o)
 .ARM.attributes
                0x00000ddc       0x2c /media/ishu/Data/MS/Quarter5/ERTS/lab/Quadcopter/gcc-arm-none-eabi/bin/../lib/gcc/arm-none-eabi/5.4.1/../../../../arm-none-eabi/lib/armv6-m/libc_nano.a(lib_a-malloc.o)
 .ARM.attributes
                0x00000e08       0x2c /media/ishu/Data/MS/Quarter5/ERTS/lab/Quadcopter/gcc-arm-none-eabi/bin/../lib/gcc/arm-none-eabi/5.4.1/../../../../arm-none-eabi/lib/armv6-m/libc_nano.a(lib_a-memcmp.o)
 .ARM.attributes
                0x00000e34       0x2c /media/ishu/Data/MS/Quarter5/ERTS/lab/Quadcopter/gcc-arm-none-eabi/bin/../lib/gcc/arm-none-eabi/5.4.1/../../../../arm-none-eabi/lib/armv6-m/libc_nano.a(lib_a-memcpy-stub.o)
 .ARM.attributes
                0x00000e60       0x2c /media/ishu/Data/MS/Quarter5/ERTS/lab/Quadcopter/gcc-arm-none-eabi/bin/../lib/gcc/arm-none-eabi/5.4.1/../../../../arm-none-eabi/lib/armv6-m/libc_nano.a(lib_a-nano-freer.o)
 .ARM.attributes
                0x00000e8c       0x2c /media/ishu/Data/MS/Quarter5/ERTS/lab/Quadcopter/gcc-arm-none-eabi/bin/../lib/gcc/arm-none-eabi/5.4.1/../../../../arm-none-eabi/lib/armv6-m/libc_nano.a(lib_a-nano-mallocr.o)
 .ARM.attributes
                0x00000eb8       0x2c /media/ishu/Data/MS/Quarter5/ERTS/lab/Quadcopter/gcc-arm-none-eabi/bin/../lib/gcc/arm-none-eabi/5.4.1/../../../../arm-none-eabi/lib/armv6-m/libc_nano.a(lib_a-printf.o)
 .ARM.attributes
                0x00000ee4       0x2c /media/ishu/Data/MS/Quarter5/ERTS/lab/Quadcopter/gcc-arm-none-eabi/bin/../lib/gcc/arm-none-eabi/5.4.1/../../../../arm-none-eabi/lib/armv6-m/libc_nano.a(lib_a-sbrkr.o)
 .ARM.attributes
                0x00000f10       0x2c /media/ishu/Data/MS/Quarter5/ERTS/lab/Quadcopter/gcc-arm-none-eabi/bin/../lib/gcc/arm-none-eabi/5.4.1/../../../../arm-none-eabi/lib/armv6-m/libc_nano.a(lib_a-sprintf.o)
 .ARM.attributes
                0x00000f3c       0x1c /media/ishu/Data/MS/Quarter5/ERTS/lab/Quadcopter/gcc-arm-none-eabi/bin/../lib/gcc/arm-none-eabi/5.4.1/../../../../arm-none-eabi/lib/armv6-m/libc_nano.a(lib_a-strlen.o)
 .ARM.attributes
                0x00000f58       0x2c /media/ishu/Data/MS/Quarter5/ERTS/lab/Quadcopter/gcc-arm-none-eabi/bin/../lib/gcc/arm-none-eabi/5.4.1/../../../../arm-none-eabi/lib/armv6-m/libc_nano.a(lib_a-findfp.o)
 .ARM.attributes
                0x00000f84       0x2c /media/ishu/Data/MS/Quarter5/ERTS/lab/Quadcopter/gcc-arm-none-eabi/bin/../lib/gcc/arm-none-eabi/5.4.1/../../../../arm-none-eabi/lib/armv6-m/libc_nano.a(lib_a-fwalk.o)
 .ARM.attributes
                0x00000fb0       0x2c /media/ishu/Data/MS/Quarter5/ERTS/lab/Quadcopter/gcc-arm-none-eabi/bin/../lib/gcc/arm-none-eabi/5.4.1/../../../../arm-none-eabi/lib/armv6-m/libc_nano.a(lib_a-mlock.o)
 .ARM.attributes
                0x00000fdc       0x2c /media/ishu/Data/MS/Quarter5/ERTS/lab/Quadcopter/gcc-arm-none-eabi/bin/../lib/gcc/arm-none-eabi/5.4.1/../../../../arm-none-eabi/lib/armv6-m/libc_nano.a(lib_a-nano-svfprintf.o)
 .ARM.attributes
                0x00001008       0x2c /media/ishu/Data/MS/Quarter5/ERTS/lab/Quadcopter/gcc-arm-none-eabi/bin/../lib/gcc/arm-none-eabi/5.4.1/../../../../arm-none-eabi/lib/armv6-m/libc_nano.a(lib_a-nano-vfprintf.o)
 .ARM.attributes
                0x00001034       0x2c /media/ishu/Data/MS/Quarter5/ERTS/lab/Quadcopter/gcc-arm-none-eabi/bin/../lib/gcc/arm-none-eabi/5.4.1/../../../../arm-none-eabi/lib/armv6-m/libc_nano.a(lib_a-nano-vfprintf_i.o)
 .ARM.attributes
                0x00001060       0x2c /media/ishu/Data/MS/Quarter5/ERTS/lab/Quadcopter/gcc-arm-none-eabi/bin/../lib/gcc/arm-none-eabi/5.4.1/../../../../arm-none-eabi/lib/armv6-m/libc_nano.a(lib_a-reent.o)
 .ARM.attributes
                0x0000108c       0x2c /media/ishu/Data/MS/Quarter5/ERTS/lab/Quadcopter/gcc-arm-none-eabi/bin/../lib/gcc/arm-none-eabi/5.4.1/../../../../arm-none-eabi/lib/armv6-m/libc_nano.a(lib_a-stdio.o)
 .ARM.attributes
                0x000010b8       0x2c /media/ishu/Data/MS/Quarter5/ERTS/lab/Quadcopter/gcc-arm-none-eabi/bin/../lib/gcc/arm-none-eabi/5.4.1/../../../../arm-none-eabi/lib/armv6-m/libc_nano.a(lib_a-wbuf.o)
 .ARM.attributes
                0x000010e4       0x2c /media/ishu/Data/MS/Quarter5/ERTS/lab/Quadcopter/gcc-arm-none-eabi/bin/../lib/gcc/arm-none-eabi/5.4.1/../../../../arm-none-eabi/lib/armv6-m/libc_nano.a(lib_a-writer.o)
 .ARM.attributes
                0x00001110       0x2c /media/ishu/Data/MS/Quarter5/ERTS/lab/Quadcopter/gcc-arm-none-eabi/bin/../lib/gcc/arm-none-eabi/5.4.1/../../../../arm-none-eabi/lib/armv6-m/libc_nano.a(lib_a-wsetup.o)
 .ARM.attributes
                0x0000113c       0x2c /media/ishu/Data/MS/Quarter5/ERTS/lab/Quadcopter/gcc-arm-none-eabi/bin/../lib/gcc/arm-none-eabi/5.4.1/../../../../arm-none-eabi/lib/armv6-m/libc_nano.a(lib_a-closer.o)
 .ARM.attributes
                0x00001168       0x2c /media/ishu/Data/MS/Quarter5/ERTS/lab/Quadcopter/gcc-arm-none-eabi/bin/../lib/gcc/arm-none-eabi/5.4.1/../../../../arm-none-eabi/lib/armv6-m/libc_nano.a(lib_a-fflush.o)
 .ARM.attributes
                0x00001194       0x2c /media/ishu/Data/MS/Quarter5/ERTS/lab/Quadcopter/gcc-arm-none-eabi/bin/../lib/gcc/arm-none-eabi/5.4.1/../../../../arm-none-eabi/lib/armv6-m/libc_nano.a(lib_a-lseekr.o)
 .ARM.attributes
                0x000011c0       0x2c /media/ishu/Data/MS/Quarter5/ERTS/lab/Quadcopter/gcc-arm-none-eabi/bin/../lib/gcc/arm-none-eabi/5.4.1/../../../../arm-none-eabi/lib/armv6-m/libc_nano.a(lib_a-makebuf.o)
 .ARM.attributes
                0x000011ec       0x2c /media/ishu/Data/MS/Quarter5/ERTS/lab/Quadcopter/gcc-arm-none-eabi/bin/../lib/gcc/arm-none-eabi/5.4.1/../../../../arm-none-eabi/lib/armv6-m/libc_nano.a(lib_a-memchr-stub.o)
 .ARM.attributes
                0x00001218       0x2c /media/ishu/Data/MS/Quarter5/ERTS/lab/Quadcopter/gcc-arm-none-eabi/bin/../lib/gcc/arm-none-eabi/5.4.1/../../../../arm-none-eabi/lib/armv6-m/libc_nano.a(lib_a-memmove.o)
 .ARM.attributes
                0x00001244       0x2c /media/ishu/Data/MS/Quarter5/ERTS/lab/Quadcopter/gcc-arm-none-eabi/bin/../lib/gcc/arm-none-eabi/5.4.1/../../../../arm-none-eabi/lib/armv6-m/libc_nano.a(lib_a-nano-reallocr.o)
 .ARM.attributes
                0x00001270       0x2c /media/ishu/Data/MS/Quarter5/ERTS/lab/Quadcopter/gcc-arm-none-eabi/bin/../lib/gcc/arm-none-eabi/5.4.1/../../../../arm-none-eabi/lib/armv6-m/libc_nano.a(lib_a-readr.o)
 .ARM.attributes
                0x0000129c       0x2c /media/ishu/Data/MS/Quarter5/ERTS/lab/Quadcopter/gcc-arm-none-eabi/bin/../lib/gcc/arm-none-eabi/5.4.1/../../../../arm-none-eabi/lib/armv6-m/libc_nano.a(lib_a-fstatr.o)
 .ARM.attributes
                0x000012c8       0x2c /media/ishu/Data/MS/Quarter5/ERTS/lab/Quadcopter/gcc-arm-none-eabi/bin/../lib/gcc/arm-none-eabi/5.4.1/../../../../arm-none-eabi/lib/armv6-m/libc_nano.a(lib_a-isattyr.o)
 .ARM.attributes
                0x000012f4       0x2c /media/ishu/Data/MS/Quarter5/ERTS/lab/Quadcopter/gcc-arm-none-eabi/bin/../lib/gcc/arm-none-eabi/5.4.1/../../../../arm-none-eabi/lib/armv6-m/libc_nano.a(lib_a-nano-msizer.o)
 .ARM.attributes
                0x00001320       0x1e /media/ishu/Data/MS/Quarter5/ERTS/lab/Quadcopter/gcc-arm-none-eabi/bin/../lib/gcc/arm-none-eabi/5.4.1/armv6-m/crtn.o
 .ARM.attributes