Archive member included to satisfy reference by file (symbol)

/home/johann/Documents/EmbeddedSystems/Quadcopter/gcc-arm-none-eabi/bin/../lib/gcc/arm-none-eabi/5.4.1/../../../../arm-none-eabi/lib/armv6-m/libc_nano.a(lib_a-exit.o)
                              /home/johann/Documents/EmbeddedSystems/Quadcopter/gcc-arm-none-eabi/bin/../lib/gcc/arm-none-eabi/5.4.1/../../../../arm-none-eabi/lib/armv6-m/crt0.o (exit)
/home/johann/Documents/EmbeddedSystems/Quadcopter/gcc-arm-none-eabi/bin/../lib/gcc/arm-none-eabi/5.4.1/../../../../arm-none-eabi/lib/armv6-m/libc_nano.a(lib_a-impure.o)
                              /home/johann/Documents/EmbeddedSystems/Quadcopter/gcc-arm-none-eabi/bin/../lib/gcc/arm-none-eabi/5.4.1/../../../../arm-none-eabi/lib/armv6-m/libc_nano.a(lib_a-exit.o) (_global_impure_ptr)
/home/johann/Documents/EmbeddedSystems/Quadcopter/gcc-arm-none-eabi/bin/../lib/gcc/arm-none-eabi/5.4.1/../../../../arm-none-eabi/lib/armv6-m/libc_nano.a(lib_a-init.o)
                              /home/johann/Documents/EmbeddedSystems/Quadcopter/gcc-arm-none-eabi/bin/../lib/gcc/arm-none-eabi/5.4.1/../../../../arm-none-eabi/lib/armv6-m/crt0.o (__libc_init_array)
/home/johann/Documents/EmbeddedSystems/Quadcopter/gcc-arm-none-eabi/bin/../lib/gcc/arm-none-eabi/5.4.1/../../../../arm-none-eabi/lib/armv6-m/libc_nano.a(lib_a-memset.o)
                              /home/johann/Documents/EmbeddedSystems/Quadcopter/gcc-arm-none-eabi/bin/../lib/gcc/arm-none-eabi/5.4.1/../../../../arm-none-eabi/lib/armv6-m/crt0.o (memset)
/home/johann/Documents/EmbeddedSystems/Quadcopter/gcc-arm-none-eabi/bin/../lib/gcc/arm-none-eabi/5.4.1/../../../../arm-none-eabi/lib/armv6-m/libnosys.a(_exit.o)
                              /home/johann/Documents/EmbeddedSystems/Quadcopter/gcc-arm-none-eabi/bin/../lib/gcc/arm-none-eabi/5.4.1/../../../../arm-none-eabi/lib/armv6-m/libc_nano.a(lib_a-exit.o) (_exit)
/home/johann/Documents/EmbeddedSystems/Quadcopter/gcc-arm-none-eabi/bin/../lib/gcc/arm-none-eabi/5.4.1/../../../../arm-none-eabi/lib/armv6-m/libm.a(lib_a-s_fabs.o)
                              _build/inv_mpu.o (fabs)
/home/johann/Documents/EmbeddedSystems/Quadcopter/gcc-arm-none-eabi/bin/../lib/gcc/arm-none-eabi/5.4.1/../../../../arm-none-eabi/lib/armv6-m/libm.a(lib_a-w_asin.o)
                              _build/mpu_wrapper.o (asin)
/home/johann/Documents/EmbeddedSystems/Quadcopter/gcc-arm-none-eabi/bin/../lib/gcc/arm-none-eabi/5.4.1/../../../../arm-none-eabi/lib/armv6-m/libm.a(lib_a-w_atan2.o)
                              _build/mpu_wrapper.o (atan2)
/home/johann/Documents/EmbeddedSystems/Quadcopter/gcc-arm-none-eabi/bin/../lib/gcc/arm-none-eabi/5.4.1/../../../../arm-none-eabi/lib/armv6-m/libm.a(lib_a-e_asin.o)
                              /home/johann/Documents/EmbeddedSystems/Quadcopter/gcc-arm-none-eabi/bin/../lib/gcc/arm-none-eabi/5.4.1/../../../../arm-none-eabi/lib/armv6-m/libm.a(lib_a-w_asin.o) (__ieee754_asin)
/home/johann/Documents/EmbeddedSystems/Quadcopter/gcc-arm-none-eabi/bin/../lib/gcc/arm-none-eabi/5.4.1/../../../../arm-none-eabi/lib/armv6-m/libm.a(lib_a-e_atan2.o)
                              /home/johann/Documents/EmbeddedSystems/Quadcopter/gcc-arm-none-eabi/bin/../lib/gcc/arm-none-eabi/5.4.1/../../../../arm-none-eabi/lib/armv6-m/libm.a(lib_a-w_atan2.o) (__ieee754_atan2)
/home/johann/Documents/EmbeddedSystems/Quadcopter/gcc-arm-none-eabi/bin/../lib/gcc/arm-none-eabi/5.4.1/../../../../arm-none-eabi/lib/armv6-m/libm.a(lib_a-e_sqrt.o)
                              /home/johann/Documents/EmbeddedSystems/Quadcopter/gcc-arm-none-eabi/bin/../lib/gcc/arm-none-eabi/5.4.1/../../../../arm-none-eabi/lib/armv6-m/libm.a(lib_a-e_asin.o) (__ieee754_sqrt)
/home/johann/Documents/EmbeddedSystems/Quadcopter/gcc-arm-none-eabi/bin/../lib/gcc/arm-none-eabi/5.4.1/../../../../arm-none-eabi/lib/armv6-m/libm.a(lib_a-s_atan.o)
                              /home/johann/Documents/EmbeddedSystems/Quadcopter/gcc-arm-none-eabi/bin/../lib/gcc/arm-none-eabi/5.4.1/../../../../arm-none-eabi/lib/armv6-m/libm.a(lib_a-e_atan2.o) (atan)
/home/johann/Documents/EmbeddedSystems/Quadcopter/gcc-arm-none-eabi/bin/../lib/gcc/arm-none-eabi/5.4.1/../../../../arm-none-eabi/lib/armv6-m/libm.a(lib_a-s_lib_ver.o)
                              /home/johann/Documents/EmbeddedSystems/Quadcopter/gcc-arm-none-eabi/bin/../lib/gcc/arm-none-eabi/5.4.1/../../../../arm-none-eabi/lib/armv6-m/libm.a(lib_a-w_asin.o) (__fdlib_version)
/home/johann/Documents/EmbeddedSystems/Quadcopter/gcc-arm-none-eabi/bin/../lib/gcc/arm-none-eabi/5.4.1/../../../../arm-none-eabi/lib/armv6-m/libm.a(lib_a-s_matherr.o)
                              /home/johann/Documents/EmbeddedSystems/Quadcopter/gcc-arm-none-eabi/bin/../lib/gcc/arm-none-eabi/5.4.1/../../../../arm-none-eabi/lib/armv6-m/libm.a(lib_a-w_asin.o) (matherr)
/home/johann/Documents/EmbeddedSystems/Quadcopter/gcc-arm-none-eabi/bin/../lib/gcc/arm-none-eabi/5.4.1/../../../../arm-none-eabi/lib/armv6-m/libm.a(lib_a-s_nan.o)
[...]
Memory Configuration

Name             Origin             Length             Attributes
FLASH            0x00018000         0x00028000         xr
RAM              0x20002000         0x00002000         xrw
*default*        0x00000000         0xffffffff

Linker script and memory map

LOAD /home/johann/Documents/EmbeddedSystems/Quadcopter/gcc-arm-none-eabi/bin/../lib/gcc/arm-none-eabi/5.4.1/armv6-m/crti.o
LOAD /home/johann/Documents/EmbeddedSystems/Quadcopter/gcc-arm-none-eabi/bin/../lib/gcc/arm-none-eabi/5.4.1/armv6-m/crtbegin.o
LOAD /home/johann/Documents/EmbeddedSystems/Quadcopter/gcc-arm-none-eabi/bin/../lib/gcc/arm-none-eabi/5.4.1/../../../../arm-none-eabi/lib/armv6-m/crt0.o
LOAD /home/johann/Documents/EmbeddedSystems/Quadcopter/gcc-arm-none-eabi/bin/../lib/gcc/arm-none-eabi/5.4.1/../../../../arm-none-eabi/lib/armv6-m/libc_nano.a
LOAD /home/johann/Documents/EmbeddedSystems/Quadcopter/gcc-arm-none-eabi/bin/../lib/gcc/arm-none-eabi/5.4.1/../../../../arm-none-eabi/lib/armv6-m/libnosys.a
LOAD /home/johann/Documents/EmbeddedSystems/Quadcopter/gcc-arm-none-eabi/bin/../lib/gcc/arm-none-eabi/5.4.1/../../../../arm-none-eabi/lib/armv6-m/libm.a
LOAD _build/system_nrf51.o
LOAD _build/nrf_delay.o
LOAD _build/in4073.o
LOAD _build/control.o
LOAD _build/sensors.o
LOAD _build/filters.o
LOAD _build/fixedp.o
LOAD _build/crc.o
LOAD _build/packet.o
LOAD _build/packet_uav.o
LOAD _build/logging.o
LOAD _build/gpio.o
LOAD _build/timers.o
LOAD _build/uart.o
LOAD _build/queue.o
LOAD _build/twi.o
LOAD _build/adc.o
LOAD _build/baro.o
LOAD _build/ble.o
LOAD _build/spi_flash.o
LOAD _build/inv_mpu.o
LOAD _build/inv_mpu_dmp_motion_driver.o
LOAD _build/ml.o
LOAD _build/mpu_wrapper.o
LOAD _build/app_error.o
LOAD _build/app_timer.o
LOAD _build/nrf_assert.o
LOAD _build/nrf_drv_common.o
LOAD _build/pstorage.o
LOAD _build/ble_advdata.o
LOAD _build/ble_advertising.o
LOAD _build/ble_conn_params.o
LOAD _build/ble_nus.o
LOAD _build/ble_srv_common.o
LOAD _build/softdevice_handler.o
LOAD _build/gcc_startup_nrf51.o
LOAD /home/johann/Documents/EmbeddedSystems/Quadcopter/gcc-arm-none-eabi/bin/../lib/gcc/arm-none-eabi/5.4.1/../../../../arm-none-eabi/lib/armv6-m/libm.a
START GROUP
LOAD /home/johann/Documents/EmbeddedSystems/Quadcopter/gcc-arm-none-eabi/bin/../lib/gcc/arm-none-eabi/5.4.1/armv6-m/libgcc.a
LOAD /home/johann/Documents/EmbeddedSystems/Quadcopter/gcc-arm-none-eabi/bin/../lib/gcc/arm-none-eabi/5.4.1/../../../../arm-none-eabi/lib/armv6-m/libc_nano.a
END GROUP
START GROUP
LOAD /home/johann/Documents/EmbeddedSystems/Quadcopter/gcc-arm-none-eabi/bin/../lib/gcc/arm-none-eabi/5.4.1/armv6-m/libgcc.a
LOAD /home/johann/Documents/EmbeddedSystems/Quadcopter/gcc-arm-none-eabi/bin/../lib/gcc/arm-none-eabi/5.4.1/../../../../arm-none-eabi/lib/armv6-m/libc_nano.a
END GROUP
LOAD /home/johann/Documents/EmbeddedSystems/Quadcopter/gcc-arm-none-eabi/bin/../lib/gcc/arm-none-eabi/5.4.1/armv6-m/crtend.o
LOAD /home/johann/Documents/EmbeddedSystems/Quadcopter/gcc-arm-none-eabi/bin/../lib/gcc/arm-none-eabi/5.4.1/armv6-m/crtn.o
START GROUP
LOAD /home/johann/Documents/EmbeddedSystems/Quadcopter/gcc-arm-none-eabi/bin/../lib/gcc/arm-none-eabi/5.4.1/armv6-m/libgcc.a
LOAD /home/johann/Documents/EmbeddedSystems/Quadcopter/gcc-arm-none-eabi/bin/../lib/gcc/arm-none-eabi/5.4.1/../../../../arm-none-eabi/lib/armv6-m/libc.a
LOAD /home/johann/Documents/EmbeddedSystems/Quadcopter/gcc-arm-none-eabi/bin/../lib/gcc/arm-none-eabi/5.4.1/../../../../arm-none-eabi/lib/armv6-m/libnosys.a
END GROUP

.fs_data_out    0x00000000        0x0
                [!provide]                PROVIDE (__start_fs_data, .)
 *(fs_data)
                [!provide]                PROVIDE (__stop_fs_data, .)

.text           0x00018000     0xd16c
 *(.Vectors)
 .Vectors       0x00018000       0xc0 _build/gcc_startup_nrf51.o
                0x00018000                __Vectors
 *(.text*)
 .text          0x000180c0       0x60 /home/johann/Documents/EmbeddedSystems/Quadcopter/gcc-arm-none-eabi/bin/../lib/gcc/arm-none-eabi/5.4.1/armv6-m/crtbegin.o
 .text          0x00018120       0x78 /home/johann/Documents/EmbeddedSystems/Quadcopter/gcc-arm-none-eabi/bin/../lib/gcc/arm-none-eabi/5.4.1/../../../../arm-none-eabi/lib/armv6-m/crt0.o
                0x00018120                _mainCRTStartup
                0x00018120                _start
 .text.exit     0x00018198       0x2c /home/johann/Documents/EmbeddedSystems/Quadcopter/gcc-arm-none-eabi/bin/../lib/gcc/arm-none-eabi/5.4.1/../../../../arm-none-eabi/lib/armv6-m/libc_nano.a(lib_a-exit.o)
                0x00018198                exit
 .text.__libc_init_array
                0x000181c4       0x4c /home/johann/Documents/EmbeddedSystems/Quadcopter/gcc-arm-none-eabi/bin/../lib/gcc/arm-none-eabi/5.4.1/../../../../arm-none-eabi/lib/armv6-m/libc_nano.a(lib_a-init.o)
                0x000181c4                __libc_init_array
 .text.memset   0x00018210       0x10 /home/johann/Documents/EmbeddedSystems/Quadcopter/gcc-arm-none-eabi/bin/../lib/gcc/arm-none-eabi/5.4.1/../../../../arm-none-eabi/lib/armv6-m/libc_nano.a(lib_a-memset.o)
                0x00018210                memset
 .text._exit    0x00018220        0x4 /home/johann/Documents/EmbeddedSystems/Quadcopter/gcc-arm-none-eabi/bin/../lib/gcc/arm-none-eabi/5.4.1/../../../../arm-none-eabi/lib/armv6-m/libnosys.a(_exit.o)
                0x00018220                _exit
 .text.SystemInit
                0x00018224       0x94 _build/system_nrf51.o
                0x00018224                SystemInit
 .text.nrf_delay_ms
                0x000182b8       0x3c _build/nrf_delay.o
                0x000182b8                nrf_delay_ms
 .text.determine_mode
                0x000182f4      0x254 _build/in4073.o
                0x000182f4                determine_mode
 .text.process_mode
                0x00018548      0x1d4 _build/in4073.o
                0x00018548                process_mode
 .text.startup.main
                0x0001871c      0x2dc _build/in4073.o
                0x0001871c                main
 .text.update_actuator
                0x000189f8      0x11c _build/control.o
                0x000189f8                update_actuator
 .text.update_motors
                0x00018b14       0x90 _build/control.o
                0x00018b14                update_motors
 .text.yaw_controller
                0x00018ba4       0xe0 _build/control.o
                0x00018ba4                yaw_controller
 .text.yaw_mode
                0x00018c84      0x108 _build/control.o
                0x00018c84                yaw_mode
 .text.height_rate_controller
                0x00018d8c      0x134 _build/control.o
                0x00018d8c                height_rate_controller
 .text.rate_controller
                0x00018ec0      0x1a4 _build/control.o
                0x00018ec0                rate_controller
 .text.full_mode
                0x00019064       0x74 _build/control.o
                0x00019064                full_mode
 .text.height_mode
                0x000190d8      0x148 _build/control.o
                0x000190d8                height_mode
 .text.isCalibrated
                0x00019220        0xc _build/sensors.o
                0x00019220                isCalibrated
 .text.get_sensor
                0x0001922c      0x100 _build/sensors.o
                0x0001922c                get_sensor
 .text.insert_data
                0x0001932c      0x170 _build/sensors.o
                0x0001932c                insert_data
 .text.calibrate_sensors
                0x0001949c      0x368 _build/sensors.o
                0x0001949c                calibrate_sensors
 .text.calibrate_raw_sensors
                0x00019804      0x4bc _build/sensors.o
                0x00019804                calibrate_raw_sensors
 .text.get_filtered_data
                0x00019cc0       0xfc _build/sensors.o
                0x00019cc0                get_filtered_data
 .text.butter   0x00019dbc       0xac _build/filters.o
                0x00019dbc                butter
 .text.Kalman   0x00019e68       0x8c _build/filters.o
                0x00019e68                Kalman
 .text.fpmult   0x00019ef4        0x8 _build/fixedp.o
                0x00019ef4                fpmult
 .text.crc_message
                0x00019efc       0x28 _build/crc.o
                0x00019efc                crc_message
 .text.decode_header_pc_uav
                0x00019f24       0x7c _build/packet.o
                0x00019f24                decode_header_pc_uav
 .text.encode_header_uav_pc
                0x00019fa0        0x8 _build/packet.o
                0x00019fa0                encode_header_uav_pc
 .text.decode_data_command
                0x00019fa8       0x18 _build/packet.o
                0x00019fa8                decode_data_command
 .text.encode_data_motor
                0x00019fc0        0xc _build/packet.o
                0x00019fc0                encode_data_motor
 .text.encode_data_angles
                0x00019fcc        0x8 _build/packet.o
                0x00019fcc                encode_data_angles
 .text.encode_data_gyro
                0x00019fd4        0x8 _build/packet.o
                0x00019fd4                encode_data_gyro
 .text.encode_data_accel
                0x00019fdc        0x8 _build/packet.o
                0x00019fdc                encode_data_accel
 .text.encode_data_gains1
                0x00019fe4       0x10 _build/packet.o
                0x00019fe4                encode_data_gains1
 .text.encode_data_gains2
                0x00019ff4        0x8 _build/packet.o
                0x00019ff4                encode_data_gains2
 .text.decode   0x00019ffc      0x154 _build/packet_uav.o
                0x00019ffc                decode
 .text.encode   0x0001a150      0x1d8 _build/packet_uav.o
                0x0001a150                encode
 .text.select_log_mode
                0x0001a328       0x24 _build/logging.o
                0x0001a328                select_log_mode
 .text.gpio_init
                0x0001a34c       0x8c _build/gpio.o
                0x0001a34c                gpio_init
 .text.quadrupel_timer_handler
                0x0001a3d8        0xc _build/timers.o
                0x0001a3d8                quadrupel_timer_handler
 .text.TIMER2_IRQHandler
                0x0001a3e4       0xb8 _build/timers.o
                0x0001a3e4                TIMER2_IRQHandler
 .text.TIMER1_IRQHandler
                0x0001a49c       0xac _build/timers.o
                0x0001a49c                TIMER1_IRQHandler
 .text.get_time_us
                0x0001a548       0x20 _build/timers.o
                0x0001a548                get_time_us
 .text.check_timer_flag
                0x0001a568        0xc _build/timers.o
                0x0001a568                check_timer_flag
 .text.clear_timer_flag
                0x0001a574        0xc _build/timers.o
                0x0001a574                clear_timer_flag
 .text.timers_init
                0x0001a580      0x1d4 _build/timers.o
                0x0001a580                timers_init
 .text.uart_put_packet
                0x0001a754       0x7c _build/uart.o
                0x0001a754                uart_put_packet
 .text._write   0x0001a7d0      0x2c4 _build/uart.o
                0x0001a7d0                _write
 .text.UART0_IRQHandler
                0x0001aa94       0x84 _build/uart.o
                0x0001aa94                UART0_IRQHandler
 .text.uart_init
                0x0001ab18       0xa0 _build/uart.o
                0x0001ab18                uart_init
 .text.init_queue
                0x0001abb8       0x14 _build/queue.o
                0x0001abb8                init_queue
 .text.enqueue  0x0001abcc       0x1c _build/queue.o
                0x0001abcc                enqueue
 .text.dequeue  0x0001abe8       0x20 _build/queue.o
                0x0001abe8                dequeue
 .text.i2c_read
                0x0001ac08       0xc0 _build/twi.o
                0x0001ac08                i2c_read
 .text.i2c_write
                0x0001acc8       0x70 _build/twi.o
                0x0001acc8                i2c_write
 .text.SPI0_TWI0_IRQHandler
                0x0001ad38       0x70 _build/twi.o
                0x0001ad38                SPI0_TWI0_IRQHandler
 .text.twi_init
                0x0001ada8       0x84 _build/twi.o
                0x0001ada8                twi_init
 .text.adc_request_sample
                0x0001ae2c       0x18 _build/adc.o
                0x0001ae2c                adc_request_sample
 .text.ADC_IRQHandler
                0x0001ae44       0x24 _build/adc.o
                0x0001ae44                ADC_IRQHandler
 .text.adc_init
                0x0001ae68       0x3c _build/adc.o
                0x0001ae68                adc_init
 .text.read_baro
                0x0001aea4      0x1b4 _build/baro.o
                0x0001aea4                read_baro
 .text.baro_init
                0x0001b058       0x34 _build/baro.o
                0x0001b058                baro_init
 .text.sd_ble_gap_disconnect
                0x0001b08c        0x4 _build/ble.o
 .text.sd_ble_gap_ppcp_set
                0x0001b090        0x4 _build/ble.o
 .text.sd_ble_gap_device_name_set
                0x0001b094        0x4 _build/ble.o
 .text.sd_ble_gap_sec_params_reply
                0x0001b098        0x4 _build/ble.o
 .text.sd_ble_gatts_sys_attr_set
                0x0001b09c        0x4 _build/ble.o
 .text.sd_ble_enable
                0x0001b0a0        0x4 _build/ble.o
 .text.sd_nvic_EnableIRQ
                0x0001b0a4        0x4 _build/ble.o
 .text.sd_nvic_ClearPendingIRQ
                0x0001b0a8        0x4 _build/ble.o
 .text.sd_nvic_SetPriority
                0x0001b0ac        0x4 _build/ble.o
 .text.sd_radio_notification_cfg_set
                0x0001b0b0        0x4 _build/ble.o
 .text.conn_params_error_handler
                0x0001b0b4       0x1c _build/ble.o
 .text.nus_data_handler
                0x0001b0d0       0x20 _build/ble.o
 .text.ble_evt_dispatch
                0x0001b0f0       0x94 _build/ble.o
 .text.on_conn_params_evt
                0x0001b184       0x38 _build/ble.o
 .text.SWI1_IRQHandler
                0x0001b1bc       0x10 _build/ble.o
                0x0001b1bc                SWI1_IRQHandler
 .text.ble_init
                0x0001b1cc      0x204 _build/ble.o
                0x0001b1cc                ble_init
 .text.spi_flash_init
                0x0001b3d0      0x230 _build/spi_flash.o
                0x0001b3d0                spi_flash_init
 .text.mpu_reset_fifo
                0x0001b600      0x15c _build/inv_mpu.o
                0x0001b600                mpu_reset_fifo
 .text.mpu_lp_accel_mode
                0x0001b75c      0x1b8 _build/inv_mpu.o
                0x0001b75c                mpu_lp_accel_mode
 .text.mpu_get_accel_fsr
                0x0001b914       0x4c _build/inv_mpu.o
                0x0001b914                mpu_get_accel_fsr
 .text.mpu_set_lpf
                0x0001b960       0x78 _build/inv_mpu.o
                0x0001b960                mpu_set_lpf
 .text.mpu_set_sample_rate
                0x0001b9d8      0x168 _build/inv_mpu.o
                0x0001b9d8                mpu_set_sample_rate
 .text.mpu_configure_fifo
                0x0001bb40       0xd0 _build/inv_mpu.o
                0x0001bb40                mpu_configure_fifo
 .text.mpu_set_sensors
                0x0001bc10      0x140 _build/inv_mpu.o
                0x0001bc10                mpu_set_sensors
 .text.mpu_init
                0x0001bd50      0x1f4 _build/inv_mpu.o
                0x0001bd50                mpu_init
 .text.mpu_read_fifo
                0x0001bf44      0x26c _build/inv_mpu.o
                0x0001bf44                mpu_read_fifo
 .text.mpu_read_fifo_stream
                0x0001c1b0       0xb0 _build/inv_mpu.o
                0x0001c1b0                mpu_read_fifo_stream
 .text.mpu_set_int_level
                0x0001c260       0x10 _build/inv_mpu.o
                0x0001c260                mpu_set_int_level
 .text.mpu_set_int_latched
                0x0001c270       0x68 _build/inv_mpu.o
                0x0001c270                mpu_set_int_latched
 .text.mpu_write_mem
                0x0001c2d8       0x58 _build/inv_mpu.o
                0x0001c2d8                mpu_write_mem
 .text.mpu_load_firmware
                0x0001c330      0x15c _build/inv_mpu.o
                0x0001c330                mpu_load_firmware
 .text.mpu_set_dmp_state
                0x0001c48c      0x174 _build/inv_mpu.o
                0x0001c48c                mpu_set_dmp_state
 .text.dmp_load_motion_driver_firmware
                0x0001c600       0x1c _build/inv_mpu_dmp_motion_driver.o
                0x0001c600                dmp_load_motion_driver_firmware
 .text.dmp_set_orientation
                0x0001c61c      0x118 _build/inv_mpu_dmp_motion_driver.o
                0x0001c61c                dmp_set_orientation
 .text.dmp_set_fifo_rate
                0x0001c734       0x64 _build/inv_mpu_dmp_motion_driver.o
                0x0001c734                dmp_set_fifo_rate
 .text.dmp_set_tap_thresh
                0x0001c798      0x164 _build/inv_mpu_dmp_motion_driver.o
                0x0001c798                dmp_set_tap_thresh
 .text.dmp_enable_feature
                0x0001c8fc      0x28c _build/inv_mpu_dmp_motion_driver.o
                0x0001c8fc                dmp_enable_feature
 .text.dmp_read_fifo
                0x0001cb88      0x20c _build/inv_mpu_dmp_motion_driver.o
                0x0001cb88                dmp_read_fifo
 .text.inv_orientation_matrix_to_scalar
                0x0001cd94      0x11c _build/ml.o
                0x0001cd94                inv_orientation_matrix_to_scalar
 .text.get_dmp_data
                0x0001ceb0      0x218 _build/mpu_wrapper.o
                0x0001ceb0                get_dmp_data
 .text.get_raw_sensor_data
                0x0001d0c8       0x88 _build/mpu_wrapper.o
                0x0001d0c8                get_raw_sensor_data
 .text.check_sensor_int_flag
                0x0001d150       0x20 _build/mpu_wrapper.o
                0x0001d150                check_sensor_int_flag
 .text.imu_init
                0x0001d170      0x10c _build/mpu_wrapper.o
                0x0001d170                imu_init
 .text.app_error_handler
                0x0001d27c       0x40 _build/app_error.o
                0x0001d27c                app_error_handler
 .text.rtc1_stop
                0x0001d2bc       0x78 _build/app_timer.o
 .text.RTC1_IRQHandler
                0x0001d334       0xe0 _build/app_timer.o
                0x0001d334                RTC1_IRQHandler
 .text.SWI0_IRQHandler
                0x0001d414      0x4cc _build/app_timer.o
                0x0001d414                SWI0_IRQHandler
 .text.app_timer_init
                0x0001d8e0       0xe4 _build/app_timer.o
                0x0001d8e0                app_timer_init
 .text.app_timer_create
                0x0001d9c4       0x34 _build/app_timer.o
                0x0001d9c4                app_timer_create
 .text.app_timer_start
                0x0001d9f8       0xec _build/app_timer.o
                0x0001d9f8                app_timer_start
 .text.app_timer_stop
                0x0001dae4       0xc4 _build/app_timer.o
                0x0001dae4                app_timer_stop
 .text.pstorage_access_status_get
                0x0001dba8       0x28 _build/pstorage.o
                0x0001dba8                pstorage_access_status_get
 .text.sd_ble_gap_address_get
                0x0001dbd0        0x4 _build/ble_advdata.o
 .text.sd_ble_gap_adv_data_set
                0x0001dbd4        0x4 _build/ble_advdata.o
 .text.sd_ble_gap_appearance_get
                0x0001dbd8        0x4 _build/ble_advdata.o
 .text.sd_ble_gap_device_name_get
                0x0001dbdc        0x4 _build/ble_advdata.o
 .text.sd_ble_uuid_encode
                0x0001dbe0        0x4 _build/ble_advdata.o
 .text.uuid_list_sized_encode
                0x0001dbe4       0xf8 _build/ble_advdata.o
 .text.adv_data_encode
                0x0001dcdc      0x5b8 _build/ble_advdata.o
                0x0001dcdc                adv_data_encode
 .text.ble_advdata_set
                0x0001e294       0x68 _build/ble_advdata.o
                0x0001e294                ble_advdata_set
 .text.sd_ble_gap_adv_start
                0x0001e2fc        0x4 _build/ble_advertising.o
 .text.ble_advertising_start.part.1
                0x0001e300      0x2a8 _build/ble_advertising.o
 .text.ble_advertising_init
                0x0001e5a8      0x144 _build/ble_advertising.o
                0x0001e5a8                ble_advertising_init
 .text.ble_advertising_start
                0x0001e6ec       0x3c _build/ble_advertising.o
                0x0001e6ec                ble_advertising_start
 .text.ble_advertising_on_ble_evt
                0x0001e728       0xec _build/ble_advertising.o
                0x0001e728                ble_advertising_on_ble_evt
 .text.sd_ble_gap_conn_param_update
                0x0001e814        0x4 _build/ble_conn_params.o
 .text.sd_ble_gap_disconnect
                0x0001e818        0x4 _build/ble_conn_params.o
 .text.sd_ble_gap_ppcp_set
                0x0001e81c        0x4 _build/ble_conn_params.o
 .text.sd_ble_gap_ppcp_get
                0x0001e820        0x4 _build/ble_conn_params.o
 .text.update_timeout_handler
                0x0001e824       0x78 _build/ble_conn_params.o
 .text.conn_params_negotiation
                0x0001e89c       0x88 _build/ble_conn_params.o
 .text.ble_conn_params_init
                0x0001e924       0x78 _build/ble_conn_params.o
                0x0001e924                ble_conn_params_init
 .text.ble_conn_params_on_ble_evt
                0x0001e99c       0xac _build/ble_conn_params.o
                0x0001e99c                ble_conn_params_on_ble_evt
 .text.sd_ble_gatts_service_add
                0x0001ea48        0x4 _build/ble_nus.o
 .text.sd_ble_gatts_characteristic_add
                0x0001ea4c        0x4 _build/ble_nus.o
 .text.sd_ble_uuid_vs_add
                0x0001ea50        0x4 _build/ble_nus.o
 .text.ble_nus_on_ble_evt
                0x0001ea54       0x60 _build/ble_nus.o
                0x0001ea54                ble_nus_on_ble_evt
 .text.ble_nus_init
                0x0001eab4      0x208 _build/ble_nus.o
                0x0001eab4                ble_nus_init
 .text.sd_nvic_EnableIRQ
                0x0001ecbc        0x4 _build/softdevice_handler.o
 .text.sd_evt_get
                0x0001ecc0        0x4 _build/softdevice_handler.o
 .text.sd_softdevice_enable
                0x0001ecc4        0x4 _build/softdevice_handler.o
 .text.sd_ble_evt_get
                0x0001ecc8        0x4 _build/softdevice_handler.o
 .text.softdevice_assertion_handler
                0x0001eccc        0xc _build/softdevice_handler.o
                0x0001eccc                softdevice_assertion_handler
 .text.intern_softdevice_events_execute.part.0
                0x0001ecd8       0xec _build/softdevice_handler.o
 .text.softdevice_handler_init
                0x0001edc4       0x4c _build/softdevice_handler.o
                0x0001edc4                softdevice_handler_init
 .text.softdevice_ble_evt_handler_set
                0x0001ee10       0x14 _build/softdevice_handler.o
                0x0001ee10                softdevice_ble_evt_handler_set
 .text.SWI2_IRQHandler
                0x0001ee24       0x34 _build/softdevice_handler.o
                0x0001ee24                SWI2_IRQHandler
 .text          0x0001ee58       0x54 _build/gcc_startup_nrf51.o
                0x0001ee58                Reset_Handler
                0x0001eea0                NMI_Handler
                0x0001eea2                HardFault_Handler
                0x0001eea4                SVC_Handler
                0x0001eea6                PendSV_Handler
                0x0001eea8                SysTick_Handler
                0x0001eeaa                RTC0_IRQHandler
                0x0001eeaa                GPIOTE_IRQHandler
                0x0001eeaa                POWER_CLOCK_IRQHandler
                0x0001eeaa                RADIO_IRQHandler
                0x0001eeaa                LPCOMP_IRQHandler
                0x0001eeaa                SWI4_IRQHandler
                0x0001eeaa                TEMP_IRQHandler
                0x0001eeaa                QDEC_IRQHandler
                0x0001eeaa                SWI5_IRQHandler
                0x0001eeaa                TIMER0_IRQHandler
                0x0001eeaa                ECB_IRQHandler
                0x0001eeaa                Default_Handler
                0x0001eeaa                SWI3_IRQHandler
                0x0001eeaa                CCM_AAR_IRQHandler
                0x0001eeaa                WDT_IRQHandler
                0x0001eeaa                RNG_IRQHandler
                0x0001eeaa                SPI1_TWI1_IRQHandler
 .text.fabs     0x0001eeac        0x8 /home/johann/Documents/EmbeddedSystems/Quadcopter/gcc-arm-none-eabi/bin/../lib/gcc/arm-none-eabi/5.4.1/../../../../arm-none-eabi/lib/armv6-m/libm.a(lib_a-s_fabs.o)
                0x0001eeac                fabs
 .text.asin     0x0001eeb4       0xc4 /home/johann/Documents/EmbeddedSystems/Quadcopter/gcc-arm-none-eabi/bin/../lib/gcc/arm-none-eabi/5.4.1/../../../../arm-none-eabi/lib/armv6-m/libm.a(lib_a-w_asin.o)
                0x0001eeb4                asin
 .text.atan2    0x0001ef78        0x8 /home/johann/Documents/EmbeddedSystems/Quadcopter/gcc-arm-none-eabi/bin/../lib/gcc/arm-none-eabi/5.4.1/../../../../arm-none-eabi/lib/armv6-m/libm.a(lib_a-w_atan2.o)
                0x0001ef78                atan2
 .text.__ieee754_asin
                0x0001ef80      0x3cc /home/johann/Documents/EmbeddedSystems/Quadcopter/gcc-arm-none-eabi/bin/../lib/gcc/arm-none-eabi/5.4.1/../../../../arm-none-eabi/lib/armv6-m/libm.a(lib_a-e_asin.o)
                0x0001ef80                __ieee754_asin
 .text.__ieee754_atan2
                0x0001f34c      0x178 /home/johann/Documents/EmbeddedSystems/Quadcopter/gcc-arm-none-eabi/bin/../lib/gcc/arm-none-eabi/5.4.1/../../../../arm-none-eabi/lib/armv6-m/libm.a(lib_a-e_atan2.o)
                0x0001f34c                __ieee754_atan2
 .text.__ieee754_sqrt
                0x0001f4c4      0x1ec /home/johann/Documents/EmbeddedSystems/Quadcopter/gcc-arm-none-eabi/bin/../lib/gcc/arm-none-eabi/5.4.1/../../../../arm-none-eabi/lib/armv6-m/libm.a(lib_a-e_sqrt.o)
                0x0001f4c4                __ieee754_sqrt
 .text.atan     0x0001f6b0      0x33c /home/johann/Documents/EmbeddedSystems/Quadcopter/gcc-arm-none-eabi/bin/../lib/gcc/arm-none-eabi/5.4.1/../../../../arm-none-eabi/lib/armv6-m/libm.a(lib_a-s_atan.o)
                0x0001f6b0                atan
 .text.matherr  0x0001f9ec        0x4 /home/johann/Documents/EmbeddedSystems/Quadcopter/gcc-arm-none-eabi/bin/../lib/gcc/arm-none-eabi/5.4.1/../../../../arm-none-eabi/lib/armv6-m/libm.a(lib_a-s_matherr.o)
                0x0001f9ec                matherr
 .text.nan      0x0001f9f0        0xc /home/johann/Documents/EmbeddedSystems/Quadcopter/gcc-arm-none-eabi/bin/../lib/gcc/arm-none-eabi/5.4.1/../../../../arm-none-eabi/lib/armv6-m/libm.a(lib_a-s_nan.o)
                0x0001f9f0                nan
 .text          0x0001f9fc      0x114 /home/johann/Documents/EmbeddedSystems/Quadcopter/gcc-arm-none-eabi/bin/../lib/gcc/arm-none-eabi/5.4.1/armv6-m/libgcc.a(_udivsi3.o)
                0x0001f9fc                __udivsi3
                0x0001f9fc                __aeabi_uidiv
                0x0001fb08                __aeabi_uidivmod
 .text          0x0001fb10      0x1d4 /home/johann/Documents/EmbeddedSystems/Quadcopter/gcc-arm-none-eabi/bin/../lib/gcc/arm-none-eabi/5.4.1/armv6-m/libgcc.a(_divsi3.o)
                0x0001fb10                __aeabi_idiv
                0x0001fb10                __divsi3
                0x0001fcdc                __aeabi_idivmod
 .text          0x0001fce4        0x4 /home/johann/Documents/EmbeddedSystems/Quadcopter/gcc-arm-none-eabi/bin/../lib/gcc/arm-none-eabi/5.4.1/armv6-m/libgcc.a(_dvmd_tls.o)
                0x0001fce4                __aeabi_ldiv0
                0x0001fce4                __aeabi_idiv0
 .text          0x0001fce8       0x7c /home/johann/Documents/EmbeddedSystems/Quadcopter/gcc-arm-none-eabi/bin/../lib/gcc/arm-none-eabi/5.4.1/armv6-m/libgcc.a(_arm_cmpdf2.o)
                0x0001fce8                __aeabi_cdrcmple
                0x0001fcf8                __aeabi_cdcmple
                0x0001fcf8                __aeabi_cdcmpeq
                0x0001fd08                __aeabi_dcmpeq
                0x0001fd14                __aeabi_dcmplt
                0x0001fd28                __aeabi_dcmple
                0x0001fd3c                __aeabi_dcmpgt
                0x0001fd50                __aeabi_dcmpge
 .text          0x0001fd64       0x74 /home/johann/Documents/EmbeddedSystems/Quadcopter/gcc-arm-none-eabi/bin/../lib/gcc/arm-none-eabi/5.4.1/armv6-m/libgcc.a(_arm_cmpsf2.o)
                0x0001fd64                __aeabi_cfrcmple
                0x0001fd6c                __aeabi_cfcmple
                0x0001fd6c                __aeabi_cfcmpeq
                0x0001fd7c                __aeabi_fcmpeq
                0x0001fd88                __aeabi_fcmplt
                0x0001fd9c                __aeabi_fcmple
                0x0001fdb0                __aeabi_fcmpgt
                0x0001fdc4                __aeabi_fcmpge
 .text          0x0001fdd8       0x58 /home/johann/Documents/EmbeddedSystems/Quadcopter/gcc-arm-none-eabi/bin/../lib/gcc/arm-none-eabi/5.4.1/armv6-m/libgcc.a(_muldi3.o)
                0x0001fdd8                __aeabi_lmul
                0x0001fdd8                __muldi3
 .text          0x0001fe30       0x30 /home/johann/Documents/EmbeddedSystems/Quadcopter/gcc-arm-none-eabi/bin/../lib/gcc/arm-none-eabi/5.4.1/armv6-m/libgcc.a(_fixunssfsi.o)
                0x0001fe30                __aeabi_f2uiz
                0x0001fe30                __fixunssfsi
 .text          0x0001fe60      0x2ec /home/johann/Documents/EmbeddedSystems/Quadcopter/gcc-arm-none-eabi/bin/../lib/gcc/arm-none-eabi/5.4.1/armv6-m/libgcc.a(addsf3.o)
                0x0001fe60                __aeabi_fadd
 .text          0x0002014c      0x234 /home/johann/Documents/EmbeddedSystems/Quadcopter/gcc-arm-none-eabi/bin/../lib/gcc/arm-none-eabi/5.4.1/armv6-m/libgcc.a(divsf3.o)
                0x0002014c                __aeabi_fdiv
 .text          0x00020380       0x50 /home/johann/Documents/EmbeddedSystems/Quadcopter/gcc-arm-none-eabi/bin/../lib/gcc/arm-none-eabi/5.4.1/armv6-m/libgcc.a(eqsf2.o)
                0x00020380                __nesf2
                0x00020380                __eqsf2
 .text          0x000203d0       0x88 /home/johann/Documents/EmbeddedSystems/Quadcopter/gcc-arm-none-eabi/bin/../lib/gcc/arm-none-eabi/5.4.1/armv6-m/libgcc.a(gesf2.o)
                0x000203d0                __gtsf2
                0x000203d0                __gesf2
 .text          0x00020458       0x88 /home/johann/Documents/EmbeddedSystems/Quadcopter/gcc-arm-none-eabi/bin/../lib/gcc/arm-none-eabi/5.4.1/armv6-m/libgcc.a(lesf2.o)
                0x00020458                __lesf2
                0x00020458                __ltsf2
 .text          0x000204e0      0x228 /home/johann/Documents/EmbeddedSystems/Quadcopter/gcc-arm-none-eabi/bin/../lib/gcc/arm-none-eabi/5.4.1/armv6-m/libgcc.a(mulsf3.o)
                0x000204e0                __aeabi_fmul
 .text          0x00020708      0x30c /home/johann/Documents/EmbeddedSystems/Quadcopter/gcc-arm-none-eabi/bin/../lib/gcc/arm-none-eabi/5.4.1/armv6-m/libgcc.a(subsf3.o)
                0x00020708                __aeabi_fsub
 .text          0x00020a14       0x44 /home/johann/Documents/EmbeddedSystems/Quadcopter/gcc-arm-none-eabi/bin/../lib/gcc/arm-none-eabi/5.4.1/armv6-m/libgcc.a(fixsfsi.o)
                0x00020a14                __aeabi_f2iz
 .text          0x00020a58       0x90 /home/johann/Documents/EmbeddedSystems/Quadcopter/gcc-arm-none-eabi/bin/../lib/gcc/arm-none-eabi/5.4.1/armv6-m/libgcc.a(floatsisf.o)
                0x00020a58                __aeabi_i2f
 .text          0x00020ae8       0x7c /home/johann/Documents/EmbeddedSystems/Quadcopter/gcc-arm-none-eabi/bin/../lib/gcc/arm-none-eabi/5.4.1/armv6-m/libgcc.a(floatunsisf.o)
                0x00020ae8                __aeabi_ui2f
 .text          0x00020b64      0x658 /home/johann/Documents/EmbeddedSystems/Quadcopter/gcc-arm-none-eabi/bin/../lib/gcc/arm-none-eabi/5.4.1/armv6-m/libgcc.a(adddf3.o)
                0x00020b64                __aeabi_dadd
 .text          0x000211bc      0x62c /home/johann/Documents/EmbeddedSystems/Quadcopter/gcc-arm-none-eabi/bin/../lib/gcc/arm-none-eabi/5.4.1/armv6-m/libgcc.a(divdf3.o)
                0x000211bc                __aeabi_ddiv
 .text          0x000217e8       0x80 /home/johann/Documents/EmbeddedSystems/Quadcopter/gcc-arm-none-eabi/bin/../lib/gcc/arm-none-eabi/5.4.1/armv6-m/libgcc.a(eqdf2.o)
                0x000217e8                __eqdf2
                0x000217e8                __nedf2
 .text          0x00021868       0xc8 /home/johann/Documents/EmbeddedSystems/Quadcopter/gcc-arm-none-eabi/bin/../lib/gcc/arm-none-eabi/5.4.1/armv6-m/libgcc.a(gedf2.o)
                0x00021868                __gtdf2
                0x00021868                __gedf2
 .text          0x00021930       0xd4 /home/johann/Documents/EmbeddedSystems/Quadcopter/gcc-arm-none-eabi/bin/../lib/gcc/arm-none-eabi/5.4.1/armv6-m/libgcc.a(ledf2.o)
                0x00021930                __ltdf2
                0x00021930                __ledf2
 .text          0x00021a04      0x4f4 /home/johann/Documents/EmbeddedSystems/Quadcopter/gcc-arm-none-eabi/bin/../lib/gcc/arm-none-eabi/5.4.1/armv6-m/libgcc.a(muldf3.o)
                0x00021a04                __aeabi_dmul
 .text          0x00021ef8      0x6a8 /home/johann/Documents/EmbeddedSystems/Quadcopter/gcc-arm-none-eabi/bin/../lib/gcc/arm-none-eabi/5.4.1/armv6-m/libgcc.a(subdf3.o)
                0x00021ef8                __aeabi_dsub
 .text          0x000225a0       0x40 /home/johann/Documents/EmbeddedSystems/Quadcopter/gcc-arm-none-eabi/bin/../lib/gcc/arm-none-eabi/5.4.1/armv6-m/libgcc.a(unorddf2.o)
                0x000225a0                __aeabi_dcmpun
 .text          0x000225e0       0x6c /home/johann/Documents/EmbeddedSystems/Quadcopter/gcc-arm-none-eabi/bin/../lib/gcc/arm-none-eabi/5.4.1/armv6-m/libgcc.a(fixdfsi.o)
                0x000225e0                __aeabi_d2iz
 .text          0x0002264c       0xa8 /home/johann/Documents/EmbeddedSystems/Quadcopter/gcc-arm-none-eabi/bin/../lib/gcc/arm-none-eabi/5.4.1/armv6-m/libgcc.a(extendsfdf2.o)
                0x0002264c                __aeabi_f2d
 .text          0x000226f4       0x3c /home/johann/Documents/EmbeddedSystems/Quadcopter/gcc-arm-none-eabi/bin/../lib/gcc/arm-none-eabi/5.4.1/armv6-m/libgcc.a(_clzsi2.o)
                0x000226f4                __clzsi2
 .text.__errno  0x00022730        0xc /home/johann/Documents/EmbeddedSystems/Quadcopter/gcc-arm-none-eabi/bin/../lib/gcc/arm-none-eabi/5.4.1/../../../../arm-none-eabi/lib/armv6-m/libc_nano.a(lib_a-errno.o)
                0x00022730                __errno
 .text.malloc   0x0002273c       0x14 /home/johann/Documents/EmbeddedSystems/Quadcopter/gcc-arm-none-eabi/bin/../lib/gcc/arm-none-eabi/5.4.1/../../../../arm-none-eabi/lib/armv6-m/libc_nano.a(lib_a-malloc.o)
                0x0002273c                malloc
 .text.free     0x00022750       0x14 /home/johann/Documents/EmbeddedSystems/Quadcopter/gcc-arm-none-eabi/bin/../lib/gcc/arm-none-eabi/5.4.1/../../../../arm-none-eabi/lib/armv6-m/libc_nano.a(lib_a-malloc.o)
                0x00022750                free
 .text.memcmp   0x00022764       0x1e /home/johann/Documents/EmbeddedSystems/Quadcopter/gcc-arm-none-eabi/bin/../lib/gcc/arm-none-eabi/5.4.1/../../../../arm-none-eabi/lib/armv6-m/libc_nano.a(lib_a-memcmp.o)
                0x00022764                memcmp
 .text.memcpy   0x00022782       0x12 /home/johann/Documents/EmbeddedSystems/Quadcopter/gcc-arm-none-eabi/bin/../lib/gcc/arm-none-eabi/5.4.1/../../../../arm-none-eabi/lib/armv6-m/libc_nano.a(lib_a-memcpy-stub.o)
                0x00022782                memcpy
 .text._free_r  0x00022794       0x98 /home/johann/Documents/EmbeddedSystems/Quadcopter/gcc-arm-none-eabi/bin/../lib/gcc/arm-none-eabi/5.4.1/../../../../arm-none-eabi/lib/armv6-m/libc_nano.a(lib_a-nano-freer.o)
                0x00022794                _free_r
 .text._malloc_r
                0x0002282c       0xc0 /home/johann/Documents/EmbeddedSystems/Quadcopter/gcc-arm-none-eabi/bin/../lib/gcc/arm-none-eabi/5.4.1/../../../../arm-none-eabi/lib/armv6-m/libc_nano.a(lib_a-nano-mallocr.o)
                0x0002282c                _malloc_r
 .text.printf   0x000228ec       0x34 /home/johann/Documents/EmbeddedSystems/Quadcopter/gcc-arm-none-eabi/bin/../lib/gcc/arm-none-eabi/5.4.1/../../../../arm-none-eabi/lib/armv6-m/libc_nano.a(lib_a-printf.o)
                0x000228ec                printf
                0x000228ec                iprintf
 .text._sbrk_r  0x00022920       0x24 /home/johann/Documents/EmbeddedSystems/Quadcopter/gcc-arm-none-eabi/bin/../lib/gcc/arm-none-eabi/5.4.1/../../../../arm-none-eabi/lib/armv6-m/libc_nano.a(lib_a-sbrkr.o)
                0x00022920                _sbrk_r
 .text.sprintf  0x00022944       0x44 /home/johann/Documents/EmbeddedSystems/Quadcopter/gcc-arm-none-eabi/bin/../lib/gcc/arm-none-eabi/5.4.1/../../../../arm-none-eabi/lib/armv6-m/libc_nano.a(lib_a-sprintf.o)
                0x00022944                sprintf
                0x00022944                siprintf
 .text          0x00022988        0xe /home/johann/Documents/EmbeddedSystems/Quadcopter/gcc-arm-none-eabi/bin/../lib/gcc/arm-none-eabi/5.4.1/../../../../arm-none-eabi/lib/armv6-m/libc_nano.a(lib_a-strlen.o)
                0x00022988                strlen
 *fill*         0x00022996        0x2 
 .text._cleanup_r
                0x00022998       0x10 /home/johann/Documents/EmbeddedSystems/Quadcopter/gcc-arm-none-eabi/bin/../lib/gcc/arm-none-eabi/5.4.1/../../../../arm-none-eabi/lib/armv6-m/libc_nano.a(lib_a-findfp.o)
                0x00022998                _cleanup_r
 .text.std.isra.0
                0x000229a8       0x48 /home/johann/Documents/EmbeddedSystems/Quadcopter/gcc-arm-none-eabi/bin/../lib/gcc/arm-none-eabi/5.4.1/../../../../arm-none-eabi/lib/armv6-m/libc_nano.a(lib_a-findfp.o)
 .text.__sfmoreglue
                0x000229f0       0x2c /home/johann/Documents/EmbeddedSystems/Quadcopter/gcc-arm-none-eabi/bin/../lib/gcc/arm-none-eabi/5.4.1/../../../../arm-none-eabi/lib/armv6-m/libc_nano.a(lib_a-findfp.o)
                0x000229f0                __sfmoreglue
 .text.__sinit  0x00022a1c       0x68 /home/johann/Documents/EmbeddedSystems/Quadcopter/gcc-arm-none-eabi/bin/../lib/gcc/arm-none-eabi/5.4.1/../../../../arm-none-eabi/lib/armv6-m/libc_nano.a(lib_a-findfp.o)
                0x00022a1c                __sinit
 .text.__sfp    0x00022a84       0x7c /home/johann/Documents/EmbeddedSystems/Quadcopter/gcc-arm-none-eabi/bin/../lib/gcc/arm-none-eabi/5.4.1/../../../../arm-none-eabi/lib/armv6-m/libc_nano.a(lib_a-findfp.o)
                0x00022a84                __sfp
 .text._fwalk_reent
                0x00022b00       0x42 /home/johann/Documents/EmbeddedSystems/Quadcopter/gcc-arm-none-eabi/bin/../lib/gcc/arm-none-eabi/5.4.1/../../../../arm-none-eabi/lib/armv6-m/libc_nano.a(lib_a-fwalk.o)
                0x00022b00                _fwalk_reent
 .text.__malloc_lock
                0x00022b42        0x2 /home/johann/Documents/EmbeddedSystems/Quadcopter/gcc-arm-none-eabi/bin/../lib/gcc/arm-none-eabi/5.4.1/../../../../arm-none-eabi/lib/armv6-m/libc_nano.a(lib_a-mlock.o)
                0x00022b42                __malloc_lock
 .text.__malloc_unlock
                0x00022b44        0x2 /home/johann/Documents/EmbeddedSystems/Quadcopter/gcc-arm-none-eabi/bin/../lib/gcc/arm-none-eabi/5.4.1/../../../../arm-none-eabi/lib/armv6-m/libc_nano.a(lib_a-mlock.o)
                0x00022b44                __malloc_unlock
 *fill*         0x00022b46        0x2 
 .text.__ssputs_r
                0x00022b48       0xc4 /home/johann/Documents/EmbeddedSystems/Quadcopter/gcc-arm-none-eabi/bin/../lib/gcc/arm-none-eabi/5.4.1/../../../../arm-none-eabi/lib/armv6-m/libc_nano.a(lib_a-nano-svfprintf.o)
                0x00022b48                __ssputs_r
 .text._svfprintf_r
                0x00022c0c      0x1fc /home/johann/Documents/EmbeddedSystems/Quadcopter/gcc-arm-none-eabi/bin/../lib/gcc/arm-none-eabi/5.4.1/../../../../arm-none-eabi/lib/armv6-m/libc_nano.a(lib_a-nano-svfprintf.o)
                0x00022c0c                _svfprintf_r
                0x00022c0c                _svfiprintf_r
 .text.__sfputc_r
                0x00022e08       0x2a /home/johann/Documents/EmbeddedSystems/Quadcopter/gcc-arm-none-eabi/bin/../lib/gcc/arm-none-eabi/5.4.1/../../../../arm-none-eabi/lib/armv6-m/libc_nano.a(lib_a-nano-vfprintf.o)
 .text.__sfputs_r
                0x00022e32       0x24 /home/johann/Documents/EmbeddedSystems/Quadcopter/gcc-arm-none-eabi/bin/../lib/gcc/arm-none-eabi/5.4.1/../../../../arm-none-eabi/lib/armv6-m/libc_nano.a(lib_a-nano-vfprintf.o)
                0x00022e32                __sfputs_r
 *fill*         0x00022e56        0x2 
 .text._vfprintf_r
                0x00022e58      0x238 /home/johann/Documents/EmbeddedSystems/Quadcopter/gcc-arm-none-eabi/bin/../lib/gcc/arm-none-eabi/5.4.1/../../../../arm-none-eabi/lib/armv6-m/libc_nano.a(lib_a-nano-vfprintf.o)
                0x00022e58                _vfiprintf_r
                0x00022e58                _vfprintf_r
 .text._printf_common
                0x00023090       0xdc /home/johann/Documents/EmbeddedSystems/Quadcopter/gcc-arm-none-eabi/bin/../lib/gcc/arm-none-eabi/5.4.1/../../../../arm-none-eabi/lib/armv6-m/libc_nano.a(lib_a-nano-vfprintf_i.o)
                0x00023090                _printf_common
 .text._printf_i
                0x0002316c      0x244 /home/johann/Documents/EmbeddedSystems/Quadcopter/gcc-arm-none-eabi/bin/../lib/gcc/arm-none-eabi/5.4.1/../../../../arm-none-eabi/lib/armv6-m/libc_nano.a(lib_a-nano-vfprintf_i.o)
                0x0002316c                _printf_i
 .text.__sread  0x000233b0       0x28 /home/johann/Documents/EmbeddedSystems/Quadcopter/gcc-arm-none-eabi/bin/../lib/gcc/arm-none-eabi/5.4.1/../../../../arm-none-eabi/lib/armv6-m/libc_nano.a(lib_a-stdio.o)
                0x000233b0                __sread
 .text.__swrite
                0x000233d8       0x38 /home/johann/Documents/EmbeddedSystems/Quadcopter/gcc-arm-none-eabi/bin/../lib/gcc/arm-none-eabi/5.4.1/../../../../arm-none-eabi/lib/armv6-m/libc_nano.a(lib_a-stdio.o)
                0x000233d8                __swrite
 .text.__sseek  0x00023410       0x2c /home/johann/Documents/EmbeddedSystems/Quadcopter/gcc-arm-none-eabi/bin/../lib/gcc/arm-none-eabi/5.4.1/../../../../arm-none-eabi/lib/armv6-m/libc_nano.a(lib_a-stdio.o)
                0x00023410                __sseek
 .text.__sclose
                0x0002343c        0xc /home/johann/Documents/EmbeddedSystems/Quadcopter/gcc-arm-none-eabi/bin/../lib/gcc/arm-none-eabi/5.4.1/../../../../arm-none-eabi/lib/armv6-m/libc_nano.a(lib_a-stdio.o)
                0x0002343c                __sclose
 .text.__swbuf_r
                0x00023448       0xb0 /home/johann/Documents/EmbeddedSystems/Quadcopter/gcc-arm-none-eabi/bin/../lib/gcc/arm-none-eabi/5.4.1/../../../../arm-none-eabi/lib/armv6-m/libc_nano.a(lib_a-wbuf.o)
                0x00023448                __swbuf_r
 .text._write_r
                0x000234f8       0x28 /home/johann/Documents/EmbeddedSystems/Quadcopter/gcc-arm-none-eabi/bin/../lib/gcc/arm-none-eabi/5.4.1/../../../../arm-none-eabi/lib/armv6-m/libc_nano.a(lib_a-writer.o)
                0x000234f8                _write_r
 .text.__swsetup_r
                0x00023520       0xec /home/johann/Documents/EmbeddedSystems/Quadcopter/gcc-arm-none-eabi/bin/../lib/gcc/arm-none-eabi/5.4.1/../../../../arm-none-eabi/lib/armv6-m/libc_nano.a(lib_a-wsetup.o)
                0x00023520                __swsetup_r
 .text._close_r
                0x0002360c       0x24 /home/johann/Documents/EmbeddedSystems/Quadcopter/gcc-arm-none-eabi/bin/../lib/gcc/arm-none-eabi/5.4.1/../../../../arm-none-eabi/lib/armv6-m/libc_nano.a(lib_a-closer.o)
                0x0002360c                _close_r
 .text.__sflush_r
                0x00023630      0x10c /home/johann/Documents/EmbeddedSystems/Quadcopter/gcc-arm-none-eabi/bin/../lib/gcc/arm-none-eabi/5.4.1/../../../../arm-none-eabi/lib/armv6-m/libc_nano.a(lib_a-fflush.o)
                0x00023630                __sflush_r
 .text._fflush_r
                0x0002373c       0x58 /home/johann/Documents/EmbeddedSystems/Quadcopter/gcc-arm-none-eabi/bin/../lib/gcc/arm-none-eabi/5.4.1/../../../../arm-none-eabi/lib/armv6-m/libc_nano.a(lib_a-fflush.o)
                0x0002373c                _fflush_r
 .text._lseek_r
                0x00023794       0x28 /home/johann/Documents/EmbeddedSystems/Quadcopter/gcc-arm-none-eabi/bin/../lib/gcc/arm-none-eabi/5.4.1/../../../../arm-none-eabi/lib/armv6-m/libc_nano.a(lib_a-lseekr.o)
                0x00023794                _lseek_r
 .text.__swhatbuf_r
                0x000237bc       0x4c /home/johann/Documents/EmbeddedSystems/Quadcopter/gcc-arm-none-eabi/bin/../lib/gcc/arm-none-eabi/5.4.1/../../../../arm-none-eabi/lib/armv6-m/libc_nano.a(lib_a-makebuf.o)
                0x000237bc                __swhatbuf_r
 .text.__smakebuf_r
                0x00023808       0x7c /home/johann/Documents/EmbeddedSystems/Quadcopter/gcc-arm-none-eabi/bin/../lib/gcc/arm-none-eabi/5.4.1/../../../../arm-none-eabi/lib/armv6-m/libc_nano.a(lib_a-makebuf.o)
                0x00023808                __smakebuf_r
 .text.memchr   0x00023884       0x16 /home/johann/Documents/EmbeddedSystems/Quadcopter/gcc-arm-none-eabi/bin/../lib/gcc/arm-none-eabi/5.4.1/../../../../arm-none-eabi/lib/armv6-m/libc_nano.a(lib_a-memchr-stub.o)
                0x00023884                memchr
 .text.memmove  0x0002389a       0x2a /home/johann/Documents/EmbeddedSystems/Quadcopter/gcc-arm-none-eabi/bin/../lib/gcc/arm-none-eabi/5.4.1/../../../../arm-none-eabi/lib/armv6-m/libc_nano.a(lib_a-memmove.o)
                0x0002389a                memmove
 .text._realloc_r
                0x000238c4       0x4c /home/johann/Documents/EmbeddedSystems/Quadcopter/gcc-arm-none-eabi/bin/../lib/gcc/arm-none-eabi/5.4.1/../../../../arm-none-eabi/lib/armv6-m/libc_nano.a(lib_a-nano-reallocr.o)
                0x000238c4                _realloc_r
 .text._read_r  0x00023910       0x28 /home/johann/Documents/EmbeddedSystems/Quadcopter/gcc-arm-none-eabi/bin/../lib/gcc/arm-none-eabi/5.4.1/../../../../arm-none-eabi/lib/armv6-m/libc_nano.a(lib_a-readr.o)
                0x00023910                _read_r
 .text._fstat_r
                0x00023938       0x24 /home/johann/Documents/EmbeddedSystems/Quadcopter/gcc-arm-none-eabi/bin/../lib/gcc/arm-none-eabi/5.4.1/../../../../arm-none-eabi/lib/armv6-m/libc_nano.a(lib_a-fstatr.o)
                0x00023938                _fstat_r
 .text._isatty_r
                0x0002395c       0x24 /home/johann/Documents/EmbeddedSystems/Quadcopter/gcc-arm-none-eabi/bin/../lib/gcc/arm-none-eabi/5.4.1/../../../../arm-none-eabi/lib/armv6-m/libc_nano.a(lib_a-isattyr.o)
                0x0002395c                _isatty_r
 .text._malloc_usable_size_r
                0x00023980       0x16 /home/johann/Documents/EmbeddedSystems/Quadcopter/gcc-arm-none-eabi/bin/../lib/gcc/arm-none-eabi/5.4.1/../../../../arm-none-eabi/lib/armv6-m/libc_nano.a(lib_a-nano-msizer.o)
                0x00023980                _malloc_usable_size_r
 *fill*         0x00023996        0x2 
 .text._close   0x00023998       0x10 /home/johann/Documents/EmbeddedSystems/Quadcopter/gcc-arm-none-eabi/bin/../lib/gcc/arm-none-eabi/5.4.1/../../../../arm-none-eabi/lib/armv6-m/libnosys.a(close.o)
                0x00023998                _close
 .text._fstat   0x000239a8       0x10 /home/johann/Documents/EmbeddedSystems/Quadcopter/gcc-arm-none-eabi/bin/../lib/gcc/arm-none-eabi/5.4.1/../../../../arm-none-eabi/lib/armv6-m/libnosys.a(fstat.o)
                0x000239a8                _fstat
 .text._isatty  0x000239b8       0x10 /home/johann/Documents/EmbeddedSystems/Quadcopter/gcc-arm-none-eabi/bin/../lib/gcc/arm-none-eabi/5.4.1/../../../../arm-none-eabi/lib/armv6-m/libnosys.a(isatty.o)
                0x000239b8                _isatty
 .text._lseek   0x000239c8       0x10 /home/johann/Documents/EmbeddedSystems/Quadcopter/gcc-arm-none-eabi/bin/../lib/gcc/arm-none-eabi/5.4.1/../../../../arm-none-eabi/lib/armv6-m/libnosys.a(lseek.o)
                0x000239c8                _lseek
 .text._read    0x000239d8       0x10 /home/johann/Documents/EmbeddedSystems/Quadcopter/gcc-arm-none-eabi/bin/../lib/gcc/arm-none-eabi/5.4.1/../../../../arm-none-eabi/lib/armv6-m/libnosys.a(read.o)
                0x000239d8                _read
 .text._sbrk    0x000239e8       0x1c /home/johann/Documents/EmbeddedSystems/Quadcopter/gcc-arm-none-eabi/bin/../lib/gcc/arm-none-eabi/5.4.1/../../../../arm-none-eabi/lib/armv6-m/libnosys.a(sbrk.o)
                0x000239e8                _sbrk
 *(.init)
 .init          0x00023a04        0x4 /home/johann/Documents/EmbeddedSystems/Quadcopter/gcc-arm-none-eabi/bin/../lib/gcc/arm-none-eabi/5.4.1/armv6-m/crti.o
                0x00023a04                _init
 .init          0x00023a08        0x8 /home/johann/Documents/EmbeddedSystems/Quadcopter/gcc-arm-none-eabi/bin/../lib/gcc/arm-none-eabi/5.4.1/armv6-m/crtn.o
 *(.fini)
 .fini          0x00023a10        0x4 /home/johann/Documents/EmbeddedSystems/Quadcopter/gcc-arm-none-eabi/bin/../lib/gcc/arm-none-eabi/5.4.1/armv6-m/crti.o
                0x00023a10                _fini
 .fini          0x00023a14        0x8 /home/johann/Documents/EmbeddedSystems/Quadcopter/gcc-arm-none-eabi/bin/../lib/gcc/arm-none-eabi/5.4.1/armv6-m/crtn.o
 *crtbegin.o(.ctors)
 *crtbegin?.o(.ctors)
 *(EXCLUDE_FILE(*crtend.o *crtend?.o) .ctors)
 *(SORT(.ctors.*))
 *(.ctors)
 *crtbegin.o(.dtors)
 *crtbegin?.o(.dtors)
 *(EXCLUDE_FILE(*crtend.o *crtend?.o) .dtors)
 *(SORT(.dtors.*))
 *(.dtors)
 *(.rodata*)
 .rodata.str1.1
                0x00023a1c        0x2 /home/johann/Documents/EmbeddedSystems/Quadcopter/gcc-arm-none-eabi/bin/../lib/gcc/arm-none-eabi/5.4.1/../../../../arm-none-eabi/lib/armv6-m/libc_nano.a(lib_a-impure.o)
 *fill*         0x00023a1e        0x2 
 .rodata._global_impure_ptr
                0x00023a20        0x4 /home/johann/Documents/EmbeddedSystems/Quadcopter/gcc-arm-none-eabi/bin/../lib/gcc/arm-none-eabi/5.4.1/../../../../arm-none-eabi/lib/armv6-m/libc_nano.a(lib_a-impure.o)
                0x00023a20                _global_impure_ptr
 .rodata.determine_mode
                0x00023a24       0x28 _build/in4073.o
 .rodata.process_mode
                0x00023a4c       0x28 _build/in4073.o
 .rodata        0x00023a74        0xc _build/in4073.o
 .rodata.str1.4
                0x00023a80       0xfa _build/in4073.o
 *fill*         0x00023b7a        0x2 
 .rodata.str1.4
                0x00023b7c       0x5d _build/control.o
 *fill*         0x00023bd9        0x3 
 .rodata.get_sensor
                0x00023bdc       0x2c _build/sensors.o
 .rodata.crclut
                0x00023c08      0x100 _build/crc.o
                0x00023c08                crclut
 .rodata.decode_header_pc_uav
                0x00023d08       0x20 _build/packet.o
 .rodata.encode
                0x00023d28       0x1c _build/packet_uav.o
 .rodata.str1.4
                0x00023d44       0x6f _build/packet_uav.o
 *fill*         0x00023db3        0x1 
 .rodata.str1.4
                0x00023db4      0x289 _build/logging.o
 *fill*         0x0002403d        0x3 
 .rodata.quadrupel_timer.7149
                0x00024040        0x4 _build/timers.o
 .rodata.str1.4
                0x00024044       0x11 _build/uart.o
 *fill*         0x00024055        0x3 
 .rodata.str1.4
                0x00024058       0x38 _build/twi.o
 .rodata.str1.4
                0x00024090       0x12 _build/ble.o
 *fill*         0x000240a2        0x2 
 .rodata.test   0x000240a4       0x28 _build/inv_mpu.o
                0x000240a4                test
 .rodata.str1.4
                0x000240cc       0xa6 _build/inv_mpu.o
 *fill*         0x00024172        0x2 
 .rodata.hw     0x00024174        0xc _build/inv_mpu.o
                0x00024174                hw
 .rodata.reg    0x00024180       0x1e _build/inv_mpu.o
                0x00024180                reg
 *fill*         0x0002419e        0x2 
 .rodata        0x000241a0       0x4b _build/inv_mpu_dmp_motion_driver.o
 *fill*         0x000241eb        0x1 
 .rodata.dmp_memory
                0x000241ec      0xbf6 _build/inv_mpu_dmp_motion_driver.o
 *fill*         0x00024de2        0x2 
 .rodata.str1.4
                0x00024de4      0x12a _build/mpu_wrapper.o
 *fill*         0x00024f0e        0x2 
 .rodata.str1.4
                0x00024f10       0x27 _build/app_error.o
 *fill*         0x00024f37        0x1 
 .rodata.m_conn_params_timer_id
                0x00024f38        0x4 _build/ble_conn_params.o
 .rodata        0x00024f3c       0x10 _build/ble_nus.o
 .rodata.str1.4
                0x00024f4c        0x8 /home/johann/Documents/EmbeddedSystems/Quadcopter/gcc-arm-none-eabi/bin/../lib/gcc/arm-none-eabi/5.4.1/../../../../arm-none-eabi/lib/armv6-m/libm.a(lib_a-w_asin.o)
                                  0x9 (size before relaxing)
 *fill*         0x00024f54        0x4 
 .rodata.atanlo
                0x00024f58       0x20 /home/johann/Documents/EmbeddedSystems/Quadcopter/gcc-arm-none-eabi/bin/../lib/gcc/arm-none-eabi/5.4.1/../../../../arm-none-eabi/lib/armv6-m/libm.a(lib_a-s_atan.o)
 .rodata.atanhi
                0x00024f78       0x20 /home/johann/Documents/EmbeddedSystems/Quadcopter/gcc-arm-none-eabi/bin/../lib/gcc/arm-none-eabi/5.4.1/../../../../arm-none-eabi/lib/armv6-m/libm.a(lib_a-s_atan.o)
 .rodata        0x00024f98       0x80 /home/johann/Documents/EmbeddedSystems/Quadcopter/gcc-arm-none-eabi/bin/../lib/gcc/arm-none-eabi/5.4.1/armv6-m/libgcc.a(divsf3.o)
 .rodata        0x00025018       0x40 /home/johann/Documents/EmbeddedSystems/Quadcopter/gcc-arm-none-eabi/bin/../lib/gcc/arm-none-eabi/5.4.1/armv6-m/libgcc.a(mulsf3.o)
 .rodata        0x00025058       0x40 /home/johann/Documents/EmbeddedSystems/Quadcopter/gcc-arm-none-eabi/bin/../lib/gcc/arm-none-eabi/5.4.1/armv6-m/libgcc.a(divdf3.o)
 .rodata        0x00025098       0x40 /home/johann/Documents/EmbeddedSystems/Quadcopter/gcc-arm-none-eabi/bin/../lib/gcc/arm-none-eabi/5.4.1/armv6-m/libgcc.a(muldf3.o)
 .rodata.__sf_fake_stdin
                0x000250d8       0x20 /home/johann/Documents/EmbeddedSystems/Quadcopter/gcc-arm-none-eabi/bin/../lib/gcc/arm-none-eabi/5.4.1/../../../../arm-none-eabi/lib/armv6-m/libc_nano.a(lib_a-findfp.o)
                0x000250d8                __sf_fake_stdin
 .rodata.__sf_fake_stdout
                0x000250f8       0x20 /home/johann/Documents/EmbeddedSystems/Quadcopter/gcc-arm-none-eabi/bin/../lib/gcc/arm-none-eabi/5.4.1/../../../../arm-none-eabi/lib/armv6-m/libc_nano.a(lib_a-findfp.o)
                0x000250f8                __sf_fake_stdout
 .rodata.__sf_fake_stderr
                0x00025118       0x20 /home/johann/Documents/EmbeddedSystems/Quadcopter/gcc-arm-none-eabi/bin/../lib/gcc/arm-none-eabi/5.4.1/../../../../arm-none-eabi/lib/armv6-m/libc_nano.a(lib_a-findfp.o)
                0x00025118                __sf_fake_stderr
 .rodata.str1.1
                0x00025138       0x11 /home/johann/Documents/EmbeddedSystems/Quadcopter/gcc-arm-none-eabi/bin/../lib/gcc/arm-none-eabi/5.4.1/../../../../arm-none-eabi/lib/armv6-m/libc_nano.a(lib_a-nano-svfprintf.o)
 .rodata.str1.1
                0x00025149       0x11 /home/johann/Documents/EmbeddedSystems/Quadcopter/gcc-arm-none-eabi/bin/../lib/gcc/arm-none-eabi/5.4.1/../../../../arm-none-eabi/lib/armv6-m/libc_nano.a(lib_a-nano-vfprintf.o)
 .rodata.str1.1
                0x00025149       0x22 /home/johann/Documents/EmbeddedSystems/Quadcopter/gcc-arm-none-eabi/bin/../lib/gcc/arm-none-eabi/5.4.1/../../../../arm-none-eabi/lib/armv6-m/libc_nano.a(lib_a-nano-vfprintf_i.o)
 *(.eh_frame*)
 *fill*         0x0002516b        0x1 
 .eh_frame      0x0002516c        0x0 /home/johann/Documents/EmbeddedSystems/Quadcopter/gcc-arm-none-eabi/bin/../lib/gcc/arm-none-eabi/5.4.1/armv6-m/crtbegin.o
                0x0002516c                . = ALIGN (0x4)

.glue_7         0x0002516c        0x0
 .glue_7        0x0002516c        0x0 linker stubs

.glue_7t        0x0002516c        0x0
 .glue_7t       0x0002516c        0x0 linker stubs

.vfp11_veneer   0x0002516c        0x0
 .vfp11_veneer  0x0002516c        0x0 linker stubs

.v4_bx          0x0002516c        0x0
 .v4_bx         0x0002516c        0x0 linker stubs

.iplt           0x0002516c        0x0
 .iplt          0x0002516c        0x0 /home/johann/Documents/EmbeddedSystems/Quadcopter/gcc-arm-none-eabi/bin/../lib/gcc/arm-none-eabi/5.4.1/armv6-m/crtbegin.o

.ARM.extab      0x0002516c        0x0
 *(.ARM.extab* .gnu.linkonce.armextab.*)
                0x0002516c                . = ALIGN (0x4)
                0x0002516c                __exidx_start = .

.ARM.exidx      0x0002516c        0x8
 *(.ARM.exidx* .gnu.linkonce.armexidx.*)
 .ARM.exidx     0x0002516c        0x8 /home/johann/Documents/EmbeddedSystems/Quadcopter/gcc-arm-none-eabi/bin/../lib/gcc/arm-none-eabi/5.4.1/../../../../arm-none-eabi/lib/armv6-m/crt0.o
 .ARM.exidx     0x00025174        0x0 _build/gcc_startup_nrf51.o
                                  0x8 (size before relaxing)
                0x00025174                . = ALIGN (0x4)
                0x00025174                __exidx_end = .
                0x00025174                __etext = .

.rel.dyn        0x00025174        0x0
 .rel.iplt      0x00025174        0x0 /home/johann/Documents/EmbeddedSystems/Quadcopter/gcc-arm-none-eabi/bin/../lib/gcc/arm-none-eabi/5.4.1/armv6-m/crtbegin.o

.data           0x20002000       0xb4 load address 0x00025174
                0x20002000                __data_start__ = .
 *(vtable)
 *(.data*)
 .data.impure_data
                0x20002000       0x60 /home/johann/Documents/EmbeddedSystems/Quadcopter/gcc-arm-none-eabi/bin/../lib/gcc/arm-none-eabi/5.4.1/../../../../arm-none-eabi/lib/armv6-m/libc_nano.a(lib_a-impure.o)
 .data._impure_ptr
                0x20002060        0x4 /home/johann/Documents/EmbeddedSystems/Quadcopter/gcc-arm-none-eabi/bin/../lib/gcc/arm-none-eabi/5.4.1/../../../../arm-none-eabi/lib/armv6-m/libc_nano.a(lib_a-impure.o)
                0x20002060                _impure_ptr
 .data.txd_available
                0x20002064        0x1 _build/uart.o
                0x20002064                txd_available
 *fill*         0x20002065        0x3 
 .data.m_adv_uuids
                0x20002068        0x4 _build/ble.o
 .data.m_conn_handle
                0x2000206c        0x2 _build/ble.o
 *fill*         0x2000206e        0x2 
 .data.st       0x20002070       0x2c _build/inv_mpu.o
 .data.gyro_orientation.7069
                0x2000209c        0x9 _build/mpu_wrapper.o
 *fill*         0x200020a5        0x1 
 .data.current_slave_link_conn_handle.7275
                0x200020a6        0x2 _build/ble_advertising.o
 .data.__fdlib_version
                0x200020a8        0x1 /home/johann/Documents/EmbeddedSystems/Quadcopter/gcc-arm-none-eabi/bin/../lib/gcc/arm-none-eabi/5.4.1/../../../../arm-none-eabi/lib/armv6-m/libm.a(lib_a-s_lib_ver.o)
                0x200020a8                __fdlib_version
                0x200020ac                . = ALIGN (0x4)
 *fill*         0x200020a9        0x3 
                0x200020ac                PROVIDE (__preinit_array_start, .)
 *(.preinit_array)
                0x200020ac                PROVIDE (__preinit_array_end, .)
                0x200020ac                . = ALIGN (0x4)
                0x200020ac                PROVIDE (__init_array_start, .)
 *(SORT(.init_array.*))
 *(.init_array)
 .init_array    0x200020ac        0x4 /home/johann/Documents/EmbeddedSystems/Quadcopter/gcc-arm-none-eabi/bin/../lib/gcc/arm-none-eabi/5.4.1/armv6-m/crtbegin.o
                0x200020b0                PROVIDE (__init_array_end, .)
                0x200020b0                . = ALIGN (0x4)
                [!provide]                PROVIDE (__fini_array_start, .)
 *(SORT(.fini_array.*))
 *(.fini_array)
 .fini_array    0x200020b0        0x4 /home/johann/Documents/EmbeddedSystems/Quadcopter/gcc-arm-none-eabi/bin/../lib/gcc/arm-none-eabi/5.4.1/armv6-m/crtbegin.o
                [!provide]                PROVIDE (__fini_array_end, .)
 *(.jcr)
 .jcr           0x200020b4        0x0 /home/johann/Documents/EmbeddedSystems/Quadcopter/gcc-arm-none-eabi/bin/../lib/gcc/arm-none-eabi/5.4.1/armv6-m/crtbegin.o
                0x200020b4                . = ALIGN (0x4)
                0x200020b4                __data_end__ = .

.igot.plt       0x200020b4        0x0 load address 0x00025228
 .igot.plt      0x200020b4        0x0 /home/johann/Documents/EmbeddedSystems/Quadcopter/gcc-arm-none-eabi/bin/../lib/gcc/arm-none-eabi/5.4.1/armv6-m/crtbegin.o

.bss            0x200020b4      0xaa8 load address 0x00025228
                0x200020b4                . = ALIGN (0x4)
                0x200020b4                __bss_start__ = .
 *(.bss*)
 .bss           0x200020b4       0x1c /home/johann/Documents/EmbeddedSystems/Quadcopter/gcc-arm-none-eabi/bin/../lib/gcc/arm-none-eabi/5.4.1/armv6-m/crtbegin.o
 .bss.prev_height_rate.7618
                0x200020d0        0x2 _build/control.o
 *fill*         0x200020d2        0x2 
 .bss.avg_pressure.7624
                0x200020d4        0x4 _build/control.o
 .bss.count.7620
                0x200020d8        0x4 _build/control.o
 .bss.height_counter.7609
                0x200020dc        0x1 _build/control.o
 .bss.outer_counter
                0x200020dd        0x1 _build/control.o
                0x200020dd                outer_counter
 .bss.calibration_flag
                0x200020de        0x1 _build/sensors.o
                0x200020de                calibration_flag
 *fill*         0x200020df        0x1 
 .bss.dcsaz     0x200020e0        0x2 _build/sensors.o
                0x200020e0                dcsaz
 *fill*         0x200020e2        0x2 
 .bss.fpdcsax   0x200020e4        0x4 _build/sensors.o
                0x200020e4                fpdcsax
 .bss.fpdcsay   0x200020e8        0x4 _build/sensors.o
                0x200020e8                fpdcsay
 .bss.fpdcsaz   0x200020ec        0x4 _build/sensors.o
                0x200020ec                fpdcsaz
 .bss.dcsax     0x200020f0        0x2 _build/sensors.o
                0x200020f0                dcsax
 .bss.dcsay     0x200020f2        0x2 _build/sensors.o
                0x200020f2                dcsay
 .bss.dcsp      0x200020f4        0x2 _build/sensors.o
                0x200020f4                dcsp
 .bss.dcsq      0x200020f6        0x2 _build/sensors.o
                0x200020f6                dcsq
 .bss.dcsr      0x200020f8        0x2 _build/sensors.o
                0x200020f8                dcsr
 .bss.dcphi     0x200020fa        0x2 _build/sensors.o
                0x200020fa                dcphi
 .bss.dcpsi     0x200020fc        0x2 _build/sensors.o
                0x200020fc                dcpsi
 *fill*         0x200020fe        0x2 
 .bss.dcbaro    0x20002100        0x4 _build/sensors.o
                0x20002100                dcbaro
 .bss.dctheta   0x20002104        0x2 _build/sensors.o
                0x20002104                dctheta
 *fill*         0x20002106        0x2 
 .bss.ytheta.3854
                0x20002108        0xc _build/filters.o
 .bss.yphi.3852
                0x20002114        0xc _build/filters.o
 .bss.phiOrient.3866
                0x20002120        0x4 _build/filters.o
 .bss.xpsi.3855
                0x20002124        0xc _build/filters.o
 .bss.thetaBias20.3865
                0x20002130        0x4 _build/filters.o
 .bss.thetaFpsRate.3869
                0x20002134        0x4 _build/filters.o
 .bss.phiFpsRate.3868
                0x20002138        0x4 _build/filters.o
 .bss.xphi.3851
                0x2000213c        0xc _build/filters.o
 .bss.ypsi.3856
                0x20002148        0xc _build/filters.o
 .bss.thetaOrient.3867
                0x20002154        0x4 _build/filters.o
 .bss.phiBias20.3864
                0x20002158        0x4 _build/filters.o
 .bss.xtheta.3853
                0x2000215c        0xc _build/filters.o
 .bss.last_received_message.7414
                0x20002168        0x4 _build/packet_uav.o
 .bss.discard_count
                0x2000216c        0x1 _build/packet_uav.o
                0x2000216c                discard_count
 .bss.no_read_count
                0x2000216d        0x1 _build/packet_uav.o
                0x2000216d                no_read_count
 .bss.logNum    0x2000216e        0x2 _build/logging.o
 .bss.logMode   0x20002170        0x1 _build/logging.o
 *fill*         0x20002171        0x3 
 .bss.APP_TIMER_BUF.7145
                0x20002174      0x1c8 _build/timers.o
 .bss.quadrupel_timer_data.7148
                0x2000233c       0x20 _build/timers.o
 .bss.sent      0x2000235c        0x1 _build/twi.o
 .bss.read      0x2000235d        0x1 _build/twi.o
 .bss.loop_count
                0x2000235e        0x1 _build/baro.o
 *fill*         0x2000235f        0x1 
 .bss.data.7062
                0x20002360        0x2 _build/baro.o
 *fill*         0x20002362        0x2 
 .bss.prom      0x20002364       0x10 _build/baro.o
 .bss.data      0x20002374        0x3 _build/baro.o
 *fill*         0x20002377        0x1 
 .bss.initTime  0x20002378        0x4 _build/baro.o
                0x20002378                initTime
 .bss.BLE_EVT_BUFFER.8993
                0x2000237c       0x48 _build/ble.o
 .bss.m_nus     0x200023c4       0x1c _build/ble.o
 .bss.spi_config_table
                0x200023e0        0xc _build/spi_flash.o
 .bss.SPI       0x200023ec        0x4 _build/spi_flash.o
 .bss.dmp       0x200023f0       0x10 _build/inv_mpu_dmp_motion_driver.o
 .bss.m_ticks_latest
                0x20002400        0x4 _build/app_timer.o
 .bss.mp_timer_id_head
                0x20002404        0x4 _build/app_timer.o
 .bss.m_evt_schedule_func
                0x20002408        0x4 _build/app_timer.o
 .bss.m_user_array_size
                0x2000240c        0x1 _build/app_timer.o
 *fill*         0x2000240d        0x3 
 .bss.mp_users  0x20002410        0x4 _build/app_timer.o
 .bss.m_ticks_elapsed_q_read_ind
                0x20002414        0x1 _build/app_timer.o
 .bss.m_ticks_elapsed_q_write_ind
                0x20002415        0x1 _build/app_timer.o
 .bss.m_rtc1_reset
                0x20002416        0x1 _build/app_timer.o
 *fill*         0x20002417        0x1 
 .bss.m_ticks_elapsed
                0x20002418        0x8 _build/app_timer.o
 .bss.m_rtc1_running
                0x20002420        0x1 _build/app_timer.o
 *fill*         0x20002421        0x3 
 .bss.m_cmd_queue
                0x20002424       0xcc _build/pstorage.o
 .bss.m_flags   0x200024f0        0x4 _build/pstorage.o
 .bss.m_advdata
                0x200024f4       0x38 _build/ble_advertising.o
 .bss.m_manuf_specific_data
                0x2000252c        0xc _build/ble_advertising.o
 .bss.m_evt_handler
                0x20002538        0x4 _build/ble_advertising.o
 .bss.m_advertising_start_pending
                0x2000253c        0x1 _build/ble_advertising.o
 *fill*         0x2000253d        0x3 
 .bss.m_manuf_data_array
                0x20002540       0x1f _build/ble_advertising.o
 .bss.m_whitelist_temporarily_disabled
                0x2000255f        0x1 _build/ble_advertising.o
 .bss.m_error_handler
                0x20002560        0x4 _build/ble_advertising.o
 .bss.m_peer_address
                0x20002564        0x7 _build/ble_advertising.o
 *fill*         0x2000256b        0x1 
 .bss.m_adv_modes_config
                0x2000256c       0x24 _build/ble_advertising.o
 .bss.mp_whitelist_addr
                0x20002590       0x20 _build/ble_advertising.o
 .bss.m_tx_power_level
                0x200025b0        0x1 _build/ble_advertising.o
 *fill*         0x200025b1        0x3 
 .bss.m_whitelist
                0x200025b4       0x10 _build/ble_advertising.o
 .bss.m_service_data_array
                0x200025c4       0x1f _build/ble_advertising.o
 .bss.m_whitelist_reply_expected
                0x200025e3        0x1 _build/ble_advertising.o
 .bss.mp_whitelist_irk
                0x200025e4       0x20 _build/ble_advertising.o
 .bss.m_adv_mode_current
                0x20002604        0x1 _build/ble_advertising.o
 .bss.m_peer_addr_reply_expected
                0x20002605        0x1 _build/ble_advertising.o
 *fill*         0x20002606        0x2 
 .bss.m_slave_conn_int
                0x20002608        0x4 _build/ble_advertising.o
 .bss.m_service_data
                0x2000260c        0xc _build/ble_advertising.o
 .bss.m_adv_evt
                0x20002618        0x1 _build/ble_advertising.o
 .bss.m_change_param
                0x20002619        0x1 _build/ble_conn_params.o
 *fill*         0x2000261a        0x2 
 .bss.m_current_conn_params
                0x2000261c        0x8 _build/ble_conn_params.o
 .bss.m_update_count
                0x20002624        0x1 _build/ble_conn_params.o
 *fill*         0x20002625        0x3 
 .bss.m_conn_params_config
                0x20002628       0x1c _build/ble_conn_params.o
 .bss.m_conn_params_timer_id_data
                0x20002644       0x20 _build/ble_conn_params.o
 .bss.m_conn_handle
                0x20002664        0x2 _build/ble_conn_params.o
 *fill*         0x20002666        0x2 
 .bss.m_preferred_conn_params
                0x20002668        0x8 _build/ble_conn_params.o
 .bss.m_softdevice_enabled
                0x20002670        0x1 _build/softdevice_handler.o
 *fill*         0x20002671        0x1 
 .bss.m_ble_evt_buffer_size
                0x20002672        0x2 _build/softdevice_handler.o
 .bss.mp_ble_evt_buffer
                0x20002674        0x4 _build/softdevice_handler.o
 .bss.m_sys_evt_handler
                0x20002678        0x4 _build/softdevice_handler.o
 .bss.m_ble_evt_handler
                0x2000267c        0x4 _build/softdevice_handler.o
 .bss.m_evt_schedule_func
                0x20002680        0x4 _build/softdevice_handler.o
 .bss.__malloc_sbrk_start
                0x20002684        0x4 /home/johann/Documents/EmbeddedSystems/Quadcopter/gcc-arm-none-eabi/bin/../lib/gcc/arm-none-eabi/5.4.1/../../../../arm-none-eabi/lib/armv6-m/libc_nano.a(lib_a-nano-mallocr.o)
                0x20002684                __malloc_sbrk_start
 .bss.__malloc_free_list
                0x20002688        0x4 /home/johann/Documents/EmbeddedSystems/Quadcopter/gcc-arm-none-eabi/bin/../lib/gcc/arm-none-eabi/5.4.1/../../../../arm-none-eabi/lib/armv6-m/libc_nano.a(lib_a-nano-mallocr.o)
                0x20002688                __malloc_free_list
 .bss.heap_end.4167
                0x2000268c        0x4 /home/johann/Documents/EmbeddedSystems/Quadcopter/gcc-arm-none-eabi/bin/../lib/gcc/arm-none-eabi/5.4.1/../../../../arm-none-eabi/lib/armv6-m/libnosys.a(sbrk.o)
 *(COMMON)
 COMMON         0x20002690      0x481 _build/in4073.o
                0x20002690                yaw_parameter
                0x20002692                say
                0x20002694                b
                0x20002696                psi
                0x20002698                sensor_fifo_count
                0x20002699                P1
                0x2000269a                saz
                0x2000269c                height_mode_flag
                0x200026a0                logCore
                0x200026a4                rx_queue
                0x200027aa                current_mode
                0x200027ac                phi
                0x200027ae                P2
                0x200027af                prev_mode
                0x200027b0                temperature
                0x200027b4                psi_s
                0x200027b6                new_lift
                0x200027b8                theta
                0x200027bc                pressure
                0x200027c0                exit_mode_flag
                0x200027c1                mode
                0x200027c2                dcpsi_s
                0x200027c4                tx_queue
                0x200028ca                sax
                0x200028cc                lift
                0x200028cd                P4
                0x200028ce                sq
                0x200028d0                yaw_error
                0x200028d2                bat_volt
                0x200028d4                printf_data
                0x200028d8                P3
                0x200028dc                ble_rx_queue
                0x200029e2                d
                0x200029e4                sp
                0x200029e6                safe_flag
                0x200029e7                radio_active
                0x200029e8                motor
                0x200029f0                yaw
                0x200029f4                last_correct_checksum_time
                0x200029f8                prev_lift
                0x200029fa                pitch
                0x200029fb                roll
                0x200029fc                ble_tx_queue
                0x20002b04                ae
                0x20002b0c                sr
                0x20002b0e                height_lift_flag
                0x20002b0f                demo_done
                0x20002b10                P
 *fill*         0x20002b11        0x3 
 COMMON         0x20002b14       0x28 _build/control.o
                0x20002b14                roll_overflow
                0x20002b16                yaw_rate
                0x20002b18                pitch_act
                0x20002b1c                height_s
                0x20002b20                yaw_overflow
                0x20002b22                yaw_prev
                0x20002b24                yaw_act
                0x20002b26                pitch_rate_d
                0x20002b28                roll_act
                0x20002b2a                height_overflow
                0x20002b2c                height_act
                0x20002b2e                yaw_s
                0x20002b30                height_rate_d
                0x20002b32                roll_rate_d
                0x20002b34                pitch_overflow
                0x20002b38                height_d
 COMMON         0x20002b3c        0xc _build/sensors.o
                0x20002b3c                fpsax
                0x20002b40                fpsaz
                0x20002b44                fpsay
 COMMON         0x20002b48        0x5 _build/timers.o
                0x20002b48                global_time
                0x20002b4c                timer_flag
 *fill*         0x20002b4d        0x3 
 COMMON         0x20002b50        0x8 _build/baro.o
                0x20002b50                D2
                0x20002b54                D1
 COMMON         0x20002b58        0x4 /home/johann/Documents/EmbeddedSystems/Quadcopter/gcc-arm-none-eabi/bin/../lib/gcc/arm-none-eabi/5.4.1/../../../../arm-none-eabi/lib/armv6-m/libc_nano.a(lib_a-reent.o)
                0x20002b58                errno
                0x20002b5c                . = ALIGN (0x4)
                0x20002b5c                __bss_end__ = .

.heap           0x20002b60      0x800
                0x20002b60                __end__ = .
                0x20002b60                end = __end__
 *(.heap*)
 .heap          0x20002b60      0x800 _build/gcc_startup_nrf51.o
                0x20002b60                __HeapBase
                0x20003360                __HeapLimit = .

.stack_dummy    0x20002b60      0x800
 *(.stack*)
 .stack         0x20002b60      0x800 _build/gcc_startup_nrf51.o
                0x20004000                __StackTop = (ORIGIN (RAM) + LENGTH (RAM))
                0x20003800                __StackLimit = (__StackTop - SIZEOF (.stack_dummy))
                0x20004000                PROVIDE (__stack, __StackTop)
                0x00000001                ASSERT ((__StackLimit >= __HeapLimit), region RAM overflowed with stack)
OUTPUT(_build/in4073.out elf32-littlearm)

.ARM.attributes
                0x00000000       0x28
 .ARM.attributes
                0x00000000       0x1e /home/johann/Documents/EmbeddedSystems/Quadcopter/gcc-arm-none-eabi/bin/../lib/gcc/arm-none-eabi/5.4.1/armv6-m/crti.o
 .ARM.attributes
                0x0000001e       0x2c /home/johann/Documents/EmbeddedSystems/Quadcopter/gcc-arm-none-eabi/bin/../lib/gcc/arm-none-eabi/5.4.1/armv6-m/crtbegin.o
 .ARM.attributes
                0x0000004a       0x1b /home/johann/Documents/EmbeddedSystems/Quadcopter/gcc-arm-none-eabi/bin/../lib/gcc/arm-none-eabi/5.4.1/../../../../arm-none-eabi/lib/armv6-m/crt0.o
 .ARM.attributes
                0x00000065       0x2c /home/johann/Documents/EmbeddedSystems/Quadcopter/gcc-arm-none-eabi/bin/../lib/gcc/arm-none-eabi/5.4.1/../../../../arm-none-eabi/lib/armv6-m/libc_nano.a(lib_a-exit.o)
 .ARM.attributes
                0x00000091       0x2c /home/johann/Documents/EmbeddedSystems/Quadcopter/gcc-arm-none-eabi/bin/../lib/gcc/arm-none-eabi/5.4.1/../../../../arm-none-eabi/lib/armv6-m/libc_nano.a(lib_a-impure.o)
 .ARM.attributes
                0x000000bd       0x2c /home/johann/Documents/EmbeddedSystems/Quadcopter/gcc-arm-none-eabi/bin/../lib/gcc/arm-none-eabi/5.4.1/../../../../arm-none-eabi/lib/armv6-m/libc_nano.a(lib_a-init.o)
 .ARM.attributes
                0x000000e9       0x2c /home/johann/Documents/EmbeddedSystems/Quadcopter/gcc-arm-none-eabi/bin/../lib/gcc/arm-none-eabi/5.4.1/../../../../arm-none-eabi/lib/armv6-m/libc_nano.a(lib_a-memset.o)
 .ARM.attributes
                0x00000115       0x2c /home/johann/Documents/EmbeddedSystems/Quadcopter/gcc-arm-none-eabi/bin/../lib/gcc/arm-none-eabi/5.4.1/../../../../arm-none-eabi/lib/armv6-m/libnosys.a(_exit.o)
 .ARM.attributes
                0x00000141       0x31 _build/system_nrf51.o
 .ARM.attributes
                0x00000172       0x31 _build/nrf_delay.o
 .ARM.attributes
                0x000001a3       0x31 _build/in4073.o
 .ARM.attributes
                0x000001d4       0x31 _build/control.o
 .ARM.attributes
                0x00000205       0x31 _build/sensors.o
 .ARM.attributes
                0x00000236       0x31 _build/filters.o
 .ARM.attributes
                0x00000267       0x31 _build/fixedp.o
 .ARM.attributes
                0x00000298       0x31 _build/crc.o
 .ARM.attributes
                0x000002c9       0x31 _build/packet.o
 .ARM.attributes
                0x000002fa       0x31 _build/packet_uav.o
 .ARM.attributes
                0x0000032b       0x31 _build/logging.o
 .ARM.attributes
                0x0000035c       0x31 _build/gpio.o
 .ARM.attributes
                0x0000038d       0x31 _build/timers.o
 .ARM.attributes
                0x000003be       0x31 _build/uart.o
 .ARM.attributes
                0x000003ef       0x31 _build/queue.o
 .ARM.attributes
                0x00000420       0x31 _build/twi.o
 .ARM.attributes
                0x00000451       0x31 _build/adc.o
 .ARM.attributes
                0x00000482       0x31 _build/baro.o
 .ARM.attributes
                0x000004b3       0x31 _build/ble.o
 .ARM.attributes
                0x000004e4       0x31 _build/spi_flash.o
 .ARM.attributes
                0x00000515       0x31 _build/inv_mpu.o
 .ARM.attributes
                0x00000546       0x31 _build/inv_mpu_dmp_motion_driver.o
 .ARM.attributes
                0x00000577       0x31 _build/ml.o
 .ARM.attributes
                0x000005a8       0x31 _build/mpu_wrapper.o
 .ARM.attributes
                0x000005d9       0x31 _build/app_error.o
 .ARM.attributes
                0x0000060a       0x31 _build/app_timer.o
 .ARM.attributes
                0x0000063b       0x31 _build/pstorage.o
 .ARM.attributes
                0x0000066c       0x31 _build/ble_advdata.o
 .ARM.attributes
                0x0000069d       0x31 _build/ble_advertising.o
 .ARM.attributes
                0x000006ce       0x31 _build/ble_conn_params.o
 .ARM.attributes
                0x000006ff       0x31 _build/ble_nus.o
 .ARM.attributes
                0x00000730       0x31 _build/softdevice_handler.o
 .ARM.attributes
                0x00000761       0x1b _build/gcc_startup_nrf51.o
 .ARM.attributes
                0x0000077c       0x2c /home/johann/Documents/EmbeddedSystems/Quadcopter/gcc-arm-none-eabi/bin/../lib/gcc/arm-none-eabi/5.4.1/../../../../arm-none-eabi/lib/armv6-m/libm.a(lib_a-s_fabs.o)
 .ARM.attributes
                0x000007a8       0x2c /home/johann/Documents/EmbeddedSystems/Quadcopter/gcc-arm-none-eabi/bin/../lib/gcc/arm-none-eabi/5.4.1/../../../../arm-none-eabi/lib/armv6-m/libm.a(lib_a-w_asin.o)
 .ARM.attributes
                0x000007d4       0x2c /home/johann/Documents/EmbeddedSystems/Quadcopter/gcc-arm-none-eabi/bin/../lib/gcc/arm-none-eabi/5.4.1/../../../../arm-none-eabi/lib/armv6-m/libm.a(lib_a-w_atan2.o)
 .ARM.attributes
                0x00000800       0x2c /home/johann/Documents/EmbeddedSystems/Quadcopter/gcc-arm-none-eabi/bin/../lib/gcc/arm-none-eabi/5.4.1/../../../../arm-none-eabi/lib/armv6-m/libm.a(lib_a-e_asin.o)
 .ARM.attributes
                0x0000082c       0x2c /home/johann/Documents/EmbeddedSystems/Quadcopter/gcc-arm-none-eabi/bin/../lib/gcc/arm-none-eabi/5.4.1/../../../../arm-none-eabi/lib/armv6-m/libm.a(lib_a-e_atan2.o)
 .ARM.attributes
                0x00000858       0x2c /home/johann/Documents/EmbeddedSystems/Quadcopter/gcc-arm-none-eabi/bin/../lib/gcc/arm-none-eabi/5.4.1/../../../../arm-none-eabi/lib/armv6-m/libm.a(lib_a-e_sqrt.o)
 .ARM.attributes
                0x00000884       0x2c /home/johann/Documents/EmbeddedSystems/Quadcopter/gcc-arm-none-eabi/bin/../lib/gcc/arm-none-eabi/5.4.1/../../../../arm-none-eabi/lib/armv6-m/libm.a(lib_a-s_atan.o)
 .ARM.attributes
                0x000008b0       0x2c /home/johann/Documents/EmbeddedSystems/Quadcopter/gcc-arm-none-eabi/bin/../lib/gcc/arm-none-eabi/5.4.1/../../../../arm-none-eabi/lib/armv6-m/libm.a(lib_a-s_lib_ver.o)
 .ARM.attributes
                0x000008dc       0x2c /home/johann/Documents/EmbeddedSystems/Quadcopter/gcc-arm-none-eabi/bin/../lib/gcc/arm-none-eabi/5.4.1/../../../../arm-none-eabi/lib/armv6-m/libm.a(lib_a-s_matherr.o)
 .ARM.attributes
                0x00000908       0x2c /home/johann/Documents/EmbeddedSystems/Quadcopter/gcc-arm-none-eabi/bin/../lib/gcc/arm-none-eabi/5.4.1/../../../../arm-none-eabi/lib/armv6-m/libm.a(lib_a-s_nan.o)
 .ARM.attributes
                0x00000934       0x1e /home/johann/Documents/EmbeddedSystems/Quadcopter/gcc-arm-none-eabi/bin/../lib/gcc/arm-none-eabi/5.4.1/armv6-m/libgcc.a(_udivsi3.o)
 .ARM.attributes
                0x00000952       0x1e /home/johann/Documents/EmbeddedSystems/Quadcopter/gcc-arm-none-eabi/bin/../lib/gcc/arm-none-eabi/5.4.1/armv6-m/libgcc.a(_divsi3.o)
 .ARM.attributes
                0x00000970       0x1e /home/johann/Documents/EmbeddedSystems/Quadcopter/gcc-arm-none-eabi/bin/../lib/gcc/arm-none-eabi/5.4.1/armv6-m/libgcc.a(_dvmd_tls.o)
 .ARM.attributes
                0x0000098e       0x1e /home/johann/Documents/EmbeddedSystems/Quadcopter/gcc-arm-none-eabi/bin/../lib/gcc/arm-none-eabi/5.4.1/armv6-m/libgcc.a(_arm_cmpdf2.o)
 .ARM.attributes
                0x000009ac       0x1e /home/johann/Documents/EmbeddedSystems/Quadcopter/gcc-arm-none-eabi/bin/../lib/gcc/arm-none-eabi/5.4.1/armv6-m/libgcc.a(_arm_cmpsf2.o)
 .ARM.attributes
                0x000009ca       0x2c /home/johann/Documents/EmbeddedSystems/Quadcopter/gcc-arm-none-eabi/bin/../lib/gcc/arm-none-eabi/5.4.1/armv6-m/libgcc.a(_muldi3.o)
 .ARM.attributes
                0x000009f6       0x2c /home/johann/Documents/EmbeddedSystems/Quadcopter/gcc-arm-none-eabi/bin/../lib/gcc/arm-none-eabi/5.4.1/armv6-m/libgcc.a(_fixunssfsi.o)
 .ARM.attributes
                0x00000a22       0x2c /home/johann/Documents/EmbeddedSystems/Quadcopter/gcc-arm-none-eabi/bin/../lib/gcc/arm-none-eabi/5.4.1/armv6-m/libgcc.a(addsf3.o)
 .ARM.attributes
                0x00000a4e       0x2c /home/johann/Documents/EmbeddedSystems/Quadcopter/gcc-arm-none-eabi/bin/../lib/gcc/arm-none-eabi/5.4.1/armv6-m/libgcc.a(divsf3.o)
 .ARM.attributes
                0x00000a7a       0x2c /home/johann/Documents/EmbeddedSystems/Quadcopter/gcc-arm-none-eabi/bin/../lib/gcc/arm-none-eabi/5.4.1/armv6-m/libgcc.a(eqsf2.o)
 .ARM.attributes
                0x00000aa6       0x2c /home/johann/Documents/EmbeddedSystems/Quadcopter/gcc-arm-none-eabi/bin/../lib/gcc/arm-none-eabi/5.4.1/armv6-m/libgcc.a(gesf2.o)
 .ARM.attributes
                0x00000ad2       0x2c /home/johann/Documents/EmbeddedSystems/Quadcopter/gcc-arm-none-eabi/bin/../lib/gcc/arm-none-eabi/5.4.1/armv6-m/libgcc.a(lesf2.o)
 .ARM.attributes
                0x00000afe       0x2c /home/johann/Documents/EmbeddedSystems/Quadcopter/gcc-arm-none-eabi/bin/../lib/gcc/arm-none-eabi/5.4.1/armv6-m/libgcc.a(mulsf3.o)
 .ARM.attributes
                0x00000b2a       0x2c /home/johann/Documents/EmbeddedSystems/Quadcopter/gcc-arm-none-eabi/bin/../lib/gcc/arm-none-eabi/5.4.1/armv6-m/libgcc.a(subsf3.o)
 .ARM.attributes
                0x00000b56       0x2c /home/johann/Documents/EmbeddedSystems/Quadcopter/gcc-arm-none-eabi/bin/../lib/gcc/arm-none-eabi/5.4.1/armv6-m/libgcc.a(fixsfsi.o)
 .ARM.attributes
                0x00000b82       0x2c /home/johann/Documents/EmbeddedSystems/Quadcopter/gcc-arm-none-eabi/bin/../lib/gcc/arm-none-eabi/5.4.1/armv6-m/libgcc.a(floatsisf.o)
 .ARM.attributes
                0x00000bae       0x2c /home/johann/Documents/EmbeddedSystems/Quadcopter/gcc-arm-none-eabi/bin/../lib/gcc/arm-none-eabi/5.4.1/armv6-m/libgcc.a(floatunsisf.o)
 .ARM.attributes
                0x00000bda       0x2c /home/johann/Documents/EmbeddedSystems/Quadcopter/gcc-arm-none-eabi/bin/../lib/gcc/arm-none-eabi/5.4.1/armv6-m/libgcc.a(adddf3.o)
 .ARM.attributes
                0x00000c06       0x2c /home/johann/Documents/EmbeddedSystems/Quadcopter/gcc-arm-none-eabi/bin/../lib/gcc/arm-none-eabi/5.4.1/armv6-m/libgcc.a(divdf3.o)
 .ARM.attributes
                0x00000c32       0x2c /home/johann/Documents/EmbeddedSystems/Quadcopter/gcc-arm-none-eabi/bin/../lib/gcc/arm-none-eabi/5.4.1/armv6-m/libgcc.a(eqdf2.o)
 .ARM.attributes
                0x00000c5e       0x2c /home/johann/Documents/EmbeddedSystems/Quadcopter/gcc-arm-none-eabi/bin/../lib/gcc/arm-none-eabi/5.4.1/armv6-m/libgcc.a(gedf2.o)
 .ARM.attributes
                0x00000c8a       0x2c /home/johann/Documents/EmbeddedSystems/Quadcopter/gcc-arm-none-eabi/bin/../lib/gcc/arm-none-eabi/5.4.1/armv6-m/libgcc.a(ledf2.o)
 .ARM.attributes
                0x00000cb6       0x2c /home/johann/Documents/EmbeddedSystems/Quadcopter/gcc-arm-none-eabi/bin/../lib/gcc/arm-none-eabi/5.4.1/armv6-m/libgcc.a(muldf3.o)
 .ARM.attributes
                0x00000ce2       0x2c /home/johann/Documents/EmbeddedSystems/Quadcopter/gcc-arm-none-eabi/bin/../lib/gcc/arm-none-eabi/5.4.1/armv6-m/libgcc.a(subdf3.o)
 .ARM.attributes
                0x00000d0e       0x2c /home/johann/Documents/EmbeddedSystems/Quadcopter/gcc-arm-none-eabi/bin/../lib/gcc/arm-none-eabi/5.4.1/armv6-m/libgcc.a(unorddf2.o)
 .ARM.attributes
                0x00000d3a       0x2c /home/johann/Documents/EmbeddedSystems/Quadcopter/gcc-arm-none-eabi/bin/../lib/gcc/arm-none-eabi/5.4.1/armv6-m/libgcc.a(fixdfsi.o)
 .ARM.attributes
                0x00000d66       0x2c /home/johann/Documents/EmbeddedSystems/Quadcopter/gcc-arm-none-eabi/bin/../lib/gcc/arm-none-eabi/5.4.1/armv6-m/libgcc.a(extendsfdf2.o)
 .ARM.attributes
                0x00000d92       0x1e /home/johann/Documents/EmbeddedSystems/Quadcopter/gcc-arm-none-eabi/bin/../lib/gcc/arm-none-eabi/5.4.1/armv6-m/libgcc.a(_clzsi2.o)
 .ARM.attributes
                0x00000db0       0x2c /home/johann/Documents/EmbeddedSystems/Quadcopter/gcc-arm-none-eabi/bin/../lib/gcc/arm-none-eabi/5.4.1/../../../../arm-none-eabi/lib/armv6-m/libc_nano.a(lib_a-errno.o)
 .ARM.attributes
                0x00000ddc       0x2c /home/johann/Documents/EmbeddedSystems/Quadcopter/gcc-arm-none-eabi/bin/../lib/gcc/arm-none-eabi/5.4.1/../../../../arm-none-eabi/lib/armv6-m/libc_nano.a(lib_a-malloc.o)
 .ARM.attributes
                0x00000e08       0x2c /home/johann/Documents/EmbeddedSystems/Quadcopter/gcc-arm-none-eabi/bin/../lib/gcc/arm-none-eabi/5.4.1/../../../../arm-none-eabi/lib/armv6-m/libc_nano.a(lib_a-memcmp.o)
 .ARM.attributes
                0x00000e34       0x2c /home/johann/Documents/EmbeddedSystems/Quadcopter/gcc-arm-none-eabi/bin/../lib/gcc/arm-none-eabi/5.4.1/../../../../arm-none-eabi/lib/armv6-m/libc_nano.a(lib_a-memcpy-stub.o)
 .ARM.attributes
                0x00000e60       0x2c /home/johann/Documents/EmbeddedSystems/Quadcopter/gcc-arm-none-eabi/bin/../lib/gcc/arm-none-eabi/5.4.1/../../../../arm-none-eabi/lib/armv6-m/libc_nano.a(lib_a-nano-freer.o)
 .ARM.attributes
                0x00000e8c       0x2c /home/johann/Documents/EmbeddedSystems/Quadcopter/gcc-arm-none-eabi/bin/../lib/gcc/arm-none-eabi/5.4.1/../../../../arm-none-eabi/lib/armv6-m/libc_nano.a(lib_a-nano-mallocr.o)
 .ARM.attributes
                0x00000eb8       0x2c /home/johann/Documents/EmbeddedSystems/Quadcopter/gcc-arm-none-eabi/bin/../lib/gcc/arm-none-eabi/5.4.1/../../../../arm-none-eabi/lib/armv6-m/libc_nano.a(lib_a-printf.o)
 .ARM.attributes
                0x00000ee4       0x2c /home/johann/Documents/EmbeddedSystems/Quadcopter/gcc-arm-none-eabi/bin/../lib/gcc/arm-none-eabi/5.4.1/../../../../arm-none-eabi/lib/armv6-m/libc_nano.a(lib_a-sbrkr.o)
 .ARM.attributes
                0x00000f10       0x2c /home/johann/Documents/EmbeddedSystems/Quadcopter/gcc-arm-none-eabi/bin/../lib/gcc/arm-none-eabi/5.4.1/../../../../arm-none-eabi/lib/armv6-m/libc_nano.a(lib_a-sprintf.o)
 .ARM.attributes
                0x00000f3c       0x1c /home/johann/Documents/EmbeddedSystems/Quadcopter/gcc-arm-none-eabi/bin/../lib/gcc/arm-none-eabi/5.4.1/../../../../arm-none-eabi/lib/armv6-m/libc_nano.a(lib_a-strlen.o)
 .ARM.attributes
                0x00000f58       0x2c /home/johann/Documents/EmbeddedSystems/Quadcopter/gcc-arm-none-eabi/bin/../lib/gcc/arm-none-eabi/5.4.1/../../../../arm-none-eabi/lib/armv6-m/libc_nano.a(lib_a-findfp.o)
 .ARM.attributes
                0x00000f84       0x2c /home/johann/Documents/EmbeddedSystems/Quadcopter/gcc-arm-none-eabi/bin/../lib/gcc/arm-none-eabi/5.4.1/../../../../arm-none-eabi/lib/armv6-m/libc_nano.a(lib_a-fwalk.o)
 .ARM.attributes
                0x00000fb0       0x2c /home/johann/Documents/EmbeddedSystems/Quadcopter/gcc-arm-none-eabi/bin/../lib/gcc/arm-none-eabi/5.4.1/../../../../arm-none-eabi/lib/armv6-m/libc_nano.a(lib_a-mlock.o)
 .ARM.attributes
                0x00000fdc       0x2c /home/johann/Documents/EmbeddedSystems/Quadcopter/gcc-arm-none-eabi/bin/../lib/gcc/arm-none-eabi/5.4.1/../../../../arm-none-eabi/lib/armv6-m/libc_nano.a(lib_a-nano-svfprintf.o)
 .ARM.attributes
                0x00001008       0x2c /home/johann/Documents/EmbeddedSystems/Quadcopter/gcc-arm-none-eabi/bin/../lib/gcc/arm-none-eabi/5.4.1/../../../../arm-none-eabi/lib/armv6-m/libc_nano.a(lib_a-nano-vfprintf.o)
 .ARM.attributes
                0x00001034       0x2c /home/johann/Documents/EmbeddedSystems/Quadcopter/gcc-arm-none-eabi/bin/../lib/gcc/arm-none-eabi/5.4.1/../../../../arm-none-eabi/lib/armv6-m/libc_nano.a(lib_a-nano-vfprintf_i.o)
 .ARM.attributes
                0x00001060       0x2c /home/johann/Documents/EmbeddedSystems/Quadcopter/gcc-arm-none-eabi/bin/../lib/gcc/arm-none-eabi/5.4.1/../../../../arm-none-eabi/lib/armv6-m/libc_nano.a(lib_a-reent.o)
 .ARM.attributes
                0x0000108c       0x2c /home/johann/Documents/EmbeddedSystems/Quadcopter/gcc-arm-none-eabi/bin/../lib/gcc/arm-none-eabi/5.4.1/../../../../arm-none-eabi/lib/armv6-m/libc_nano.a(lib_a-stdio.o)
 .ARM.attributes
                0x000010b8       0x2c /home/johann/Documents/EmbeddedSystems/Quadcopter/gcc-arm-none-eabi/bin/../lib/gcc/arm-none-eabi/5.4.1/../../../../arm-none-eabi/lib/armv6-m/libc_nano.a(lib_a-wbuf.o)
 .ARM.attributes
                0x000010e4       0x2c /home/johann/Documents/EmbeddedSystems/Quadcopter/gcc-arm-none-eabi/bin/../lib/gcc/arm-none-eabi/5.4.1/../../../../arm-none-eabi/lib/armv6-m/libc_nano.a(lib_a-writer.o)
 .ARM.attributes
                0x00001110       0x2c /home/johann/Documents/EmbeddedSystems/Quadcopter/gcc-arm-none-eabi/bin/../lib/gcc/arm-none-eabi/5.4.1/../../../../arm-none-eabi/lib/armv6-m/libc_nano.a(lib_a-wsetup.o)
 .ARM.attributes
                0x0000113c       0x2c /home/johann/Documents/EmbeddedSystems/Quadcopter/gcc-arm-none-eabi/bin/../lib/gcc/arm-none-eabi/5.4.1/../../../../arm-none-eabi/lib/armv6-m/libc_nano.a(lib_a-closer.o)
 .ARM.attributes
                0x00001168       0x2c /home/johann/Documents/EmbeddedSystems/Quadcopter/gcc-arm-none-eabi/bin/../lib/gcc/arm-none-eabi/5.4.1/../../../../arm-none-eabi/lib/armv6-m/libc_nano.a(lib_a-fflush.o)
 .ARM.attributes
                0x00001194       0x2c /home/johann/Documents/EmbeddedSystems/Quadcopter/gcc-arm-none-eabi/bin/../lib/gcc/arm-none-eabi/5.4.1/../../../../arm-none-eabi/lib/armv6-m/libc_nano.a(lib_a-lseekr.o)
 .ARM.attributes
                0x000011c0       0x2c /home/johann/Documents/EmbeddedSystems/Quadcopter/gcc-arm-none-eabi/bin/../lib/gcc/arm-none-eabi/5.4.1/../../../../arm-none-eabi/lib/armv6-m/libc_nano.a(lib_a-makebuf.o)
 .ARM.attributes
                0x000011ec       0x2c /home/johann/Documents/EmbeddedSystems/Quadcopter/gcc-arm-none-eabi/bin/../lib/gcc/arm-none-eabi/5.4.1/../../../../arm-none-eabi/lib/armv6-m/libc_nano.a(lib_a-memchr-stub.o)
 .ARM.attributes
                0x00001218       0x2c /home/johann/Documents/EmbeddedSystems/Quadcopter/gcc-arm-none-eabi/bin/../lib/gcc/arm-none-eabi/5.4.1/../../../../arm-none-eabi/lib/armv6-m/libc_nano.a(lib_a-memmove.o)
 .ARM.attributes
                0x00001244       0x2c /home/johann/Documents/EmbeddedSystems/Quadcopter/gcc-arm-none-eabi/bin/../lib/gcc/arm-none-eabi/5.4.1/../../../../arm-none-eabi/lib/armv6-m/libc_nano.a(lib_a-nano-reallocr.o)
 .ARM.attributes
                0x00001270       0x2c /home/johann/Documents/EmbeddedSystems/Quadcopter/gcc-arm-none-eabi/bin/../lib/gcc/arm-none-eabi/5.4.1/../../../../arm-none-eabi/lib/armv6-m/libc_nano.a(lib_a-readr.o)
 .ARM.attributes
                0x0000129c       0x2c /home/johann/Documents/EmbeddedSystems/Quadcopter/gcc-arm-none-eabi/bin/../lib/gcc/arm-none-eabi/5.4.1/../../../../arm-none-eabi/lib/armv6-m/libc_nano.a(lib_a-fstatr.o)
 .ARM.attributes
                0x000012c8       0x2c /home/johann/Documents/EmbeddedSystems/Quadcopter/gcc-arm-none-eabi/bin/../lib/gcc/arm-none-eabi/5.4.1/../../../../arm-none-eabi/lib/armv6-m/libc_nano.a(lib_a-isattyr.o)
 .ARM.attributes