Archive member included to satisfy reference by file (symbol)

/home/constantinos/RTES/init_software/gcc-arm-none-eabi/bin/../lib/gcc/arm-none-eabi/5.4.1/../../../../arm-none-eabi/lib/armv6-m/libc_nano.a(lib_a-exit.o)
                              /home/constantinos/RTES/init_software/gcc-arm-none-eabi/bin/../lib/gcc/arm-none-eabi/5.4.1/../../../../arm-none-eabi/lib/armv6-m/crt0.o (exit)
/home/constantinos/RTES/init_software/gcc-arm-none-eabi/bin/../lib/gcc/arm-none-eabi/5.4.1/../../../../arm-none-eabi/lib/armv6-m/libc_nano.a(lib_a-impure.o)
                              /home/constantinos/RTES/init_software/gcc-arm-none-eabi/bin/../lib/gcc/arm-none-eabi/5.4.1/../../../../arm-none-eabi/lib/armv6-m/libc_nano.a(lib_a-exit.o) (_global_impure_ptr)
/home/constantinos/RTES/init_software/gcc-arm-none-eabi/bin/../lib/gcc/arm-none-eabi/5.4.1/../../../../arm-none-eabi/lib/armv6-m/libc_nano.a(lib_a-init.o)
                              /home/constantinos/RTES/init_software/gcc-arm-none-eabi/bin/../lib/gcc/arm-none-eabi/5.4.1/../../../../arm-none-eabi/lib/armv6-m/crt0.o (__libc_init_array)
/home/constantinos/RTES/init_software/gcc-arm-none-eabi/bin/../lib/gcc/arm-none-eabi/5.4.1/../../../../arm-none-eabi/lib/armv6-m/libc_nano.a(lib_a-memset.o)
                              /home/constantinos/RTES/init_software/gcc-arm-none-eabi/bin/../lib/gcc/arm-none-eabi/5.4.1/../../../../arm-none-eabi/lib/armv6-m/crt0.o (memset)
/home/constantinos/RTES/init_software/gcc-arm-none-eabi/bin/../lib/gcc/arm-none-eabi/5.4.1/../../../../arm-none-eabi/lib/armv6-m/libnosys.a(_exit.o)
                              /home/constantinos/RTES/init_software/gcc-arm-none-eabi/bin/../lib/gcc/arm-none-eabi/5.4.1/../../../../arm-none-eabi/lib/armv6-m/libc_nano.a(lib_a-exit.o) (_exit)
/home/constantinos/RTES/init_software/gcc-arm-none-eabi/bin/../lib/gcc/arm-none-eabi/5.4.1/../../../../arm-none-eabi/lib/armv6-m/libm.a(lib_a-s_fabs.o)
                              _build/inv_mpu.o (fabs)
/home/constantinos/RTES/init_software/gcc-arm-none-eabi/bin/../lib/gcc/arm-none-eabi/5.4.1/../../../../arm-none-eabi/lib/armv6-m/libm.a(lib_a-w_asin.o)
                              _build/mpu_wrapper.o (asin)
/home/constantinos/RTES/init_software/gcc-arm-none-eabi/bin/../lib/gcc/arm-none-eabi/5.4.1/../../../../arm-none-eabi/lib/armv6-m/libm.a(lib_a-w_atan2.o)
                              _build/mpu_wrapper.o (atan2)
/home/constantinos/RTES/init_software/gcc-arm-none-eabi/bin/../lib/gcc/arm-none-eabi/5.4.1/../../../../arm-none-eabi/lib/armv6-m/libm.a(lib_a-e_asin.o)
                              /home/constantinos/RTES/init_software/gcc-arm-none-eabi/bin/../lib/gcc/arm-none-eabi/5.4.1/../../../../arm-none-eabi/lib/armv6-m/libm.a(lib_a-w_asin.o) (__ieee754_asin)
/home/constantinos/RTES/init_software/gcc-arm-none-eabi/bin/../lib/gcc/arm-none-eabi/5.4.1/../../../../arm-none-eabi/lib/armv6-m/libm.a(lib_a-e_atan2.o)
                              /home/constantinos/RTES/init_software/gcc-arm-none-eabi/bin/../lib/gcc/arm-none-eabi/5.4.1/../../../../arm-none-eabi/lib/armv6-m/libm.a(lib_a-w_atan2.o) (__ieee754_atan2)
/home/constantinos/RTES/init_software/gcc-arm-none-eabi/bin/../lib/gcc/arm-none-eabi/5.4.1/../../../../arm-none-eabi/lib/armv6-m/libm.a(lib_a-e_sqrt.o)
                              /home/constantinos/RTES/init_software/gcc-arm-none-eabi/bin/../lib/gcc/arm-none-eabi/5.4.1/../../../../arm-none-eabi/lib/armv6-m/libm.a(lib_a-e_asin.o) (__ieee754_sqrt)
/home/constantinos/RTES/init_software/gcc-arm-none-eabi/bin/../lib/gcc/arm-none-eabi/5.4.1/../../../../arm-none-eabi/lib/armv6-m/libm.a(lib_a-s_atan.o)
                              /home/constantinos/RTES/init_software/gcc-arm-none-eabi/bin/../lib/gcc/arm-none-eabi/5.4.1/../../../../arm-none-eabi/lib/armv6-m/libm.a(lib_a-e_atan2.o) (atan)
/home/constantinos/RTES/init_software/gcc-arm-none-eabi/bin/../lib/gcc/arm-none-eabi/5.4.1/../../../../arm-none-eabi/lib/armv6-m/libm.a(lib_a-s_lib_ver.o)
                              /home/constantinos/RTES/init_software/gcc-arm-none-eabi/bin/../lib/gcc/arm-none-eabi/5.4.1/../../../../arm-none-eabi/lib/armv6-m/libm.a(lib_a-w_asin.o) (__fdlib_version)
/home/constantinos/RTES/init_software/gcc-arm-none-eabi/bin/../lib/gcc/arm-none-eabi/5.4.1/../../../../arm-none-eabi/lib/armv6-m/libm.a(lib_a-s_matherr.o)
                              /home/constantinos/RTES/init_software/gcc-arm-none-eabi/bin/../lib/gcc/arm-none-eabi/5.4.1/../../../../arm-none-eabi/lib/armv6-m/libm.a(lib_a-w_asin.o) (matherr)
/home/constantinos/RTES/init_software/gcc-arm-none-eabi/bin/../lib/gcc/arm-none-eabi/5.4.1/../../../../arm-none-eabi/lib/armv6-m/libm.a(lib_a-s_nan.o)
                              /home/constantinos/RTES/init_software/gcc-arm-none-eabi/bin/../lib/gcc/arm-none-eabi/5.4.1/../../../../arm-none-eabi/lib/armv6-m/libm.a(lib_a-w_asin.o) (nan)
/home/constantinos/RTES/init_software/gcc-arm-none-eabi/bin/../lib/gcc/arm-none-eabi/5.4.1/armv6-m/libgcc.a(_udivsi3.o)
[...]
Memory Configuration

Name             Origin             Length             Attributes
FLASH            0x00018000         0x00028000         xr
RAM              0x20002000         0x00002000         xrw
*default*        0x00000000         0xffffffff

Linker script and memory map

LOAD /home/constantinos/RTES/init_software/gcc-arm-none-eabi/bin/../lib/gcc/arm-none-eabi/5.4.1/armv6-m/crti.o
LOAD /home/constantinos/RTES/init_software/gcc-arm-none-eabi/bin/../lib/gcc/arm-none-eabi/5.4.1/armv6-m/crtbegin.o
LOAD /home/constantinos/RTES/init_software/gcc-arm-none-eabi/bin/../lib/gcc/arm-none-eabi/5.4.1/../../../../arm-none-eabi/lib/armv6-m/crt0.o
LOAD /home/constantinos/RTES/init_software/gcc-arm-none-eabi/bin/../lib/gcc/arm-none-eabi/5.4.1/../../../../arm-none-eabi/lib/armv6-m/libc_nano.a
LOAD /home/constantinos/RTES/init_software/gcc-arm-none-eabi/bin/../lib/gcc/arm-none-eabi/5.4.1/../../../../arm-none-eabi/lib/armv6-m/libnosys.a
LOAD /home/constantinos/RTES/init_software/gcc-arm-none-eabi/bin/../lib/gcc/arm-none-eabi/5.4.1/../../../../arm-none-eabi/lib/armv6-m/libm.a
LOAD _build/system_nrf51.o
LOAD _build/nrf_delay.o
LOAD _build/in4073.o
LOAD _build/control.o
LOAD _build/sensors.o
LOAD _build/crc.o
LOAD _build/packet.o
LOAD _build/packet_uav.o
LOAD _build/logging.o
LOAD _build/gpio.o
LOAD _build/timers.o
LOAD _build/uart.o
LOAD _build/queue.o
LOAD _build/twi.o
LOAD _build/adc.o
LOAD _build/baro.o
LOAD _build/ble.o
LOAD _build/spi_flash.o
LOAD _build/inv_mpu.o
LOAD _build/inv_mpu_dmp_motion_driver.o
LOAD _build/ml.o
LOAD _build/mpu_wrapper.o
LOAD _build/app_error.o
LOAD _build/app_timer.o
LOAD _build/nrf_assert.o
LOAD _build/nrf_drv_common.o
LOAD _build/pstorage.o
LOAD _build/ble_advdata.o
LOAD _build/ble_advertising.o
LOAD _build/ble_conn_params.o
LOAD _build/ble_nus.o
LOAD _build/ble_srv_common.o
LOAD _build/softdevice_handler.o
LOAD _build/gcc_startup_nrf51.o
LOAD /home/constantinos/RTES/init_software/gcc-arm-none-eabi/bin/../lib/gcc/arm-none-eabi/5.4.1/../../../../arm-none-eabi/lib/armv6-m/libm.a
START GROUP
LOAD /home/constantinos/RTES/init_software/gcc-arm-none-eabi/bin/../lib/gcc/arm-none-eabi/5.4.1/armv6-m/libgcc.a
LOAD /home/constantinos/RTES/init_software/gcc-arm-none-eabi/bin/../lib/gcc/arm-none-eabi/5.4.1/../../../../arm-none-eabi/lib/armv6-m/libc_nano.a
END GROUP
START GROUP
LOAD /home/constantinos/RTES/init_software/gcc-arm-none-eabi/bin/../lib/gcc/arm-none-eabi/5.4.1/armv6-m/libgcc.a
LOAD /home/constantinos/RTES/init_software/gcc-arm-none-eabi/bin/../lib/gcc/arm-none-eabi/5.4.1/../../../../arm-none-eabi/lib/armv6-m/libc_nano.a
END GROUP
LOAD /home/constantinos/RTES/init_software/gcc-arm-none-eabi/bin/../lib/gcc/arm-none-eabi/5.4.1/armv6-m/crtend.o
LOAD /home/constantinos/RTES/init_software/gcc-arm-none-eabi/bin/../lib/gcc/arm-none-eabi/5.4.1/armv6-m/crtn.o
START GROUP
LOAD /home/constantinos/RTES/init_software/gcc-arm-none-eabi/bin/../lib/gcc/arm-none-eabi/5.4.1/armv6-m/libgcc.a
LOAD /home/constantinos/RTES/init_software/gcc-arm-none-eabi/bin/../lib/gcc/arm-none-eabi/5.4.1/../../../../arm-none-eabi/lib/armv6-m/libc.a
LOAD /home/constantinos/RTES/init_software/gcc-arm-none-eabi/bin/../lib/gcc/arm-none-eabi/5.4.1/../../../../arm-none-eabi/lib/armv6-m/libnosys.a
END GROUP

.fs_data_out    0x00000000        0x0
                [!provide]                PROVIDE (__start_fs_data, .)
 *(fs_data)
                [!provide]                PROVIDE (__stop_fs_data, .)

.text           0x00018000     0xbbe0
 *(.Vectors)
 .Vectors       0x00018000       0xc0 _build/gcc_startup_nrf51.o
                0x00018000                __Vectors
 *(.text*)
 .text          0x000180c0       0x60 /home/constantinos/RTES/init_software/gcc-arm-none-eabi/bin/../lib/gcc/arm-none-eabi/5.4.1/armv6-m/crtbegin.o
 .text          0x00018120       0x78 /home/constantinos/RTES/init_software/gcc-arm-none-eabi/bin/../lib/gcc/arm-none-eabi/5.4.1/../../../../arm-none-eabi/lib/armv6-m/crt0.o
                0x00018120                _mainCRTStartup
                0x00018120                _start
 .text.exit     0x00018198       0x2c /home/constantinos/RTES/init_software/gcc-arm-none-eabi/bin/../lib/gcc/arm-none-eabi/5.4.1/../../../../arm-none-eabi/lib/armv6-m/libc_nano.a(lib_a-exit.o)
                0x00018198                exit
 .text.__libc_init_array
                0x000181c4       0x4c /home/constantinos/RTES/init_software/gcc-arm-none-eabi/bin/../lib/gcc/arm-none-eabi/5.4.1/../../../../arm-none-eabi/lib/armv6-m/libc_nano.a(lib_a-init.o)
                0x000181c4                __libc_init_array
 .text.memset   0x00018210       0x10 /home/constantinos/RTES/init_software/gcc-arm-none-eabi/bin/../lib/gcc/arm-none-eabi/5.4.1/../../../../arm-none-eabi/lib/armv6-m/libc_nano.a(lib_a-memset.o)
                0x00018210                memset
 .text._exit    0x00018220        0x4 /home/constantinos/RTES/init_software/gcc-arm-none-eabi/bin/../lib/gcc/arm-none-eabi/5.4.1/../../../../arm-none-eabi/lib/armv6-m/libnosys.a(_exit.o)
                0x00018220                _exit
 .text.SystemInit
                0x00018224       0x94 _build/system_nrf51.o
                0x00018224                SystemInit
 .text.nrf_delay_ms
                0x000182b8       0x3c _build/nrf_delay.o
                0x000182b8                nrf_delay_ms
 .text.process_mode
                0x000182f4      0x19c _build/in4073.o
                0x000182f4                process_mode
 .text.startup.main
                0x00018490      0x304 _build/in4073.o
                0x00018490                main
 .text.run_filters_and_control
                0x00018794        0x4 _build/control.o
                0x00018794                run_filters_and_control
 .text.isCalibrated
                0x00018798        0xc _build/sensors.o
                0x00018798                isCalibrated
 .text.get_sensor
                0x000187a4       0xdc _build/sensors.o
                0x000187a4                get_sensor
 .text.insert_data
                0x00018880      0x13c _build/sensors.o
                0x00018880                insert_data
 .text.calibrate_sensors
                0x000189bc      0x53c _build/sensors.o
                0x000189bc                calibrate_sensors
 .text.crc_core
                0x00018ef8       0x24 _build/crc.o
                0x00018ef8                crc_core
 .text.generate_core
                0x00018f1c       0x18 _build/packet.o
                0x00018f1c                generate_core
 .text.decode   0x00018f34       0xe4 _build/packet_uav.o
                0x00018f34                decode
 .text.write_log_entry
                0x00019018      0x10c _build/logging.o
                0x00019018                write_log_entry
 .text.print_last_log
                0x00019124       0xdc _build/logging.o
                0x00019124                print_last_log
 .text.gpio_init
                0x00019200       0x8c _build/gpio.o
                0x00019200                gpio_init
 .text.quadrupel_timer_handler
                0x0001928c        0xc _build/timers.o
                0x0001928c                quadrupel_timer_handler
 .text.TIMER2_IRQHandler
                0x00019298       0xb8 _build/timers.o
                0x00019298                TIMER2_IRQHandler
 .text.TIMER1_IRQHandler
                0x00019350       0xac _build/timers.o
                0x00019350                TIMER1_IRQHandler
 .text.get_time_us
                0x000193fc       0x20 _build/timers.o
                0x000193fc                get_time_us
 .text.check_timer_flag
                0x0001941c        0xc _build/timers.o
                0x0001941c                check_timer_flag
 .text.clear_timer_flag
                0x00019428        0xc _build/timers.o
                0x00019428                clear_timer_flag
 .text.timers_init
                0x00019434      0x1d4 _build/timers.o
                0x00019434                timers_init
 .text._write   0x00019608       0x84 _build/uart.o
                0x00019608                _write
 .text.UART0_IRQHandler
                0x0001968c       0x84 _build/uart.o
                0x0001968c                UART0_IRQHandler
 .text.uart_init
                0x00019710       0xa0 _build/uart.o
                0x00019710                uart_init
 .text.init_queue
                0x000197b0       0x14 _build/queue.o
                0x000197b0                init_queue
 .text.enqueue  0x000197c4       0x1c _build/queue.o
                0x000197c4                enqueue
 .text.dequeue  0x000197e0       0x20 _build/queue.o
                0x000197e0                dequeue
 .text.i2c_read
                0x00019800       0xc0 _build/twi.o
                0x00019800                i2c_read
 .text.i2c_write
                0x000198c0       0x70 _build/twi.o
                0x000198c0                i2c_write
 .text.SPI0_TWI0_IRQHandler
                0x00019930       0x70 _build/twi.o
                0x00019930                SPI0_TWI0_IRQHandler
 .text.twi_init
                0x000199a0       0x84 _build/twi.o
                0x000199a0                twi_init
 .text.ADC_IRQHandler
                0x00019a24       0x24 _build/adc.o
                0x00019a24                ADC_IRQHandler
 .text.adc_init
                0x00019a48       0x3c _build/adc.o
                0x00019a48                adc_init
 .text.read_baro
                0x00019a84      0x1b4 _build/baro.o
                0x00019a84                read_baro
 .text.baro_init
                0x00019c38       0x34 _build/baro.o
                0x00019c38                baro_init
 .text.sd_ble_gap_disconnect
                0x00019c6c        0x4 _build/ble.o
 .text.sd_ble_gap_ppcp_set
                0x00019c70        0x4 _build/ble.o
 .text.sd_ble_gap_device_name_set
                0x00019c74        0x4 _build/ble.o
 .text.sd_ble_gap_sec_params_reply
                0x00019c78        0x4 _build/ble.o
 .text.sd_ble_gatts_sys_attr_set
                0x00019c7c        0x4 _build/ble.o
 .text.sd_ble_enable
                0x00019c80        0x4 _build/ble.o
 .text.sd_nvic_EnableIRQ
                0x00019c84        0x4 _build/ble.o
 .text.sd_nvic_ClearPendingIRQ
                0x00019c88        0x4 _build/ble.o
 .text.sd_nvic_SetPriority
                0x00019c8c        0x4 _build/ble.o
 .text.sd_radio_notification_cfg_set
                0x00019c90        0x4 _build/ble.o
 .text.conn_params_error_handler
                0x00019c94       0x1c _build/ble.o
 .text.nus_data_handler
                0x00019cb0       0x20 _build/ble.o
 .text.ble_evt_dispatch
                0x00019cd0       0x94 _build/ble.o
 .text.on_conn_params_evt
                0x00019d64       0x38 _build/ble.o
 .text.SWI1_IRQHandler
                0x00019d9c       0x10 _build/ble.o
                0x00019d9c                SWI1_IRQHandler
 .text.ble_init
                0x00019dac      0x204 _build/ble.o
                0x00019dac                ble_init
 .text.flash_write_bytes
                0x00019fb0      0x248 _build/spi_flash.o
                0x00019fb0                flash_write_bytes
 .text.flash_read_bytes
                0x0001a1f8       0xf0 _build/spi_flash.o
                0x0001a1f8                flash_read_bytes
 .text.spi_flash_init
                0x0001a2e8      0x230 _build/spi_flash.o
                0x0001a2e8                spi_flash_init
 .text.mpu_reset_fifo
                0x0001a518      0x15c _build/inv_mpu.o
                0x0001a518                mpu_reset_fifo
 .text.mpu_lp_accel_mode
                0x0001a674      0x1b8 _build/inv_mpu.o
                0x0001a674                mpu_lp_accel_mode
 .text.mpu_get_accel_fsr
                0x0001a82c       0x4c _build/inv_mpu.o
                0x0001a82c                mpu_get_accel_fsr
 .text.mpu_set_lpf
                0x0001a878       0x78 _build/inv_mpu.o
                0x0001a878                mpu_set_lpf
 .text.mpu_set_sample_rate
                0x0001a8f0      0x168 _build/inv_mpu.o
                0x0001a8f0                mpu_set_sample_rate
 .text.mpu_configure_fifo
                0x0001aa58       0xd0 _build/inv_mpu.o
                0x0001aa58                mpu_configure_fifo
 .text.mpu_set_sensors
                0x0001ab28      0x140 _build/inv_mpu.o
                0x0001ab28                mpu_set_sensors
 .text.mpu_init
                0x0001ac68      0x1f4 _build/inv_mpu.o
                0x0001ac68                mpu_init
 .text.mpu_read_fifo_stream
                0x0001ae5c       0xb0 _build/inv_mpu.o
                0x0001ae5c                mpu_read_fifo_stream
 .text.mpu_set_int_level
                0x0001af0c       0x10 _build/inv_mpu.o
                0x0001af0c                mpu_set_int_level
 .text.mpu_set_int_latched
                0x0001af1c       0x68 _build/inv_mpu.o
                0x0001af1c                mpu_set_int_latched
 .text.mpu_write_mem
                0x0001af84       0x58 _build/inv_mpu.o
                0x0001af84                mpu_write_mem
 .text.mpu_load_firmware
                0x0001afdc      0x15c _build/inv_mpu.o
                0x0001afdc                mpu_load_firmware
 .text.mpu_set_dmp_state
                0x0001b138      0x174 _build/inv_mpu.o
                0x0001b138                mpu_set_dmp_state
 .text.dmp_load_motion_driver_firmware
                0x0001b2ac       0x1c _build/inv_mpu_dmp_motion_driver.o
                0x0001b2ac                dmp_load_motion_driver_firmware
 .text.dmp_set_orientation
                0x0001b2c8      0x118 _build/inv_mpu_dmp_motion_driver.o
                0x0001b2c8                dmp_set_orientation
 .text.dmp_set_fifo_rate
                0x0001b3e0       0x64 _build/inv_mpu_dmp_motion_driver.o
                0x0001b3e0                dmp_set_fifo_rate
 .text.dmp_set_tap_thresh
                0x0001b444      0x164 _build/inv_mpu_dmp_motion_driver.o
                0x0001b444                dmp_set_tap_thresh
 .text.dmp_enable_feature
                0x0001b5a8      0x28c _build/inv_mpu_dmp_motion_driver.o
                0x0001b5a8                dmp_enable_feature
 .text.dmp_read_fifo
                0x0001b834      0x20c _build/inv_mpu_dmp_motion_driver.o
                0x0001b834                dmp_read_fifo
 .text.inv_orientation_matrix_to_scalar
                0x0001ba40      0x11c _build/ml.o
                0x0001ba40                inv_orientation_matrix_to_scalar
 .text.get_dmp_data
                0x0001bb5c      0x218 _build/mpu_wrapper.o
                0x0001bb5c                get_dmp_data
 .text.check_sensor_int_flag
                0x0001bd74       0x20 _build/mpu_wrapper.o
                0x0001bd74                check_sensor_int_flag
 .text.imu_init
                0x0001bd94      0x10c _build/mpu_wrapper.o
                0x0001bd94                imu_init
 .text.app_error_handler
                0x0001bea0       0x40 _build/app_error.o
                0x0001bea0                app_error_handler
 .text.rtc1_stop
                0x0001bee0       0x78 _build/app_timer.o
 .text.RTC1_IRQHandler
                0x0001bf58       0xe0 _build/app_timer.o
                0x0001bf58                RTC1_IRQHandler
 .text.SWI0_IRQHandler
                0x0001c038      0x4cc _build/app_timer.o
                0x0001c038                SWI0_IRQHandler
 .text.app_timer_init
                0x0001c504       0xe4 _build/app_timer.o
                0x0001c504                app_timer_init
 .text.app_timer_create
                0x0001c5e8       0x34 _build/app_timer.o
                0x0001c5e8                app_timer_create
 .text.app_timer_start
                0x0001c61c       0xec _build/app_timer.o
                0x0001c61c                app_timer_start
 .text.app_timer_stop
                0x0001c708       0xc4 _build/app_timer.o
                0x0001c708                app_timer_stop
 .text.pstorage_access_status_get
                0x0001c7cc       0x28 _build/pstorage.o
                0x0001c7cc                pstorage_access_status_get
 .text.sd_ble_gap_address_get
                0x0001c7f4        0x4 _build/ble_advdata.o
 .text.sd_ble_gap_adv_data_set
                0x0001c7f8        0x4 _build/ble_advdata.o
 .text.sd_ble_gap_appearance_get
                0x0001c7fc        0x4 _build/ble_advdata.o
 .text.sd_ble_gap_device_name_get
                0x0001c800        0x4 _build/ble_advdata.o
 .text.sd_ble_uuid_encode
                0x0001c804        0x4 _build/ble_advdata.o
 .text.uuid_list_sized_encode
                0x0001c808       0xf8 _build/ble_advdata.o
 .text.adv_data_encode
                0x0001c900      0x5b8 _build/ble_advdata.o
                0x0001c900                adv_data_encode
 .text.ble_advdata_set
                0x0001ceb8       0x68 _build/ble_advdata.o
                0x0001ceb8                ble_advdata_set
 .text.sd_ble_gap_adv_start
                0x0001cf20        0x4 _build/ble_advertising.o
 .text.ble_advertising_start.part.1
                0x0001cf24      0x2a8 _build/ble_advertising.o
 .text.ble_advertising_init
                0x0001d1cc      0x144 _build/ble_advertising.o
                0x0001d1cc                ble_advertising_init
 .text.ble_advertising_start
                0x0001d310       0x3c _build/ble_advertising.o
                0x0001d310                ble_advertising_start
 .text.ble_advertising_on_ble_evt
                0x0001d34c       0xec _build/ble_advertising.o
                0x0001d34c                ble_advertising_on_ble_evt
 .text.sd_ble_gap_conn_param_update
                0x0001d438        0x4 _build/ble_conn_params.o
 .text.sd_ble_gap_disconnect
                0x0001d43c        0x4 _build/ble_conn_params.o
 .text.sd_ble_gap_ppcp_set
                0x0001d440        0x4 _build/ble_conn_params.o
 .text.sd_ble_gap_ppcp_get
                0x0001d444        0x4 _build/ble_conn_params.o
 .text.update_timeout_handler
                0x0001d448       0x78 _build/ble_conn_params.o
 .text.conn_params_negotiation
                0x0001d4c0       0x88 _build/ble_conn_params.o
 .text.ble_conn_params_init
                0x0001d548       0x78 _build/ble_conn_params.o
                0x0001d548                ble_conn_params_init
 .text.ble_conn_params_on_ble_evt
                0x0001d5c0       0xac _build/ble_conn_params.o
                0x0001d5c0                ble_conn_params_on_ble_evt
 .text.sd_ble_gatts_service_add
                0x0001d66c        0x4 _build/ble_nus.o
 .text.sd_ble_gatts_characteristic_add
                0x0001d670        0x4 _build/ble_nus.o
 .text.sd_ble_uuid_vs_add
                0x0001d674        0x4 _build/ble_nus.o
 .text.ble_nus_on_ble_evt
                0x0001d678       0x60 _build/ble_nus.o
                0x0001d678                ble_nus_on_ble_evt
 .text.ble_nus_init
                0x0001d6d8      0x208 _build/ble_nus.o
                0x0001d6d8                ble_nus_init
 .text.sd_nvic_EnableIRQ
                0x0001d8e0        0x4 _build/softdevice_handler.o
 .text.sd_evt_get
                0x0001d8e4        0x4 _build/softdevice_handler.o
 .text.sd_softdevice_enable
                0x0001d8e8        0x4 _build/softdevice_handler.o
 .text.sd_ble_evt_get
                0x0001d8ec        0x4 _build/softdevice_handler.o
 .text.softdevice_assertion_handler
                0x0001d8f0        0xc _build/softdevice_handler.o
                0x0001d8f0                softdevice_assertion_handler
 .text.intern_softdevice_events_execute.part.0
                0x0001d8fc       0xec _build/softdevice_handler.o
 .text.softdevice_handler_init
                0x0001d9e8       0x4c _build/softdevice_handler.o
                0x0001d9e8                softdevice_handler_init
 .text.softdevice_ble_evt_handler_set
                0x0001da34       0x14 _build/softdevice_handler.o
                0x0001da34                softdevice_ble_evt_handler_set
 .text.SWI2_IRQHandler
                0x0001da48       0x34 _build/softdevice_handler.o
                0x0001da48                SWI2_IRQHandler
 .text          0x0001da7c       0x54 _build/gcc_startup_nrf51.o
                0x0001da7c                Reset_Handler
                0x0001dac4                NMI_Handler
                0x0001dac6                HardFault_Handler
                0x0001dac8                SVC_Handler
                0x0001daca                PendSV_Handler
                0x0001dacc                SysTick_Handler
                0x0001dace                RTC0_IRQHandler
                0x0001dace                GPIOTE_IRQHandler
                0x0001dace                POWER_CLOCK_IRQHandler
                0x0001dace                RADIO_IRQHandler
                0x0001dace                LPCOMP_IRQHandler
                0x0001dace                SWI4_IRQHandler
                0x0001dace                TEMP_IRQHandler
                0x0001dace                QDEC_IRQHandler
                0x0001dace                SWI5_IRQHandler
                0x0001dace                TIMER0_IRQHandler
                0x0001dace                ECB_IRQHandler
                0x0001dace                Default_Handler
                0x0001dace                SWI3_IRQHandler
                0x0001dace                CCM_AAR_IRQHandler
                0x0001dace                WDT_IRQHandler
                0x0001dace                RNG_IRQHandler
                0x0001dace                SPI1_TWI1_IRQHandler
 .text.fabs     0x0001dad0        0x8 /home/constantinos/RTES/init_software/gcc-arm-none-eabi/bin/../lib/gcc/arm-none-eabi/5.4.1/../../../../arm-none-eabi/lib/armv6-m/libm.a(lib_a-s_fabs.o)
                0x0001dad0                fabs
 .text.asin     0x0001dad8       0xc4 /home/constantinos/RTES/init_software/gcc-arm-none-eabi/bin/../lib/gcc/arm-none-eabi/5.4.1/../../../../arm-none-eabi/lib/armv6-m/libm.a(lib_a-w_asin.o)
                0x0001dad8                asin
 .text.atan2    0x0001db9c        0x8 /home/constantinos/RTES/init_software/gcc-arm-none-eabi/bin/../lib/gcc/arm-none-eabi/5.4.1/../../../../arm-none-eabi/lib/armv6-m/libm.a(lib_a-w_atan2.o)
                0x0001db9c                atan2
 .text.__ieee754_asin
                0x0001dba4      0x3cc /home/constantinos/RTES/init_software/gcc-arm-none-eabi/bin/../lib/gcc/arm-none-eabi/5.4.1/../../../../arm-none-eabi/lib/armv6-m/libm.a(lib_a-e_asin.o)
                0x0001dba4                __ieee754_asin
 .text.__ieee754_atan2
                0x0001df70      0x178 /home/constantinos/RTES/init_software/gcc-arm-none-eabi/bin/../lib/gcc/arm-none-eabi/5.4.1/../../../../arm-none-eabi/lib/armv6-m/libm.a(lib_a-e_atan2.o)
                0x0001df70                __ieee754_atan2
 .text.__ieee754_sqrt
                0x0001e0e8      0x1ec /home/constantinos/RTES/init_software/gcc-arm-none-eabi/bin/../lib/gcc/arm-none-eabi/5.4.1/../../../../arm-none-eabi/lib/armv6-m/libm.a(lib_a-e_sqrt.o)
                0x0001e0e8                __ieee754_sqrt
 .text.atan     0x0001e2d4      0x33c /home/constantinos/RTES/init_software/gcc-arm-none-eabi/bin/../lib/gcc/arm-none-eabi/5.4.1/../../../../arm-none-eabi/lib/armv6-m/libm.a(lib_a-s_atan.o)
                0x0001e2d4                atan
 .text.matherr  0x0001e610        0x4 /home/constantinos/RTES/init_software/gcc-arm-none-eabi/bin/../lib/gcc/arm-none-eabi/5.4.1/../../../../arm-none-eabi/lib/armv6-m/libm.a(lib_a-s_matherr.o)
                0x0001e610                matherr
 .text.nan      0x0001e614        0xc /home/constantinos/RTES/init_software/gcc-arm-none-eabi/bin/../lib/gcc/arm-none-eabi/5.4.1/../../../../arm-none-eabi/lib/armv6-m/libm.a(lib_a-s_nan.o)
                0x0001e614                nan
 .text          0x0001e620      0x114 /home/constantinos/RTES/init_software/gcc-arm-none-eabi/bin/../lib/gcc/arm-none-eabi/5.4.1/armv6-m/libgcc.a(_udivsi3.o)
                0x0001e620                __udivsi3
                0x0001e620                __aeabi_uidiv
                0x0001e72c                __aeabi_uidivmod
 .text          0x0001e734      0x1d4 /home/constantinos/RTES/init_software/gcc-arm-none-eabi/bin/../lib/gcc/arm-none-eabi/5.4.1/armv6-m/libgcc.a(_divsi3.o)
                0x0001e734                __aeabi_idiv
                0x0001e734                __divsi3
                0x0001e900                __aeabi_idivmod
 .text          0x0001e908        0x4 /home/constantinos/RTES/init_software/gcc-arm-none-eabi/bin/../lib/gcc/arm-none-eabi/5.4.1/armv6-m/libgcc.a(_dvmd_tls.o)
                0x0001e908                __aeabi_ldiv0
                0x0001e908                __aeabi_idiv0
 .text          0x0001e90c       0x7c /home/constantinos/RTES/init_software/gcc-arm-none-eabi/bin/../lib/gcc/arm-none-eabi/5.4.1/armv6-m/libgcc.a(_arm_cmpdf2.o)
                0x0001e90c                __aeabi_cdrcmple
                0x0001e91c                __aeabi_cdcmple
                0x0001e91c                __aeabi_cdcmpeq
                0x0001e92c                __aeabi_dcmpeq
                0x0001e938                __aeabi_dcmplt
                0x0001e94c                __aeabi_dcmple
                0x0001e960                __aeabi_dcmpgt
                0x0001e974                __aeabi_dcmpge
 .text          0x0001e988       0x74 /home/constantinos/RTES/init_software/gcc-arm-none-eabi/bin/../lib/gcc/arm-none-eabi/5.4.1/armv6-m/libgcc.a(_arm_cmpsf2.o)
                0x0001e988                __aeabi_cfrcmple
                0x0001e990                __aeabi_cfcmple
                0x0001e990                __aeabi_cfcmpeq
                0x0001e9a0                __aeabi_fcmpeq
                0x0001e9ac                __aeabi_fcmplt
                0x0001e9c0                __aeabi_fcmple
                0x0001e9d4                __aeabi_fcmpgt
                0x0001e9e8                __aeabi_fcmpge
 .text          0x0001e9fc       0x58 /home/constantinos/RTES/init_software/gcc-arm-none-eabi/bin/../lib/gcc/arm-none-eabi/5.4.1/armv6-m/libgcc.a(_muldi3.o)
                0x0001e9fc                __aeabi_lmul
                0x0001e9fc                __muldi3
 .text          0x0001ea54       0x30 /home/constantinos/RTES/init_software/gcc-arm-none-eabi/bin/../lib/gcc/arm-none-eabi/5.4.1/armv6-m/libgcc.a(_fixunssfsi.o)
                0x0001ea54                __aeabi_f2uiz
                0x0001ea54                __fixunssfsi
 .text          0x0001ea84      0x2ec /home/constantinos/RTES/init_software/gcc-arm-none-eabi/bin/../lib/gcc/arm-none-eabi/5.4.1/armv6-m/libgcc.a(addsf3.o)
                0x0001ea84                __aeabi_fadd
 .text          0x0001ed70      0x234 /home/constantinos/RTES/init_software/gcc-arm-none-eabi/bin/../lib/gcc/arm-none-eabi/5.4.1/armv6-m/libgcc.a(divsf3.o)
                0x0001ed70                __aeabi_fdiv
 .text          0x0001efa4       0x50 /home/constantinos/RTES/init_software/gcc-arm-none-eabi/bin/../lib/gcc/arm-none-eabi/5.4.1/armv6-m/libgcc.a(eqsf2.o)
                0x0001efa4                __nesf2
                0x0001efa4                __eqsf2
 .text          0x0001eff4       0x88 /home/constantinos/RTES/init_software/gcc-arm-none-eabi/bin/../lib/gcc/arm-none-eabi/5.4.1/armv6-m/libgcc.a(gesf2.o)
                0x0001eff4                __gtsf2
                0x0001eff4                __gesf2
 .text          0x0001f07c       0x88 /home/constantinos/RTES/init_software/gcc-arm-none-eabi/bin/../lib/gcc/arm-none-eabi/5.4.1/armv6-m/libgcc.a(lesf2.o)
                0x0001f07c                __lesf2
                0x0001f07c                __ltsf2
 .text          0x0001f104      0x228 /home/constantinos/RTES/init_software/gcc-arm-none-eabi/bin/../lib/gcc/arm-none-eabi/5.4.1/armv6-m/libgcc.a(mulsf3.o)
                0x0001f104                __aeabi_fmul
 .text          0x0001f32c      0x30c /home/constantinos/RTES/init_software/gcc-arm-none-eabi/bin/../lib/gcc/arm-none-eabi/5.4.1/armv6-m/libgcc.a(subsf3.o)
                0x0001f32c                __aeabi_fsub
 .text          0x0001f638       0x44 /home/constantinos/RTES/init_software/gcc-arm-none-eabi/bin/../lib/gcc/arm-none-eabi/5.4.1/armv6-m/libgcc.a(fixsfsi.o)
                0x0001f638                __aeabi_f2iz
 .text          0x0001f67c       0x90 /home/constantinos/RTES/init_software/gcc-arm-none-eabi/bin/../lib/gcc/arm-none-eabi/5.4.1/armv6-m/libgcc.a(floatsisf.o)
                0x0001f67c                __aeabi_i2f
 .text          0x0001f70c       0x7c /home/constantinos/RTES/init_software/gcc-arm-none-eabi/bin/../lib/gcc/arm-none-eabi/5.4.1/armv6-m/libgcc.a(floatunsisf.o)
                0x0001f70c                __aeabi_ui2f
 .text          0x0001f788      0x658 /home/constantinos/RTES/init_software/gcc-arm-none-eabi/bin/../lib/gcc/arm-none-eabi/5.4.1/armv6-m/libgcc.a(adddf3.o)
                0x0001f788                __aeabi_dadd
 .text          0x0001fde0      0x62c /home/constantinos/RTES/init_software/gcc-arm-none-eabi/bin/../lib/gcc/arm-none-eabi/5.4.1/armv6-m/libgcc.a(divdf3.o)
                0x0001fde0                __aeabi_ddiv
 .text          0x0002040c       0x80 /home/constantinos/RTES/init_software/gcc-arm-none-eabi/bin/../lib/gcc/arm-none-eabi/5.4.1/armv6-m/libgcc.a(eqdf2.o)
                0x0002040c                __eqdf2
                0x0002040c                __nedf2
 .text          0x0002048c       0xc8 /home/constantinos/RTES/init_software/gcc-arm-none-eabi/bin/../lib/gcc/arm-none-eabi/5.4.1/armv6-m/libgcc.a(gedf2.o)
                0x0002048c                __gtdf2
                0x0002048c                __gedf2
 .text          0x00020554       0xd4 /home/constantinos/RTES/init_software/gcc-arm-none-eabi/bin/../lib/gcc/arm-none-eabi/5.4.1/armv6-m/libgcc.a(ledf2.o)
                0x00020554                __ltdf2
                0x00020554                __ledf2
 .text          0x00020628      0x4f4 /home/constantinos/RTES/init_software/gcc-arm-none-eabi/bin/../lib/gcc/arm-none-eabi/5.4.1/armv6-m/libgcc.a(muldf3.o)
                0x00020628                __aeabi_dmul
 .text          0x00020b1c      0x6a8 /home/constantinos/RTES/init_software/gcc-arm-none-eabi/bin/../lib/gcc/arm-none-eabi/5.4.1/armv6-m/libgcc.a(subdf3.o)
                0x00020b1c                __aeabi_dsub
 .text          0x000211c4       0x40 /home/constantinos/RTES/init_software/gcc-arm-none-eabi/bin/../lib/gcc/arm-none-eabi/5.4.1/armv6-m/libgcc.a(unorddf2.o)
                0x000211c4                __aeabi_dcmpun
 .text          0x00021204       0x6c /home/constantinos/RTES/init_software/gcc-arm-none-eabi/bin/../lib/gcc/arm-none-eabi/5.4.1/armv6-m/libgcc.a(fixdfsi.o)
                0x00021204                __aeabi_d2iz
 .text          0x00021270       0xa8 /home/constantinos/RTES/init_software/gcc-arm-none-eabi/bin/../lib/gcc/arm-none-eabi/5.4.1/armv6-m/libgcc.a(extendsfdf2.o)
                0x00021270                __aeabi_f2d
 .text          0x00021318       0x3c /home/constantinos/RTES/init_software/gcc-arm-none-eabi/bin/../lib/gcc/arm-none-eabi/5.4.1/armv6-m/libgcc.a(_clzsi2.o)
                0x00021318                __clzsi2
 .text.__assert_func
                0x00021354       0x40 /home/constantinos/RTES/init_software/gcc-arm-none-eabi/bin/../lib/gcc/arm-none-eabi/5.4.1/../../../../arm-none-eabi/lib/armv6-m/libc_nano.a(lib_a-assert.o)
                0x00021354                __assert_func
 .text.__errno  0x00021394        0xc /home/constantinos/RTES/init_software/gcc-arm-none-eabi/bin/../lib/gcc/arm-none-eabi/5.4.1/../../../../arm-none-eabi/lib/armv6-m/libc_nano.a(lib_a-errno.o)
                0x00021394                __errno
 .text.fprintf  0x000213a0       0x20 /home/constantinos/RTES/init_software/gcc-arm-none-eabi/bin/../lib/gcc/arm-none-eabi/5.4.1/../../../../arm-none-eabi/lib/armv6-m/libc_nano.a(lib_a-fprintf.o)
                0x000213a0                fprintf
                0x000213a0                fiprintf
 .text.malloc   0x000213c0       0x14 /home/constantinos/RTES/init_software/gcc-arm-none-eabi/bin/../lib/gcc/arm-none-eabi/5.4.1/../../../../arm-none-eabi/lib/armv6-m/libc_nano.a(lib_a-malloc.o)
                0x000213c0                malloc
 .text.free     0x000213d4       0x14 /home/constantinos/RTES/init_software/gcc-arm-none-eabi/bin/../lib/gcc/arm-none-eabi/5.4.1/../../../../arm-none-eabi/lib/armv6-m/libc_nano.a(lib_a-malloc.o)
                0x000213d4                free
 .text.memcmp   0x000213e8       0x1e /home/constantinos/RTES/init_software/gcc-arm-none-eabi/bin/../lib/gcc/arm-none-eabi/5.4.1/../../../../arm-none-eabi/lib/armv6-m/libc_nano.a(lib_a-memcmp.o)
                0x000213e8                memcmp
 .text.memcpy   0x00021406       0x12 /home/constantinos/RTES/init_software/gcc-arm-none-eabi/bin/../lib/gcc/arm-none-eabi/5.4.1/../../../../arm-none-eabi/lib/armv6-m/libc_nano.a(lib_a-memcpy-stub.o)
                0x00021406                memcpy
 .text._free_r  0x00021418       0x98 /home/constantinos/RTES/init_software/gcc-arm-none-eabi/bin/../lib/gcc/arm-none-eabi/5.4.1/../../../../arm-none-eabi/lib/armv6-m/libc_nano.a(lib_a-nano-freer.o)
                0x00021418                _free_r
 .text._malloc_r
                0x000214b0       0xc0 /home/constantinos/RTES/init_software/gcc-arm-none-eabi/bin/../lib/gcc/arm-none-eabi/5.4.1/../../../../arm-none-eabi/lib/armv6-m/libc_nano.a(lib_a-nano-mallocr.o)
                0x000214b0                _malloc_r
 .text.__sfputc_r
                0x00021570       0x2a /home/constantinos/RTES/init_software/gcc-arm-none-eabi/bin/../lib/gcc/arm-none-eabi/5.4.1/../../../../arm-none-eabi/lib/armv6-m/libc_nano.a(lib_a-nano-vfprintf.o)
 .text.__sfputs_r
                0x0002159a       0x24 /home/constantinos/RTES/init_software/gcc-arm-none-eabi/bin/../lib/gcc/arm-none-eabi/5.4.1/../../../../arm-none-eabi/lib/armv6-m/libc_nano.a(lib_a-nano-vfprintf.o)
                0x0002159a                __sfputs_r
 *fill*         0x000215be        0x2 
 .text._vfprintf_r
                0x000215c0      0x238 /home/constantinos/RTES/init_software/gcc-arm-none-eabi/bin/../lib/gcc/arm-none-eabi/5.4.1/../../../../arm-none-eabi/lib/armv6-m/libc_nano.a(lib_a-nano-vfprintf.o)
                0x000215c0                _vfiprintf_r
                0x000215c0                _vfprintf_r
 .text._printf_common
                0x000217f8       0xdc /home/constantinos/RTES/init_software/gcc-arm-none-eabi/bin/../lib/gcc/arm-none-eabi/5.4.1/../../../../arm-none-eabi/lib/armv6-m/libc_nano.a(lib_a-nano-vfprintf_i.o)
                0x000217f8                _printf_common
 .text._printf_i
                0x000218d4      0x244 /home/constantinos/RTES/init_software/gcc-arm-none-eabi/bin/../lib/gcc/arm-none-eabi/5.4.1/../../../../arm-none-eabi/lib/armv6-m/libc_nano.a(lib_a-nano-vfprintf_i.o)
                0x000218d4                _printf_i
 .text.printf   0x00021b18       0x34 /home/constantinos/RTES/init_software/gcc-arm-none-eabi/bin/../lib/gcc/arm-none-eabi/5.4.1/../../../../arm-none-eabi/lib/armv6-m/libc_nano.a(lib_a-printf.o)
                0x00021b18                printf
                0x00021b18                iprintf
 .text._sbrk_r  0x00021b4c       0x24 /home/constantinos/RTES/init_software/gcc-arm-none-eabi/bin/../lib/gcc/arm-none-eabi/5.4.1/../../../../arm-none-eabi/lib/armv6-m/libc_nano.a(lib_a-sbrkr.o)
                0x00021b4c                _sbrk_r
 .text.sprintf  0x00021b70       0x44 /home/constantinos/RTES/init_software/gcc-arm-none-eabi/bin/../lib/gcc/arm-none-eabi/5.4.1/../../../../arm-none-eabi/lib/armv6-m/libc_nano.a(lib_a-sprintf.o)
                0x00021b70                sprintf
                0x00021b70                siprintf
 .text          0x00021bb4        0xe /home/constantinos/RTES/init_software/gcc-arm-none-eabi/bin/../lib/gcc/arm-none-eabi/5.4.1/../../../../arm-none-eabi/lib/armv6-m/libc_nano.a(lib_a-strlen.o)
                0x00021bb4                strlen
 *fill*         0x00021bc2        0x2 
 .text.__swbuf_r
                0x00021bc4       0xb0 /home/constantinos/RTES/init_software/gcc-arm-none-eabi/bin/../lib/gcc/arm-none-eabi/5.4.1/../../../../arm-none-eabi/lib/armv6-m/libc_nano.a(lib_a-wbuf.o)
                0x00021bc4                __swbuf_r
 .text.__swsetup_r
                0x00021c74       0xec /home/constantinos/RTES/init_software/gcc-arm-none-eabi/bin/../lib/gcc/arm-none-eabi/5.4.1/../../../../arm-none-eabi/lib/armv6-m/libc_nano.a(lib_a-wsetup.o)
                0x00021c74                __swsetup_r
 .text.abort    0x00021d60        0xe /home/constantinos/RTES/init_software/gcc-arm-none-eabi/bin/../lib/gcc/arm-none-eabi/5.4.1/../../../../arm-none-eabi/lib/armv6-m/libc_nano.a(lib_a-abort.o)
                0x00021d60                abort
 *fill*         0x00021d6e        0x2 
 .text.__sflush_r
                0x00021d70      0x10c /home/constantinos/RTES/init_software/gcc-arm-none-eabi/bin/../lib/gcc/arm-none-eabi/5.4.1/../../../../arm-none-eabi/lib/armv6-m/libc_nano.a(lib_a-fflush.o)
                0x00021d70                __sflush_r
 .text._fflush_r
                0x00021e7c       0x58 /home/constantinos/RTES/init_software/gcc-arm-none-eabi/bin/../lib/gcc/arm-none-eabi/5.4.1/../../../../arm-none-eabi/lib/armv6-m/libc_nano.a(lib_a-fflush.o)
                0x00021e7c                _fflush_r
 .text._cleanup_r
                0x00021ed4       0x10 /home/constantinos/RTES/init_software/gcc-arm-none-eabi/bin/../lib/gcc/arm-none-eabi/5.4.1/../../../../arm-none-eabi/lib/armv6-m/libc_nano.a(lib_a-findfp.o)
                0x00021ed4                _cleanup_r
 .text.std.isra.0
                0x00021ee4       0x48 /home/constantinos/RTES/init_software/gcc-arm-none-eabi/bin/../lib/gcc/arm-none-eabi/5.4.1/../../../../arm-none-eabi/lib/armv6-m/libc_nano.a(lib_a-findfp.o)
 .text.__sfmoreglue
                0x00021f2c       0x2c /home/constantinos/RTES/init_software/gcc-arm-none-eabi/bin/../lib/gcc/arm-none-eabi/5.4.1/../../../../arm-none-eabi/lib/armv6-m/libc_nano.a(lib_a-findfp.o)
                0x00021f2c                __sfmoreglue
 .text.__sinit  0x00021f58       0x68 /home/constantinos/RTES/init_software/gcc-arm-none-eabi/bin/../lib/gcc/arm-none-eabi/5.4.1/../../../../arm-none-eabi/lib/armv6-m/libc_nano.a(lib_a-findfp.o)
                0x00021f58                __sinit
 .text.__sfp    0x00021fc0       0x7c /home/constantinos/RTES/init_software/gcc-arm-none-eabi/bin/../lib/gcc/arm-none-eabi/5.4.1/../../../../arm-none-eabi/lib/armv6-m/libc_nano.a(lib_a-findfp.o)
                0x00021fc0                __sfp
 .text._fwalk_reent
                0x0002203c       0x42 /home/constantinos/RTES/init_software/gcc-arm-none-eabi/bin/../lib/gcc/arm-none-eabi/5.4.1/../../../../arm-none-eabi/lib/armv6-m/libc_nano.a(lib_a-fwalk.o)
                0x0002203c                _fwalk_reent
 *fill*         0x0002207e        0x2 
 .text.__swhatbuf_r
                0x00022080       0x4c /home/constantinos/RTES/init_software/gcc-arm-none-eabi/bin/../lib/gcc/arm-none-eabi/5.4.1/../../../../arm-none-eabi/lib/armv6-m/libc_nano.a(lib_a-makebuf.o)
                0x00022080                __swhatbuf_r
 .text.__smakebuf_r
                0x000220cc       0x7c /home/constantinos/RTES/init_software/gcc-arm-none-eabi/bin/../lib/gcc/arm-none-eabi/5.4.1/../../../../arm-none-eabi/lib/armv6-m/libc_nano.a(lib_a-makebuf.o)
                0x000220cc                __smakebuf_r
 .text.memchr   0x00022148       0x16 /home/constantinos/RTES/init_software/gcc-arm-none-eabi/bin/../lib/gcc/arm-none-eabi/5.4.1/../../../../arm-none-eabi/lib/armv6-m/libc_nano.a(lib_a-memchr-stub.o)
                0x00022148                memchr
 .text.memmove  0x0002215e       0x2a /home/constantinos/RTES/init_software/gcc-arm-none-eabi/bin/../lib/gcc/arm-none-eabi/5.4.1/../../../../arm-none-eabi/lib/armv6-m/libc_nano.a(lib_a-memmove.o)
                0x0002215e                memmove
 .text.__malloc_lock
                0x00022188        0x2 /home/constantinos/RTES/init_software/gcc-arm-none-eabi/bin/../lib/gcc/arm-none-eabi/5.4.1/../../../../arm-none-eabi/lib/armv6-m/libc_nano.a(lib_a-mlock.o)
                0x00022188                __malloc_lock
 .text.__malloc_unlock
                0x0002218a        0x2 /home/constantinos/RTES/init_software/gcc-arm-none-eabi/bin/../lib/gcc/arm-none-eabi/5.4.1/../../../../arm-none-eabi/lib/armv6-m/libc_nano.a(lib_a-mlock.o)
                0x0002218a                __malloc_unlock
 .text._realloc_r
                0x0002218c       0x4c /home/constantinos/RTES/init_software/gcc-arm-none-eabi/bin/../lib/gcc/arm-none-eabi/5.4.1/../../../../arm-none-eabi/lib/armv6-m/libc_nano.a(lib_a-nano-reallocr.o)
                0x0002218c                _realloc_r
 .text.__ssputs_r
                0x000221d8       0xc4 /home/constantinos/RTES/init_software/gcc-arm-none-eabi/bin/../lib/gcc/arm-none-eabi/5.4.1/../../../../arm-none-eabi/lib/armv6-m/libc_nano.a(lib_a-nano-svfprintf.o)
                0x000221d8                __ssputs_r
 .text._svfprintf_r
                0x0002229c      0x1fc /home/constantinos/RTES/init_software/gcc-arm-none-eabi/bin/../lib/gcc/arm-none-eabi/5.4.1/../../../../arm-none-eabi/lib/armv6-m/libc_nano.a(lib_a-nano-svfprintf.o)
                0x0002229c                _svfprintf_r
                0x0002229c                _svfiprintf_r
 .text._raise_r
                0x00022498       0x54 /home/constantinos/RTES/init_software/gcc-arm-none-eabi/bin/../lib/gcc/arm-none-eabi/5.4.1/../../../../arm-none-eabi/lib/armv6-m/libc_nano.a(lib_a-signal.o)
                0x00022498                _raise_r
 .text.raise    0x000224ec       0x14 /home/constantinos/RTES/init_software/gcc-arm-none-eabi/bin/../lib/gcc/arm-none-eabi/5.4.1/../../../../arm-none-eabi/lib/armv6-m/libc_nano.a(lib_a-signal.o)
                0x000224ec                raise
 .text._kill_r  0x00022500       0x24 /home/constantinos/RTES/init_software/gcc-arm-none-eabi/bin/../lib/gcc/arm-none-eabi/5.4.1/../../../../arm-none-eabi/lib/armv6-m/libc_nano.a(lib_a-signalr.o)
                0x00022500                _kill_r
 .text._getpid_r
                0x00022524        0x8 /home/constantinos/RTES/init_software/gcc-arm-none-eabi/bin/../lib/gcc/arm-none-eabi/5.4.1/../../../../arm-none-eabi/lib/armv6-m/libc_nano.a(lib_a-signalr.o)
                0x00022524                _getpid_r
 .text.__sread  0x0002252c       0x28 /home/constantinos/RTES/init_software/gcc-arm-none-eabi/bin/../lib/gcc/arm-none-eabi/5.4.1/../../../../arm-none-eabi/lib/armv6-m/libc_nano.a(lib_a-stdio.o)
                0x0002252c                __sread
 .text.__swrite
                0x00022554       0x38 /home/constantinos/RTES/init_software/gcc-arm-none-eabi/bin/../lib/gcc/arm-none-eabi/5.4.1/../../../../arm-none-eabi/lib/armv6-m/libc_nano.a(lib_a-stdio.o)
                0x00022554                __swrite
 .text.__sseek  0x0002258c       0x2c /home/constantinos/RTES/init_software/gcc-arm-none-eabi/bin/../lib/gcc/arm-none-eabi/5.4.1/../../../../arm-none-eabi/lib/armv6-m/libc_nano.a(lib_a-stdio.o)
                0x0002258c                __sseek
 .text.__sclose
                0x000225b8        0xc /home/constantinos/RTES/init_software/gcc-arm-none-eabi/bin/../lib/gcc/arm-none-eabi/5.4.1/../../../../arm-none-eabi/lib/armv6-m/libc_nano.a(lib_a-stdio.o)
                0x000225b8                __sclose
 .text._write_r
                0x000225c4       0x28 /home/constantinos/RTES/init_software/gcc-arm-none-eabi/bin/../lib/gcc/arm-none-eabi/5.4.1/../../../../arm-none-eabi/lib/armv6-m/libc_nano.a(lib_a-writer.o)
                0x000225c4                _write_r
 .text._close_r
                0x000225ec       0x24 /home/constantinos/RTES/init_software/gcc-arm-none-eabi/bin/../lib/gcc/arm-none-eabi/5.4.1/../../../../arm-none-eabi/lib/armv6-m/libc_nano.a(lib_a-closer.o)
                0x000225ec                _close_r
 .text._fstat_r
                0x00022610       0x24 /home/constantinos/RTES/init_software/gcc-arm-none-eabi/bin/../lib/gcc/arm-none-eabi/5.4.1/../../../../arm-none-eabi/lib/armv6-m/libc_nano.a(lib_a-fstatr.o)
                0x00022610                _fstat_r
 .text._isatty_r
                0x00022634       0x24 /home/constantinos/RTES/init_software/gcc-arm-none-eabi/bin/../lib/gcc/arm-none-eabi/5.4.1/../../../../arm-none-eabi/lib/armv6-m/libc_nano.a(lib_a-isattyr.o)
                0x00022634                _isatty_r
 .text._lseek_r
                0x00022658       0x28 /home/constantinos/RTES/init_software/gcc-arm-none-eabi/bin/../lib/gcc/arm-none-eabi/5.4.1/../../../../arm-none-eabi/lib/armv6-m/libc_nano.a(lib_a-lseekr.o)
                0x00022658                _lseek_r
 .text._malloc_usable_size_r
                0x00022680       0x16 /home/constantinos/RTES/init_software/gcc-arm-none-eabi/bin/../lib/gcc/arm-none-eabi/5.4.1/../../../../arm-none-eabi/lib/armv6-m/libc_nano.a(lib_a-nano-msizer.o)
                0x00022680                _malloc_usable_size_r
 *fill*         0x00022696        0x2 
 .text._read_r  0x00022698       0x28 /home/constantinos/RTES/init_software/gcc-arm-none-eabi/bin/../lib/gcc/arm-none-eabi/5.4.1/../../../../arm-none-eabi/lib/armv6-m/libc_nano.a(lib_a-readr.o)
                0x00022698                _read_r
 .text._close   0x000226c0       0x10 /home/constantinos/RTES/init_software/gcc-arm-none-eabi/bin/../lib/gcc/arm-none-eabi/5.4.1/../../../../arm-none-eabi/lib/armv6-m/libnosys.a(close.o)
                0x000226c0                _close
 .text._fstat   0x000226d0       0x10 /home/constantinos/RTES/init_software/gcc-arm-none-eabi/bin/../lib/gcc/arm-none-eabi/5.4.1/../../../../arm-none-eabi/lib/armv6-m/libnosys.a(fstat.o)
                0x000226d0                _fstat
 .text._getpid  0x000226e0       0x10 /home/constantinos/RTES/init_software/gcc-arm-none-eabi/bin/../lib/gcc/arm-none-eabi/5.4.1/../../../../arm-none-eabi/lib/armv6-m/libnosys.a(getpid.o)
                0x000226e0                _getpid
 .text._isatty  0x000226f0       0x10 /home/constantinos/RTES/init_software/gcc-arm-none-eabi/bin/../lib/gcc/arm-none-eabi/5.4.1/../../../../arm-none-eabi/lib/armv6-m/libnosys.a(isatty.o)
                0x000226f0                _isatty
 .text._kill    0x00022700       0x10 /home/constantinos/RTES/init_software/gcc-arm-none-eabi/bin/../lib/gcc/arm-none-eabi/5.4.1/../../../../arm-none-eabi/lib/armv6-m/libnosys.a(kill.o)
                0x00022700                _kill
 .text._lseek   0x00022710       0x10 /home/constantinos/RTES/init_software/gcc-arm-none-eabi/bin/../lib/gcc/arm-none-eabi/5.4.1/../../../../arm-none-eabi/lib/armv6-m/libnosys.a(lseek.o)
                0x00022710                _lseek
 .text._read    0x00022720       0x10 /home/constantinos/RTES/init_software/gcc-arm-none-eabi/bin/../lib/gcc/arm-none-eabi/5.4.1/../../../../arm-none-eabi/lib/armv6-m/libnosys.a(read.o)
                0x00022720                _read
 .text._sbrk    0x00022730       0x1c /home/constantinos/RTES/init_software/gcc-arm-none-eabi/bin/../lib/gcc/arm-none-eabi/5.4.1/../../../../arm-none-eabi/lib/armv6-m/libnosys.a(sbrk.o)
                0x00022730                _sbrk
 *(.init)
 .init          0x0002274c        0x4 /home/constantinos/RTES/init_software/gcc-arm-none-eabi/bin/../lib/gcc/arm-none-eabi/5.4.1/armv6-m/crti.o
                0x0002274c                _init
 .init          0x00022750        0x8 /home/constantinos/RTES/init_software/gcc-arm-none-eabi/bin/../lib/gcc/arm-none-eabi/5.4.1/armv6-m/crtn.o
 *(.fini)
 .fini          0x00022758        0x4 /home/constantinos/RTES/init_software/gcc-arm-none-eabi/bin/../lib/gcc/arm-none-eabi/5.4.1/armv6-m/crti.o
                0x00022758                _fini
 .fini          0x0002275c        0x8 /home/constantinos/RTES/init_software/gcc-arm-none-eabi/bin/../lib/gcc/arm-none-eabi/5.4.1/armv6-m/crtn.o
 *crtbegin.o(.ctors)
 *crtbegin?.o(.ctors)
 *(EXCLUDE_FILE(*crtend.o *crtend?.o) .ctors)
 *(SORT(.ctors.*))
 *(.ctors)
 *crtbegin.o(.dtors)
 *crtbegin?.o(.dtors)
 *(EXCLUDE_FILE(*crtend.o *crtend?.o) .dtors)
 *(SORT(.dtors.*))
 *(.dtors)
 *(.rodata*)
 .rodata.str1.1
                0x00022764        0x2 /home/constantinos/RTES/init_software/gcc-arm-none-eabi/bin/../lib/gcc/arm-none-eabi/5.4.1/../../../../arm-none-eabi/lib/armv6-m/libc_nano.a(lib_a-impure.o)
 *fill*         0x00022766        0x2 
 .rodata._global_impure_ptr
                0x00022768        0x4 /home/constantinos/RTES/init_software/gcc-arm-none-eabi/bin/../lib/gcc/arm-none-eabi/5.4.1/../../../../arm-none-eabi/lib/armv6-m/libc_nano.a(lib_a-impure.o)
                0x00022768                _global_impure_ptr
 .rodata.process_mode
                0x0002276c       0x28 _build/in4073.o
 .rodata.str1.4
                0x00022794       0x3e _build/in4073.o
 *fill*         0x000227d2        0x2 
 .rodata.get_sensor
                0x000227d4       0x28 _build/sensors.o
 .rodata.crclut
                0x000227fc      0x100 _build/crc.o
                0x000227fc                crclut
 .rodata.__func__.7234
                0x000228fc        0x7 _build/packet_uav.o
 *fill*         0x00022903        0x1 
 .rodata.str1.4
                0x00022904       0x86 _build/packet_uav.o
 *fill*         0x0002298a        0x2 
 .rodata.str1.4
                0x0002298c       0xed _build/logging.o
 *fill*         0x00022a79        0x3 
 .rodata.quadrupel_timer.7114
                0x00022a7c        0x4 _build/timers.o
 .rodata.str1.4
                0x00022a80       0x11 _build/uart.o
 *fill*         0x00022a91        0x3 
 .rodata.str1.4
                0x00022a94       0x38 _build/twi.o
 .rodata.str1.4
                0x00022acc       0x12 _build/ble.o
 *fill*         0x00022ade        0x2 
 .rodata.test   0x00022ae0       0x28 _build/inv_mpu.o
                0x00022ae0                test
 .rodata.str1.4
                0x00022b08       0xa6 _build/inv_mpu.o
 *fill*         0x00022bae        0x2 
 .rodata.hw     0x00022bb0        0xc _build/inv_mpu.o
                0x00022bb0                hw
 .rodata.reg    0x00022bbc       0x1e _build/inv_mpu.o
                0x00022bbc                reg
 *fill*         0x00022bda        0x2 
 .rodata        0x00022bdc       0x4b _build/inv_mpu_dmp_motion_driver.o
 *fill*         0x00022c27        0x1 
 .rodata.dmp_memory
                0x00022c28      0xbf6 _build/inv_mpu_dmp_motion_driver.o
 *fill*         0x0002381e        0x2 
 .rodata.str1.4
                0x00023820      0x12a _build/mpu_wrapper.o
 *fill*         0x0002394a        0x2 
 .rodata.str1.4
                0x0002394c       0x27 _build/app_error.o
 *fill*         0x00023973        0x1 
 .rodata.m_conn_params_timer_id
                0x00023974        0x4 _build/ble_conn_params.o
 .rodata        0x00023978       0x10 _build/ble_nus.o
 .rodata.str1.4
                0x00023988        0x8 /home/constantinos/RTES/init_software/gcc-arm-none-eabi/bin/../lib/gcc/arm-none-eabi/5.4.1/../../../../arm-none-eabi/lib/armv6-m/libm.a(lib_a-w_asin.o)
                                  0x9 (size before relaxing)
 .rodata.atanlo
                0x00023990       0x20 /home/constantinos/RTES/init_software/gcc-arm-none-eabi/bin/../lib/gcc/arm-none-eabi/5.4.1/../../../../arm-none-eabi/lib/armv6-m/libm.a(lib_a-s_atan.o)
 .rodata.atanhi
                0x000239b0       0x20 /home/constantinos/RTES/init_software/gcc-arm-none-eabi/bin/../lib/gcc/arm-none-eabi/5.4.1/../../../../arm-none-eabi/lib/armv6-m/libm.a(lib_a-s_atan.o)
 .rodata        0x000239d0       0x80 /home/constantinos/RTES/init_software/gcc-arm-none-eabi/bin/../lib/gcc/arm-none-eabi/5.4.1/armv6-m/libgcc.a(divsf3.o)
 .rodata        0x00023a50       0x40 /home/constantinos/RTES/init_software/gcc-arm-none-eabi/bin/../lib/gcc/arm-none-eabi/5.4.1/armv6-m/libgcc.a(mulsf3.o)
 .rodata        0x00023a90       0x40 /home/constantinos/RTES/init_software/gcc-arm-none-eabi/bin/../lib/gcc/arm-none-eabi/5.4.1/armv6-m/libgcc.a(divdf3.o)
 .rodata        0x00023ad0       0x40 /home/constantinos/RTES/init_software/gcc-arm-none-eabi/bin/../lib/gcc/arm-none-eabi/5.4.1/armv6-m/libgcc.a(muldf3.o)
 .rodata.str1.1
                0x00023b10       0x3c /home/constantinos/RTES/init_software/gcc-arm-none-eabi/bin/../lib/gcc/arm-none-eabi/5.4.1/../../../../arm-none-eabi/lib/armv6-m/libc_nano.a(lib_a-assert.o)
                                 0x3d (size before relaxing)
 .rodata.str1.1
                0x00023b4c       0x11 /home/constantinos/RTES/init_software/gcc-arm-none-eabi/bin/../lib/gcc/arm-none-eabi/5.4.1/../../../../arm-none-eabi/lib/armv6-m/libc_nano.a(lib_a-nano-vfprintf.o)
 .rodata.str1.1
                0x00023b5d       0x22 /home/constantinos/RTES/init_software/gcc-arm-none-eabi/bin/../lib/gcc/arm-none-eabi/5.4.1/../../../../arm-none-eabi/lib/armv6-m/libc_nano.a(lib_a-nano-vfprintf_i.o)
 *fill*         0x00023b7f        0x1 
 .rodata.__sf_fake_stdin
                0x00023b80       0x20 /home/constantinos/RTES/init_software/gcc-arm-none-eabi/bin/../lib/gcc/arm-none-eabi/5.4.1/../../../../arm-none-eabi/lib/armv6-m/libc_nano.a(lib_a-findfp.o)
                0x00023b80                __sf_fake_stdin
 .rodata.__sf_fake_stdout
                0x00023ba0       0x20 /home/constantinos/RTES/init_software/gcc-arm-none-eabi/bin/../lib/gcc/arm-none-eabi/5.4.1/../../../../arm-none-eabi/lib/armv6-m/libc_nano.a(lib_a-findfp.o)
                0x00023ba0                __sf_fake_stdout
 .rodata.__sf_fake_stderr
                0x00023bc0       0x20 /home/constantinos/RTES/init_software/gcc-arm-none-eabi/bin/../lib/gcc/arm-none-eabi/5.4.1/../../../../arm-none-eabi/lib/armv6-m/libc_nano.a(lib_a-findfp.o)
                0x00023bc0                __sf_fake_stderr
 .rodata.str1.1
                0x00023be0       0x11 /home/constantinos/RTES/init_software/gcc-arm-none-eabi/bin/../lib/gcc/arm-none-eabi/5.4.1/../../../../arm-none-eabi/lib/armv6-m/libc_nano.a(lib_a-nano-svfprintf.o)
 *(.eh_frame*)
 .eh_frame      0x00023be0        0x0 /home/constantinos/RTES/init_software/gcc-arm-none-eabi/bin/../lib/gcc/arm-none-eabi/5.4.1/armv6-m/crtbegin.o
                0x00023bf4                . = ALIGN (0x4)

.glue_7         0x00023be0        0x0
 .glue_7        0x00023be0        0x0 linker stubs

.glue_7t        0x00023be0        0x0
 .glue_7t       0x00023be0        0x0 linker stubs

.vfp11_veneer   0x00023be0        0x0
 .vfp11_veneer  0x00023be0        0x0 linker stubs

.v4_bx          0x00023be0        0x0
 .v4_bx         0x00023be0        0x0 linker stubs

.iplt           0x00023be0        0x0
 .iplt          0x00023be0        0x0 /home/constantinos/RTES/init_software/gcc-arm-none-eabi/bin/../lib/gcc/arm-none-eabi/5.4.1/armv6-m/crtbegin.o

.ARM.extab      0x00023be0        0x0
 *(.ARM.extab* .gnu.linkonce.armextab.*)
                0x00023be0                . = ALIGN (0x4)
                0x00023be0                __exidx_start = .

.ARM.exidx      0x00023be0        0x8
 *(.ARM.exidx* .gnu.linkonce.armexidx.*)
 .ARM.exidx     0x00023be0        0x8 /home/constantinos/RTES/init_software/gcc-arm-none-eabi/bin/../lib/gcc/arm-none-eabi/5.4.1/../../../../arm-none-eabi/lib/armv6-m/crt0.o
 .ARM.exidx     0x00023be8        0x0 _build/gcc_startup_nrf51.o
                                  0x8 (size before relaxing)
                0x00023be8                . = ALIGN (0x4)
                0x00023be8                __exidx_end = .
                0x00023be8                __etext = .

.rel.dyn        0x00023be8        0x0
 .rel.iplt      0x00023be8        0x0 /home/constantinos/RTES/init_software/gcc-arm-none-eabi/bin/../lib/gcc/arm-none-eabi/5.4.1/armv6-m/crtbegin.o

.data           0x20002000       0xb4 load address 0x00023be8
                0x20002000                __data_start__ = .
 *(vtable)
 *(.data*)
 .data.impure_data
                0x20002000       0x60 /home/constantinos/RTES/init_software/gcc-arm-none-eabi/bin/../lib/gcc/arm-none-eabi/5.4.1/../../../../arm-none-eabi/lib/armv6-m/libc_nano.a(lib_a-impure.o)
 .data._impure_ptr
                0x20002060        0x4 /home/constantinos/RTES/init_software/gcc-arm-none-eabi/bin/../lib/gcc/arm-none-eabi/5.4.1/../../../../arm-none-eabi/lib/armv6-m/libc_nano.a(lib_a-impure.o)
                0x20002060                _impure_ptr
 .data.txd_available
                0x20002064        0x1 _build/uart.o
                0x20002064                txd_available
 *fill*         0x20002065        0x3 
 .data.m_adv_uuids
                0x20002068        0x4 _build/ble.o
 .data.m_conn_handle
                0x2000206c        0x2 _build/ble.o
 *fill*         0x2000206e        0x2 
 .data.st       0x20002070       0x2c _build/inv_mpu.o
 .data.gyro_orientation.7034
                0x2000209c        0x9 _build/mpu_wrapper.o
 *fill*         0x200020a5        0x1 
 .data.current_slave_link_conn_handle.7275
                0x200020a6        0x2 _build/ble_advertising.o
 .data.__fdlib_version
                0x200020a8        0x1 /home/constantinos/RTES/init_software/gcc-arm-none-eabi/bin/../lib/gcc/arm-none-eabi/5.4.1/../../../../arm-none-eabi/lib/armv6-m/libm.a(lib_a-s_lib_ver.o)
                0x200020a8                __fdlib_version
                0x200020ac                . = ALIGN (0x4)
 *fill*         0x200020a9        0x3 
                0x200020ac                PROVIDE (__preinit_array_start, .)
 *(.preinit_array)
                0x200020ac                PROVIDE (__preinit_array_end, .)
                0x200020ac                . = ALIGN (0x4)
                0x200020ac                PROVIDE (__init_array_start, .)
 *(SORT(.init_array.*))
 *(.init_array)
 .init_array    0x200020ac        0x4 /home/constantinos/RTES/init_software/gcc-arm-none-eabi/bin/../lib/gcc/arm-none-eabi/5.4.1/armv6-m/crtbegin.o
                0x200020b0                PROVIDE (__init_array_end, .)
                0x200020b0                . = ALIGN (0x4)
                [!provide]                PROVIDE (__fini_array_start, .)
 *(SORT(.fini_array.*))
 *(.fini_array)
 .fini_array    0x200020b0        0x4 /home/constantinos/RTES/init_software/gcc-arm-none-eabi/bin/../lib/gcc/arm-none-eabi/5.4.1/armv6-m/crtbegin.o
                [!provide]                PROVIDE (__fini_array_end, .)
 *(.jcr)
 .jcr           0x200020b4        0x0 /home/constantinos/RTES/init_software/gcc-arm-none-eabi/bin/../lib/gcc/arm-none-eabi/5.4.1/armv6-m/crtbegin.o
                0x200020b4                . = ALIGN (0x4)
                0x200020b4                __data_end__ = .

.igot.plt       0x200020b4        0x0 load address 0x00023c9c
 .igot.plt      0x200020b4        0x0 /home/constantinos/RTES/init_software/gcc-arm-none-eabi/bin/../lib/gcc/arm-none-eabi/5.4.1/armv6-m/crtbegin.o

.bss            0x200020b4      0x9dc load address 0x00023c9c
                0x200020b4                . = ALIGN (0x4)
                0x200020b4                __bss_start__ = .
 *(.bss*)
 .bss           0x200020b4       0x1c /home/constantinos/RTES/init_software/gcc-arm-none-eabi/bin/../lib/gcc/arm-none-eabi/5.4.1/armv6-m/crtbegin.o
 .bss.calibration_flag
                0x200020d0        0x1 _build/sensors.o
                0x200020d0                calibration_flag
 *fill*         0x200020d1        0x1 
 .bss.logNum    0x200020d2        0x2 _build/logging.o
 .bss.nextAddress
                0x200020d4        0x4 _build/logging.o
 .bss.quadrupel_timer_data.7113
                0x200020d8       0x20 _build/timers.o
 .bss.APP_TIMER_BUF.7110
                0x200020f8      0x1c8 _build/timers.o
 .bss.sent      0x200022c0        0x1 _build/twi.o
 .bss.read      0x200022c1        0x1 _build/twi.o
 .bss.loop_count
                0x200022c2        0x1 _build/baro.o
 *fill*         0x200022c3        0x1 
 .bss.prom      0x200022c4       0x10 _build/baro.o
 .bss.data      0x200022d4        0x3 _build/baro.o
 *fill*         0x200022d7        0x1 
 .bss.initTime  0x200022d8        0x4 _build/baro.o
                0x200022d8                initTime
 .bss.data.7027
                0x200022dc        0x2 _build/baro.o
 *fill*         0x200022de        0x2 
 .bss.BLE_EVT_BUFFER.8958
                0x200022e0       0x48 _build/ble.o
 .bss.m_nus     0x20002328       0x1c _build/ble.o
 .bss.spi_config_table
                0x20002344        0xc _build/spi_flash.o
 .bss.SPI       0x20002350        0x4 _build/spi_flash.o
 .bss.dmp       0x20002354       0x10 _build/inv_mpu_dmp_motion_driver.o
 .bss.m_ticks_latest
                0x20002364        0x4 _build/app_timer.o
 .bss.mp_timer_id_head
                0x20002368        0x4 _build/app_timer.o
 .bss.m_evt_schedule_func
                0x2000236c        0x4 _build/app_timer.o
 .bss.m_user_array_size
                0x20002370        0x1 _build/app_timer.o
 *fill*         0x20002371        0x3 
 .bss.mp_users  0x20002374        0x4 _build/app_timer.o
 .bss.m_ticks_elapsed_q_read_ind
                0x20002378        0x1 _build/app_timer.o
 .bss.m_ticks_elapsed_q_write_ind
                0x20002379        0x1 _build/app_timer.o
 .bss.m_rtc1_reset
                0x2000237a        0x1 _build/app_timer.o
 *fill*         0x2000237b        0x1 
 .bss.m_ticks_elapsed
                0x2000237c        0x8 _build/app_timer.o
 .bss.m_rtc1_running
                0x20002384        0x1 _build/app_timer.o
 *fill*         0x20002385        0x3 
 .bss.m_cmd_queue
                0x20002388       0xcc _build/pstorage.o
 .bss.m_flags   0x20002454        0x4 _build/pstorage.o
 .bss.m_advdata
                0x20002458       0x38 _build/ble_advertising.o
 .bss.m_manuf_specific_data
                0x20002490        0xc _build/ble_advertising.o
 .bss.m_evt_handler
                0x2000249c        0x4 _build/ble_advertising.o
 .bss.m_advertising_start_pending
                0x200024a0        0x1 _build/ble_advertising.o
 *fill*         0x200024a1        0x3 
 .bss.m_manuf_data_array
                0x200024a4       0x1f _build/ble_advertising.o
 .bss.m_whitelist_temporarily_disabled
                0x200024c3        0x1 _build/ble_advertising.o
 .bss.m_error_handler
                0x200024c4        0x4 _build/ble_advertising.o
 .bss.m_peer_address
                0x200024c8        0x7 _build/ble_advertising.o
 *fill*         0x200024cf        0x1 
 .bss.m_adv_modes_config
                0x200024d0       0x24 _build/ble_advertising.o
 .bss.mp_whitelist_addr
                0x200024f4       0x20 _build/ble_advertising.o
 .bss.m_tx_power_level
                0x20002514        0x1 _build/ble_advertising.o
 *fill*         0x20002515        0x3 
 .bss.m_whitelist
                0x20002518       0x10 _build/ble_advertising.o
 .bss.m_service_data_array
                0x20002528       0x1f _build/ble_advertising.o
 .bss.m_whitelist_reply_expected
                0x20002547        0x1 _build/ble_advertising.o
 .bss.mp_whitelist_irk
                0x20002548       0x20 _build/ble_advertising.o
 .bss.m_adv_mode_current
                0x20002568        0x1 _build/ble_advertising.o
 .bss.m_peer_addr_reply_expected
                0x20002569        0x1 _build/ble_advertising.o
 *fill*         0x2000256a        0x2 
 .bss.m_slave_conn_int
                0x2000256c        0x4 _build/ble_advertising.o
 .bss.m_service_data
                0x20002570        0xc _build/ble_advertising.o
 .bss.m_adv_evt
                0x2000257c        0x1 _build/ble_advertising.o
 .bss.m_change_param
                0x2000257d        0x1 _build/ble_conn_params.o
 *fill*         0x2000257e        0x2 
 .bss.m_current_conn_params
                0x20002580        0x8 _build/ble_conn_params.o
 .bss.m_update_count
                0x20002588        0x1 _build/ble_conn_params.o
 *fill*         0x20002589        0x3 
 .bss.m_conn_params_config
                0x2000258c       0x1c _build/ble_conn_params.o
 .bss.m_conn_params_timer_id_data
                0x200025a8       0x20 _build/ble_conn_params.o
 .bss.m_conn_handle
                0x200025c8        0x2 _build/ble_conn_params.o
 *fill*         0x200025ca        0x2 
 .bss.m_preferred_conn_params
                0x200025cc        0x8 _build/ble_conn_params.o
 .bss.m_softdevice_enabled
                0x200025d4        0x1 _build/softdevice_handler.o
 *fill*         0x200025d5        0x1 
 .bss.m_ble_evt_buffer_size
                0x200025d6        0x2 _build/softdevice_handler.o
 .bss.mp_ble_evt_buffer
                0x200025d8        0x4 _build/softdevice_handler.o
 .bss.m_sys_evt_handler
                0x200025dc        0x4 _build/softdevice_handler.o
 .bss.m_ble_evt_handler
                0x200025e0        0x4 _build/softdevice_handler.o
 .bss.m_evt_schedule_func
                0x200025e4        0x4 _build/softdevice_handler.o
 .bss.__malloc_sbrk_start
                0x200025e8        0x4 /home/constantinos/RTES/init_software/gcc-arm-none-eabi/bin/../lib/gcc/arm-none-eabi/5.4.1/../../../../arm-none-eabi/lib/armv6-m/libc_nano.a(lib_a-nano-mallocr.o)
                0x200025e8                __malloc_sbrk_start
 .bss.__malloc_free_list
                0x200025ec        0x4 /home/constantinos/RTES/init_software/gcc-arm-none-eabi/bin/../lib/gcc/arm-none-eabi/5.4.1/../../../../arm-none-eabi/lib/armv6-m/libc_nano.a(lib_a-nano-mallocr.o)
                0x200025ec                __malloc_free_list
 .bss.heap_end.4167
                0x200025f0        0x4 /home/constantinos/RTES/init_software/gcc-arm-none-eabi/bin/../lib/gcc/arm-none-eabi/5.4.1/../../../../arm-none-eabi/lib/armv6-m/libnosys.a(sbrk.o)
 *(COMMON)
 COMMON         0x200025f4      0x473 _build/in4073.o
                0x200025f4                say
                0x200025f6                b
                0x200025f8                psi
                0x200025fa                prev_roll
                0x200025fb                sensor_fifo_count
                0x200025fc                saz
                0x200025fe                prev_pitch
                0x20002600                logCore
                0x20002604                roll_delta
                0x20002608                rx_queue
                0x2000270e                yaw_delta
                0x20002710                phi
                0x20002712                lift_delta
                0x20002713                prev_mode
                0x20002714                temperature
                0x20002718                theta
                0x2000271c                pressure
                0x20002720                mode
                0x20002724                tx_queue
                0x2000282a                sax
                0x2000282c                prev_yaw
                0x2000282d                lift
                0x2000282e                sq
                0x20002830                bat_volt
                0x20002834                ble_rx_queue
                0x2000293a                d
                0x2000293b                pitch_delta
                0x2000293c                sp
                0x2000293e                radio_active
                0x20002940                motor
                0x20002948                yaw
                0x2000294c                last_correct_checksum_time
                0x20002950                prev_lift
                0x20002951                pitch
                0x20002952                roll
                0x20002954                ble_tx_queue
                0x20002a5c                ae
                0x20002a64                sr
                0x20002a66                demo_done
 *fill*         0x20002a67        0x1 
 COMMON         0x20002a68       0x12 _build/sensors.o
                0x20002a68                dcsr
                0x20002a6a                dcsp
                0x20002a6c                dcsq
                0x20002a6e                dcsax
                0x20002a70                dctheta
                0x20002a72                dcpsi
                0x20002a74                dcsay
                0x20002a76                dcphi
                0x20002a78                dcsaz
 *fill*         0x20002a7a        0x2 
 COMMON         0x20002a7c        0x5 _build/timers.o
                0x20002a7c                global_time
                0x20002a80                timer_flag
 *fill*         0x20002a81        0x3 
 COMMON         0x20002a84        0x8 _build/baro.o
                0x20002a84                D2
                0x20002a88                D1
 COMMON         0x20002a8c        0x4 /home/constantinos/RTES/init_software/gcc-arm-none-eabi/bin/../lib/gcc/arm-none-eabi/5.4.1/../../../../arm-none-eabi/lib/armv6-m/libc_nano.a(lib_a-reent.o)
                0x20002a8c                errno
                0x20002a90                . = ALIGN (0x4)
                0x20002a90                __bss_end__ = .

.heap           0x20002a90      0x800
                0x20002a90                __end__ = .
                0x20002a90                end = __end__
 *(.heap*)
 .heap          0x20002a90      0x800 _build/gcc_startup_nrf51.o
                0x20002a90                __HeapBase
                0x20003290                __HeapLimit = .

.stack_dummy    0x20002a90      0x800
 *(.stack*)
 .stack         0x20002a90      0x800 _build/gcc_startup_nrf51.o
                0x20004000                __StackTop = (ORIGIN (RAM) + LENGTH (RAM))
                0x20003800                __StackLimit = (__StackTop - SIZEOF (.stack_dummy))
                0x20004000                PROVIDE (__stack, __StackTop)
                0x00000001                ASSERT ((__StackLimit >= __HeapLimit), region RAM overflowed with stack)
OUTPUT(_build/in4073.out elf32-littlearm)

.ARM.attributes
                0x00000000       0x28
 .ARM.attributes
                0x00000000       0x1e /home/constantinos/RTES/init_software/gcc-arm-none-eabi/bin/../lib/gcc/arm-none-eabi/5.4.1/armv6-m/crti.o
 .ARM.attributes
                0x0000001e       0x2c /home/constantinos/RTES/init_software/gcc-arm-none-eabi/bin/../lib/gcc/arm-none-eabi/5.4.1/armv6-m/crtbegin.o
 .ARM.attributes
                0x0000004a       0x1b /home/constantinos/RTES/init_software/gcc-arm-none-eabi/bin/../lib/gcc/arm-none-eabi/5.4.1/../../../../arm-none-eabi/lib/armv6-m/crt0.o
 .ARM.attributes
                0x00000065       0x2c /home/constantinos/RTES/init_software/gcc-arm-none-eabi/bin/../lib/gcc/arm-none-eabi/5.4.1/../../../../arm-none-eabi/lib/armv6-m/libc_nano.a(lib_a-exit.o)
 .ARM.attributes
                0x00000091       0x2c /home/constantinos/RTES/init_software/gcc-arm-none-eabi/bin/../lib/gcc/arm-none-eabi/5.4.1/../../../../arm-none-eabi/lib/armv6-m/libc_nano.a(lib_a-impure.o)
 .ARM.attributes
                0x000000bd       0x2c /home/constantinos/RTES/init_software/gcc-arm-none-eabi/bin/../lib/gcc/arm-none-eabi/5.4.1/../../../../arm-none-eabi/lib/armv6-m/libc_nano.a(lib_a-init.o)
 .ARM.attributes
                0x000000e9       0x2c /home/constantinos/RTES/init_software/gcc-arm-none-eabi/bin/../lib/gcc/arm-none-eabi/5.4.1/../../../../arm-none-eabi/lib/armv6-m/libc_nano.a(lib_a-memset.o)
 .ARM.attributes
                0x00000115       0x2c /home/constantinos/RTES/init_software/gcc-arm-none-eabi/bin/../lib/gcc/arm-none-eabi/5.4.1/../../../../arm-none-eabi/lib/armv6-m/libnosys.a(_exit.o)
 .ARM.attributes
                0x00000141       0x31 _build/system_nrf51.o
 .ARM.attributes
                0x00000172       0x31 _build/nrf_delay.o
 .ARM.attributes
                0x000001a3       0x31 _build/in4073.o
 .ARM.attributes
                0x000001d4       0x31 _build/control.o
 .ARM.attributes
                0x00000205       0x31 _build/sensors.o
 .ARM.attributes
                0x00000236       0x31 _build/crc.o
 .ARM.attributes
                0x00000267       0x31 _build/packet.o
 .ARM.attributes
                0x00000298       0x31 _build/packet_uav.o
 .ARM.attributes
                0x000002c9       0x31 _build/logging.o
 .ARM.attributes
                0x000002fa       0x31 _build/gpio.o
 .ARM.attributes
                0x0000032b       0x31 _build/timers.o
 .ARM.attributes
                0x0000035c       0x31 _build/uart.o
 .ARM.attributes
                0x0000038d       0x31 _build/queue.o
 .ARM.attributes
                0x000003be       0x31 _build/twi.o
 .ARM.attributes
                0x000003ef       0x31 _build/adc.o
 .ARM.attributes
                0x00000420       0x31 _build/baro.o
 .ARM.attributes
                0x00000451       0x31 _build/ble.o
 .ARM.attributes
                0x00000482       0x31 _build/spi_flash.o
 .ARM.attributes
                0x000004b3       0x31 _build/inv_mpu.o
 .ARM.attributes
                0x000004e4       0x31 _build/inv_mpu_dmp_motion_driver.o
 .ARM.attributes
                0x00000515       0x31 _build/ml.o
 .ARM.attributes
                0x00000546       0x31 _build/mpu_wrapper.o
 .ARM.attributes
                0x00000577       0x31 _build/app_error.o
 .ARM.attributes
                0x000005a8       0x31 _build/app_timer.o
 .ARM.attributes
                0x000005d9       0x31 _build/pstorage.o
 .ARM.attributes
                0x0000060a       0x31 _build/ble_advdata.o
 .ARM.attributes
                0x0000063b       0x31 _build/ble_advertising.o
 .ARM.attributes
                0x0000066c       0x31 _build/ble_conn_params.o
 .ARM.attributes
                0x0000069d       0x31 _build/ble_nus.o
 .ARM.attributes
                0x000006ce       0x31 _build/softdevice_handler.o
 .ARM.attributes
                0x000006ff       0x1b _build/gcc_startup_nrf51.o
 .ARM.attributes
                0x0000071a       0x2c /home/constantinos/RTES/init_software/gcc-arm-none-eabi/bin/../lib/gcc/arm-none-eabi/5.4.1/../../../../arm-none-eabi/lib/armv6-m/libm.a(lib_a-s_fabs.o)
 .ARM.attributes
                0x00000746       0x2c /home/constantinos/RTES/init_software/gcc-arm-none-eabi/bin/../lib/gcc/arm-none-eabi/5.4.1/../../../../arm-none-eabi/lib/armv6-m/libm.a(lib_a-w_asin.o)
 .ARM.attributes
                0x00000772       0x2c /home/constantinos/RTES/init_software/gcc-arm-none-eabi/bin/../lib/gcc/arm-none-eabi/5.4.1/../../../../arm-none-eabi/lib/armv6-m/libm.a(lib_a-w_atan2.o)
 .ARM.attributes
                0x0000079e       0x2c /home/constantinos/RTES/init_software/gcc-arm-none-eabi/bin/../lib/gcc/arm-none-eabi/5.4.1/../../../../arm-none-eabi/lib/armv6-m/libm.a(lib_a-e_asin.o)
 .ARM.attributes
                0x000007ca       0x2c /home/constantinos/RTES/init_software/gcc-arm-none-eabi/bin/../lib/gcc/arm-none-eabi/5.4.1/../../../../arm-none-eabi/lib/armv6-m/libm.a(lib_a-e_atan2.o)
 .ARM.attributes
                0x000007f6       0x2c /home/constantinos/RTES/init_software/gcc-arm-none-eabi/bin/../lib/gcc/arm-none-eabi/5.4.1/../../../../arm-none-eabi/lib/armv6-m/libm.a(lib_a-e_sqrt.o)
 .ARM.attributes
                0x00000822       0x2c /home/constantinos/RTES/init_software/gcc-arm-none-eabi/bin/../lib/gcc/arm-none-eabi/5.4.1/../../../../arm-none-eabi/lib/armv6-m/libm.a(lib_a-s_atan.o)
 .ARM.attributes
                0x0000084e       0x2c /home/constantinos/RTES/init_software/gcc-arm-none-eabi/bin/../lib/gcc/arm-none-eabi/5.4.1/../../../../arm-none-eabi/lib/armv6-m/libm.a(lib_a-s_lib_ver.o)
 .ARM.attributes
                0x0000087a       0x2c /home/constantinos/RTES/init_software/gcc-arm-none-eabi/bin/../lib/gcc/arm-none-eabi/5.4.1/../../../../arm-none-eabi/lib/armv6-m/libm.a(lib_a-s_matherr.o)
 .ARM.attributes
                0x000008a6       0x2c /home/constantinos/RTES/init_software/gcc-arm-none-eabi/bin/../lib/gcc/arm-none-eabi/5.4.1/../../../../arm-none-eabi/lib/armv6-m/libm.a(lib_a-s_nan.o)
 .ARM.attributes
                0x000008d2       0x1e /home/constantinos/RTES/init_software/gcc-arm-none-eabi/bin/../lib/gcc/arm-none-eabi/5.4.1/armv6-m/libgcc.a(_udivsi3.o)
 .ARM.attributes
                0x000008f0       0x1e /home/constantinos/RTES/init_software/gcc-arm-none-eabi/bin/../lib/gcc/arm-none-eabi/5.4.1/armv6-m/libgcc.a(_divsi3.o)
 .ARM.attributes
                0x0000090e       0x1e /home/constantinos/RTES/init_software/gcc-arm-none-eabi/bin/../lib/gcc/arm-none-eabi/5.4.1/armv6-m/libgcc.a(_dvmd_tls.o)
 .ARM.attributes
                0x0000092c       0x1e /home/constantinos/RTES/init_software/gcc-arm-none-eabi/bin/../lib/gcc/arm-none-eabi/5.4.1/armv6-m/libgcc.a(_arm_cmpdf2.o)
 .ARM.attributes
                0x0000094a       0x1e /home/constantinos/RTES/init_software/gcc-arm-none-eabi/bin/../lib/gcc/arm-none-eabi/5.4.1/armv6-m/libgcc.a(_arm_cmpsf2.o)
 .ARM.attributes
                0x00000968       0x2c /home/constantinos/RTES/init_software/gcc-arm-none-eabi/bin/../lib/gcc/arm-none-eabi/5.4.1/armv6-m/libgcc.a(_muldi3.o)
 .ARM.attributes
                0x00000994       0x2c /home/constantinos/RTES/init_software/gcc-arm-none-eabi/bin/../lib/gcc/arm-none-eabi/5.4.1/armv6-m/libgcc.a(_fixunssfsi.o)
 .ARM.attributes
                0x000009c0       0x2c /home/constantinos/RTES/init_software/gcc-arm-none-eabi/bin/../lib/gcc/arm-none-eabi/5.4.1/armv6-m/libgcc.a(addsf3.o)
 .ARM.attributes
                0x000009ec       0x2c /home/constantinos/RTES/init_software/gcc-arm-none-eabi/bin/../lib/gcc/arm-none-eabi/5.4.1/armv6-m/libgcc.a(divsf3.o)
 .ARM.attributes
                0x00000a18       0x2c /home/constantinos/RTES/init_software/gcc-arm-none-eabi/bin/../lib/gcc/arm-none-eabi/5.4.1/armv6-m/libgcc.a(eqsf2.o)
 .ARM.attributes
                0x00000a44       0x2c /home/constantinos/RTES/init_software/gcc-arm-none-eabi/bin/../lib/gcc/arm-none-eabi/5.4.1/armv6-m/libgcc.a(gesf2.o)
 .ARM.attributes
                0x00000a70       0x2c /home/constantinos/RTES/init_software/gcc-arm-none-eabi/bin/../lib/gcc/arm-none-eabi/5.4.1/armv6-m/libgcc.a(lesf2.o)
 .ARM.attributes
                0x00000a9c       0x2c /home/constantinos/RTES/init_software/gcc-arm-none-eabi/bin/../lib/gcc/arm-none-eabi/5.4.1/armv6-m/libgcc.a(mulsf3.o)
 .ARM.attributes
                0x00000ac8       0x2c /home/constantinos/RTES/init_software/gcc-arm-none-eabi/bin/../lib/gcc/arm-none-eabi/5.4.1/armv6-m/libgcc.a(subsf3.o)
 .ARM.attributes
                0x00000af4       0x2c /home/constantinos/RTES/init_software/gcc-arm-none-eabi/bin/../lib/gcc/arm-none-eabi/5.4.1/armv6-m/libgcc.a(fixsfsi.o)
 .ARM.attributes
                0x00000b20       0x2c /home/constantinos/RTES/init_software/gcc-arm-none-eabi/bin/../lib/gcc/arm-none-eabi/5.4.1/armv6-m/libgcc.a(floatsisf.o)
 .ARM.attributes
                0x00000b4c       0x2c /home/constantinos/RTES/init_software/gcc-arm-none-eabi/bin/../lib/gcc/arm-none-eabi/5.4.1/armv6-m/libgcc.a(floatunsisf.o)
 .ARM.attributes
                0x00000b78       0x2c /home/constantinos/RTES/init_software/gcc-arm-none-eabi/bin/../lib/gcc/arm-none-eabi/5.4.1/armv6-m/libgcc.a(adddf3.o)
 .ARM.attributes
                0x00000ba4       0x2c /home/constantinos/RTES/init_software/gcc-arm-none-eabi/bin/../lib/gcc/arm-none-eabi/5.4.1/armv6-m/libgcc.a(divdf3.o)
 .ARM.attributes
                0x00000bd0       0x2c /home/constantinos/RTES/init_software/gcc-arm-none-eabi/bin/../lib/gcc/arm-none-eabi/5.4.1/armv6-m/libgcc.a(eqdf2.o)
 .ARM.attributes
                0x00000bfc       0x2c /home/constantinos/RTES/init_software/gcc-arm-none-eabi/bin/../lib/gcc/arm-none-eabi/5.4.1/armv6-m/libgcc.a(gedf2.o)
 .ARM.attributes
                0x00000c28       0x2c /home/constantinos/RTES/init_software/gcc-arm-none-eabi/bin/../lib/gcc/arm-none-eabi/5.4.1/armv6-m/libgcc.a(ledf2.o)
 .ARM.attributes
                0x00000c54       0x2c /home/constantinos/RTES/init_software/gcc-arm-none-eabi/bin/../lib/gcc/arm-none-eabi/5.4.1/armv6-m/libgcc.a(muldf3.o)
 .ARM.attributes
                0x00000c80       0x2c /home/constantinos/RTES/init_software/gcc-arm-none-eabi/bin/../lib/gcc/arm-none-eabi/5.4.1/armv6-m/libgcc.a(subdf3.o)
 .ARM.attributes
                0x00000cac       0x2c /home/constantinos/RTES/init_software/gcc-arm-none-eabi/bin/../lib/gcc/arm-none-eabi/5.4.1/armv6-m/libgcc.a(unorddf2.o)
 .ARM.attributes
                0x00000cd8       0x2c /home/constantinos/RTES/init_software/gcc-arm-none-eabi/bin/../lib/gcc/arm-none-eabi/5.4.1/armv6-m/libgcc.a(fixdfsi.o)
 .ARM.attributes
                0x00000d04       0x2c /home/constantinos/RTES/init_software/gcc-arm-none-eabi/bin/../lib/gcc/arm-none-eabi/5.4.1/armv6-m/libgcc.a(extendsfdf2.o)
 .ARM.attributes
                0x00000d30       0x1e /home/constantinos/RTES/init_software/gcc-arm-none-eabi/bin/../lib/gcc/arm-none-eabi/5.4.1/armv6-m/libgcc.a(_clzsi2.o)
 .ARM.attributes
                0x00000d4e       0x2c /home/constantinos/RTES/init_software/gcc-arm-none-eabi/bin/../lib/gcc/arm-none-eabi/5.4.1/../../../../arm-none-eabi/lib/armv6-m/libc_nano.a(lib_a-assert.o)
 .ARM.attributes
                0x00000d7a       0x2c /home/constantinos/RTES/init_software/gcc-arm-none-eabi/bin/../lib/gcc/arm-none-eabi/5.4.1/../../../../arm-none-eabi/lib/armv6-m/libc_nano.a(lib_a-errno.o)
 .ARM.attributes
                0x00000da6       0x2c /home/constantinos/RTES/init_software/gcc-arm-none-eabi/bin/../lib/gcc/arm-none-eabi/5.4.1/../../../../arm-none-eabi/lib/armv6-m/libc_nano.a(lib_a-fprintf.o)
 .ARM.attributes
                0x00000dd2       0x2c /home/constantinos/RTES/init_software/gcc-arm-none-eabi/bin/../lib/gcc/arm-none-eabi/5.4.1/../../../../arm-none-eabi/lib/armv6-m/libc_nano.a(lib_a-malloc.o)
 .ARM.attributes
                0x00000dfe       0x2c /home/constantinos/RTES/init_software/gcc-arm-none-eabi/bin/../lib/gcc/arm-none-eabi/5.4.1/../../../../arm-none-eabi/lib/armv6-m/libc_nano.a(lib_a-memcmp.o)
 .ARM.attributes
                0x00000e2a       0x2c /home/constantinos/RTES/init_software/gcc-arm-none-eabi/bin/../lib/gcc/arm-none-eabi/5.4.1/../../../../arm-none-eabi/lib/armv6-m/libc_nano.a(lib_a-memcpy-stub.o)
 .ARM.attributes
                0x00000e56       0x2c /home/constantinos/RTES/init_software/gcc-arm-none-eabi/bin/../lib/gcc/arm-none-eabi/5.4.1/../../../../arm-none-eabi/lib/armv6-m/libc_nano.a(lib_a-nano-freer.o)
 .ARM.attributes
                0x00000e82       0x2c /home/constantinos/RTES/init_software/gcc-arm-none-eabi/bin/../lib/gcc/arm-none-eabi/5.4.1/../../../../arm-none-eabi/lib/armv6-m/libc_nano.a(lib_a-nano-mallocr.o)
 .ARM.attributes
                0x00000eae       0x2c /home/constantinos/RTES/init_software/gcc-arm-none-eabi/bin/../lib/gcc/arm-none-eabi/5.4.1/../../../../arm-none-eabi/lib/armv6-m/libc_nano.a(lib_a-nano-vfprintf.o)
 .ARM.attributes
                0x00000eda       0x2c /home/constantinos/RTES/init_software/gcc-arm-none-eabi/bin/../lib/gcc/arm-none-eabi/5.4.1/../../../../arm-none-eabi/lib/armv6-m/libc_nano.a(lib_a-nano-vfprintf_i.o)
 .ARM.attributes
                0x00000f06       0x2c /home/constantinos/RTES/init_software/gcc-arm-none-eabi/bin/../lib/gcc/arm-none-eabi/5.4.1/../../../../arm-none-eabi/lib/armv6-m/libc_nano.a(lib_a-printf.o)
 .ARM.attributes
                0x00000f32       0x2c /home/constantinos/RTES/init_software/gcc-arm-none-eabi/bin/../lib/gcc/arm-none-eabi/5.4.1/../../../../arm-none-eabi/lib/armv6-m/libc_nano.a(lib_a-sbrkr.o)
 .ARM.attributes
                0x00000f5e       0x2c /home/constantinos/RTES/init_software/gcc-arm-none-eabi/bin/../lib/gcc/arm-none-eabi/5.4.1/../../../../arm-none-eabi/lib/armv6-m/libc_nano.a(lib_a-sprintf.o)
 .ARM.attributes
                0x00000f8a       0x1c /home/constantinos/RTES/init_software/gcc-arm-none-eabi/bin/../lib/gcc/arm-none-eabi/5.4.1/../../../../arm-none-eabi/lib/armv6-m/libc_nano.a(lib_a-strlen.o)
 .ARM.attributes
                0x00000fa6       0x2c /home/constantinos/RTES/init_software/gcc-arm-none-eabi/bin/../lib/gcc/arm-none-eabi/5.4.1/../../../../arm-none-eabi/lib/armv6-m/libc_nano.a(lib_a-wbuf.o)
 .ARM.attributes
                0x00000fd2       0x2c /home/constantinos/RTES/init_software/gcc-arm-none-eabi/bin/../lib/gcc/arm-none-eabi/5.4.1/../../../../arm-none-eabi/lib/armv6-m/libc_nano.a(lib_a-wsetup.o)
 .ARM.attributes
                0x00000ffe       0x2c /home/constantinos/RTES/init_software/gcc-arm-none-eabi/bin/../lib/gcc/arm-none-eabi/5.4.1/../../../../arm-none-eabi/lib/armv6-m/libc_nano.a(lib_a-abort.o)
 .ARM.attributes
                0x0000102a       0x2c /home/constantinos/RTES/init_software/gcc-arm-none-eabi/bin/../lib/gcc/arm-none-eabi/5.4.1/../../../../arm-none-eabi/lib/armv6-m/libc_nano.a(lib_a-fflush.o)
 .ARM.attributes
                0x00001056       0x2c /home/constantinos/RTES/init_software/gcc-arm-none-eabi/bin/../lib/gcc/arm-none-eabi/5.4.1/../../../../arm-none-eabi/lib/armv6-m/libc_nano.a(lib_a-findfp.o)
 .ARM.attributes
                0x00001082       0x2c /home/constantinos/RTES/init_software/gcc-arm-none-eabi/bin/../lib/gcc/arm-none-eabi/5.4.1/../../../../arm-none-eabi/lib/armv6-m/libc_nano.a(lib_a-fwalk.o)
 .ARM.attributes
                0x000010ae       0x2c /home/constantinos/RTES/init_software/gcc-arm-none-eabi/bin/../lib/gcc/arm-none-eabi/5.4.1/../../../../arm-none-eabi/lib/armv6-m/libc_nano.a(lib_a-makebuf.o)
 .ARM.attributes
                0x000010da       0x2c /home/constantinos/RTES/init_software/gcc-arm-none-eabi/bin/../lib/gcc/arm-none-eabi/5.4.1/../../../../arm-none-eabi/lib/armv6-m/libc_nano.a(lib_a-memchr-stub.o)
 .ARM.attributes
                0x00001106       0x2c /home/constantinos/RTES/init_software/gcc-arm-none-eabi/bin/../lib/gcc/arm-none-eabi/5.4.1/../../../../arm-none-eabi/lib/armv6-m/libc_nano.a(lib_a-memmove.o)
 .ARM.attributes
                0x00001132       0x2c /home/constantinos/RTES/init_software/gcc-arm-none-eabi/bin/../lib/gcc/arm-none-eabi/5.4.1/../../../../arm-none-eabi/lib/armv6-m/libc_nano.a(lib_a-mlock.o)
 .ARM.attributes
                0x0000115e       0x2c /home/constantinos/RTES/init_software/gcc-arm-none-eabi/bin/../lib/gcc/arm-none-eabi/5.4.1/../../../../arm-none-eabi/lib/armv6-m/libc_nano.a(lib_a-nano-reallocr.o)
 .ARM.attributes
                0x0000118a       0x2c /home/constantinos/RTES/init_software/gcc-arm-none-eabi/bin/../lib/gcc/arm-none-eabi/5.4.1/../../../../arm-none-eabi/lib/armv6-m/libc_nano.a(lib_a-nano-svfprintf.o)
 .ARM.attributes
                0x000011b6       0x2c /home/constantinos/RTES/init_software/gcc-arm-none-eabi/bin/../lib/gcc/arm-none-eabi/5.4.1/../../../../arm-none-eabi/lib/armv6-m/libc_nano.a(lib_a-reent.o)
 .ARM.attributes
                0x000011e2       0x2c /home/constantinos/RTES/init_software/gcc-arm-none-eabi/bin/../lib/gcc/arm-none-eabi/5.4.1/../../../../arm-none-eabi/lib/armv6-m/libc_nano.a(lib_a-signal.o)
 .ARM.attributes
                0x0000120e       0x2c /home/constantinos/RTES/init_software/gcc-arm-none-eabi/bin/../lib/gcc/arm-none-eabi/5.4.1/../../../../arm-none-eabi/lib/armv6-m/libc_nano.a(lib_a-signalr.o)
 .ARM.attributes
                0x0000123a       0x2c /home/constantinos/RTES/init_software/gcc-arm-none-eabi/bin/../lib/gcc/arm-none-eabi/5.4.1/../../../../arm-none-eabi/lib/armv6-m/libc_nano.a(lib_a-stdio.o)
 .ARM.attributes
                0x00001266       0x2c /home/constantinos/RTES/init_software/gcc-arm-none-eabi/bin/../lib/gcc/arm-none-eabi/5.4.1/../../../../arm-none-eabi/lib/armv6-m/libc_nano.a(lib_a-writer.o)
 .ARM.attributes
                0x00001292       0x2c /home/constantinos/RTES/init_software/gcc-arm-none-eabi/bin/../lib/gcc/arm-none-eabi/5.4.1/../../../../arm-none-eabi/lib/armv6-m/libc_nano.a(lib_a-closer.o)
 .ARM.attributes
                0x000012be       0x2c /home/constantinos/RTES/init_software/gcc-arm-none-eabi/bin/../lib/gcc/arm-none-eabi/5.4.1/../../../../arm-none-eabi/lib/armv6-m/libc_nano.a(lib_a-fstatr.o)
 .ARM.attributes
                0x000012ea       0x2c /home/constantinos/RTES/init_software/gcc-arm-none-eabi/bin/../lib/gcc/arm-none-eabi/5.4.1/../../../../arm-none-eabi/lib/armv6-m/libc_nano.a(lib_a-isattyr.o)
 .ARM.attributes
                0x00001316       0x2c /home/constantinos/RTES/init_software/gcc-arm-none-eabi/bin/../lib/gcc/arm-none-eabi/5.4.1/../../../../arm-none-eabi/lib/armv6-m/libc_nano.a(lib_a-lseekr.o)
 .ARM.attributes
                0x00001342       0x2c /home/constantinos/RTES/init_software/gcc-arm-none-eabi/bin/../lib/gcc/arm-none-eabi/5.4.1/../../../../arm-none-eabi/lib/armv6-m/libc_nano.a(lib_a-nano-msizer.o)
 .ARM.attributes
                0x0000136e       0x2c /home/constantinos/RTES/init_software/gcc-arm-none-eabi/bin/../lib/gcc/arm-none-eabi/5.4.1/../../../../arm-none-eabi/lib/armv6-m/libc_nano.a(lib_a-readr.o)
 .ARM.attributes
                0x0000139a       0x1e /home/constantinos/RTES/init_software/gcc-arm-none-eabi/bin/../lib/gcc/arm-none-eabi/5.4.1/armv6-m/crtn.o
 .ARM.attributes
                0x000013b8       0x2c /home/constantinos/RTES/init_software/gcc-arm-none-eabi/bin/../lib/gcc/arm-none-eabi/5.4.1/../../../../arm-none-eabi/lib/armv6-m/libnosys.a(close.o)
 .ARM.attributes
                0x000013e4       0x2c /home/constantinos/RTES/init_software/gcc-arm-none-eabi/bin/../lib/gcc/arm-none-eabi/5.4.1/../../../../arm-none-eabi/lib/armv6-m/libnosys.a(fstat.o)
 .ARM.attributes
                0x00001410       0x2c /home/constantinos/RTES/init_software/gcc-arm-none-eabi/bin/../lib/gcc/arm-none-eabi/5.4.1/../../../../arm-none-eabi/lib/armv6-m/libnosys.a(getpid.o)
 .ARM.attributes
                0x0000143c       0x2c /home/constantinos/RTES/init_software/gcc-arm-none-eabi/bin/../lib/gcc/arm-none-eabi/5.4.1/../../../../arm-none-eabi/lib/armv6-m/libnosys.a(isatty.o)
 .ARM.attributes
                0x00001468       0x2c /home/constantinos/RTES/init_software/gcc-arm-none-eabi/bin/../lib/gcc/arm-none-eabi/5.4.1/../../../../arm-none-eabi/lib/armv6-m/libnosys.a(kill.o)
 .ARM.attributes
                0x00001494       0x2c /home/constantinos/RTES/init_software/gcc-arm-none-eabi/bin/../lib/gcc/arm-none-eabi/5.4.1/../../../../arm-none-eabi/lib/armv6-m/libnosys.a(lseek.o)
 .ARM.attributes
                0x000014c0       0x2c /home/constantinos/RTES/init_software/gcc-arm-none-eabi/bin/../lib/gcc/arm-none-eabi/5.4.1/../../../../arm-none-eabi/lib/armv6-m/libnosys.a(read.o)
 .ARM.attributes
                0x000014ec       0x2c /home/constantinos/RTES/init_software/gcc-arm-none-eabi/bin/../lib/gcc/arm-none-eabi/5.4.1/../../../../arm-none-eabi/lib/armv6-m/libnosys.a(sbrk.o)

.comment        0x00000000       0x6e
 .comment       0x00000000       0x6e _build/system_nrf51.o
                                 0x6f (size before relaxing)
 .comment       0x0000006e       0x6f _build/nrf_delay.o
 .comment       0x0000006e       0x6f _build/in4073.o
 .comment       0x0000006e       0x6f _build/control.o
 .comment       0x0000006e       0x6f _build/sensors.o
 .comment       0x0000006e       0x6f _build/crc.o
 .comment       0x0000006e       0x6f _build/packet.o
 .comment       0x0000006e       0x6f _build/packet_uav.o
 .comment       0x0000006e       0x6f _build/logging.o
 .comment       0x0000006e       0x6f _build/gpio.o
 .comment       0x0000006e       0x6f _build/timers.o
 .comment       0x0000006e       0x6f _build/uart.o
 .comment       0x0000006e       0x6f _build/queue.o
 .comment       0x0000006e       0x6f _build/twi.o
 .comment       0x0000006e       0x6f _build/adc.o
 .comment       0x0000006e       0x6f _build/baro.o
 .comment       0x0000006e       0x6f _build/ble.o
 .comment       0x0000006e       0x6f _build/spi_flash.o
 .comment       0x0000006e       0x6f _build/inv_mpu.o
 .comment       0x0000006e       0x6f _build/inv_mpu_dmp_motion_driver.o
 .comment       0x0000006e       0x6f _build/ml.o
 .comment       0x0000006e       0x6f _build/mpu_wrapper.o
 .comment       0x0000006e       0x6f _build/app_error.o
 .comment       0x0000006e       0x6f _build/app_timer.o
 .comment       0x0000006e       0x6f _build/pstorage.o
 .comment       0x0000006e       0x6f _build/ble_advdata.o
 .comment       0x0000006e       0x6f _build/ble_advertising.o
 .comment       0x0000006e       0x6f _build/ble_conn_params.o
 .comment       0x0000006e       0x6f _build/ble_nus.o
 .comment       0x0000006e       0x6f _build/softdevice_handler.o

.debug_frame    0x00000000     0x1258
 .debug_frame   0x00000000       0x28 /home/constantinos/RTES/init_software/gcc-arm-none-eabi/bin/../lib/gcc/arm-none-eabi/5.4.1/../../../../arm-none-eabi/lib/armv6-m/libc_nano.a(lib_a-exit.o)
 .debug_frame   0x00000028       0x2c /home/constantinos/RTES/init_software/gcc-arm-none-eabi/bin/../lib/gcc/arm-none-eabi/5.4.1/../../../../arm-none-eabi/lib/armv6-m/libc_nano.a(lib_a-init.o)
 .debug_frame   0x00000054       0x20 /home/constantinos/RTES/init_software/gcc-arm-none-eabi/bin/../lib/gcc/arm-none-eabi/5.4.1/../../../../arm-none-eabi/lib/armv6-m/libc_nano.a(lib_a-memset.o)
 .debug_frame   0x00000074       0x20 /home/constantinos/RTES/init_software/gcc-arm-none-eabi/bin/../lib/gcc/arm-none-eabi/5.4.1/../../../../arm-none-eabi/lib/armv6-m/libnosys.a(_exit.o)
 .debug_frame   0x00000094       0x20 /home/constantinos/RTES/init_software/gcc-arm-none-eabi/bin/../lib/gcc/arm-none-eabi/5.4.1/../../../../arm-none-eabi/lib/armv6-m/libm.a(lib_a-s_fabs.o)
 .debug_frame   0x000000b4       0x38 /home/constantinos/RTES/init_software/gcc-arm-none-eabi/bin/../lib/gcc/arm-none-eabi/5.4.1/../../../../arm-none-eabi/lib/armv6-m/libm.a(lib_a-w_asin.o)
 .debug_frame   0x000000ec       0x28 /home/constantinos/RTES/init_software/gcc-arm-none-eabi/bin/../lib/gcc/arm-none-eabi/5.4.1/../../../../arm-none-eabi/lib/armv6-m/libm.a(lib_a-w_atan2.o)
 .debug_frame   0x00000114       0x38 /home/constantinos/RTES/init_software/gcc-arm-none-eabi/bin/../lib/gcc/arm-none-eabi/5.4.1/../../../../arm-none-eabi/lib/armv6-m/libm.a(lib_a-e_asin.o)
 .debug_frame   0x0000014c       0x38 /home/constantinos/RTES/init_software/gcc-arm-none-eabi/bin/../lib/gcc/arm-none-eabi/5.4.1/../../../../arm-none-eabi/lib/armv6-m/libm.a(lib_a-e_atan2.o)
 .debug_frame   0x00000184       0x3c /home/constantinos/RTES/init_software/gcc-arm-none-eabi/bin/../lib/gcc/arm-none-eabi/5.4.1/../../../../arm-none-eabi/lib/armv6-m/libm.a(lib_a-e_sqrt.o)
 .debug_frame   0x000001c0       0x3c /home/constantinos/RTES/init_software/gcc-arm-none-eabi/bin/../lib/gcc/arm-none-eabi/5.4.1/../../../../arm-none-eabi/lib/armv6-m/libm.a(lib_a-s_atan.o)
 .debug_frame   0x000001fc       0x20 /home/constantinos/RTES/init_software/gcc-arm-none-eabi/bin/../lib/gcc/arm-none-eabi/5.4.1/../../../../arm-none-eabi/lib/armv6-m/libm.a(lib_a-s_matherr.o)
 .debug_frame   0x0000021c       0x20 /home/constantinos/RTES/init_software/gcc-arm-none-eabi/bin/../lib/gcc/arm-none-eabi/5.4.1/../../../../arm-none-eabi/lib/armv6-m/libm.a(lib_a-s_nan.o)
 .debug_frame   0x0000023c       0x20 /home/constantinos/RTES/init_software/gcc-arm-none-eabi/bin/../lib/gcc/arm-none-eabi/5.4.1/armv6-m/libgcc.a(_udivsi3.o)
 .debug_frame   0x0000025c       0x20 /home/constantinos/RTES/init_software/gcc-arm-none-eabi/bin/../lib/gcc/arm-none-eabi/5.4.1/armv6-m/libgcc.a(_divsi3.o)
 .debug_frame   0x0000027c       0x34 /home/constantinos/RTES/init_software/gcc-arm-none-eabi/bin/../lib/gcc/arm-none-eabi/5.4.1/armv6-m/libgcc.a(_muldi3.o)