Archive member included to satisfy reference by file (symbol)

/media/ishu/Data/MS/Quarter5/ERTS/lab/ishu/gcc-arm-none-eabi/bin/../lib/gcc/arm-none-eabi/5.4.1/../../../../arm-none-eabi/lib/armv6-m/libc_nano.a(lib_a-exit.o)
                              /media/ishu/Data/MS/Quarter5/ERTS/lab/ishu/gcc-arm-none-eabi/bin/../lib/gcc/arm-none-eabi/5.4.1/../../../../arm-none-eabi/lib/armv6-m/crt0.o (exit)
/media/ishu/Data/MS/Quarter5/ERTS/lab/ishu/gcc-arm-none-eabi/bin/../lib/gcc/arm-none-eabi/5.4.1/../../../../arm-none-eabi/lib/armv6-m/libc_nano.a(lib_a-impure.o)
                              /media/ishu/Data/MS/Quarter5/ERTS/lab/ishu/gcc-arm-none-eabi/bin/../lib/gcc/arm-none-eabi/5.4.1/../../../../arm-none-eabi/lib/armv6-m/libc_nano.a(lib_a-exit.o) (_global_impure_ptr)
/media/ishu/Data/MS/Quarter5/ERTS/lab/ishu/gcc-arm-none-eabi/bin/../lib/gcc/arm-none-eabi/5.4.1/../../../../arm-none-eabi/lib/armv6-m/libc_nano.a(lib_a-init.o)
                              /media/ishu/Data/MS/Quarter5/ERTS/lab/ishu/gcc-arm-none-eabi/bin/../lib/gcc/arm-none-eabi/5.4.1/../../../../arm-none-eabi/lib/armv6-m/crt0.o (__libc_init_array)
/media/ishu/Data/MS/Quarter5/ERTS/lab/ishu/gcc-arm-none-eabi/bin/../lib/gcc/arm-none-eabi/5.4.1/../../../../arm-none-eabi/lib/armv6-m/libc_nano.a(lib_a-memset.o)
                              /media/ishu/Data/MS/Quarter5/ERTS/lab/ishu/gcc-arm-none-eabi/bin/../lib/gcc/arm-none-eabi/5.4.1/../../../../arm-none-eabi/lib/armv6-m/crt0.o (memset)
/media/ishu/Data/MS/Quarter5/ERTS/lab/ishu/gcc-arm-none-eabi/bin/../lib/gcc/arm-none-eabi/5.4.1/../../../../arm-none-eabi/lib/armv6-m/libnosys.a(_exit.o)
                              /media/ishu/Data/MS/Quarter5/ERTS/lab/ishu/gcc-arm-none-eabi/bin/../lib/gcc/arm-none-eabi/5.4.1/../../../../arm-none-eabi/lib/armv6-m/libc_nano.a(lib_a-exit.o) (_exit)
/media/ishu/Data/MS/Quarter5/ERTS/lab/ishu/gcc-arm-none-eabi/bin/../lib/gcc/arm-none-eabi/5.4.1/../../../../arm-none-eabi/lib/armv6-m/libm.a(lib_a-s_fabs.o)
                              _build/inv_mpu.o (fabs)
/media/ishu/Data/MS/Quarter5/ERTS/lab/ishu/gcc-arm-none-eabi/bin/../lib/gcc/arm-none-eabi/5.4.1/../../../../arm-none-eabi/lib/armv6-m/libm.a(lib_a-w_asin.o)
                              _build/mpu_wrapper.o (asin)
/media/ishu/Data/MS/Quarter5/ERTS/lab/ishu/gcc-arm-none-eabi/bin/../lib/gcc/arm-none-eabi/5.4.1/../../../../arm-none-eabi/lib/armv6-m/libm.a(lib_a-w_atan2.o)
                              _build/mpu_wrapper.o (atan2)
/media/ishu/Data/MS/Quarter5/ERTS/lab/ishu/gcc-arm-none-eabi/bin/../lib/gcc/arm-none-eabi/5.4.1/../../../../arm-none-eabi/lib/armv6-m/libm.a(lib_a-e_asin.o)
                              /media/ishu/Data/MS/Quarter5/ERTS/lab/ishu/gcc-arm-none-eabi/bin/../lib/gcc/arm-none-eabi/5.4.1/../../../../arm-none-eabi/lib/armv6-m/libm.a(lib_a-w_asin.o) (__ieee754_asin)
/media/ishu/Data/MS/Quarter5/ERTS/lab/ishu/gcc-arm-none-eabi/bin/../lib/gcc/arm-none-eabi/5.4.1/../../../../arm-none-eabi/lib/armv6-m/libm.a(lib_a-e_atan2.o)
                              /media/ishu/Data/MS/Quarter5/ERTS/lab/ishu/gcc-arm-none-eabi/bin/../lib/gcc/arm-none-eabi/5.4.1/../../../../arm-none-eabi/lib/armv6-m/libm.a(lib_a-w_atan2.o) (__ieee754_atan2)
/media/ishu/Data/MS/Quarter5/ERTS/lab/ishu/gcc-arm-none-eabi/bin/../lib/gcc/arm-none-eabi/5.4.1/../../../../arm-none-eabi/lib/armv6-m/libm.a(lib_a-e_sqrt.o)
                              /media/ishu/Data/MS/Quarter5/ERTS/lab/ishu/gcc-arm-none-eabi/bin/../lib/gcc/arm-none-eabi/5.4.1/../../../../arm-none-eabi/lib/armv6-m/libm.a(lib_a-e_asin.o) (__ieee754_sqrt)
/media/ishu/Data/MS/Quarter5/ERTS/lab/ishu/gcc-arm-none-eabi/bin/../lib/gcc/arm-none-eabi/5.4.1/../../../../arm-none-eabi/lib/armv6-m/libm.a(lib_a-s_atan.o)
                              /media/ishu/Data/MS/Quarter5/ERTS/lab/ishu/gcc-arm-none-eabi/bin/../lib/gcc/arm-none-eabi/5.4.1/../../../../arm-none-eabi/lib/armv6-m/libm.a(lib_a-e_atan2.o) (atan)
/media/ishu/Data/MS/Quarter5/ERTS/lab/ishu/gcc-arm-none-eabi/bin/../lib/gcc/arm-none-eabi/5.4.1/../../../../arm-none-eabi/lib/armv6-m/libm.a(lib_a-s_lib_ver.o)
                              /media/ishu/Data/MS/Quarter5/ERTS/lab/ishu/gcc-arm-none-eabi/bin/../lib/gcc/arm-none-eabi/5.4.1/../../../../arm-none-eabi/lib/armv6-m/libm.a(lib_a-w_asin.o) (__fdlib_version)
/media/ishu/Data/MS/Quarter5/ERTS/lab/ishu/gcc-arm-none-eabi/bin/../lib/gcc/arm-none-eabi/5.4.1/../../../../arm-none-eabi/lib/armv6-m/libm.a(lib_a-s_matherr.o)
                              /media/ishu/Data/MS/Quarter5/ERTS/lab/ishu/gcc-arm-none-eabi/bin/../lib/gcc/arm-none-eabi/5.4.1/../../../../arm-none-eabi/lib/armv6-m/libm.a(lib_a-w_asin.o) (matherr)
/media/ishu/Data/MS/Quarter5/ERTS/lab/ishu/gcc-arm-none-eabi/bin/../lib/gcc/arm-none-eabi/5.4.1/../../../../arm-none-eabi/lib/armv6-m/libm.a(lib_a-s_nan.o)
                              /media/ishu/Data/MS/Quarter5/ERTS/lab/ishu/gcc-arm-none-eabi/bin/../lib/gcc/arm-none-eabi/5.4.1/../../../../arm-none-eabi/lib/armv6-m/libm.a(lib_a-w_asin.o) (nan)
[...]
Memory Configuration

Name             Origin             Length             Attributes
FLASH            0x00018000         0x00028000         xr
RAM              0x20002000         0x00002000         xrw
*default*        0x00000000         0xffffffff

Linker script and memory map

LOAD /media/ishu/Data/MS/Quarter5/ERTS/lab/ishu/gcc-arm-none-eabi/bin/../lib/gcc/arm-none-eabi/5.4.1/armv6-m/crti.o
LOAD /media/ishu/Data/MS/Quarter5/ERTS/lab/ishu/gcc-arm-none-eabi/bin/../lib/gcc/arm-none-eabi/5.4.1/armv6-m/crtbegin.o
LOAD /media/ishu/Data/MS/Quarter5/ERTS/lab/ishu/gcc-arm-none-eabi/bin/../lib/gcc/arm-none-eabi/5.4.1/../../../../arm-none-eabi/lib/armv6-m/crt0.o
LOAD /media/ishu/Data/MS/Quarter5/ERTS/lab/ishu/gcc-arm-none-eabi/bin/../lib/gcc/arm-none-eabi/5.4.1/../../../../arm-none-eabi/lib/armv6-m/libc_nano.a
LOAD /media/ishu/Data/MS/Quarter5/ERTS/lab/ishu/gcc-arm-none-eabi/bin/../lib/gcc/arm-none-eabi/5.4.1/../../../../arm-none-eabi/lib/armv6-m/libnosys.a
LOAD /media/ishu/Data/MS/Quarter5/ERTS/lab/ishu/gcc-arm-none-eabi/bin/../lib/gcc/arm-none-eabi/5.4.1/../../../../arm-none-eabi/lib/armv6-m/libm.a
LOAD _build/system_nrf51.o
LOAD _build/nrf_delay.o
LOAD _build/in4073.o
LOAD _build/control.o
LOAD _build/sensors.o
LOAD _build/filters.o
LOAD _build/fixedp.o
LOAD _build/crc.o
LOAD _build/packet.o
LOAD _build/packet_uav.o
LOAD _build/logging.o
LOAD _build/gpio.o
LOAD _build/timers.o
LOAD _build/uart.o
LOAD _build/queue.o
LOAD _build/twi.o
LOAD _build/adc.o
LOAD _build/baro.o
LOAD _build/ble.o
LOAD _build/spi_flash.o
LOAD _build/inv_mpu.o
LOAD _build/inv_mpu_dmp_motion_driver.o
LOAD _build/ml.o
LOAD _build/mpu_wrapper.o
LOAD _build/app_error.o
LOAD _build/app_timer.o
LOAD _build/nrf_assert.o
LOAD _build/nrf_drv_common.o
LOAD _build/pstorage.o
LOAD _build/ble_advdata.o
LOAD _build/ble_advertising.o
LOAD _build/ble_conn_params.o
LOAD _build/ble_nus.o
LOAD _build/ble_srv_common.o
LOAD _build/softdevice_handler.o
LOAD _build/gcc_startup_nrf51.o
LOAD /media/ishu/Data/MS/Quarter5/ERTS/lab/ishu/gcc-arm-none-eabi/bin/../lib/gcc/arm-none-eabi/5.4.1/../../../../arm-none-eabi/lib/armv6-m/libm.a
START GROUP
LOAD /media/ishu/Data/MS/Quarter5/ERTS/lab/ishu/gcc-arm-none-eabi/bin/../lib/gcc/arm-none-eabi/5.4.1/armv6-m/libgcc.a
LOAD /media/ishu/Data/MS/Quarter5/ERTS/lab/ishu/gcc-arm-none-eabi/bin/../lib/gcc/arm-none-eabi/5.4.1/../../../../arm-none-eabi/lib/armv6-m/libc_nano.a
END GROUP
START GROUP
LOAD /media/ishu/Data/MS/Quarter5/ERTS/lab/ishu/gcc-arm-none-eabi/bin/../lib/gcc/arm-none-eabi/5.4.1/armv6-m/libgcc.a
LOAD /media/ishu/Data/MS/Quarter5/ERTS/lab/ishu/gcc-arm-none-eabi/bin/../lib/gcc/arm-none-eabi/5.4.1/../../../../arm-none-eabi/lib/armv6-m/libc_nano.a
END GROUP
LOAD /media/ishu/Data/MS/Quarter5/ERTS/lab/ishu/gcc-arm-none-eabi/bin/../lib/gcc/arm-none-eabi/5.4.1/armv6-m/crtend.o
LOAD /media/ishu/Data/MS/Quarter5/ERTS/lab/ishu/gcc-arm-none-eabi/bin/../lib/gcc/arm-none-eabi/5.4.1/armv6-m/crtn.o
START GROUP
LOAD /media/ishu/Data/MS/Quarter5/ERTS/lab/ishu/gcc-arm-none-eabi/bin/../lib/gcc/arm-none-eabi/5.4.1/armv6-m/libgcc.a
LOAD /media/ishu/Data/MS/Quarter5/ERTS/lab/ishu/gcc-arm-none-eabi/bin/../lib/gcc/arm-none-eabi/5.4.1/../../../../arm-none-eabi/lib/armv6-m/libc.a
LOAD /media/ishu/Data/MS/Quarter5/ERTS/lab/ishu/gcc-arm-none-eabi/bin/../lib/gcc/arm-none-eabi/5.4.1/../../../../arm-none-eabi/lib/armv6-m/libnosys.a
END GROUP

.fs_data_out    0x00000000        0x0
                [!provide]                PROVIDE (__start_fs_data, .)
 *(fs_data)
                [!provide]                PROVIDE (__stop_fs_data, .)

.text           0x00018000     0xc40c
 *(.Vectors)
 .Vectors       0x00018000       0xc0 _build/gcc_startup_nrf51.o
                0x00018000                __Vectors
 *(.text*)
 .text          0x000180c0       0x60 /media/ishu/Data/MS/Quarter5/ERTS/lab/ishu/gcc-arm-none-eabi/bin/../lib/gcc/arm-none-eabi/5.4.1/armv6-m/crtbegin.o
 .text          0x00018120       0x78 /media/ishu/Data/MS/Quarter5/ERTS/lab/ishu/gcc-arm-none-eabi/bin/../lib/gcc/arm-none-eabi/5.4.1/../../../../arm-none-eabi/lib/armv6-m/crt0.o
                0x00018120                _mainCRTStartup
                0x00018120                _start
 .text.exit     0x00018198       0x2c /media/ishu/Data/MS/Quarter5/ERTS/lab/ishu/gcc-arm-none-eabi/bin/../lib/gcc/arm-none-eabi/5.4.1/../../../../arm-none-eabi/lib/armv6-m/libc_nano.a(lib_a-exit.o)
                0x00018198                exit
 .text.__libc_init_array
                0x000181c4       0x4c /media/ishu/Data/MS/Quarter5/ERTS/lab/ishu/gcc-arm-none-eabi/bin/../lib/gcc/arm-none-eabi/5.4.1/../../../../arm-none-eabi/lib/armv6-m/libc_nano.a(lib_a-init.o)
                0x000181c4                __libc_init_array
 .text.memset   0x00018210       0x10 /media/ishu/Data/MS/Quarter5/ERTS/lab/ishu/gcc-arm-none-eabi/bin/../lib/gcc/arm-none-eabi/5.4.1/../../../../arm-none-eabi/lib/armv6-m/libc_nano.a(lib_a-memset.o)
                0x00018210                memset
 .text._exit    0x00018220        0x4 /media/ishu/Data/MS/Quarter5/ERTS/lab/ishu/gcc-arm-none-eabi/bin/../lib/gcc/arm-none-eabi/5.4.1/../../../../arm-none-eabi/lib/armv6-m/libnosys.a(_exit.o)
                0x00018220                _exit
 .text.SystemInit
                0x00018224       0x94 _build/system_nrf51.o
                0x00018224                SystemInit
 .text.nrf_delay_ms
                0x000182b8       0x3c _build/nrf_delay.o
                0x000182b8                nrf_delay_ms
 .text.determine_mode
                0x000182f4      0x228 _build/in4073.o
                0x000182f4                determine_mode
 .text.process_mode
                0x0001851c      0x1d0 _build/in4073.o
                0x0001851c                process_mode
 .text.startup.main
                0x000186ec      0x2cc _build/in4073.o
                0x000186ec                main
 .text.update_actuator
                0x000189b8      0x124 _build/control.o
                0x000189b8                update_actuator
 .text.update_motors
                0x00018adc       0x90 _build/control.o
                0x00018adc                update_motors
 .text.yaw_controller
                0x00018b6c       0xf0 _build/control.o
                0x00018b6c                yaw_controller
 .text.yaw_mode
                0x00018c5c      0x118 _build/control.o
                0x00018c5c                yaw_mode
 .text.height_rate_controller
                0x00018d74       0xe4 _build/control.o
                0x00018d74                height_rate_controller
 .text.rate_controller
                0x00018e58      0x180 _build/control.o
                0x00018e58                rate_controller
 .text.height_mode
                0x00018fd8      0x154 _build/control.o
                0x00018fd8                height_mode
 .text.run_filters_and_control
                0x0001912c       0x84 _build/control.o
                0x0001912c                run_filters_and_control
 .text.isCalibrated
                0x000191b0        0xc _build/sensors.o
                0x000191b0                isCalibrated
 .text.get_sensor
                0x000191bc      0x100 _build/sensors.o
                0x000191bc                get_sensor
 .text.insert_data
                0x000192bc      0x174 _build/sensors.o
                0x000192bc                insert_data
 .text.calibrate_sensors
                0x00019430      0x328 _build/sensors.o
                0x00019430                calibrate_sensors
 .text.butter   0x00019758       0xac _build/filters.o
                0x00019758                butter
 .text.fpmult   0x00019804        0x8 _build/fixedp.o
                0x00019804                fpmult
 .text.crc_message
                0x0001980c       0x20 _build/crc.o
                0x0001980c                crc_message
 .text.decode_header_pc_uav
                0x0001982c       0x7c _build/packet.o
                0x0001982c                decode_header_pc_uav
 .text.decode_data_command
                0x000198a8       0x18 _build/packet.o
                0x000198a8                decode_data_command
 .text.decode   0x000198c0      0x164 _build/packet_uav.o
                0x000198c0                decode
 .text.init_logging
                0x00019a24       0x44 _build/logging.o
                0x00019a24                init_logging
 .text.select_log_mode
                0x00019a68       0x48 _build/logging.o
                0x00019a68                select_log_mode
 .text.gpio_init
                0x00019ab0       0x8c _build/gpio.o
                0x00019ab0                gpio_init
 .text.quadrupel_timer_handler
                0x00019b3c        0xc _build/timers.o
                0x00019b3c                quadrupel_timer_handler
 .text.TIMER2_IRQHandler
                0x00019b48       0xb8 _build/timers.o
                0x00019b48                TIMER2_IRQHandler
 .text.TIMER1_IRQHandler
                0x00019c00       0xac _build/timers.o
                0x00019c00                TIMER1_IRQHandler
 .text.get_time_us
                0x00019cac       0x20 _build/timers.o
                0x00019cac                get_time_us
 .text.check_timer_flag
                0x00019ccc        0xc _build/timers.o
                0x00019ccc                check_timer_flag
 .text.clear_timer_flag
                0x00019cd8        0xc _build/timers.o
                0x00019cd8                clear_timer_flag
 .text.timers_init
                0x00019ce4      0x1d4 _build/timers.o
                0x00019ce4                timers_init
 .text._write   0x00019eb8       0x84 _build/uart.o
                0x00019eb8                _write
 .text.UART0_IRQHandler
                0x00019f3c       0x84 _build/uart.o
                0x00019f3c                UART0_IRQHandler
 .text.uart_init
                0x00019fc0       0xa0 _build/uart.o
                0x00019fc0                uart_init
 .text.init_queue
                0x0001a060       0x14 _build/queue.o
                0x0001a060                init_queue
 .text.enqueue  0x0001a074       0x1c _build/queue.o
                0x0001a074                enqueue
 .text.dequeue  0x0001a090       0x20 _build/queue.o
                0x0001a090                dequeue
 .text.i2c_read
                0x0001a0b0       0xc0 _build/twi.o
                0x0001a0b0                i2c_read
 .text.i2c_write
                0x0001a170       0x70 _build/twi.o
                0x0001a170                i2c_write
 .text.SPI0_TWI0_IRQHandler
                0x0001a1e0       0x70 _build/twi.o
                0x0001a1e0                SPI0_TWI0_IRQHandler
 .text.twi_init
                0x0001a250       0x84 _build/twi.o
                0x0001a250                twi_init
 .text.adc_request_sample
                0x0001a2d4       0x18 _build/adc.o
                0x0001a2d4                adc_request_sample
 .text.ADC_IRQHandler
                0x0001a2ec       0x24 _build/adc.o
                0x0001a2ec                ADC_IRQHandler
 .text.adc_init
                0x0001a310       0x3c _build/adc.o
                0x0001a310                adc_init
 .text.read_baro
                0x0001a34c      0x1b4 _build/baro.o
                0x0001a34c                read_baro
 .text.baro_init
                0x0001a500       0x34 _build/baro.o
                0x0001a500                baro_init
 .text.sd_ble_gap_disconnect
                0x0001a534        0x4 _build/ble.o
 .text.sd_ble_gap_ppcp_set
                0x0001a538        0x4 _build/ble.o
 .text.sd_ble_gap_device_name_set
                0x0001a53c        0x4 _build/ble.o
 .text.sd_ble_gap_sec_params_reply
                0x0001a540        0x4 _build/ble.o
 .text.sd_ble_gatts_sys_attr_set
                0x0001a544        0x4 _build/ble.o
 .text.sd_ble_enable
                0x0001a548        0x4 _build/ble.o
 .text.sd_nvic_EnableIRQ
                0x0001a54c        0x4 _build/ble.o
 .text.sd_nvic_ClearPendingIRQ
                0x0001a550        0x4 _build/ble.o
 .text.sd_nvic_SetPriority
                0x0001a554        0x4 _build/ble.o
 .text.sd_radio_notification_cfg_set
                0x0001a558        0x4 _build/ble.o
 .text.conn_params_error_handler
                0x0001a55c       0x1c _build/ble.o
 .text.nus_data_handler
                0x0001a578       0x20 _build/ble.o
 .text.ble_evt_dispatch
                0x0001a598       0x94 _build/ble.o
 .text.on_conn_params_evt
                0x0001a62c       0x38 _build/ble.o
 .text.SWI1_IRQHandler
                0x0001a664       0x10 _build/ble.o
                0x0001a664                SWI1_IRQHandler
 .text.ble_init
                0x0001a674      0x204 _build/ble.o
                0x0001a674                ble_init
 .text.flash_chip_erase
                0x0001a878       0x9c _build/spi_flash.o
                0x0001a878                flash_chip_erase
 .text.spi_flash_init
                0x0001a914      0x230 _build/spi_flash.o
                0x0001a914                spi_flash_init
 .text.mpu_reset_fifo
                0x0001ab44      0x15c _build/inv_mpu.o
                0x0001ab44                mpu_reset_fifo
 .text.mpu_lp_accel_mode
                0x0001aca0      0x1b8 _build/inv_mpu.o
                0x0001aca0                mpu_lp_accel_mode
 .text.mpu_get_accel_fsr
                0x0001ae58       0x4c _build/inv_mpu.o
                0x0001ae58                mpu_get_accel_fsr
 .text.mpu_set_lpf
                0x0001aea4       0x78 _build/inv_mpu.o
                0x0001aea4                mpu_set_lpf
 .text.mpu_set_sample_rate
                0x0001af1c      0x168 _build/inv_mpu.o
                0x0001af1c                mpu_set_sample_rate
 .text.mpu_configure_fifo
                0x0001b084       0xd0 _build/inv_mpu.o
                0x0001b084                mpu_configure_fifo
 .text.mpu_set_sensors
                0x0001b154      0x140 _build/inv_mpu.o
                0x0001b154                mpu_set_sensors
 .text.mpu_init
                0x0001b294      0x1f4 _build/inv_mpu.o
                0x0001b294                mpu_init
 .text.mpu_read_fifo_stream
                0x0001b488       0xb0 _build/inv_mpu.o
                0x0001b488                mpu_read_fifo_stream
 .text.mpu_set_int_level
                0x0001b538       0x10 _build/inv_mpu.o
                0x0001b538                mpu_set_int_level
 .text.mpu_set_int_latched
                0x0001b548       0x68 _build/inv_mpu.o
                0x0001b548                mpu_set_int_latched
 .text.mpu_write_mem
                0x0001b5b0       0x58 _build/inv_mpu.o
                0x0001b5b0                mpu_write_mem
 .text.mpu_load_firmware
                0x0001b608      0x15c _build/inv_mpu.o
                0x0001b608                mpu_load_firmware
 .text.mpu_set_dmp_state
                0x0001b764      0x174 _build/inv_mpu.o
                0x0001b764                mpu_set_dmp_state
 .text.dmp_load_motion_driver_firmware
                0x0001b8d8       0x1c _build/inv_mpu_dmp_motion_driver.o
                0x0001b8d8                dmp_load_motion_driver_firmware
 .text.dmp_set_orientation
                0x0001b8f4      0x118 _build/inv_mpu_dmp_motion_driver.o
                0x0001b8f4                dmp_set_orientation
 .text.dmp_set_fifo_rate
                0x0001ba0c       0x64 _build/inv_mpu_dmp_motion_driver.o
                0x0001ba0c                dmp_set_fifo_rate
 .text.dmp_set_tap_thresh
                0x0001ba70      0x164 _build/inv_mpu_dmp_motion_driver.o
                0x0001ba70                dmp_set_tap_thresh
 .text.dmp_enable_feature
                0x0001bbd4      0x28c _build/inv_mpu_dmp_motion_driver.o
                0x0001bbd4                dmp_enable_feature
 .text.dmp_read_fifo
                0x0001be60      0x20c _build/inv_mpu_dmp_motion_driver.o
                0x0001be60                dmp_read_fifo
 .text.inv_orientation_matrix_to_scalar
                0x0001c06c      0x11c _build/ml.o
                0x0001c06c                inv_orientation_matrix_to_scalar
 .text.get_dmp_data
                0x0001c188      0x218 _build/mpu_wrapper.o
                0x0001c188                get_dmp_data
 .text.check_sensor_int_flag
                0x0001c3a0       0x20 _build/mpu_wrapper.o
                0x0001c3a0                check_sensor_int_flag
 .text.imu_init
                0x0001c3c0      0x10c _build/mpu_wrapper.o
                0x0001c3c0                imu_init
 .text.app_error_handler
                0x0001c4cc       0x40 _build/app_error.o
                0x0001c4cc                app_error_handler
 .text.rtc1_stop
                0x0001c50c       0x78 _build/app_timer.o
 .text.RTC1_IRQHandler
                0x0001c584       0xe0 _build/app_timer.o
                0x0001c584                RTC1_IRQHandler
 .text.SWI0_IRQHandler
                0x0001c664      0x4cc _build/app_timer.o
                0x0001c664                SWI0_IRQHandler
 .text.app_timer_init
                0x0001cb30       0xe4 _build/app_timer.o
                0x0001cb30                app_timer_init
 .text.app_timer_create
                0x0001cc14       0x34 _build/app_timer.o
                0x0001cc14                app_timer_create
 .text.app_timer_start
                0x0001cc48       0xec _build/app_timer.o
                0x0001cc48                app_timer_start
 .text.app_timer_stop
                0x0001cd34       0xc4 _build/app_timer.o
                0x0001cd34                app_timer_stop
 .text.pstorage_access_status_get
                0x0001cdf8       0x28 _build/pstorage.o
                0x0001cdf8                pstorage_access_status_get
 .text.sd_ble_gap_address_get
                0x0001ce20        0x4 _build/ble_advdata.o
 .text.sd_ble_gap_adv_data_set
                0x0001ce24        0x4 _build/ble_advdata.o
 .text.sd_ble_gap_appearance_get
                0x0001ce28        0x4 _build/ble_advdata.o
 .text.sd_ble_gap_device_name_get
                0x0001ce2c        0x4 _build/ble_advdata.o
 .text.sd_ble_uuid_encode
                0x0001ce30        0x4 _build/ble_advdata.o
 .text.uuid_list_sized_encode
                0x0001ce34       0xf8 _build/ble_advdata.o
 .text.adv_data_encode
                0x0001cf2c      0x5b8 _build/ble_advdata.o
                0x0001cf2c                adv_data_encode
 .text.ble_advdata_set
                0x0001d4e4       0x68 _build/ble_advdata.o
                0x0001d4e4                ble_advdata_set
 .text.sd_ble_gap_adv_start
                0x0001d54c        0x4 _build/ble_advertising.o
 .text.ble_advertising_start.part.1
                0x0001d550      0x2a8 _build/ble_advertising.o
 .text.ble_advertising_init
                0x0001d7f8      0x144 _build/ble_advertising.o
                0x0001d7f8                ble_advertising_init
 .text.ble_advertising_start
                0x0001d93c       0x3c _build/ble_advertising.o
                0x0001d93c                ble_advertising_start
 .text.ble_advertising_on_ble_evt
                0x0001d978       0xec _build/ble_advertising.o
                0x0001d978                ble_advertising_on_ble_evt
 .text.sd_ble_gap_conn_param_update
                0x0001da64        0x4 _build/ble_conn_params.o
 .text.sd_ble_gap_disconnect
                0x0001da68        0x4 _build/ble_conn_params.o
 .text.sd_ble_gap_ppcp_set
                0x0001da6c        0x4 _build/ble_conn_params.o
 .text.sd_ble_gap_ppcp_get
                0x0001da70        0x4 _build/ble_conn_params.o
 .text.update_timeout_handler
                0x0001da74       0x78 _build/ble_conn_params.o
 .text.conn_params_negotiation
                0x0001daec       0x88 _build/ble_conn_params.o
 .text.ble_conn_params_init
                0x0001db74       0x78 _build/ble_conn_params.o
                0x0001db74                ble_conn_params_init
 .text.ble_conn_params_on_ble_evt
                0x0001dbec       0xac _build/ble_conn_params.o
                0x0001dbec                ble_conn_params_on_ble_evt
 .text.sd_ble_gatts_service_add
                0x0001dc98        0x4 _build/ble_nus.o
 .text.sd_ble_gatts_characteristic_add
                0x0001dc9c        0x4 _build/ble_nus.o
 .text.sd_ble_uuid_vs_add
                0x0001dca0        0x4 _build/ble_nus.o
 .text.ble_nus_on_ble_evt
                0x0001dca4       0x60 _build/ble_nus.o
                0x0001dca4                ble_nus_on_ble_evt
 .text.ble_nus_init
                0x0001dd04      0x208 _build/ble_nus.o
                0x0001dd04                ble_nus_init
 .text.sd_nvic_EnableIRQ
                0x0001df0c        0x4 _build/softdevice_handler.o
 .text.sd_evt_get
                0x0001df10        0x4 _build/softdevice_handler.o
 .text.sd_softdevice_enable
                0x0001df14        0x4 _build/softdevice_handler.o
 .text.sd_ble_evt_get
                0x0001df18        0x4 _build/softdevice_handler.o
 .text.softdevice_assertion_handler
                0x0001df1c        0xc _build/softdevice_handler.o
                0x0001df1c                softdevice_assertion_handler
 .text.intern_softdevice_events_execute.part.0
                0x0001df28       0xec _build/softdevice_handler.o
 .text.softdevice_handler_init
                0x0001e014       0x4c _build/softdevice_handler.o
                0x0001e014                softdevice_handler_init
 .text.softdevice_ble_evt_handler_set
                0x0001e060       0x14 _build/softdevice_handler.o
                0x0001e060                softdevice_ble_evt_handler_set
 .text.SWI2_IRQHandler
                0x0001e074       0x34 _build/softdevice_handler.o
                0x0001e074                SWI2_IRQHandler
 .text          0x0001e0a8       0x54 _build/gcc_startup_nrf51.o
                0x0001e0a8                Reset_Handler
                0x0001e0f0                NMI_Handler
                0x0001e0f2                HardFault_Handler
                0x0001e0f4                SVC_Handler
                0x0001e0f6                PendSV_Handler
                0x0001e0f8                SysTick_Handler
                0x0001e0fa                RTC0_IRQHandler
                0x0001e0fa                GPIOTE_IRQHandler
                0x0001e0fa                POWER_CLOCK_IRQHandler
                0x0001e0fa                RADIO_IRQHandler
                0x0001e0fa                LPCOMP_IRQHandler
                0x0001e0fa                SWI4_IRQHandler
                0x0001e0fa                TEMP_IRQHandler
                0x0001e0fa                QDEC_IRQHandler
                0x0001e0fa                SWI5_IRQHandler
                0x0001e0fa                TIMER0_IRQHandler
                0x0001e0fa                ECB_IRQHandler
                0x0001e0fa                Default_Handler
                0x0001e0fa                SWI3_IRQHandler
                0x0001e0fa                CCM_AAR_IRQHandler
                0x0001e0fa                WDT_IRQHandler
                0x0001e0fa                RNG_IRQHandler
                0x0001e0fa                SPI1_TWI1_IRQHandler
 .text.fabs     0x0001e0fc        0x8 /media/ishu/Data/MS/Quarter5/ERTS/lab/ishu/gcc-arm-none-eabi/bin/../lib/gcc/arm-none-eabi/5.4.1/../../../../arm-none-eabi/lib/armv6-m/libm.a(lib_a-s_fabs.o)
                0x0001e0fc                fabs
 .text.asin     0x0001e104       0xc4 /media/ishu/Data/MS/Quarter5/ERTS/lab/ishu/gcc-arm-none-eabi/bin/../lib/gcc/arm-none-eabi/5.4.1/../../../../arm-none-eabi/lib/armv6-m/libm.a(lib_a-w_asin.o)
                0x0001e104                asin
 .text.atan2    0x0001e1c8        0x8 /media/ishu/Data/MS/Quarter5/ERTS/lab/ishu/gcc-arm-none-eabi/bin/../lib/gcc/arm-none-eabi/5.4.1/../../../../arm-none-eabi/lib/armv6-m/libm.a(lib_a-w_atan2.o)
                0x0001e1c8                atan2
 .text.__ieee754_asin
                0x0001e1d0      0x3cc /media/ishu/Data/MS/Quarter5/ERTS/lab/ishu/gcc-arm-none-eabi/bin/../lib/gcc/arm-none-eabi/5.4.1/../../../../arm-none-eabi/lib/armv6-m/libm.a(lib_a-e_asin.o)
                0x0001e1d0                __ieee754_asin
 .text.__ieee754_atan2
                0x0001e59c      0x178 /media/ishu/Data/MS/Quarter5/ERTS/lab/ishu/gcc-arm-none-eabi/bin/../lib/gcc/arm-none-eabi/5.4.1/../../../../arm-none-eabi/lib/armv6-m/libm.a(lib_a-e_atan2.o)
                0x0001e59c                __ieee754_atan2
 .text.__ieee754_sqrt
                0x0001e714      0x1ec /media/ishu/Data/MS/Quarter5/ERTS/lab/ishu/gcc-arm-none-eabi/bin/../lib/gcc/arm-none-eabi/5.4.1/../../../../arm-none-eabi/lib/armv6-m/libm.a(lib_a-e_sqrt.o)
                0x0001e714                __ieee754_sqrt
 .text.atan     0x0001e900      0x33c /media/ishu/Data/MS/Quarter5/ERTS/lab/ishu/gcc-arm-none-eabi/bin/../lib/gcc/arm-none-eabi/5.4.1/../../../../arm-none-eabi/lib/armv6-m/libm.a(lib_a-s_atan.o)
                0x0001e900                atan
 .text.matherr  0x0001ec3c        0x4 /media/ishu/Data/MS/Quarter5/ERTS/lab/ishu/gcc-arm-none-eabi/bin/../lib/gcc/arm-none-eabi/5.4.1/../../../../arm-none-eabi/lib/armv6-m/libm.a(lib_a-s_matherr.o)
                0x0001ec3c                matherr
 .text.nan      0x0001ec40        0xc /media/ishu/Data/MS/Quarter5/ERTS/lab/ishu/gcc-arm-none-eabi/bin/../lib/gcc/arm-none-eabi/5.4.1/../../../../arm-none-eabi/lib/armv6-m/libm.a(lib_a-s_nan.o)
                0x0001ec40                nan
 .text          0x0001ec4c      0x114 /media/ishu/Data/MS/Quarter5/ERTS/lab/ishu/gcc-arm-none-eabi/bin/../lib/gcc/arm-none-eabi/5.4.1/armv6-m/libgcc.a(_udivsi3.o)
                0x0001ec4c                __udivsi3
                0x0001ec4c                __aeabi_uidiv
                0x0001ed58                __aeabi_uidivmod
 .text          0x0001ed60      0x1d4 /media/ishu/Data/MS/Quarter5/ERTS/lab/ishu/gcc-arm-none-eabi/bin/../lib/gcc/arm-none-eabi/5.4.1/armv6-m/libgcc.a(_divsi3.o)
                0x0001ed60                __aeabi_idiv
                0x0001ed60                __divsi3
                0x0001ef2c                __aeabi_idivmod
 .text          0x0001ef34        0x4 /media/ishu/Data/MS/Quarter5/ERTS/lab/ishu/gcc-arm-none-eabi/bin/../lib/gcc/arm-none-eabi/5.4.1/armv6-m/libgcc.a(_dvmd_tls.o)
                0x0001ef34                __aeabi_ldiv0
                0x0001ef34                __aeabi_idiv0
 .text          0x0001ef38       0x7c /media/ishu/Data/MS/Quarter5/ERTS/lab/ishu/gcc-arm-none-eabi/bin/../lib/gcc/arm-none-eabi/5.4.1/armv6-m/libgcc.a(_arm_cmpdf2.o)
                0x0001ef38                __aeabi_cdrcmple
                0x0001ef48                __aeabi_cdcmple
                0x0001ef48                __aeabi_cdcmpeq
                0x0001ef58                __aeabi_dcmpeq
                0x0001ef64                __aeabi_dcmplt
                0x0001ef78                __aeabi_dcmple
                0x0001ef8c                __aeabi_dcmpgt
                0x0001efa0                __aeabi_dcmpge
 .text          0x0001efb4       0x74 /media/ishu/Data/MS/Quarter5/ERTS/lab/ishu/gcc-arm-none-eabi/bin/../lib/gcc/arm-none-eabi/5.4.1/armv6-m/libgcc.a(_arm_cmpsf2.o)
                0x0001efb4                __aeabi_cfrcmple
                0x0001efbc                __aeabi_cfcmple
                0x0001efbc                __aeabi_cfcmpeq
                0x0001efcc                __aeabi_fcmpeq
                0x0001efd8                __aeabi_fcmplt
                0x0001efec                __aeabi_fcmple
                0x0001f000                __aeabi_fcmpgt
                0x0001f014                __aeabi_fcmpge
 .text          0x0001f028       0x58 /media/ishu/Data/MS/Quarter5/ERTS/lab/ishu/gcc-arm-none-eabi/bin/../lib/gcc/arm-none-eabi/5.4.1/armv6-m/libgcc.a(_muldi3.o)
                0x0001f028                __aeabi_lmul
                0x0001f028                __muldi3
 .text          0x0001f080       0x30 /media/ishu/Data/MS/Quarter5/ERTS/lab/ishu/gcc-arm-none-eabi/bin/../lib/gcc/arm-none-eabi/5.4.1/armv6-m/libgcc.a(_fixunssfsi.o)
                0x0001f080                __aeabi_f2uiz
                0x0001f080                __fixunssfsi
 .text          0x0001f0b0      0x2ec /media/ishu/Data/MS/Quarter5/ERTS/lab/ishu/gcc-arm-none-eabi/bin/../lib/gcc/arm-none-eabi/5.4.1/armv6-m/libgcc.a(addsf3.o)
                0x0001f0b0                __aeabi_fadd
 .text          0x0001f39c      0x234 /media/ishu/Data/MS/Quarter5/ERTS/lab/ishu/gcc-arm-none-eabi/bin/../lib/gcc/arm-none-eabi/5.4.1/armv6-m/libgcc.a(divsf3.o)
                0x0001f39c                __aeabi_fdiv
 .text          0x0001f5d0       0x50 /media/ishu/Data/MS/Quarter5/ERTS/lab/ishu/gcc-arm-none-eabi/bin/../lib/gcc/arm-none-eabi/5.4.1/armv6-m/libgcc.a(eqsf2.o)
                0x0001f5d0                __nesf2
                0x0001f5d0                __eqsf2
 .text          0x0001f620       0x88 /media/ishu/Data/MS/Quarter5/ERTS/lab/ishu/gcc-arm-none-eabi/bin/../lib/gcc/arm-none-eabi/5.4.1/armv6-m/libgcc.a(gesf2.o)
                0x0001f620                __gtsf2
                0x0001f620                __gesf2
 .text          0x0001f6a8       0x88 /media/ishu/Data/MS/Quarter5/ERTS/lab/ishu/gcc-arm-none-eabi/bin/../lib/gcc/arm-none-eabi/5.4.1/armv6-m/libgcc.a(lesf2.o)
                0x0001f6a8                __lesf2
                0x0001f6a8                __ltsf2
 .text          0x0001f730      0x228 /media/ishu/Data/MS/Quarter5/ERTS/lab/ishu/gcc-arm-none-eabi/bin/../lib/gcc/arm-none-eabi/5.4.1/armv6-m/libgcc.a(mulsf3.o)
                0x0001f730                __aeabi_fmul
 .text          0x0001f958      0x30c /media/ishu/Data/MS/Quarter5/ERTS/lab/ishu/gcc-arm-none-eabi/bin/../lib/gcc/arm-none-eabi/5.4.1/armv6-m/libgcc.a(subsf3.o)
                0x0001f958                __aeabi_fsub
 .text          0x0001fc64       0x44 /media/ishu/Data/MS/Quarter5/ERTS/lab/ishu/gcc-arm-none-eabi/bin/../lib/gcc/arm-none-eabi/5.4.1/armv6-m/libgcc.a(fixsfsi.o)
                0x0001fc64                __aeabi_f2iz
 .text          0x0001fca8       0x90 /media/ishu/Data/MS/Quarter5/ERTS/lab/ishu/gcc-arm-none-eabi/bin/../lib/gcc/arm-none-eabi/5.4.1/armv6-m/libgcc.a(floatsisf.o)
                0x0001fca8                __aeabi_i2f
 .text          0x0001fd38       0x7c /media/ishu/Data/MS/Quarter5/ERTS/lab/ishu/gcc-arm-none-eabi/bin/../lib/gcc/arm-none-eabi/5.4.1/armv6-m/libgcc.a(floatunsisf.o)
                0x0001fd38                __aeabi_ui2f
 .text          0x0001fdb4      0x658 /media/ishu/Data/MS/Quarter5/ERTS/lab/ishu/gcc-arm-none-eabi/bin/../lib/gcc/arm-none-eabi/5.4.1/armv6-m/libgcc.a(adddf3.o)
                0x0001fdb4                __aeabi_dadd
 .text          0x0002040c      0x62c /media/ishu/Data/MS/Quarter5/ERTS/lab/ishu/gcc-arm-none-eabi/bin/../lib/gcc/arm-none-eabi/5.4.1/armv6-m/libgcc.a(divdf3.o)
                0x0002040c                __aeabi_ddiv
 .text          0x00020a38       0x80 /media/ishu/Data/MS/Quarter5/ERTS/lab/ishu/gcc-arm-none-eabi/bin/../lib/gcc/arm-none-eabi/5.4.1/armv6-m/libgcc.a(eqdf2.o)
                0x00020a38                __eqdf2
                0x00020a38                __nedf2
 .text          0x00020ab8       0xc8 /media/ishu/Data/MS/Quarter5/ERTS/lab/ishu/gcc-arm-none-eabi/bin/../lib/gcc/arm-none-eabi/5.4.1/armv6-m/libgcc.a(gedf2.o)
                0x00020ab8                __gtdf2
                0x00020ab8                __gedf2
 .text          0x00020b80       0xd4 /media/ishu/Data/MS/Quarter5/ERTS/lab/ishu/gcc-arm-none-eabi/bin/../lib/gcc/arm-none-eabi/5.4.1/armv6-m/libgcc.a(ledf2.o)
                0x00020b80                __ltdf2
                0x00020b80                __ledf2
 .text          0x00020c54      0x4f4 /media/ishu/Data/MS/Quarter5/ERTS/lab/ishu/gcc-arm-none-eabi/bin/../lib/gcc/arm-none-eabi/5.4.1/armv6-m/libgcc.a(muldf3.o)
                0x00020c54                __aeabi_dmul
 .text          0x00021148      0x6a8 /media/ishu/Data/MS/Quarter5/ERTS/lab/ishu/gcc-arm-none-eabi/bin/../lib/gcc/arm-none-eabi/5.4.1/armv6-m/libgcc.a(subdf3.o)
                0x00021148                __aeabi_dsub
 .text          0x000217f0       0x40 /media/ishu/Data/MS/Quarter5/ERTS/lab/ishu/gcc-arm-none-eabi/bin/../lib/gcc/arm-none-eabi/5.4.1/armv6-m/libgcc.a(unorddf2.o)
                0x000217f0                __aeabi_dcmpun
 .text          0x00021830       0x6c /media/ishu/Data/MS/Quarter5/ERTS/lab/ishu/gcc-arm-none-eabi/bin/../lib/gcc/arm-none-eabi/5.4.1/armv6-m/libgcc.a(fixdfsi.o)
                0x00021830                __aeabi_d2iz
 .text          0x0002189c       0xa8 /media/ishu/Data/MS/Quarter5/ERTS/lab/ishu/gcc-arm-none-eabi/bin/../lib/gcc/arm-none-eabi/5.4.1/armv6-m/libgcc.a(extendsfdf2.o)
                0x0002189c                __aeabi_f2d
 .text          0x00021944       0x3c /media/ishu/Data/MS/Quarter5/ERTS/lab/ishu/gcc-arm-none-eabi/bin/../lib/gcc/arm-none-eabi/5.4.1/armv6-m/libgcc.a(_clzsi2.o)
                0x00021944                __clzsi2
 .text.__errno  0x00021980        0xc /media/ishu/Data/MS/Quarter5/ERTS/lab/ishu/gcc-arm-none-eabi/bin/../lib/gcc/arm-none-eabi/5.4.1/../../../../arm-none-eabi/lib/armv6-m/libc_nano.a(lib_a-errno.o)
                0x00021980                __errno
 .text.malloc   0x0002198c       0x14 /media/ishu/Data/MS/Quarter5/ERTS/lab/ishu/gcc-arm-none-eabi/bin/../lib/gcc/arm-none-eabi/5.4.1/../../../../arm-none-eabi/lib/armv6-m/libc_nano.a(lib_a-malloc.o)
                0x0002198c                malloc
 .text.free     0x000219a0       0x14 /media/ishu/Data/MS/Quarter5/ERTS/lab/ishu/gcc-arm-none-eabi/bin/../lib/gcc/arm-none-eabi/5.4.1/../../../../arm-none-eabi/lib/armv6-m/libc_nano.a(lib_a-malloc.o)
                0x000219a0                free
 .text.memcmp   0x000219b4       0x1e /media/ishu/Data/MS/Quarter5/ERTS/lab/ishu/gcc-arm-none-eabi/bin/../lib/gcc/arm-none-eabi/5.4.1/../../../../arm-none-eabi/lib/armv6-m/libc_nano.a(lib_a-memcmp.o)
                0x000219b4                memcmp
 .text.memcpy   0x000219d2       0x12 /media/ishu/Data/MS/Quarter5/ERTS/lab/ishu/gcc-arm-none-eabi/bin/../lib/gcc/arm-none-eabi/5.4.1/../../../../arm-none-eabi/lib/armv6-m/libc_nano.a(lib_a-memcpy-stub.o)
                0x000219d2                memcpy
 .text._free_r  0x000219e4       0x98 /media/ishu/Data/MS/Quarter5/ERTS/lab/ishu/gcc-arm-none-eabi/bin/../lib/gcc/arm-none-eabi/5.4.1/../../../../arm-none-eabi/lib/armv6-m/libc_nano.a(lib_a-nano-freer.o)
                0x000219e4                _free_r
 .text._malloc_r
                0x00021a7c       0xc0 /media/ishu/Data/MS/Quarter5/ERTS/lab/ishu/gcc-arm-none-eabi/bin/../lib/gcc/arm-none-eabi/5.4.1/../../../../arm-none-eabi/lib/armv6-m/libc_nano.a(lib_a-nano-mallocr.o)
                0x00021a7c                _malloc_r
 .text.printf   0x00021b3c       0x34 /media/ishu/Data/MS/Quarter5/ERTS/lab/ishu/gcc-arm-none-eabi/bin/../lib/gcc/arm-none-eabi/5.4.1/../../../../arm-none-eabi/lib/armv6-m/libc_nano.a(lib_a-printf.o)
                0x00021b3c                printf
                0x00021b3c                iprintf
 .text._sbrk_r  0x00021b70       0x24 /media/ishu/Data/MS/Quarter5/ERTS/lab/ishu/gcc-arm-none-eabi/bin/../lib/gcc/arm-none-eabi/5.4.1/../../../../arm-none-eabi/lib/armv6-m/libc_nano.a(lib_a-sbrkr.o)
                0x00021b70                _sbrk_r
 .text.sprintf  0x00021b94       0x44 /media/ishu/Data/MS/Quarter5/ERTS/lab/ishu/gcc-arm-none-eabi/bin/../lib/gcc/arm-none-eabi/5.4.1/../../../../arm-none-eabi/lib/armv6-m/libc_nano.a(lib_a-sprintf.o)
                0x00021b94                sprintf
                0x00021b94                siprintf
 .text          0x00021bd8        0xe /media/ishu/Data/MS/Quarter5/ERTS/lab/ishu/gcc-arm-none-eabi/bin/../lib/gcc/arm-none-eabi/5.4.1/../../../../arm-none-eabi/lib/armv6-m/libc_nano.a(lib_a-strlen.o)
                0x00021bd8                strlen
 *fill*         0x00021be6        0x2 
 .text._cleanup_r
                0x00021be8       0x10 /media/ishu/Data/MS/Quarter5/ERTS/lab/ishu/gcc-arm-none-eabi/bin/../lib/gcc/arm-none-eabi/5.4.1/../../../../arm-none-eabi/lib/armv6-m/libc_nano.a(lib_a-findfp.o)
                0x00021be8                _cleanup_r
 .text.std.isra.0
                0x00021bf8       0x48 /media/ishu/Data/MS/Quarter5/ERTS/lab/ishu/gcc-arm-none-eabi/bin/../lib/gcc/arm-none-eabi/5.4.1/../../../../arm-none-eabi/lib/armv6-m/libc_nano.a(lib_a-findfp.o)
 .text.__sfmoreglue
                0x00021c40       0x2c /media/ishu/Data/MS/Quarter5/ERTS/lab/ishu/gcc-arm-none-eabi/bin/../lib/gcc/arm-none-eabi/5.4.1/../../../../arm-none-eabi/lib/armv6-m/libc_nano.a(lib_a-findfp.o)
                0x00021c40                __sfmoreglue
 .text.__sinit  0x00021c6c       0x68 /media/ishu/Data/MS/Quarter5/ERTS/lab/ishu/gcc-arm-none-eabi/bin/../lib/gcc/arm-none-eabi/5.4.1/../../../../arm-none-eabi/lib/armv6-m/libc_nano.a(lib_a-findfp.o)
                0x00021c6c                __sinit
 .text.__sfp    0x00021cd4       0x7c /media/ishu/Data/MS/Quarter5/ERTS/lab/ishu/gcc-arm-none-eabi/bin/../lib/gcc/arm-none-eabi/5.4.1/../../../../arm-none-eabi/lib/armv6-m/libc_nano.a(lib_a-findfp.o)
                0x00021cd4                __sfp
 .text._fwalk_reent
                0x00021d50       0x42 /media/ishu/Data/MS/Quarter5/ERTS/lab/ishu/gcc-arm-none-eabi/bin/../lib/gcc/arm-none-eabi/5.4.1/../../../../arm-none-eabi/lib/armv6-m/libc_nano.a(lib_a-fwalk.o)
                0x00021d50                _fwalk_reent
 .text.__malloc_lock
                0x00021d92        0x2 /media/ishu/Data/MS/Quarter5/ERTS/lab/ishu/gcc-arm-none-eabi/bin/../lib/gcc/arm-none-eabi/5.4.1/../../../../arm-none-eabi/lib/armv6-m/libc_nano.a(lib_a-mlock.o)
                0x00021d92                __malloc_lock
 .text.__malloc_unlock
                0x00021d94        0x2 /media/ishu/Data/MS/Quarter5/ERTS/lab/ishu/gcc-arm-none-eabi/bin/../lib/gcc/arm-none-eabi/5.4.1/../../../../arm-none-eabi/lib/armv6-m/libc_nano.a(lib_a-mlock.o)
                0x00021d94                __malloc_unlock
 *fill*         0x00021d96        0x2 
 .text.__ssputs_r
                0x00021d98       0xc4 /media/ishu/Data/MS/Quarter5/ERTS/lab/ishu/gcc-arm-none-eabi/bin/../lib/gcc/arm-none-eabi/5.4.1/../../../../arm-none-eabi/lib/armv6-m/libc_nano.a(lib_a-nano-svfprintf.o)
                0x00021d98                __ssputs_r
 .text._svfprintf_r
                0x00021e5c      0x1fc /media/ishu/Data/MS/Quarter5/ERTS/lab/ishu/gcc-arm-none-eabi/bin/../lib/gcc/arm-none-eabi/5.4.1/../../../../arm-none-eabi/lib/armv6-m/libc_nano.a(lib_a-nano-svfprintf.o)
                0x00021e5c                _svfprintf_r
                0x00021e5c                _svfiprintf_r
 .text.__sfputc_r
                0x00022058       0x2a /media/ishu/Data/MS/Quarter5/ERTS/lab/ishu/gcc-arm-none-eabi/bin/../lib/gcc/arm-none-eabi/5.4.1/../../../../arm-none-eabi/lib/armv6-m/libc_nano.a(lib_a-nano-vfprintf.o)
 .text.__sfputs_r
                0x00022082       0x24 /media/ishu/Data/MS/Quarter5/ERTS/lab/ishu/gcc-arm-none-eabi/bin/../lib/gcc/arm-none-eabi/5.4.1/../../../../arm-none-eabi/lib/armv6-m/libc_nano.a(lib_a-nano-vfprintf.o)
                0x00022082                __sfputs_r
 *fill*         0x000220a6        0x2 
 .text._vfprintf_r
                0x000220a8      0x238 /media/ishu/Data/MS/Quarter5/ERTS/lab/ishu/gcc-arm-none-eabi/bin/../lib/gcc/arm-none-eabi/5.4.1/../../../../arm-none-eabi/lib/armv6-m/libc_nano.a(lib_a-nano-vfprintf.o)
                0x000220a8                _vfiprintf_r
                0x000220a8                _vfprintf_r
 .text._printf_common
                0x000222e0       0xdc /media/ishu/Data/MS/Quarter5/ERTS/lab/ishu/gcc-arm-none-eabi/bin/../lib/gcc/arm-none-eabi/5.4.1/../../../../arm-none-eabi/lib/armv6-m/libc_nano.a(lib_a-nano-vfprintf_i.o)
                0x000222e0                _printf_common
 .text._printf_i
                0x000223bc      0x244 /media/ishu/Data/MS/Quarter5/ERTS/lab/ishu/gcc-arm-none-eabi/bin/../lib/gcc/arm-none-eabi/5.4.1/../../../../arm-none-eabi/lib/armv6-m/libc_nano.a(lib_a-nano-vfprintf_i.o)
                0x000223bc                _printf_i
 .text.__sread  0x00022600       0x28 /media/ishu/Data/MS/Quarter5/ERTS/lab/ishu/gcc-arm-none-eabi/bin/../lib/gcc/arm-none-eabi/5.4.1/../../../../arm-none-eabi/lib/armv6-m/libc_nano.a(lib_a-stdio.o)
                0x00022600                __sread
 .text.__swrite
                0x00022628       0x38 /media/ishu/Data/MS/Quarter5/ERTS/lab/ishu/gcc-arm-none-eabi/bin/../lib/gcc/arm-none-eabi/5.4.1/../../../../arm-none-eabi/lib/armv6-m/libc_nano.a(lib_a-stdio.o)
                0x00022628                __swrite
 .text.__sseek  0x00022660       0x2c /media/ishu/Data/MS/Quarter5/ERTS/lab/ishu/gcc-arm-none-eabi/bin/../lib/gcc/arm-none-eabi/5.4.1/../../../../arm-none-eabi/lib/armv6-m/libc_nano.a(lib_a-stdio.o)
                0x00022660                __sseek
 .text.__sclose
                0x0002268c        0xc /media/ishu/Data/MS/Quarter5/ERTS/lab/ishu/gcc-arm-none-eabi/bin/../lib/gcc/arm-none-eabi/5.4.1/../../../../arm-none-eabi/lib/armv6-m/libc_nano.a(lib_a-stdio.o)
                0x0002268c                __sclose
 .text.__swbuf_r
                0x00022698       0xb0 /media/ishu/Data/MS/Quarter5/ERTS/lab/ishu/gcc-arm-none-eabi/bin/../lib/gcc/arm-none-eabi/5.4.1/../../../../arm-none-eabi/lib/armv6-m/libc_nano.a(lib_a-wbuf.o)
                0x00022698                __swbuf_r
 .text._write_r
                0x00022748       0x28 /media/ishu/Data/MS/Quarter5/ERTS/lab/ishu/gcc-arm-none-eabi/bin/../lib/gcc/arm-none-eabi/5.4.1/../../../../arm-none-eabi/lib/armv6-m/libc_nano.a(lib_a-writer.o)
                0x00022748                _write_r
 .text.__swsetup_r
                0x00022770       0xec /media/ishu/Data/MS/Quarter5/ERTS/lab/ishu/gcc-arm-none-eabi/bin/../lib/gcc/arm-none-eabi/5.4.1/../../../../arm-none-eabi/lib/armv6-m/libc_nano.a(lib_a-wsetup.o)
                0x00022770                __swsetup_r
 .text._close_r
                0x0002285c       0x24 /media/ishu/Data/MS/Quarter5/ERTS/lab/ishu/gcc-arm-none-eabi/bin/../lib/gcc/arm-none-eabi/5.4.1/../../../../arm-none-eabi/lib/armv6-m/libc_nano.a(lib_a-closer.o)
                0x0002285c                _close_r
 .text.__sflush_r
                0x00022880      0x10c /media/ishu/Data/MS/Quarter5/ERTS/lab/ishu/gcc-arm-none-eabi/bin/../lib/gcc/arm-none-eabi/5.4.1/../../../../arm-none-eabi/lib/armv6-m/libc_nano.a(lib_a-fflush.o)
                0x00022880                __sflush_r
 .text._fflush_r
                0x0002298c       0x58 /media/ishu/Data/MS/Quarter5/ERTS/lab/ishu/gcc-arm-none-eabi/bin/../lib/gcc/arm-none-eabi/5.4.1/../../../../arm-none-eabi/lib/armv6-m/libc_nano.a(lib_a-fflush.o)
                0x0002298c                _fflush_r
 .text._lseek_r
                0x000229e4       0x28 /media/ishu/Data/MS/Quarter5/ERTS/lab/ishu/gcc-arm-none-eabi/bin/../lib/gcc/arm-none-eabi/5.4.1/../../../../arm-none-eabi/lib/armv6-m/libc_nano.a(lib_a-lseekr.o)
                0x000229e4                _lseek_r
 .text.__swhatbuf_r
                0x00022a0c       0x4c /media/ishu/Data/MS/Quarter5/ERTS/lab/ishu/gcc-arm-none-eabi/bin/../lib/gcc/arm-none-eabi/5.4.1/../../../../arm-none-eabi/lib/armv6-m/libc_nano.a(lib_a-makebuf.o)
                0x00022a0c                __swhatbuf_r
 .text.__smakebuf_r
                0x00022a58       0x7c /media/ishu/Data/MS/Quarter5/ERTS/lab/ishu/gcc-arm-none-eabi/bin/../lib/gcc/arm-none-eabi/5.4.1/../../../../arm-none-eabi/lib/armv6-m/libc_nano.a(lib_a-makebuf.o)
                0x00022a58                __smakebuf_r
 .text.memchr   0x00022ad4       0x16 /media/ishu/Data/MS/Quarter5/ERTS/lab/ishu/gcc-arm-none-eabi/bin/../lib/gcc/arm-none-eabi/5.4.1/../../../../arm-none-eabi/lib/armv6-m/libc_nano.a(lib_a-memchr-stub.o)
                0x00022ad4                memchr
 .text.memmove  0x00022aea       0x2a /media/ishu/Data/MS/Quarter5/ERTS/lab/ishu/gcc-arm-none-eabi/bin/../lib/gcc/arm-none-eabi/5.4.1/../../../../arm-none-eabi/lib/armv6-m/libc_nano.a(lib_a-memmove.o)
                0x00022aea                memmove
 .text._realloc_r
                0x00022b14       0x4c /media/ishu/Data/MS/Quarter5/ERTS/lab/ishu/gcc-arm-none-eabi/bin/../lib/gcc/arm-none-eabi/5.4.1/../../../../arm-none-eabi/lib/armv6-m/libc_nano.a(lib_a-nano-reallocr.o)
                0x00022b14                _realloc_r
 .text._read_r  0x00022b60       0x28 /media/ishu/Data/MS/Quarter5/ERTS/lab/ishu/gcc-arm-none-eabi/bin/../lib/gcc/arm-none-eabi/5.4.1/../../../../arm-none-eabi/lib/armv6-m/libc_nano.a(lib_a-readr.o)
                0x00022b60                _read_r
 .text._fstat_r
                0x00022b88       0x24 /media/ishu/Data/MS/Quarter5/ERTS/lab/ishu/gcc-arm-none-eabi/bin/../lib/gcc/arm-none-eabi/5.4.1/../../../../arm-none-eabi/lib/armv6-m/libc_nano.a(lib_a-fstatr.o)
                0x00022b88                _fstat_r
 .text._isatty_r
                0x00022bac       0x24 /media/ishu/Data/MS/Quarter5/ERTS/lab/ishu/gcc-arm-none-eabi/bin/../lib/gcc/arm-none-eabi/5.4.1/../../../../arm-none-eabi/lib/armv6-m/libc_nano.a(lib_a-isattyr.o)
                0x00022bac                _isatty_r
 .text._malloc_usable_size_r
                0x00022bd0       0x16 /media/ishu/Data/MS/Quarter5/ERTS/lab/ishu/gcc-arm-none-eabi/bin/../lib/gcc/arm-none-eabi/5.4.1/../../../../arm-none-eabi/lib/armv6-m/libc_nano.a(lib_a-nano-msizer.o)
                0x00022bd0                _malloc_usable_size_r
 *fill*         0x00022be6        0x2 
 .text._close   0x00022be8       0x10 /media/ishu/Data/MS/Quarter5/ERTS/lab/ishu/gcc-arm-none-eabi/bin/../lib/gcc/arm-none-eabi/5.4.1/../../../../arm-none-eabi/lib/armv6-m/libnosys.a(close.o)
                0x00022be8                _close
 .text._fstat   0x00022bf8       0x10 /media/ishu/Data/MS/Quarter5/ERTS/lab/ishu/gcc-arm-none-eabi/bin/../lib/gcc/arm-none-eabi/5.4.1/../../../../arm-none-eabi/lib/armv6-m/libnosys.a(fstat.o)
                0x00022bf8                _fstat
 .text._isatty  0x00022c08       0x10 /media/ishu/Data/MS/Quarter5/ERTS/lab/ishu/gcc-arm-none-eabi/bin/../lib/gcc/arm-none-eabi/5.4.1/../../../../arm-none-eabi/lib/armv6-m/libnosys.a(isatty.o)
                0x00022c08                _isatty
 .text._lseek   0x00022c18       0x10 /media/ishu/Data/MS/Quarter5/ERTS/lab/ishu/gcc-arm-none-eabi/bin/../lib/gcc/arm-none-eabi/5.4.1/../../../../arm-none-eabi/lib/armv6-m/libnosys.a(lseek.o)
                0x00022c18                _lseek
 .text._read    0x00022c28       0x10 /media/ishu/Data/MS/Quarter5/ERTS/lab/ishu/gcc-arm-none-eabi/bin/../lib/gcc/arm-none-eabi/5.4.1/../../../../arm-none-eabi/lib/armv6-m/libnosys.a(read.o)
                0x00022c28                _read
 .text._sbrk    0x00022c38       0x1c /media/ishu/Data/MS/Quarter5/ERTS/lab/ishu/gcc-arm-none-eabi/bin/../lib/gcc/arm-none-eabi/5.4.1/../../../../arm-none-eabi/lib/armv6-m/libnosys.a(sbrk.o)
                0x00022c38                _sbrk
 *(.init)
 .init          0x00022c54        0x4 /media/ishu/Data/MS/Quarter5/ERTS/lab/ishu/gcc-arm-none-eabi/bin/../lib/gcc/arm-none-eabi/5.4.1/armv6-m/crti.o
                0x00022c54                _init
 .init          0x00022c58        0x8 /media/ishu/Data/MS/Quarter5/ERTS/lab/ishu/gcc-arm-none-eabi/bin/../lib/gcc/arm-none-eabi/5.4.1/armv6-m/crtn.o
 *(.fini)
 .fini          0x00022c60        0x4 /media/ishu/Data/MS/Quarter5/ERTS/lab/ishu/gcc-arm-none-eabi/bin/../lib/gcc/arm-none-eabi/5.4.1/armv6-m/crti.o
                0x00022c60                _fini
 .fini          0x00022c64        0x8 /media/ishu/Data/MS/Quarter5/ERTS/lab/ishu/gcc-arm-none-eabi/bin/../lib/gcc/arm-none-eabi/5.4.1/armv6-m/crtn.o
 *crtbegin.o(.ctors)
 *crtbegin?.o(.ctors)
 *(EXCLUDE_FILE(*crtend.o *crtend?.o) .ctors)
 *(SORT(.ctors.*))
 *(.ctors)
 *crtbegin.o(.dtors)
 *crtbegin?.o(.dtors)
 *(EXCLUDE_FILE(*crtend.o *crtend?.o) .dtors)
 *(SORT(.dtors.*))
 *(.dtors)
 *(.rodata*)
 .rodata.str1.1
                0x00022c6c        0x2 /media/ishu/Data/MS/Quarter5/ERTS/lab/ishu/gcc-arm-none-eabi/bin/../lib/gcc/arm-none-eabi/5.4.1/../../../../arm-none-eabi/lib/armv6-m/libc_nano.a(lib_a-impure.o)
 *fill*         0x00022c6e        0x2 
 .rodata._global_impure_ptr
                0x00022c70        0x4 /media/ishu/Data/MS/Quarter5/ERTS/lab/ishu/gcc-arm-none-eabi/bin/../lib/gcc/arm-none-eabi/5.4.1/../../../../arm-none-eabi/lib/armv6-m/libc_nano.a(lib_a-impure.o)
                0x00022c70                _global_impure_ptr
 .rodata.determine_mode
                0x00022c74       0x28 _build/in4073.o
 .rodata.process_mode
                0x00022c9c       0x28 _build/in4073.o
 .rodata.str1.4
                0x00022cc4      0x13e _build/in4073.o
 *fill*         0x00022e02        0x2 
 .rodata.str1.4
                0x00022e04       0xe2 _build/control.o
 *fill*         0x00022ee6        0x2 
 .rodata.get_sensor
                0x00022ee8       0x2c _build/sensors.o
 .rodata.crclut
                0x00022f14      0x100 _build/crc.o
                0x00022f14                crclut
 .rodata.decode_header_pc_uav
                0x00023014       0x20 _build/packet.o
 .rodata.str1.4
                0x00023034       0x50 _build/packet_uav.o
 .rodata.str1.4
                0x00023084      0x259 _build/logging.o
 *fill*         0x000232dd        0x3 
 .rodata.quadrupel_timer.7147
                0x000232e0        0x4 _build/timers.o
 .rodata.str1.4
                0x000232e4       0x11 _build/uart.o
 *fill*         0x000232f5        0x3 
 .rodata.str1.4
                0x000232f8       0x38 _build/twi.o
 .rodata.str1.4
                0x00023330       0x12 _build/ble.o
 *fill*         0x00023342        0x2 
 .rodata.test   0x00023344       0x28 _build/inv_mpu.o
                0x00023344                test
 .rodata.str1.4
                0x0002336c       0xa6 _build/inv_mpu.o
 *fill*         0x00023412        0x2 
 .rodata.hw     0x00023414        0xc _build/inv_mpu.o
                0x00023414                hw
 .rodata.reg    0x00023420       0x1e _build/inv_mpu.o
                0x00023420                reg
 *fill*         0x0002343e        0x2 
 .rodata        0x00023440       0x4b _build/inv_mpu_dmp_motion_driver.o
 *fill*         0x0002348b        0x1 
 .rodata.dmp_memory
                0x0002348c      0xbf6 _build/inv_mpu_dmp_motion_driver.o
 *fill*         0x00024082        0x2 
 .rodata.str1.4
                0x00024084      0x12a _build/mpu_wrapper.o
 *fill*         0x000241ae        0x2 
 .rodata.str1.4
                0x000241b0       0x27 _build/app_error.o
 *fill*         0x000241d7        0x1 
 .rodata.m_conn_params_timer_id
                0x000241d8        0x4 _build/ble_conn_params.o
 .rodata        0x000241dc       0x10 _build/ble_nus.o
 .rodata.str1.4
                0x000241ec        0x8 /media/ishu/Data/MS/Quarter5/ERTS/lab/ishu/gcc-arm-none-eabi/bin/../lib/gcc/arm-none-eabi/5.4.1/../../../../arm-none-eabi/lib/armv6-m/libm.a(lib_a-w_asin.o)
                                  0x9 (size before relaxing)
 *fill*         0x000241f4        0x4 
 .rodata.atanlo
                0x000241f8       0x20 /media/ishu/Data/MS/Quarter5/ERTS/lab/ishu/gcc-arm-none-eabi/bin/../lib/gcc/arm-none-eabi/5.4.1/../../../../arm-none-eabi/lib/armv6-m/libm.a(lib_a-s_atan.o)
 .rodata.atanhi
                0x00024218       0x20 /media/ishu/Data/MS/Quarter5/ERTS/lab/ishu/gcc-arm-none-eabi/bin/../lib/gcc/arm-none-eabi/5.4.1/../../../../arm-none-eabi/lib/armv6-m/libm.a(lib_a-s_atan.o)
 .rodata        0x00024238       0x80 /media/ishu/Data/MS/Quarter5/ERTS/lab/ishu/gcc-arm-none-eabi/bin/../lib/gcc/arm-none-eabi/5.4.1/armv6-m/libgcc.a(divsf3.o)
 .rodata        0x000242b8       0x40 /media/ishu/Data/MS/Quarter5/ERTS/lab/ishu/gcc-arm-none-eabi/bin/../lib/gcc/arm-none-eabi/5.4.1/armv6-m/libgcc.a(mulsf3.o)
 .rodata        0x000242f8       0x40 /media/ishu/Data/MS/Quarter5/ERTS/lab/ishu/gcc-arm-none-eabi/bin/../lib/gcc/arm-none-eabi/5.4.1/armv6-m/libgcc.a(divdf3.o)
 .rodata        0x00024338       0x40 /media/ishu/Data/MS/Quarter5/ERTS/lab/ishu/gcc-arm-none-eabi/bin/../lib/gcc/arm-none-eabi/5.4.1/armv6-m/libgcc.a(muldf3.o)
 .rodata.__sf_fake_stdin
                0x00024378       0x20 /media/ishu/Data/MS/Quarter5/ERTS/lab/ishu/gcc-arm-none-eabi/bin/../lib/gcc/arm-none-eabi/5.4.1/../../../../arm-none-eabi/lib/armv6-m/libc_nano.a(lib_a-findfp.o)
                0x00024378                __sf_fake_stdin
 .rodata.__sf_fake_stdout
                0x00024398       0x20 /media/ishu/Data/MS/Quarter5/ERTS/lab/ishu/gcc-arm-none-eabi/bin/../lib/gcc/arm-none-eabi/5.4.1/../../../../arm-none-eabi/lib/armv6-m/libc_nano.a(lib_a-findfp.o)
                0x00024398                __sf_fake_stdout
 .rodata.__sf_fake_stderr
                0x000243b8       0x20 /media/ishu/Data/MS/Quarter5/ERTS/lab/ishu/gcc-arm-none-eabi/bin/../lib/gcc/arm-none-eabi/5.4.1/../../../../arm-none-eabi/lib/armv6-m/libc_nano.a(lib_a-findfp.o)
                0x000243b8                __sf_fake_stderr
 .rodata.str1.1
                0x000243d8       0x11 /media/ishu/Data/MS/Quarter5/ERTS/lab/ishu/gcc-arm-none-eabi/bin/../lib/gcc/arm-none-eabi/5.4.1/../../../../arm-none-eabi/lib/armv6-m/libc_nano.a(lib_a-nano-svfprintf.o)
 .rodata.str1.1
                0x000243e9       0x11 /media/ishu/Data/MS/Quarter5/ERTS/lab/ishu/gcc-arm-none-eabi/bin/../lib/gcc/arm-none-eabi/5.4.1/../../../../arm-none-eabi/lib/armv6-m/libc_nano.a(lib_a-nano-vfprintf.o)
 .rodata.str1.1
                0x000243e9       0x22 /media/ishu/Data/MS/Quarter5/ERTS/lab/ishu/gcc-arm-none-eabi/bin/../lib/gcc/arm-none-eabi/5.4.1/../../../../arm-none-eabi/lib/armv6-m/libc_nano.a(lib_a-nano-vfprintf_i.o)
 *(.eh_frame*)
 *fill*         0x0002440b        0x1 
 .eh_frame      0x0002440c        0x0 /media/ishu/Data/MS/Quarter5/ERTS/lab/ishu/gcc-arm-none-eabi/bin/../lib/gcc/arm-none-eabi/5.4.1/armv6-m/crtbegin.o
                0x0002440c                . = ALIGN (0x4)

.glue_7         0x0002440c        0x0
 .glue_7        0x0002440c        0x0 linker stubs

.glue_7t        0x0002440c        0x0
 .glue_7t       0x0002440c        0x0 linker stubs

.vfp11_veneer   0x0002440c        0x0
 .vfp11_veneer  0x0002440c        0x0 linker stubs

.v4_bx          0x0002440c        0x0
 .v4_bx         0x0002440c        0x0 linker stubs

.iplt           0x0002440c        0x0
 .iplt          0x0002440c        0x0 /media/ishu/Data/MS/Quarter5/ERTS/lab/ishu/gcc-arm-none-eabi/bin/../lib/gcc/arm-none-eabi/5.4.1/armv6-m/crtbegin.o

.ARM.extab      0x0002440c        0x0
 *(.ARM.extab* .gnu.linkonce.armextab.*)
                0x0002440c                . = ALIGN (0x4)
                0x0002440c                __exidx_start = .

.ARM.exidx      0x0002440c        0x8
 *(.ARM.exidx* .gnu.linkonce.armexidx.*)
 .ARM.exidx     0x0002440c        0x8 /media/ishu/Data/MS/Quarter5/ERTS/lab/ishu/gcc-arm-none-eabi/bin/../lib/gcc/arm-none-eabi/5.4.1/../../../../arm-none-eabi/lib/armv6-m/crt0.o
 .ARM.exidx     0x00024414        0x0 _build/gcc_startup_nrf51.o
                                  0x8 (size before relaxing)
                0x00024414                . = ALIGN (0x4)
                0x00024414                __exidx_end = .
                0x00024414                __etext = .

.rel.dyn        0x00024414        0x0
 .rel.iplt      0x00024414        0x0 /media/ishu/Data/MS/Quarter5/ERTS/lab/ishu/gcc-arm-none-eabi/bin/../lib/gcc/arm-none-eabi/5.4.1/armv6-m/crtbegin.o

.data           0x20002000       0xb4 load address 0x00024414
                0x20002000                __data_start__ = .
 *(vtable)
 *(.data*)
 .data.impure_data
                0x20002000       0x60 /media/ishu/Data/MS/Quarter5/ERTS/lab/ishu/gcc-arm-none-eabi/bin/../lib/gcc/arm-none-eabi/5.4.1/../../../../arm-none-eabi/lib/armv6-m/libc_nano.a(lib_a-impure.o)
 .data._impure_ptr
                0x20002060        0x4 /media/ishu/Data/MS/Quarter5/ERTS/lab/ishu/gcc-arm-none-eabi/bin/../lib/gcc/arm-none-eabi/5.4.1/../../../../arm-none-eabi/lib/armv6-m/libc_nano.a(lib_a-impure.o)
                0x20002060                _impure_ptr
 .data.txd_available
                0x20002064        0x1 _build/uart.o
                0x20002064                txd_available
 *fill*         0x20002065        0x3 
 .data.m_adv_uuids
                0x20002068        0x4 _build/ble.o
 .data.m_conn_handle
                0x2000206c        0x2 _build/ble.o
 *fill*         0x2000206e        0x2 
 .data.st       0x20002070       0x2c _build/inv_mpu.o
 .data.gyro_orientation.7067
                0x2000209c        0x9 _build/mpu_wrapper.o
 *fill*         0x200020a5        0x1 
 .data.current_slave_link_conn_handle.7275
                0x200020a6        0x2 _build/ble_advertising.o
 .data.__fdlib_version
                0x200020a8        0x1 /media/ishu/Data/MS/Quarter5/ERTS/lab/ishu/gcc-arm-none-eabi/bin/../lib/gcc/arm-none-eabi/5.4.1/../../../../arm-none-eabi/lib/armv6-m/libm.a(lib_a-s_lib_ver.o)
                0x200020a8                __fdlib_version
                0x200020ac                . = ALIGN (0x4)
 *fill*         0x200020a9        0x3 
                0x200020ac                PROVIDE (__preinit_array_start, .)
 *(.preinit_array)
                0x200020ac                PROVIDE (__preinit_array_end, .)
                0x200020ac                . = ALIGN (0x4)
                0x200020ac                PROVIDE (__init_array_start, .)
 *(SORT(.init_array.*))
 *(.init_array)
 .init_array    0x200020ac        0x4 /media/ishu/Data/MS/Quarter5/ERTS/lab/ishu/gcc-arm-none-eabi/bin/../lib/gcc/arm-none-eabi/5.4.1/armv6-m/crtbegin.o
                0x200020b0                PROVIDE (__init_array_end, .)
                0x200020b0                . = ALIGN (0x4)
                [!provide]                PROVIDE (__fini_array_start, .)
 *(SORT(.fini_array.*))
 *(.fini_array)
 .fini_array    0x200020b0        0x4 /media/ishu/Data/MS/Quarter5/ERTS/lab/ishu/gcc-arm-none-eabi/bin/../lib/gcc/arm-none-eabi/5.4.1/armv6-m/crtbegin.o
                [!provide]                PROVIDE (__fini_array_end, .)
 *(.jcr)
 .jcr           0x200020b4        0x0 /media/ishu/Data/MS/Quarter5/ERTS/lab/ishu/gcc-arm-none-eabi/bin/../lib/gcc/arm-none-eabi/5.4.1/armv6-m/crtbegin.o
                0x200020b4                . = ALIGN (0x4)
                0x200020b4                __data_end__ = .

.igot.plt       0x200020b4        0x0 load address 0x000244c8
 .igot.plt      0x200020b4        0x0 /media/ishu/Data/MS/Quarter5/ERTS/lab/ishu/gcc-arm-none-eabi/bin/../lib/gcc/arm-none-eabi/5.4.1/armv6-m/crtbegin.o

.bss            0x200020b4      0xa70 load address 0x000244c8
                0x200020b4                . = ALIGN (0x4)
                0x200020b4                __bss_start__ = .
 *(.bss*)
 .bss           0x200020b4       0x1c /media/ishu/Data/MS/Quarter5/ERTS/lab/ishu/gcc-arm-none-eabi/bin/../lib/gcc/arm-none-eabi/5.4.1/armv6-m/crtbegin.o
 .bss.prev_height_rate.7620
                0x200020d0        0x2 _build/control.o
 *fill*         0x200020d2        0x2 
 .bss.avg_pressure.7625
                0x200020d4        0x4 _build/control.o
 .bss.height_counter.7611
                0x200020d8        0x1 _build/control.o
 .bss.outer_counter
                0x200020d9        0x1 _build/control.o
                0x200020d9                outer_counter
 .bss.calibration_flag
                0x200020da        0x1 _build/sensors.o
                0x200020da                calibration_flag
 *fill*         0x200020db        0x1 
 .bss.dcsaz     0x200020dc        0x2 _build/sensors.o
                0x200020dc                dcsaz
 .bss.dcsax     0x200020de        0x2 _build/sensors.o
                0x200020de                dcsax
 .bss.dcsay     0x200020e0        0x2 _build/sensors.o
                0x200020e0                dcsay
 .bss.dcsp      0x200020e2        0x2 _build/sensors.o
                0x200020e2                dcsp
 .bss.dcsq      0x200020e4        0x2 _build/sensors.o
                0x200020e4                dcsq
 .bss.dcsr      0x200020e6        0x2 _build/sensors.o
                0x200020e6                dcsr
 .bss.dcphi     0x200020e8        0x2 _build/sensors.o
                0x200020e8                dcphi
 .bss.dcpsi     0x200020ea        0x2 _build/sensors.o
                0x200020ea                dcpsi
 .bss.dcbaro    0x200020ec        0x4 _build/sensors.o
                0x200020ec                dcbaro
 .bss.dctheta   0x200020f0        0x2 _build/sensors.o
                0x200020f0                dctheta
 *fill*         0x200020f2        0x2 
 .bss.xpsi.3852
                0x200020f4        0xc _build/filters.o
 .bss.yphi.3849
                0x20002100        0xc _build/filters.o
 .bss.ypsi.3853
                0x2000210c        0xc _build/filters.o
 .bss.xphi.3848
                0x20002118        0xc _build/filters.o
 .bss.xtheta.3850
                0x20002124        0xc _build/filters.o
 .bss.ytheta.3851
                0x20002130        0xc _build/filters.o
 .bss.last_received_message.7307
                0x2000213c        0x4 _build/packet_uav.o
 .bss.discard_count
                0x20002140        0x1 _build/packet_uav.o
                0x20002140                discard_count
 .bss.no_read_count
                0x20002141        0x1 _build/packet_uav.o
                0x20002141                no_read_count
 .bss.logNum    0x20002142        0x2 _build/logging.o
 .bss.nextAddress
                0x20002144        0x4 _build/logging.o
 .bss.shortLogging
                0x20002148        0x1 _build/logging.o
 *fill*         0x20002149        0x3 
 .bss.APP_TIMER_BUF.7143
                0x2000214c      0x1c8 _build/timers.o
 .bss.quadrupel_timer_data.7146
                0x20002314       0x20 _build/timers.o
 .bss.sent      0x20002334        0x1 _build/twi.o
 .bss.read      0x20002335        0x1 _build/twi.o
 .bss.loop_count
                0x20002336        0x1 _build/baro.o
 *fill*         0x20002337        0x1 
 .bss.prom      0x20002338       0x10 _build/baro.o
 .bss.data      0x20002348        0x3 _build/baro.o
 *fill*         0x2000234b        0x1 
 .bss.data.7060
                0x2000234c        0x2 _build/baro.o
 *fill*         0x2000234e        0x2 
 .bss.initTime  0x20002350        0x4 _build/baro.o
                0x20002350                initTime
 .bss.m_nus     0x20002354       0x1c _build/ble.o
 .bss.BLE_EVT_BUFFER.8991
                0x20002370       0x48 _build/ble.o
 .bss.spi_config_table
                0x200023b8        0xc _build/spi_flash.o
 .bss.SPI       0x200023c4        0x4 _build/spi_flash.o
 .bss.dmp       0x200023c8       0x10 _build/inv_mpu_dmp_motion_driver.o
 .bss.m_ticks_latest
                0x200023d8        0x4 _build/app_timer.o
 .bss.mp_timer_id_head
                0x200023dc        0x4 _build/app_timer.o
 .bss.m_evt_schedule_func
                0x200023e0        0x4 _build/app_timer.o
 .bss.m_user_array_size
                0x200023e4        0x1 _build/app_timer.o
 *fill*         0x200023e5        0x3 
 .bss.mp_users  0x200023e8        0x4 _build/app_timer.o
 .bss.m_ticks_elapsed_q_read_ind
                0x200023ec        0x1 _build/app_timer.o
 .bss.m_ticks_elapsed_q_write_ind
                0x200023ed        0x1 _build/app_timer.o
 .bss.m_rtc1_reset
                0x200023ee        0x1 _build/app_timer.o
 *fill*         0x200023ef        0x1 
 .bss.m_ticks_elapsed
                0x200023f0        0x8 _build/app_timer.o
 .bss.m_rtc1_running
                0x200023f8        0x1 _build/app_timer.o
 *fill*         0x200023f9        0x3 
 .bss.m_cmd_queue
                0x200023fc       0xcc _build/pstorage.o
 .bss.m_flags   0x200024c8        0x4 _build/pstorage.o
 .bss.m_advdata
                0x200024cc       0x38 _build/ble_advertising.o
 .bss.m_manuf_specific_data
                0x20002504        0xc _build/ble_advertising.o
 .bss.m_evt_handler
                0x20002510        0x4 _build/ble_advertising.o
 .bss.m_advertising_start_pending
                0x20002514        0x1 _build/ble_advertising.o
 *fill*         0x20002515        0x3 
 .bss.m_manuf_data_array
                0x20002518       0x1f _build/ble_advertising.o
 .bss.m_whitelist_temporarily_disabled
                0x20002537        0x1 _build/ble_advertising.o
 .bss.m_error_handler
                0x20002538        0x4 _build/ble_advertising.o
 .bss.m_peer_address
                0x2000253c        0x7 _build/ble_advertising.o
 *fill*         0x20002543        0x1 
 .bss.m_adv_modes_config
                0x20002544       0x24 _build/ble_advertising.o
 .bss.mp_whitelist_addr
                0x20002568       0x20 _build/ble_advertising.o
 .bss.m_tx_power_level
                0x20002588        0x1 _build/ble_advertising.o
 *fill*         0x20002589        0x3 
 .bss.m_whitelist
                0x2000258c       0x10 _build/ble_advertising.o
 .bss.m_service_data_array
                0x2000259c       0x1f _build/ble_advertising.o
 .bss.m_whitelist_reply_expected
                0x200025bb        0x1 _build/ble_advertising.o
 .bss.mp_whitelist_irk
                0x200025bc       0x20 _build/ble_advertising.o
 .bss.m_adv_mode_current
                0x200025dc        0x1 _build/ble_advertising.o
 .bss.m_peer_addr_reply_expected
                0x200025dd        0x1 _build/ble_advertising.o
 *fill*         0x200025de        0x2 
 .bss.m_slave_conn_int
                0x200025e0        0x4 _build/ble_advertising.o
 .bss.m_service_data
                0x200025e4        0xc _build/ble_advertising.o
 .bss.m_adv_evt
                0x200025f0        0x1 _build/ble_advertising.o
 .bss.m_change_param
                0x200025f1        0x1 _build/ble_conn_params.o
 *fill*         0x200025f2        0x2 
 .bss.m_current_conn_params
                0x200025f4        0x8 _build/ble_conn_params.o
 .bss.m_update_count
                0x200025fc        0x1 _build/ble_conn_params.o
 *fill*         0x200025fd        0x3 
 .bss.m_conn_params_config
                0x20002600       0x1c _build/ble_conn_params.o
 .bss.m_conn_params_timer_id_data
                0x2000261c       0x20 _build/ble_conn_params.o
 .bss.m_conn_handle
                0x2000263c        0x2 _build/ble_conn_params.o
 *fill*         0x2000263e        0x2 
 .bss.m_preferred_conn_params
                0x20002640        0x8 _build/ble_conn_params.o
 .bss.m_softdevice_enabled
                0x20002648        0x1 _build/softdevice_handler.o
 *fill*         0x20002649        0x1 
 .bss.m_ble_evt_buffer_size
                0x2000264a        0x2 _build/softdevice_handler.o
 .bss.mp_ble_evt_buffer
                0x2000264c        0x4 _build/softdevice_handler.o
 .bss.m_sys_evt_handler
                0x20002650        0x4 _build/softdevice_handler.o
 .bss.m_ble_evt_handler
                0x20002654        0x4 _build/softdevice_handler.o
 .bss.m_evt_schedule_func
                0x20002658        0x4 _build/softdevice_handler.o
 .bss.__malloc_sbrk_start
                0x2000265c        0x4 /media/ishu/Data/MS/Quarter5/ERTS/lab/ishu/gcc-arm-none-eabi/bin/../lib/gcc/arm-none-eabi/5.4.1/../../../../arm-none-eabi/lib/armv6-m/libc_nano.a(lib_a-nano-mallocr.o)
                0x2000265c                __malloc_sbrk_start
 .bss.__malloc_free_list
                0x20002660        0x4 /media/ishu/Data/MS/Quarter5/ERTS/lab/ishu/gcc-arm-none-eabi/bin/../lib/gcc/arm-none-eabi/5.4.1/../../../../arm-none-eabi/lib/armv6-m/libc_nano.a(lib_a-nano-mallocr.o)
                0x20002660                __malloc_free_list
 .bss.heap_end.4167
                0x20002664        0x4 /media/ishu/Data/MS/Quarter5/ERTS/lab/ishu/gcc-arm-none-eabi/bin/../lib/gcc/arm-none-eabi/5.4.1/../../../../arm-none-eabi/lib/armv6-m/libnosys.a(sbrk.o)
 *(COMMON)
 COMMON         0x20002668      0x47d _build/in4073.o
                0x20002668                yaw_parameter
                0x2000266a                say
                0x2000266c                C1
                0x2000266d                b
                0x2000266e                psi
                0x20002670                sensor_fifo_count
                0x20002671                P1
                0x20002672                saz
                0x20002674                height_mode_flag
                0x20002678                logCore
                0x2000267c                rx_queue
                0x20002782                current_mode
                0x20002784                phi
                0x20002786                P2
                0x20002787                prev_mode
                0x20002788                temperature
                0x2000278c                psi_s
                0x2000278e                new_lift
                0x20002790                theta
                0x20002794                pressure
                0x20002798                C2
                0x20002799                exit_mode_flag
                0x2000279a                mode
                0x2000279b                dcpsi_s
                0x2000279c                tx_queue
                0x200028a2                sax
                0x200028a4                lift
                0x200028a5                P4
                0x200028a6                sq
                0x200028a8                yaw_error
                0x200028aa                bat_volt
                0x200028ac                P3
                0x200028b0                ble_rx_queue
                0x200029b6                d
                0x200029b8                sp
                0x200029ba                safe_flag
                0x200029bb                radio_active
                0x200029bc                motor
                0x200029c4                yaw
                0x200029c8                last_correct_checksum_time
                0x200029cc                prev_lift
                0x200029ce                pitch
                0x200029cf                roll
                0x200029d0                ble_tx_queue
                0x20002ad8                ae
                0x20002ae0                sr
                0x20002ae2                height_lift_flag
                0x20002ae3                demo_done
                0x20002ae4                P
 *fill*         0x20002ae5        0x3 
 COMMON         0x20002ae8       0x28 _build/control.o
                0x20002ae8                roll_overflow
                0x20002aea                yaw_rate
                0x20002aec                pitch_act
                0x20002af0                height_s
                0x20002af4                yaw_overflow
                0x20002af6                yaw_prev
                0x20002af8                yaw_act
                0x20002afa                pitch_rate_d
                0x20002afc                roll_act
                0x20002afe                height_overflow
                0x20002b00                height_act
                0x20002b02                yaw_s
                0x20002b04                height_rate_d
                0x20002b06                roll_rate_d
                0x20002b08                pitch_overflow
                0x20002b0c                height_d
 COMMON         0x20002b10        0x5 _build/timers.o
                0x20002b10                global_time
                0x20002b14                timer_flag
 *fill*         0x20002b15        0x3 
 COMMON         0x20002b18        0x8 _build/baro.o
                0x20002b18                D2
                0x20002b1c                D1
 COMMON         0x20002b20        0x4 /media/ishu/Data/MS/Quarter5/ERTS/lab/ishu/gcc-arm-none-eabi/bin/../lib/gcc/arm-none-eabi/5.4.1/../../../../arm-none-eabi/lib/armv6-m/libc_nano.a(lib_a-reent.o)
                0x20002b20                errno
                0x20002b24                . = ALIGN (0x4)
                0x20002b24                __bss_end__ = .

.heap           0x20002b28      0x800
                0x20002b28                __end__ = .
                0x20002b28                end = __end__
 *(.heap*)
 .heap          0x20002b28      0x800 _build/gcc_startup_nrf51.o
                0x20002b28                __HeapBase
                0x20003328                __HeapLimit = .

.stack_dummy    0x20002b28      0x800
 *(.stack*)
 .stack         0x20002b28      0x800 _build/gcc_startup_nrf51.o
                0x20004000                __StackTop = (ORIGIN (RAM) + LENGTH (RAM))
                0x20003800                __StackLimit = (__StackTop - SIZEOF (.stack_dummy))
                0x20004000                PROVIDE (__stack, __StackTop)
                0x00000001                ASSERT ((__StackLimit >= __HeapLimit), region RAM overflowed with stack)
OUTPUT(_build/in4073.out elf32-littlearm)

.ARM.attributes
                0x00000000       0x28
 .ARM.attributes
                0x00000000       0x1e /media/ishu/Data/MS/Quarter5/ERTS/lab/ishu/gcc-arm-none-eabi/bin/../lib/gcc/arm-none-eabi/5.4.1/armv6-m/crti.o
 .ARM.attributes
                0x0000001e       0x2c /media/ishu/Data/MS/Quarter5/ERTS/lab/ishu/gcc-arm-none-eabi/bin/../lib/gcc/arm-none-eabi/5.4.1/armv6-m/crtbegin.o
 .ARM.attributes
                0x0000004a       0x1b /media/ishu/Data/MS/Quarter5/ERTS/lab/ishu/gcc-arm-none-eabi/bin/../lib/gcc/arm-none-eabi/5.4.1/../../../../arm-none-eabi/lib/armv6-m/crt0.o
 .ARM.attributes
                0x00000065       0x2c /media/ishu/Data/MS/Quarter5/ERTS/lab/ishu/gcc-arm-none-eabi/bin/../lib/gcc/arm-none-eabi/5.4.1/../../../../arm-none-eabi/lib/armv6-m/libc_nano.a(lib_a-exit.o)
 .ARM.attributes
                0x00000091       0x2c /media/ishu/Data/MS/Quarter5/ERTS/lab/ishu/gcc-arm-none-eabi/bin/../lib/gcc/arm-none-eabi/5.4.1/../../../../arm-none-eabi/lib/armv6-m/libc_nano.a(lib_a-impure.o)
 .ARM.attributes
                0x000000bd       0x2c /media/ishu/Data/MS/Quarter5/ERTS/lab/ishu/gcc-arm-none-eabi/bin/../lib/gcc/arm-none-eabi/5.4.1/../../../../arm-none-eabi/lib/armv6-m/libc_nano.a(lib_a-init.o)
 .ARM.attributes
                0x000000e9       0x2c /media/ishu/Data/MS/Quarter5/ERTS/lab/ishu/gcc-arm-none-eabi/bin/../lib/gcc/arm-none-eabi/5.4.1/../../../../arm-none-eabi/lib/armv6-m/libc_nano.a(lib_a-memset.o)
 .ARM.attributes
                0x00000115       0x2c /media/ishu/Data/MS/Quarter5/ERTS/lab/ishu/gcc-arm-none-eabi/bin/../lib/gcc/arm-none-eabi/5.4.1/../../../../arm-none-eabi/lib/armv6-m/libnosys.a(_exit.o)
 .ARM.attributes
                0x00000141       0x31 _build/system_nrf51.o
 .ARM.attributes
                0x00000172       0x31 _build/nrf_delay.o
 .ARM.attributes
                0x000001a3       0x31 _build/in4073.o
 .ARM.attributes
                0x000001d4       0x31 _build/control.o
 .ARM.attributes
                0x00000205       0x31 _build/sensors.o
 .ARM.attributes
                0x00000236       0x31 _build/filters.o
 .ARM.attributes
                0x00000267       0x31 _build/fixedp.o
 .ARM.attributes
                0x00000298       0x31 _build/crc.o
 .ARM.attributes
                0x000002c9       0x31 _build/packet.o
 .ARM.attributes
                0x000002fa       0x31 _build/packet_uav.o
 .ARM.attributes
                0x0000032b       0x31 _build/logging.o
 .ARM.attributes
                0x0000035c       0x31 _build/gpio.o
 .ARM.attributes
                0x0000038d       0x31 _build/timers.o
 .ARM.attributes
                0x000003be       0x31 _build/uart.o
 .ARM.attributes
                0x000003ef       0x31 _build/queue.o
 .ARM.attributes
                0x00000420       0x31 _build/twi.o
 .ARM.attributes
                0x00000451       0x31 _build/adc.o
 .ARM.attributes
                0x00000482       0x31 _build/baro.o
 .ARM.attributes
                0x000004b3       0x31 _build/ble.o
 .ARM.attributes
                0x000004e4       0x31 _build/spi_flash.o
 .ARM.attributes
                0x00000515       0x31 _build/inv_mpu.o
 .ARM.attributes
                0x00000546       0x31 _build/inv_mpu_dmp_motion_driver.o
 .ARM.attributes
                0x00000577       0x31 _build/ml.o
 .ARM.attributes
                0x000005a8       0x31 _build/mpu_wrapper.o
 .ARM.attributes
                0x000005d9       0x31 _build/app_error.o
 .ARM.attributes
                0x0000060a       0x31 _build/app_timer.o
 .ARM.attributes
                0x0000063b       0x31 _build/pstorage.o
 .ARM.attributes
                0x0000066c       0x31 _build/ble_advdata.o
 .ARM.attributes
                0x0000069d       0x31 _build/ble_advertising.o
 .ARM.attributes
                0x000006ce       0x31 _build/ble_conn_params.o
 .ARM.attributes
                0x000006ff       0x31 _build/ble_nus.o
 .ARM.attributes
                0x00000730       0x31 _build/softdevice_handler.o
 .ARM.attributes
                0x00000761       0x1b _build/gcc_startup_nrf51.o
 .ARM.attributes
                0x0000077c       0x2c /media/ishu/Data/MS/Quarter5/ERTS/lab/ishu/gcc-arm-none-eabi/bin/../lib/gcc/arm-none-eabi/5.4.1/../../../../arm-none-eabi/lib/armv6-m/libm.a(lib_a-s_fabs.o)
 .ARM.attributes
                0x000007a8       0x2c /media/ishu/Data/MS/Quarter5/ERTS/lab/ishu/gcc-arm-none-eabi/bin/../lib/gcc/arm-none-eabi/5.4.1/../../../../arm-none-eabi/lib/armv6-m/libm.a(lib_a-w_asin.o)
 .ARM.attributes
                0x000007d4       0x2c /media/ishu/Data/MS/Quarter5/ERTS/lab/ishu/gcc-arm-none-eabi/bin/../lib/gcc/arm-none-eabi/5.4.1/../../../../arm-none-eabi/lib/armv6-m/libm.a(lib_a-w_atan2.o)
 .ARM.attributes
                0x00000800       0x2c /media/ishu/Data/MS/Quarter5/ERTS/lab/ishu/gcc-arm-none-eabi/bin/../lib/gcc/arm-none-eabi/5.4.1/../../../../arm-none-eabi/lib/armv6-m/libm.a(lib_a-e_asin.o)
 .ARM.attributes
                0x0000082c       0x2c /media/ishu/Data/MS/Quarter5/ERTS/lab/ishu/gcc-arm-none-eabi/bin/../lib/gcc/arm-none-eabi/5.4.1/../../../../arm-none-eabi/lib/armv6-m/libm.a(lib_a-e_atan2.o)
 .ARM.attributes
                0x00000858       0x2c /media/ishu/Data/MS/Quarter5/ERTS/lab/ishu/gcc-arm-none-eabi/bin/../lib/gcc/arm-none-eabi/5.4.1/../../../../arm-none-eabi/lib/armv6-m/libm.a(lib_a-e_sqrt.o)
 .ARM.attributes
                0x00000884       0x2c /media/ishu/Data/MS/Quarter5/ERTS/lab/ishu/gcc-arm-none-eabi/bin/../lib/gcc/arm-none-eabi/5.4.1/../../../../arm-none-eabi/lib/armv6-m/libm.a(lib_a-s_atan.o)
 .ARM.attributes
                0x000008b0       0x2c /media/ishu/Data/MS/Quarter5/ERTS/lab/ishu/gcc-arm-none-eabi/bin/../lib/gcc/arm-none-eabi/5.4.1/../../../../arm-none-eabi/lib/armv6-m/libm.a(lib_a-s_lib_ver.o)
 .ARM.attributes
                0x000008dc       0x2c /media/ishu/Data/MS/Quarter5/ERTS/lab/ishu/gcc-arm-none-eabi/bin/../lib/gcc/arm-none-eabi/5.4.1/../../../../arm-none-eabi/lib/armv6-m/libm.a(lib_a-s_matherr.o)
 .ARM.attributes
                0x00000908       0x2c /media/ishu/Data/MS/Quarter5/ERTS/lab/ishu/gcc-arm-none-eabi/bin/../lib/gcc/arm-none-eabi/5.4.1/../../../../arm-none-eabi/lib/armv6-m/libm.a(lib_a-s_nan.o)
 .ARM.attributes
                0x00000934       0x1e /media/ishu/Data/MS/Quarter5/ERTS/lab/ishu/gcc-arm-none-eabi/bin/../lib/gcc/arm-none-eabi/5.4.1/armv6-m/libgcc.a(_udivsi3.o)
 .ARM.attributes
                0x00000952       0x1e /media/ishu/Data/MS/Quarter5/ERTS/lab/ishu/gcc-arm-none-eabi/bin/../lib/gcc/arm-none-eabi/5.4.1/armv6-m/libgcc.a(_divsi3.o)
 .ARM.attributes
                0x00000970       0x1e /media/ishu/Data/MS/Quarter5/ERTS/lab/ishu/gcc-arm-none-eabi/bin/../lib/gcc/arm-none-eabi/5.4.1/armv6-m/libgcc.a(_dvmd_tls.o)
 .ARM.attributes
                0x0000098e       0x1e /media/ishu/Data/MS/Quarter5/ERTS/lab/ishu/gcc-arm-none-eabi/bin/../lib/gcc/arm-none-eabi/5.4.1/armv6-m/libgcc.a(_arm_cmpdf2.o)
 .ARM.attributes
                0x000009ac       0x1e /media/ishu/Data/MS/Quarter5/ERTS/lab/ishu/gcc-arm-none-eabi/bin/../lib/gcc/arm-none-eabi/5.4.1/armv6-m/libgcc.a(_arm_cmpsf2.o)
 .ARM.attributes
                0x000009ca       0x2c /media/ishu/Data/MS/Quarter5/ERTS/lab/ishu/gcc-arm-none-eabi/bin/../lib/gcc/arm-none-eabi/5.4.1/armv6-m/libgcc.a(_muldi3.o)
 .ARM.attributes
                0x000009f6       0x2c /media/ishu/Data/MS/Quarter5/ERTS/lab/ishu/gcc-arm-none-eabi/bin/../lib/gcc/arm-none-eabi/5.4.1/armv6-m/libgcc.a(_fixunssfsi.o)
 .ARM.attributes
                0x00000a22       0x2c /media/ishu/Data/MS/Quarter5/ERTS/lab/ishu/gcc-arm-none-eabi/bin/../lib/gcc/arm-none-eabi/5.4.1/armv6-m/libgcc.a(addsf3.o)
 .ARM.attributes
                0x00000a4e       0x2c /media/ishu/Data/MS/Quarter5/ERTS/lab/ishu/gcc-arm-none-eabi/bin/../lib/gcc/arm-none-eabi/5.4.1/armv6-m/libgcc.a(divsf3.o)
 .ARM.attributes
                0x00000a7a       0x2c /media/ishu/Data/MS/Quarter5/ERTS/lab/ishu/gcc-arm-none-eabi/bin/../lib/gcc/arm-none-eabi/5.4.1/armv6-m/libgcc.a(eqsf2.o)
 .ARM.attributes
                0x00000aa6       0x2c /media/ishu/Data/MS/Quarter5/ERTS/lab/ishu/gcc-arm-none-eabi/bin/../lib/gcc/arm-none-eabi/5.4.1/armv6-m/libgcc.a(gesf2.o)
 .ARM.attributes
                0x00000ad2       0x2c /media/ishu/Data/MS/Quarter5/ERTS/lab/ishu/gcc-arm-none-eabi/bin/../lib/gcc/arm-none-eabi/5.4.1/armv6-m/libgcc.a(lesf2.o)
 .ARM.attributes
                0x00000afe       0x2c /media/ishu/Data/MS/Quarter5/ERTS/lab/ishu/gcc-arm-none-eabi/bin/../lib/gcc/arm-none-eabi/5.4.1/armv6-m/libgcc.a(mulsf3.o)
 .ARM.attributes
                0x00000b2a       0x2c /media/ishu/Data/MS/Quarter5/ERTS/lab/ishu/gcc-arm-none-eabi/bin/../lib/gcc/arm-none-eabi/5.4.1/armv6-m/libgcc.a(subsf3.o)
 .ARM.attributes
                0x00000b56       0x2c /media/ishu/Data/MS/Quarter5/ERTS/lab/ishu/gcc-arm-none-eabi/bin/../lib/gcc/arm-none-eabi/5.4.1/armv6-m/libgcc.a(fixsfsi.o)
 .ARM.attributes
                0x00000b82       0x2c /media/ishu/Data/MS/Quarter5/ERTS/lab/ishu/gcc-arm-none-eabi/bin/../lib/gcc/arm-none-eabi/5.4.1/armv6-m/libgcc.a(floatsisf.o)
 .ARM.attributes
                0x00000bae       0x2c /media/ishu/Data/MS/Quarter5/ERTS/lab/ishu/gcc-arm-none-eabi/bin/../lib/gcc/arm-none-eabi/5.4.1/armv6-m/libgcc.a(floatunsisf.o)
 .ARM.attributes
                0x00000bda       0x2c /media/ishu/Data/MS/Quarter5/ERTS/lab/ishu/gcc-arm-none-eabi/bin/../lib/gcc/arm-none-eabi/5.4.1/armv6-m/libgcc.a(adddf3.o)
 .ARM.attributes
                0x00000c06       0x2c /media/ishu/Data/MS/Quarter5/ERTS/lab/ishu/gcc-arm-none-eabi/bin/../lib/gcc/arm-none-eabi/5.4.1/armv6-m/libgcc.a(divdf3.o)
 .ARM.attributes
                0x00000c32       0x2c /media/ishu/Data/MS/Quarter5/ERTS/lab/ishu/gcc-arm-none-eabi/bin/../lib/gcc/arm-none-eabi/5.4.1/armv6-m/libgcc.a(eqdf2.o)
 .ARM.attributes
                0x00000c5e       0x2c /media/ishu/Data/MS/Quarter5/ERTS/lab/ishu/gcc-arm-none-eabi/bin/../lib/gcc/arm-none-eabi/5.4.1/armv6-m/libgcc.a(gedf2.o)
 .ARM.attributes
                0x00000c8a       0x2c /media/ishu/Data/MS/Quarter5/ERTS/lab/ishu/gcc-arm-none-eabi/bin/../lib/gcc/arm-none-eabi/5.4.1/armv6-m/libgcc.a(ledf2.o)
 .ARM.attributes
                0x00000cb6       0x2c /media/ishu/Data/MS/Quarter5/ERTS/lab/ishu/gcc-arm-none-eabi/bin/../lib/gcc/arm-none-eabi/5.4.1/armv6-m/libgcc.a(muldf3.o)
 .ARM.attributes
                0x00000ce2       0x2c /media/ishu/Data/MS/Quarter5/ERTS/lab/ishu/gcc-arm-none-eabi/bin/../lib/gcc/arm-none-eabi/5.4.1/armv6-m/libgcc.a(subdf3.o)
 .ARM.attributes
                0x00000d0e       0x2c /media/ishu/Data/MS/Quarter5/ERTS/lab/ishu/gcc-arm-none-eabi/bin/../lib/gcc/arm-none-eabi/5.4.1/armv6-m/libgcc.a(unorddf2.o)
 .ARM.attributes
                0x00000d3a       0x2c /media/ishu/Data/MS/Quarter5/ERTS/lab/ishu/gcc-arm-none-eabi/bin/../lib/gcc/arm-none-eabi/5.4.1/armv6-m/libgcc.a(fixdfsi.o)
 .ARM.attributes
                0x00000d66       0x2c /media/ishu/Data/MS/Quarter5/ERTS/lab/ishu/gcc-arm-none-eabi/bin/../lib/gcc/arm-none-eabi/5.4.1/armv6-m/libgcc.a(extendsfdf2.o)
 .ARM.attributes
                0x00000d92       0x1e /media/ishu/Data/MS/Quarter5/ERTS/lab/ishu/gcc-arm-none-eabi/bin/../lib/gcc/arm-none-eabi/5.4.1/armv6-m/libgcc.a(_clzsi2.o)
 .ARM.attributes
                0x00000db0       0x2c /media/ishu/Data/MS/Quarter5/ERTS/lab/ishu/gcc-arm-none-eabi/bin/../lib/gcc/arm-none-eabi/5.4.1/../../../../arm-none-eabi/lib/armv6-m/libc_nano.a(lib_a-errno.o)
 .ARM.attributes
                0x00000ddc       0x2c /media/ishu/Data/MS/Quarter5/ERTS/lab/ishu/gcc-arm-none-eabi/bin/../lib/gcc/arm-none-eabi/5.4.1/../../../../arm-none-eabi/lib/armv6-m/libc_nano.a(lib_a-malloc.o)
 .ARM.attributes
                0x00000e08       0x2c /media/ishu/Data/MS/Quarter5/ERTS/lab/ishu/gcc-arm-none-eabi/bin/../lib/gcc/arm-none-eabi/5.4.1/../../../../arm-none-eabi/lib/armv6-m/libc_nano.a(lib_a-memcmp.o)
 .ARM.attributes
                0x00000e34       0x2c /media/ishu/Data/MS/Quarter5/ERTS/lab/ishu/gcc-arm-none-eabi/bin/../lib/gcc/arm-none-eabi/5.4.1/../../../../arm-none-eabi/lib/armv6-m/libc_nano.a(lib_a-memcpy-stub.o)
 .ARM.attributes
                0x00000e60       0x2c /media/ishu/Data/MS/Quarter5/ERTS/lab/ishu/gcc-arm-none-eabi/bin/../lib/gcc/arm-none-eabi/5.4.1/../../../../arm-none-eabi/lib/armv6-m/libc_nano.a(lib_a-nano-freer.o)
 .ARM.attributes
                0x00000e8c       0x2c /media/ishu/Data/MS/Quarter5/ERTS/lab/ishu/gcc-arm-none-eabi/bin/../lib/gcc/arm-none-eabi/5.4.1/../../../../arm-none-eabi/lib/armv6-m/libc_nano.a(lib_a-nano-mallocr.o)
 .ARM.attributes
                0x00000eb8       0x2c /media/ishu/Data/MS/Quarter5/ERTS/lab/ishu/gcc-arm-none-eabi/bin/../lib/gcc/arm-none-eabi/5.4.1/../../../../arm-none-eabi/lib/armv6-m/libc_nano.a(lib_a-printf.o)
 .ARM.attributes
                0x00000ee4       0x2c /media/ishu/Data/MS/Quarter5/ERTS/lab/ishu/gcc-arm-none-eabi/bin/../lib/gcc/arm-none-eabi/5.4.1/../../../../arm-none-eabi/lib/armv6-m/libc_nano.a(lib_a-sbrkr.o)
 .ARM.attributes
                0x00000f10       0x2c /media/ishu/Data/MS/Quarter5/ERTS/lab/ishu/gcc-arm-none-eabi/bin/../lib/gcc/arm-none-eabi/5.4.1/../../../../arm-none-eabi/lib/armv6-m/libc_nano.a(lib_a-sprintf.o)
 .ARM.attributes
                0x00000f3c       0x1c /media/ishu/Data/MS/Quarter5/ERTS/lab/ishu/gcc-arm-none-eabi/bin/../lib/gcc/arm-none-eabi/5.4.1/../../../../arm-none-eabi/lib/armv6-m/libc_nano.a(lib_a-strlen.o)
 .ARM.attributes
                0x00000f58       0x2c /media/ishu/Data/MS/Quarter5/ERTS/lab/ishu/gcc-arm-none-eabi/bin/../lib/gcc/arm-none-eabi/5.4.1/../../../../arm-none-eabi/lib/armv6-m/libc_nano.a(lib_a-findfp.o)
 .ARM.attributes
                0x00000f84       0x2c /media/ishu/Data/MS/Quarter5/ERTS/lab/ishu/gcc-arm-none-eabi/bin/../lib/gcc/arm-none-eabi/5.4.1/../../../../arm-none-eabi/lib/armv6-m/libc_nano.a(lib_a-fwalk.o)
 .ARM.attributes
                0x00000fb0       0x2c /media/ishu/Data/MS/Quarter5/ERTS/lab/ishu/gcc-arm-none-eabi/bin/../lib/gcc/arm-none-eabi/5.4.1/../../../../arm-none-eabi/lib/armv6-m/libc_nano.a(lib_a-mlock.o)
 .ARM.attributes
                0x00000fdc       0x2c /media/ishu/Data/MS/Quarter5/ERTS/lab/ishu/gcc-arm-none-eabi/bin/../lib/gcc/arm-none-eabi/5.4.1/../../../../arm-none-eabi/lib/armv6-m/libc_nano.a(lib_a-nano-svfprintf.o)
 .ARM.attributes
                0x00001008       0x2c /media/ishu/Data/MS/Quarter5/ERTS/lab/ishu/gcc-arm-none-eabi/bin/../lib/gcc/arm-none-eabi/5.4.1/../../../../arm-none-eabi/lib/armv6-m/libc_nano.a(lib_a-nano-vfprintf.o)
 .ARM.attributes
                0x00001034       0x2c /media/ishu/Data/MS/Quarter5/ERTS/lab/ishu/gcc-arm-none-eabi/bin/../lib/gcc/arm-none-eabi/5.4.1/../../../../arm-none-eabi/lib/armv6-m/libc_nano.a(lib_a-nano-vfprintf_i.o)
 .ARM.attributes
                0x00001060       0x2c /media/ishu/Data/MS/Quarter5/ERTS/lab/ishu/gcc-arm-none-eabi/bin/../lib/gcc/arm-none-eabi/5.4.1/../../../../arm-none-eabi/lib/armv6-m/libc_nano.a(lib_a-reent.o)
 .ARM.attributes
                0x0000108c       0x2c /media/ishu/Data/MS/Quarter5/ERTS/lab/ishu/gcc-arm-none-eabi/bin/../lib/gcc/arm-none-eabi/5.4.1/../../../../arm-none-eabi/lib/armv6-m/libc_nano.a(lib_a-stdio.o)
 .ARM.attributes
                0x000010b8       0x2c /media/ishu/Data/MS/Quarter5/ERTS/lab/ishu/gcc-arm-none-eabi/bin/../lib/gcc/arm-none-eabi/5.4.1/../../../../arm-none-eabi/lib/armv6-m/libc_nano.a(lib_a-wbuf.o)
 .ARM.attributes
                0x000010e4       0x2c /media/ishu/Data/MS/Quarter5/ERTS/lab/ishu/gcc-arm-none-eabi/bin/../lib/gcc/arm-none-eabi/5.4.1/../../../../arm-none-eabi/lib/armv6-m/libc_nano.a(lib_a-writer.o)
 .ARM.attributes
                0x00001110       0x2c /media/ishu/Data/MS/Quarter5/ERTS/lab/ishu/gcc-arm-none-eabi/bin/../lib/gcc/arm-none-eabi/5.4.1/../../../../arm-none-eabi/lib/armv6-m/libc_nano.a(lib_a-wsetup.o)
 .ARM.attributes
                0x0000113c       0x2c /media/ishu/Data/MS/Quarter5/ERTS/lab/ishu/gcc-arm-none-eabi/bin/../lib/gcc/arm-none-eabi/5.4.1/../../../../arm-none-eabi/lib/armv6-m/libc_nano.a(lib_a-closer.o)
 .ARM.attributes
                0x00001168       0x2c /media/ishu/Data/MS/Quarter5/ERTS/lab/ishu/gcc-arm-none-eabi/bin/../lib/gcc/arm-none-eabi/5.4.1/../../../../arm-none-eabi/lib/armv6-m/libc_nano.a(lib_a-fflush.o)
 .ARM.attributes
                0x00001194       0x2c /media/ishu/Data/MS/Quarter5/ERTS/lab/ishu/gcc-arm-none-eabi/bin/../lib/gcc/arm-none-eabi/5.4.1/../../../../arm-none-eabi/lib/armv6-m/libc_nano.a(lib_a-lseekr.o)
 .ARM.attributes
                0x000011c0       0x2c /media/ishu/Data/MS/Quarter5/ERTS/lab/ishu/gcc-arm-none-eabi/bin/../lib/gcc/arm-none-eabi/5.4.1/../../../../arm-none-eabi/lib/armv6-m/libc_nano.a(lib_a-makebuf.o)
 .ARM.attributes
                0x000011ec       0x2c /media/ishu/Data/MS/Quarter5/ERTS/lab/ishu/gcc-arm-none-eabi/bin/../lib/gcc/arm-none-eabi/5.4.1/../../../../arm-none-eabi/lib/armv6-m/libc_nano.a(lib_a-memchr-stub.o)
 .ARM.attributes
                0x00001218       0x2c /media/ishu/Data/MS/Quarter5/ERTS/lab/ishu/gcc-arm-none-eabi/bin/../lib/gcc/arm-none-eabi/5.4.1/../../../../arm-none-eabi/lib/armv6-m/libc_nano.a(lib_a-memmove.o)
 .ARM.attributes
                0x00001244       0x2c /media/ishu/Data/MS/Quarter5/ERTS/lab/ishu/gcc-arm-none-eabi/bin/../lib/gcc/arm-none-eabi/5.4.1/../../../../arm-none-eabi/lib/armv6-m/libc_nano.a(lib_a-nano-reallocr.o)
 .ARM.attributes
                0x00001270       0x2c /media/ishu/Data/MS/Quarter5/ERTS/lab/ishu/gcc-arm-none-eabi/bin/../lib/gcc/arm-none-eabi/5.4.1/../../../../arm-none-eabi/lib/armv6-m/libc_nano.a(lib_a-readr.o)
 .ARM.attributes
                0x0000129c       0x2c /media/ishu/Data/MS/Quarter5/ERTS/lab/ishu/gcc-arm-none-eabi/bin/../lib/gcc/arm-none-eabi/5.4.1/../../../../arm-none-eabi/lib/armv6-m/libc_nano.a(lib_a-fstatr.o)
 .ARM.attributes
                0x000012c8       0x2c /media/ishu/Data/MS/Quarter5/ERTS/lab/ishu/gcc-arm-none-eabi/bin/../lib/gcc/arm-none-eabi/5.4.1/../../../../arm-none-eabi/lib/armv6-m/libc_nano.a(lib_a-isattyr.o)
 .ARM.attributes
                0x000012f4       0x2c /media/ishu/Data/MS/Quarter5/ERTS/lab/ishu/gcc-arm-none-eabi/bin/../lib/gcc/arm-none-eabi/5.4.1/../../../../arm-none-eabi/lib/armv6-m/libc_nano.a(lib_a-nano-msizer.o)
 .ARM.attributes
                0x00001320       0x1e /media/ishu/Data/MS/Quarter5/ERTS/lab/ishu/gcc-arm-none-eabi/bin/../lib/gcc/arm-none-eabi/5.4.1/armv6-m/crtn.o
 .ARM.attributes
                0x0000133e       0x2c /media/ishu/Data/MS/Quarter5/ERTS/lab/ishu/gcc-arm-none-eabi/bin/../lib/gcc/arm-none-eabi/5.4.1/../../../../arm-none-eabi/lib/armv6-m/libnosys.a(close.o)
 .ARM.attributes
                0x0000136a       0x2c /media/ishu/Data/MS/Quarter5/ERTS/lab/ishu/gcc-arm-none-eabi/bin/../lib/gcc/arm-none-eabi/5.4.1/../../../../arm-none-eabi/lib/armv6-m/libnosys.a(fstat.o)
 .ARM.attributes
                0x00001396       0x2c /media/ishu/Data/MS/Quarter5/ERTS/lab/ishu/gcc-arm-none-eabi/bin/../lib/gcc/arm-none-eabi/5.4.1/../../../../arm-none-eabi/lib/armv6-m/libnosys.a(isatty.o)
 .ARM.attributes
                0x000013c2       0x2c /media/ishu/Data/MS/Quarter5/ERTS/lab/ishu/gcc-arm-none-eabi/bin/../lib/gcc/arm-none-eabi/5.4.1/../../../../arm-none-eabi/lib/armv6-m/libnosys.a(lseek.o)
 .ARM.attributes
                0x000013ee       0x2c /media/ishu/Data/MS/Quarter5/ERTS/lab/ishu/gcc-arm-none-eabi/bin/../lib/gcc/arm-none-eabi/5.4.1/../../../../arm-none-eabi/lib/armv6-m/libnosys.a(read.o)
 .ARM.attributes
                0x0000141a       0x2c /media/ishu/Data/MS/Quarter5/ERTS/lab/ishu/gcc-arm-none-eabi/bin/../lib/gcc/arm-none-eabi/5.4.1/../../../../arm-none-eabi/lib/armv6-m/libnosys.a(sbrk.o)

.comment        0x00000000       0x6e
 .comment       0x00000000       0x6e _build/system_nrf51.o
                                 0x6f (size before relaxing)
 .comment       0x0000006e       0x6f _build/nrf_delay.o
 .comment       0x0000006e       0x6f _build/in4073.o
 .comment       0x0000006e       0x6f _build/control.o
 .comment       0x0000006e       0x6f _build/sensors.o
 .comment       0x0000006e       0x6f _build/filters.o
 .comment       0x0000006e       0x6f _build/fixedp.o
 .comment       0x0000006e       0x6f _build/crc.o
 .comment       0x0000006e       0x6f _build/packet.o
 .comment       0x0000006e       0x6f _build/packet_uav.o
 .comment       0x0000006e       0x6f _build/logging.o
 .comment       0x0000006e       0x6f _build/gpio.o
 .comment       0x0000006e       0x6f _build/timers.o
 .comment       0x0000006e       0x6f _build/uart.o
 .comment       0x0000006e       0x6f _build/queue.o
 .comment       0x0000006e       0x6f _build/twi.o
 .comment       0x0000006e       0x6f _build/adc.o
 .comment       0x0000006e       0x6f _build/baro.o
 .comment       0x0000006e       0x6f _build/ble.o
 .comment       0x0000006e       0x6f _build/spi_flash.o
 .comment       0x0000006e       0x6f _build/inv_mpu.o
 .comment       0x0000006e       0x6f _build/inv_mpu_dmp_motion_driver.o
 .comment       0x0000006e       0x6f _build/ml.o
 .comment       0x0000006e       0x6f _build/mpu_wrapper.o
 .comment       0x0000006e       0x6f _build/app_error.o
 .comment       0x0000006e       0x6f _build/app_timer.o
 .comment       0x0000006e       0x6f _build/pstorage.o
 .comment       0x0000006e       0x6f _build/ble_advdata.o
 .comment       0x0000006e       0x6f _build/ble_advertising.o
 .comment       0x0000006e       0x6f _build/ble_conn_params.o
 .comment       0x0000006e       0x6f _build/ble_nus.o
 .comment       0x0000006e       0x6f _build/softdevice_handler.o

.debug_frame    0x00000000     0x1034
 .debug_frame   0x00000000       0x28 /media/ishu/Data/MS/Quarter5/ERTS/lab/ishu/gcc-arm-none-eabi/bin/../lib/gcc/arm-none-eabi/5.4.1/../../../../arm-none-eabi/lib/armv6-m/libc_nano.a(lib_a-exit.o)
 .debug_frame   0x00000028       0x2c /media/ishu/Data/MS/Quarter5/ERTS/lab/ishu/gcc-arm-none-eabi/bin/../lib/gcc/arm-none-eabi/5.4.1/../../../../arm-none-eabi/lib/armv6-m/libc_nano.a(lib_a-init.o)
 .debug_frame   0x00000054       0x20 /media/ishu/Data/MS/Quarter5/ERTS/lab/ishu/gcc-arm-none-eabi/bin/../lib/gcc/arm-none-eabi/5.4.1/../../../../arm-none-eabi/lib/armv6-m/libc_nano.a(lib_a-memset.o)
 .debug_frame   0x00000074       0x20 /media/ishu/Data/MS/Quarter5/ERTS/lab/ishu/gcc-arm-none-eabi/bin/../lib/gcc/arm-none-eabi/5.4.1/../../../../arm-none-eabi/lib/armv6-m/libnosys.a(_exit.o)