Archive member included to satisfy reference by file (symbol)

/media/ishu/Data/MS/Quarter5/ERTS/lab/ishu/gcc-arm-none-eabi/bin/../lib/gcc/arm-none-eabi/5.4.1/../../../../arm-none-eabi/lib/armv6-m/libc_nano.a(lib_a-exit.o)
                              /media/ishu/Data/MS/Quarter5/ERTS/lab/ishu/gcc-arm-none-eabi/bin/../lib/gcc/arm-none-eabi/5.4.1/../../../../arm-none-eabi/lib/armv6-m/crt0.o (exit)
/media/ishu/Data/MS/Quarter5/ERTS/lab/ishu/gcc-arm-none-eabi/bin/../lib/gcc/arm-none-eabi/5.4.1/../../../../arm-none-eabi/lib/armv6-m/libc_nano.a(lib_a-impure.o)
                              /media/ishu/Data/MS/Quarter5/ERTS/lab/ishu/gcc-arm-none-eabi/bin/../lib/gcc/arm-none-eabi/5.4.1/../../../../arm-none-eabi/lib/armv6-m/libc_nano.a(lib_a-exit.o) (_global_impure_ptr)
/media/ishu/Data/MS/Quarter5/ERTS/lab/ishu/gcc-arm-none-eabi/bin/../lib/gcc/arm-none-eabi/5.4.1/../../../../arm-none-eabi/lib/armv6-m/libc_nano.a(lib_a-init.o)
                              /media/ishu/Data/MS/Quarter5/ERTS/lab/ishu/gcc-arm-none-eabi/bin/../lib/gcc/arm-none-eabi/5.4.1/../../../../arm-none-eabi/lib/armv6-m/crt0.o (__libc_init_array)
/media/ishu/Data/MS/Quarter5/ERTS/lab/ishu/gcc-arm-none-eabi/bin/../lib/gcc/arm-none-eabi/5.4.1/../../../../arm-none-eabi/lib/armv6-m/libc_nano.a(lib_a-memset.o)
                              /media/ishu/Data/MS/Quarter5/ERTS/lab/ishu/gcc-arm-none-eabi/bin/../lib/gcc/arm-none-eabi/5.4.1/../../../../arm-none-eabi/lib/armv6-m/crt0.o (memset)
/media/ishu/Data/MS/Quarter5/ERTS/lab/ishu/gcc-arm-none-eabi/bin/../lib/gcc/arm-none-eabi/5.4.1/../../../../arm-none-eabi/lib/armv6-m/libnosys.a(_exit.o)
                              /media/ishu/Data/MS/Quarter5/ERTS/lab/ishu/gcc-arm-none-eabi/bin/../lib/gcc/arm-none-eabi/5.4.1/../../../../arm-none-eabi/lib/armv6-m/libc_nano.a(lib_a-exit.o) (_exit)
/media/ishu/Data/MS/Quarter5/ERTS/lab/ishu/gcc-arm-none-eabi/bin/../lib/gcc/arm-none-eabi/5.4.1/../../../../arm-none-eabi/lib/armv6-m/libm.a(lib_a-s_fabs.o)
                              _build/inv_mpu.o (fabs)
/media/ishu/Data/MS/Quarter5/ERTS/lab/ishu/gcc-arm-none-eabi/bin/../lib/gcc/arm-none-eabi/5.4.1/../../../../arm-none-eabi/lib/armv6-m/libm.a(lib_a-w_asin.o)
                              _build/mpu_wrapper.o (asin)
/media/ishu/Data/MS/Quarter5/ERTS/lab/ishu/gcc-arm-none-eabi/bin/../lib/gcc/arm-none-eabi/5.4.1/../../../../arm-none-eabi/lib/armv6-m/libm.a(lib_a-w_atan2.o)
                              _build/mpu_wrapper.o (atan2)
/media/ishu/Data/MS/Quarter5/ERTS/lab/ishu/gcc-arm-none-eabi/bin/../lib/gcc/arm-none-eabi/5.4.1/../../../../arm-none-eabi/lib/armv6-m/libm.a(lib_a-e_asin.o)
                              /media/ishu/Data/MS/Quarter5/ERTS/lab/ishu/gcc-arm-none-eabi/bin/../lib/gcc/arm-none-eabi/5.4.1/../../../../arm-none-eabi/lib/armv6-m/libm.a(lib_a-w_asin.o) (__ieee754_asin)
/media/ishu/Data/MS/Quarter5/ERTS/lab/ishu/gcc-arm-none-eabi/bin/../lib/gcc/arm-none-eabi/5.4.1/../../../../arm-none-eabi/lib/armv6-m/libm.a(lib_a-e_atan2.o)
                              /media/ishu/Data/MS/Quarter5/ERTS/lab/ishu/gcc-arm-none-eabi/bin/../lib/gcc/arm-none-eabi/5.4.1/../../../../arm-none-eabi/lib/armv6-m/libm.a(lib_a-w_atan2.o) (__ieee754_atan2)
/media/ishu/Data/MS/Quarter5/ERTS/lab/ishu/gcc-arm-none-eabi/bin/../lib/gcc/arm-none-eabi/5.4.1/../../../../arm-none-eabi/lib/armv6-m/libm.a(lib_a-e_sqrt.o)
                              /media/ishu/Data/MS/Quarter5/ERTS/lab/ishu/gcc-arm-none-eabi/bin/../lib/gcc/arm-none-eabi/5.4.1/../../../../arm-none-eabi/lib/armv6-m/libm.a(lib_a-e_asin.o) (__ieee754_sqrt)
/media/ishu/Data/MS/Quarter5/ERTS/lab/ishu/gcc-arm-none-eabi/bin/../lib/gcc/arm-none-eabi/5.4.1/../../../../arm-none-eabi/lib/armv6-m/libm.a(lib_a-s_atan.o)
                              /media/ishu/Data/MS/Quarter5/ERTS/lab/ishu/gcc-arm-none-eabi/bin/../lib/gcc/arm-none-eabi/5.4.1/../../../../arm-none-eabi/lib/armv6-m/libm.a(lib_a-e_atan2.o) (atan)
/media/ishu/Data/MS/Quarter5/ERTS/lab/ishu/gcc-arm-none-eabi/bin/../lib/gcc/arm-none-eabi/5.4.1/../../../../arm-none-eabi/lib/armv6-m/libm.a(lib_a-s_lib_ver.o)
                              /media/ishu/Data/MS/Quarter5/ERTS/lab/ishu/gcc-arm-none-eabi/bin/../lib/gcc/arm-none-eabi/5.4.1/../../../../arm-none-eabi/lib/armv6-m/libm.a(lib_a-w_asin.o) (__fdlib_version)
/media/ishu/Data/MS/Quarter5/ERTS/lab/ishu/gcc-arm-none-eabi/bin/../lib/gcc/arm-none-eabi/5.4.1/../../../../arm-none-eabi/lib/armv6-m/libm.a(lib_a-s_matherr.o)
                              /media/ishu/Data/MS/Quarter5/ERTS/lab/ishu/gcc-arm-none-eabi/bin/../lib/gcc/arm-none-eabi/5.4.1/../../../../arm-none-eabi/lib/armv6-m/libm.a(lib_a-w_asin.o) (matherr)
/media/ishu/Data/MS/Quarter5/ERTS/lab/ishu/gcc-arm-none-eabi/bin/../lib/gcc/arm-none-eabi/5.4.1/../../../../arm-none-eabi/lib/armv6-m/libm.a(lib_a-s_nan.o)
                              /media/ishu/Data/MS/Quarter5/ERTS/lab/ishu/gcc-arm-none-eabi/bin/../lib/gcc/arm-none-eabi/5.4.1/../../../../arm-none-eabi/lib/armv6-m/libm.a(lib_a-w_asin.o) (nan)
[...]
Memory Configuration

Name             Origin             Length             Attributes
FLASH            0x00018000         0x00028000         xr
RAM              0x20002000         0x00002000         xrw
*default*        0x00000000         0xffffffff

Linker script and memory map

LOAD /media/ishu/Data/MS/Quarter5/ERTS/lab/ishu/gcc-arm-none-eabi/bin/../lib/gcc/arm-none-eabi/5.4.1/armv6-m/crti.o
LOAD /media/ishu/Data/MS/Quarter5/ERTS/lab/ishu/gcc-arm-none-eabi/bin/../lib/gcc/arm-none-eabi/5.4.1/armv6-m/crtbegin.o
LOAD /media/ishu/Data/MS/Quarter5/ERTS/lab/ishu/gcc-arm-none-eabi/bin/../lib/gcc/arm-none-eabi/5.4.1/../../../../arm-none-eabi/lib/armv6-m/crt0.o
LOAD /media/ishu/Data/MS/Quarter5/ERTS/lab/ishu/gcc-arm-none-eabi/bin/../lib/gcc/arm-none-eabi/5.4.1/../../../../arm-none-eabi/lib/armv6-m/libc_nano.a
LOAD /media/ishu/Data/MS/Quarter5/ERTS/lab/ishu/gcc-arm-none-eabi/bin/../lib/gcc/arm-none-eabi/5.4.1/../../../../arm-none-eabi/lib/armv6-m/libnosys.a
LOAD /media/ishu/Data/MS/Quarter5/ERTS/lab/ishu/gcc-arm-none-eabi/bin/../lib/gcc/arm-none-eabi/5.4.1/../../../../arm-none-eabi/lib/armv6-m/libm.a
LOAD _build/system_nrf51.o
LOAD _build/nrf_delay.o
LOAD _build/in4073.o
LOAD _build/control.o
LOAD _build/packet.o
LOAD _build/packet_uav.o
LOAD _build/gpio.o
LOAD _build/timers.o
LOAD _build/uart.o
LOAD _build/queue.o
LOAD _build/twi.o
LOAD _build/adc.o
LOAD _build/baro.o
LOAD _build/ble.o
LOAD _build/spi_flash.o
LOAD _build/inv_mpu.o
LOAD _build/inv_mpu_dmp_motion_driver.o
LOAD _build/ml.o
LOAD _build/mpu_wrapper.o
LOAD _build/app_error.o
LOAD _build/app_timer.o
LOAD _build/nrf_assert.o
LOAD _build/nrf_drv_common.o
LOAD _build/pstorage.o
LOAD _build/ble_advdata.o
LOAD _build/ble_advertising.o
LOAD _build/ble_conn_params.o
LOAD _build/ble_nus.o
LOAD _build/ble_srv_common.o
LOAD _build/softdevice_handler.o
LOAD _build/gcc_startup_nrf51.o
LOAD /media/ishu/Data/MS/Quarter5/ERTS/lab/ishu/gcc-arm-none-eabi/bin/../lib/gcc/arm-none-eabi/5.4.1/../../../../arm-none-eabi/lib/armv6-m/libm.a
START GROUP
LOAD /media/ishu/Data/MS/Quarter5/ERTS/lab/ishu/gcc-arm-none-eabi/bin/../lib/gcc/arm-none-eabi/5.4.1/armv6-m/libgcc.a
LOAD /media/ishu/Data/MS/Quarter5/ERTS/lab/ishu/gcc-arm-none-eabi/bin/../lib/gcc/arm-none-eabi/5.4.1/../../../../arm-none-eabi/lib/armv6-m/libc_nano.a
END GROUP
START GROUP
LOAD /media/ishu/Data/MS/Quarter5/ERTS/lab/ishu/gcc-arm-none-eabi/bin/../lib/gcc/arm-none-eabi/5.4.1/armv6-m/libgcc.a
LOAD /media/ishu/Data/MS/Quarter5/ERTS/lab/ishu/gcc-arm-none-eabi/bin/../lib/gcc/arm-none-eabi/5.4.1/../../../../arm-none-eabi/lib/armv6-m/libc_nano.a
END GROUP
LOAD /media/ishu/Data/MS/Quarter5/ERTS/lab/ishu/gcc-arm-none-eabi/bin/../lib/gcc/arm-none-eabi/5.4.1/armv6-m/crtend.o
LOAD /media/ishu/Data/MS/Quarter5/ERTS/lab/ishu/gcc-arm-none-eabi/bin/../lib/gcc/arm-none-eabi/5.4.1/armv6-m/crtn.o
START GROUP
LOAD /media/ishu/Data/MS/Quarter5/ERTS/lab/ishu/gcc-arm-none-eabi/bin/../lib/gcc/arm-none-eabi/5.4.1/armv6-m/libgcc.a
LOAD /media/ishu/Data/MS/Quarter5/ERTS/lab/ishu/gcc-arm-none-eabi/bin/../lib/gcc/arm-none-eabi/5.4.1/../../../../arm-none-eabi/lib/armv6-m/libc.a
LOAD /media/ishu/Data/MS/Quarter5/ERTS/lab/ishu/gcc-arm-none-eabi/bin/../lib/gcc/arm-none-eabi/5.4.1/../../../../arm-none-eabi/lib/armv6-m/libnosys.a
END GROUP

.fs_data_out    0x00000000        0x0
                [!provide]                PROVIDE (__start_fs_data, .)
 *(fs_data)
                [!provide]                PROVIDE (__stop_fs_data, .)

.text           0x00018000     0xaba8
 *(.Vectors)
 .Vectors       0x00018000       0xc0 _build/gcc_startup_nrf51.o
                0x00018000                __Vectors
 *(.text*)
 .text          0x000180c0       0x60 /media/ishu/Data/MS/Quarter5/ERTS/lab/ishu/gcc-arm-none-eabi/bin/../lib/gcc/arm-none-eabi/5.4.1/armv6-m/crtbegin.o
 .text          0x00018120       0x78 /media/ishu/Data/MS/Quarter5/ERTS/lab/ishu/gcc-arm-none-eabi/bin/../lib/gcc/arm-none-eabi/5.4.1/../../../../arm-none-eabi/lib/armv6-m/crt0.o
                0x00018120                _mainCRTStartup
                0x00018120                _start
 .text.exit     0x00018198       0x2c /media/ishu/Data/MS/Quarter5/ERTS/lab/ishu/gcc-arm-none-eabi/bin/../lib/gcc/arm-none-eabi/5.4.1/../../../../arm-none-eabi/lib/armv6-m/libc_nano.a(lib_a-exit.o)
                0x00018198                exit
 .text.__libc_init_array
                0x000181c4       0x4c /media/ishu/Data/MS/Quarter5/ERTS/lab/ishu/gcc-arm-none-eabi/bin/../lib/gcc/arm-none-eabi/5.4.1/../../../../arm-none-eabi/lib/armv6-m/libc_nano.a(lib_a-init.o)
                0x000181c4                __libc_init_array
 .text.memset   0x00018210       0x10 /media/ishu/Data/MS/Quarter5/ERTS/lab/ishu/gcc-arm-none-eabi/bin/../lib/gcc/arm-none-eabi/5.4.1/../../../../arm-none-eabi/lib/armv6-m/libc_nano.a(lib_a-memset.o)
                0x00018210                memset
 .text._exit    0x00018220        0x4 /media/ishu/Data/MS/Quarter5/ERTS/lab/ishu/gcc-arm-none-eabi/bin/../lib/gcc/arm-none-eabi/5.4.1/../../../../arm-none-eabi/lib/armv6-m/libnosys.a(_exit.o)
                0x00018220                _exit
 .text.SystemInit
                0x00018224       0x94 _build/system_nrf51.o
                0x00018224                SystemInit
 .text.nrf_delay_ms
                0x000182b8       0x3c _build/nrf_delay.o
                0x000182b8                nrf_delay_ms
 .text.process_mode
                0x000182f4      0x1a0 _build/in4073.o
                0x000182f4                process_mode
 .text.startup.main
                0x00018494      0x1d8 _build/in4073.o
                0x00018494                main
 .text.run_filters_and_control
                0x0001866c        0x4 _build/control.o
                0x0001866c                run_filters_and_control
 .text.generate_core
                0x00018670       0x18 _build/packet.o
                0x00018670                generate_core
 .text.decode   0x00018688       0xd0 _build/packet_uav.o
                0x00018688                decode
 .text.gpio_init
                0x00018758       0x8c _build/gpio.o
                0x00018758                gpio_init
 .text.quadrupel_timer_handler
                0x000187e4        0xc _build/timers.o
                0x000187e4                quadrupel_timer_handler
 .text.TIMER2_IRQHandler
                0x000187f0       0xb8 _build/timers.o
                0x000187f0                TIMER2_IRQHandler
 .text.TIMER1_IRQHandler
                0x000188a8       0xac _build/timers.o
                0x000188a8                TIMER1_IRQHandler
 .text.get_time_us
                0x00018954       0x20 _build/timers.o
                0x00018954                get_time_us
 .text.check_timer_flag
                0x00018974        0xc _build/timers.o
                0x00018974                check_timer_flag
 .text.clear_timer_flag
                0x00018980        0xc _build/timers.o
                0x00018980                clear_timer_flag
 .text.timers_init
                0x0001898c      0x1d4 _build/timers.o
                0x0001898c                timers_init
 .text._write   0x00018b60       0x84 _build/uart.o
                0x00018b60                _write
 .text.UART0_IRQHandler
                0x00018be4       0x84 _build/uart.o
                0x00018be4                UART0_IRQHandler
 .text.uart_init
                0x00018c68       0xa0 _build/uart.o
                0x00018c68                uart_init
 .text.init_queue
                0x00018d08       0x14 _build/queue.o
                0x00018d08                init_queue
 .text.enqueue  0x00018d1c       0x1c _build/queue.o
                0x00018d1c                enqueue
 .text.dequeue  0x00018d38       0x20 _build/queue.o
                0x00018d38                dequeue
 .text.i2c_read
                0x00018d58       0xc0 _build/twi.o
                0x00018d58                i2c_read
 .text.i2c_write
                0x00018e18       0x70 _build/twi.o
                0x00018e18                i2c_write
 .text.SPI0_TWI0_IRQHandler
                0x00018e88       0x70 _build/twi.o
                0x00018e88                SPI0_TWI0_IRQHandler
 .text.twi_init
                0x00018ef8       0x84 _build/twi.o
                0x00018ef8                twi_init
 .text.adc_request_sample
                0x00018f7c       0x18 _build/adc.o
                0x00018f7c                adc_request_sample
 .text.ADC_IRQHandler
                0x00018f94       0x24 _build/adc.o
                0x00018f94                ADC_IRQHandler
 .text.adc_init
                0x00018fb8       0x3c _build/adc.o
                0x00018fb8                adc_init
 .text.read_baro
                0x00018ff4      0x1b4 _build/baro.o
                0x00018ff4                read_baro
 .text.baro_init
                0x000191a8       0x34 _build/baro.o
                0x000191a8                baro_init
 .text.sd_ble_gap_disconnect
                0x000191dc        0x4 _build/ble.o
 .text.sd_ble_gap_ppcp_set
                0x000191e0        0x4 _build/ble.o
 .text.sd_ble_gap_device_name_set
                0x000191e4        0x4 _build/ble.o
 .text.sd_ble_gap_sec_params_reply
                0x000191e8        0x4 _build/ble.o
 .text.sd_ble_gatts_sys_attr_set
                0x000191ec        0x4 _build/ble.o
 .text.sd_ble_enable
                0x000191f0        0x4 _build/ble.o
 .text.sd_nvic_EnableIRQ
                0x000191f4        0x4 _build/ble.o
 .text.sd_nvic_ClearPendingIRQ
                0x000191f8        0x4 _build/ble.o
 .text.sd_nvic_SetPriority
                0x000191fc        0x4 _build/ble.o
 .text.sd_radio_notification_cfg_set
                0x00019200        0x4 _build/ble.o
 .text.conn_params_error_handler
                0x00019204       0x1c _build/ble.o
 .text.nus_data_handler
                0x00019220       0x20 _build/ble.o
 .text.ble_evt_dispatch
                0x00019240       0x94 _build/ble.o
 .text.on_conn_params_evt
                0x000192d4       0x38 _build/ble.o
 .text.SWI1_IRQHandler
                0x0001930c       0x10 _build/ble.o
                0x0001930c                SWI1_IRQHandler
 .text.ble_init
                0x0001931c      0x204 _build/ble.o
                0x0001931c                ble_init
 .text.spi_flash_init
                0x00019520      0x230 _build/spi_flash.o
                0x00019520                spi_flash_init
 .text.mpu_reset_fifo
                0x00019750      0x15c _build/inv_mpu.o
                0x00019750                mpu_reset_fifo
 .text.mpu_lp_accel_mode
                0x000198ac      0x1b8 _build/inv_mpu.o
                0x000198ac                mpu_lp_accel_mode
 .text.mpu_get_accel_fsr
                0x00019a64       0x4c _build/inv_mpu.o
                0x00019a64                mpu_get_accel_fsr
 .text.mpu_set_lpf
                0x00019ab0       0x78 _build/inv_mpu.o
                0x00019ab0                mpu_set_lpf
 .text.mpu_set_sample_rate
                0x00019b28      0x168 _build/inv_mpu.o
                0x00019b28                mpu_set_sample_rate
 .text.mpu_configure_fifo
                0x00019c90       0xd0 _build/inv_mpu.o
                0x00019c90                mpu_configure_fifo
 .text.mpu_set_sensors
                0x00019d60      0x140 _build/inv_mpu.o
                0x00019d60                mpu_set_sensors
 .text.mpu_init
                0x00019ea0      0x1f4 _build/inv_mpu.o
                0x00019ea0                mpu_init
 .text.mpu_read_fifo_stream
                0x0001a094       0xb0 _build/inv_mpu.o
                0x0001a094                mpu_read_fifo_stream
 .text.mpu_set_int_level
                0x0001a144       0x10 _build/inv_mpu.o
                0x0001a144                mpu_set_int_level
 .text.mpu_set_int_latched
                0x0001a154       0x68 _build/inv_mpu.o
                0x0001a154                mpu_set_int_latched
 .text.mpu_write_mem
                0x0001a1bc       0x58 _build/inv_mpu.o
                0x0001a1bc                mpu_write_mem
 .text.mpu_load_firmware
                0x0001a214      0x15c _build/inv_mpu.o
                0x0001a214                mpu_load_firmware
 .text.mpu_set_dmp_state
                0x0001a370      0x174 _build/inv_mpu.o
                0x0001a370                mpu_set_dmp_state
 .text.dmp_load_motion_driver_firmware
                0x0001a4e4       0x1c _build/inv_mpu_dmp_motion_driver.o
                0x0001a4e4                dmp_load_motion_driver_firmware
 .text.dmp_set_orientation
                0x0001a500      0x118 _build/inv_mpu_dmp_motion_driver.o
                0x0001a500                dmp_set_orientation
 .text.dmp_set_fifo_rate
                0x0001a618       0x64 _build/inv_mpu_dmp_motion_driver.o
                0x0001a618                dmp_set_fifo_rate
 .text.dmp_set_tap_thresh
                0x0001a67c      0x164 _build/inv_mpu_dmp_motion_driver.o
                0x0001a67c                dmp_set_tap_thresh
 .text.dmp_enable_feature
                0x0001a7e0      0x28c _build/inv_mpu_dmp_motion_driver.o
                0x0001a7e0                dmp_enable_feature
 .text.dmp_read_fifo
                0x0001aa6c      0x20c _build/inv_mpu_dmp_motion_driver.o
                0x0001aa6c                dmp_read_fifo
 .text.inv_orientation_matrix_to_scalar
                0x0001ac78      0x11c _build/ml.o
                0x0001ac78                inv_orientation_matrix_to_scalar
 .text.get_dmp_data
                0x0001ad94      0x218 _build/mpu_wrapper.o
                0x0001ad94                get_dmp_data
 .text.check_sensor_int_flag
                0x0001afac       0x20 _build/mpu_wrapper.o
                0x0001afac                check_sensor_int_flag
 .text.imu_init
                0x0001afcc      0x10c _build/mpu_wrapper.o
                0x0001afcc                imu_init
 .text.app_error_handler
                0x0001b0d8       0x40 _build/app_error.o
                0x0001b0d8                app_error_handler
 .text.rtc1_stop
                0x0001b118       0x78 _build/app_timer.o
 .text.RTC1_IRQHandler
                0x0001b190       0xe0 _build/app_timer.o
                0x0001b190                RTC1_IRQHandler
 .text.SWI0_IRQHandler
                0x0001b270      0x4cc _build/app_timer.o
                0x0001b270                SWI0_IRQHandler
 .text.app_timer_init
                0x0001b73c       0xe4 _build/app_timer.o
                0x0001b73c                app_timer_init
 .text.app_timer_create
                0x0001b820       0x34 _build/app_timer.o
                0x0001b820                app_timer_create
 .text.app_timer_start
                0x0001b854       0xec _build/app_timer.o
                0x0001b854                app_timer_start
 .text.app_timer_stop
                0x0001b940       0xc4 _build/app_timer.o
                0x0001b940                app_timer_stop
 .text.pstorage_access_status_get
                0x0001ba04       0x28 _build/pstorage.o
                0x0001ba04                pstorage_access_status_get
 .text.sd_ble_gap_address_get
                0x0001ba2c        0x4 _build/ble_advdata.o
 .text.sd_ble_gap_adv_data_set
                0x0001ba30        0x4 _build/ble_advdata.o
 .text.sd_ble_gap_appearance_get
                0x0001ba34        0x4 _build/ble_advdata.o
 .text.sd_ble_gap_device_name_get
                0x0001ba38        0x4 _build/ble_advdata.o
 .text.sd_ble_uuid_encode
                0x0001ba3c        0x4 _build/ble_advdata.o
 .text.uuid_list_sized_encode
                0x0001ba40       0xf8 _build/ble_advdata.o
 .text.adv_data_encode
                0x0001bb38      0x5b8 _build/ble_advdata.o
                0x0001bb38                adv_data_encode
 .text.ble_advdata_set
                0x0001c0f0       0x68 _build/ble_advdata.o
                0x0001c0f0                ble_advdata_set
 .text.sd_ble_gap_adv_start
                0x0001c158        0x4 _build/ble_advertising.o
 .text.ble_advertising_start.part.1
                0x0001c15c      0x2a8 _build/ble_advertising.o
 .text.ble_advertising_init
                0x0001c404      0x144 _build/ble_advertising.o
                0x0001c404                ble_advertising_init
 .text.ble_advertising_start
                0x0001c548       0x3c _build/ble_advertising.o
                0x0001c548                ble_advertising_start
 .text.ble_advertising_on_ble_evt
                0x0001c584       0xec _build/ble_advertising.o
                0x0001c584                ble_advertising_on_ble_evt
 .text.sd_ble_gap_conn_param_update
                0x0001c670        0x4 _build/ble_conn_params.o
 .text.sd_ble_gap_disconnect
                0x0001c674        0x4 _build/ble_conn_params.o
 .text.sd_ble_gap_ppcp_set
                0x0001c678        0x4 _build/ble_conn_params.o
 .text.sd_ble_gap_ppcp_get
                0x0001c67c        0x4 _build/ble_conn_params.o
 .text.update_timeout_handler
                0x0001c680       0x78 _build/ble_conn_params.o
 .text.conn_params_negotiation
                0x0001c6f8       0x88 _build/ble_conn_params.o
 .text.ble_conn_params_init
                0x0001c780       0x78 _build/ble_conn_params.o
                0x0001c780                ble_conn_params_init
 .text.ble_conn_params_on_ble_evt
                0x0001c7f8       0xac _build/ble_conn_params.o
                0x0001c7f8                ble_conn_params_on_ble_evt
 .text.sd_ble_gatts_service_add
                0x0001c8a4        0x4 _build/ble_nus.o
 .text.sd_ble_gatts_characteristic_add
                0x0001c8a8        0x4 _build/ble_nus.o
 .text.sd_ble_uuid_vs_add
                0x0001c8ac        0x4 _build/ble_nus.o
 .text.ble_nus_on_ble_evt
                0x0001c8b0       0x60 _build/ble_nus.o
                0x0001c8b0                ble_nus_on_ble_evt
 .text.ble_nus_init
                0x0001c910      0x208 _build/ble_nus.o
                0x0001c910                ble_nus_init
 .text.sd_nvic_EnableIRQ
                0x0001cb18        0x4 _build/softdevice_handler.o
 .text.sd_evt_get
                0x0001cb1c        0x4 _build/softdevice_handler.o
 .text.sd_softdevice_enable
                0x0001cb20        0x4 _build/softdevice_handler.o
 .text.sd_ble_evt_get
                0x0001cb24        0x4 _build/softdevice_handler.o
 .text.softdevice_assertion_handler
                0x0001cb28        0xc _build/softdevice_handler.o
                0x0001cb28                softdevice_assertion_handler
 .text.intern_softdevice_events_execute.part.0
                0x0001cb34       0xec _build/softdevice_handler.o
 .text.softdevice_handler_init
                0x0001cc20       0x4c _build/softdevice_handler.o
                0x0001cc20                softdevice_handler_init
 .text.softdevice_ble_evt_handler_set
                0x0001cc6c       0x14 _build/softdevice_handler.o
                0x0001cc6c                softdevice_ble_evt_handler_set
 .text.SWI2_IRQHandler
                0x0001cc80       0x34 _build/softdevice_handler.o
                0x0001cc80                SWI2_IRQHandler
 .text          0x0001ccb4       0x54 _build/gcc_startup_nrf51.o
                0x0001ccb4                Reset_Handler
                0x0001ccfc                NMI_Handler
                0x0001ccfe                HardFault_Handler
                0x0001cd00                SVC_Handler
                0x0001cd02                PendSV_Handler
                0x0001cd04                SysTick_Handler
                0x0001cd06                RTC0_IRQHandler
                0x0001cd06                GPIOTE_IRQHandler
                0x0001cd06                POWER_CLOCK_IRQHandler
                0x0001cd06                RADIO_IRQHandler
                0x0001cd06                LPCOMP_IRQHandler
                0x0001cd06                SWI4_IRQHandler
                0x0001cd06                TEMP_IRQHandler
                0x0001cd06                QDEC_IRQHandler
                0x0001cd06                SWI5_IRQHandler
                0x0001cd06                TIMER0_IRQHandler
                0x0001cd06                ECB_IRQHandler
                0x0001cd06                Default_Handler
                0x0001cd06                SWI3_IRQHandler
                0x0001cd06                CCM_AAR_IRQHandler
                0x0001cd06                WDT_IRQHandler
                0x0001cd06                RNG_IRQHandler
                0x0001cd06                SPI1_TWI1_IRQHandler
 .text.fabs     0x0001cd08        0x8 /media/ishu/Data/MS/Quarter5/ERTS/lab/ishu/gcc-arm-none-eabi/bin/../lib/gcc/arm-none-eabi/5.4.1/../../../../arm-none-eabi/lib/armv6-m/libm.a(lib_a-s_fabs.o)
                0x0001cd08                fabs
 .text.asin     0x0001cd10       0xc4 /media/ishu/Data/MS/Quarter5/ERTS/lab/ishu/gcc-arm-none-eabi/bin/../lib/gcc/arm-none-eabi/5.4.1/../../../../arm-none-eabi/lib/armv6-m/libm.a(lib_a-w_asin.o)
                0x0001cd10                asin
 .text.atan2    0x0001cdd4        0x8 /media/ishu/Data/MS/Quarter5/ERTS/lab/ishu/gcc-arm-none-eabi/bin/../lib/gcc/arm-none-eabi/5.4.1/../../../../arm-none-eabi/lib/armv6-m/libm.a(lib_a-w_atan2.o)
                0x0001cdd4                atan2
 .text.__ieee754_asin
                0x0001cddc      0x3cc /media/ishu/Data/MS/Quarter5/ERTS/lab/ishu/gcc-arm-none-eabi/bin/../lib/gcc/arm-none-eabi/5.4.1/../../../../arm-none-eabi/lib/armv6-m/libm.a(lib_a-e_asin.o)
                0x0001cddc                __ieee754_asin
 .text.__ieee754_atan2
                0x0001d1a8      0x178 /media/ishu/Data/MS/Quarter5/ERTS/lab/ishu/gcc-arm-none-eabi/bin/../lib/gcc/arm-none-eabi/5.4.1/../../../../arm-none-eabi/lib/armv6-m/libm.a(lib_a-e_atan2.o)
                0x0001d1a8                __ieee754_atan2
 .text.__ieee754_sqrt
                0x0001d320      0x1ec /media/ishu/Data/MS/Quarter5/ERTS/lab/ishu/gcc-arm-none-eabi/bin/../lib/gcc/arm-none-eabi/5.4.1/../../../../arm-none-eabi/lib/armv6-m/libm.a(lib_a-e_sqrt.o)
                0x0001d320                __ieee754_sqrt
 .text.atan     0x0001d50c      0x33c /media/ishu/Data/MS/Quarter5/ERTS/lab/ishu/gcc-arm-none-eabi/bin/../lib/gcc/arm-none-eabi/5.4.1/../../../../arm-none-eabi/lib/armv6-m/libm.a(lib_a-s_atan.o)
                0x0001d50c                atan
 .text.matherr  0x0001d848        0x4 /media/ishu/Data/MS/Quarter5/ERTS/lab/ishu/gcc-arm-none-eabi/bin/../lib/gcc/arm-none-eabi/5.4.1/../../../../arm-none-eabi/lib/armv6-m/libm.a(lib_a-s_matherr.o)
                0x0001d848                matherr
 .text.nan      0x0001d84c        0xc /media/ishu/Data/MS/Quarter5/ERTS/lab/ishu/gcc-arm-none-eabi/bin/../lib/gcc/arm-none-eabi/5.4.1/../../../../arm-none-eabi/lib/armv6-m/libm.a(lib_a-s_nan.o)
                0x0001d84c                nan
 .text          0x0001d858      0x114 /media/ishu/Data/MS/Quarter5/ERTS/lab/ishu/gcc-arm-none-eabi/bin/../lib/gcc/arm-none-eabi/5.4.1/armv6-m/libgcc.a(_udivsi3.o)
                0x0001d858                __udivsi3
                0x0001d858                __aeabi_uidiv
                0x0001d964                __aeabi_uidivmod
 .text          0x0001d96c      0x1d4 /media/ishu/Data/MS/Quarter5/ERTS/lab/ishu/gcc-arm-none-eabi/bin/../lib/gcc/arm-none-eabi/5.4.1/armv6-m/libgcc.a(_divsi3.o)
                0x0001d96c                __aeabi_idiv
                0x0001d96c                __divsi3
                0x0001db38                __aeabi_idivmod
 .text          0x0001db40        0x4 /media/ishu/Data/MS/Quarter5/ERTS/lab/ishu/gcc-arm-none-eabi/bin/../lib/gcc/arm-none-eabi/5.4.1/armv6-m/libgcc.a(_dvmd_tls.o)
                0x0001db40                __aeabi_ldiv0
                0x0001db40                __aeabi_idiv0
 .text          0x0001db44       0x7c /media/ishu/Data/MS/Quarter5/ERTS/lab/ishu/gcc-arm-none-eabi/bin/../lib/gcc/arm-none-eabi/5.4.1/armv6-m/libgcc.a(_arm_cmpdf2.o)
                0x0001db44                __aeabi_cdrcmple
                0x0001db54                __aeabi_cdcmple
                0x0001db54                __aeabi_cdcmpeq
                0x0001db64                __aeabi_dcmpeq
                0x0001db70                __aeabi_dcmplt
                0x0001db84                __aeabi_dcmple
                0x0001db98                __aeabi_dcmpgt
                0x0001dbac                __aeabi_dcmpge
 .text          0x0001dbc0       0x74 /media/ishu/Data/MS/Quarter5/ERTS/lab/ishu/gcc-arm-none-eabi/bin/../lib/gcc/arm-none-eabi/5.4.1/armv6-m/libgcc.a(_arm_cmpsf2.o)
                0x0001dbc0                __aeabi_cfrcmple
                0x0001dbc8                __aeabi_cfcmple
                0x0001dbc8                __aeabi_cfcmpeq
                0x0001dbd8                __aeabi_fcmpeq
                0x0001dbe4                __aeabi_fcmplt
                0x0001dbf8                __aeabi_fcmple
                0x0001dc0c                __aeabi_fcmpgt
                0x0001dc20                __aeabi_fcmpge
 .text          0x0001dc34       0x58 /media/ishu/Data/MS/Quarter5/ERTS/lab/ishu/gcc-arm-none-eabi/bin/../lib/gcc/arm-none-eabi/5.4.1/armv6-m/libgcc.a(_muldi3.o)
                0x0001dc34                __aeabi_lmul
                0x0001dc34                __muldi3
 .text          0x0001dc8c       0x30 /media/ishu/Data/MS/Quarter5/ERTS/lab/ishu/gcc-arm-none-eabi/bin/../lib/gcc/arm-none-eabi/5.4.1/armv6-m/libgcc.a(_fixunssfsi.o)
                0x0001dc8c                __aeabi_f2uiz
                0x0001dc8c                __fixunssfsi
 .text          0x0001dcbc      0x2ec /media/ishu/Data/MS/Quarter5/ERTS/lab/ishu/gcc-arm-none-eabi/bin/../lib/gcc/arm-none-eabi/5.4.1/armv6-m/libgcc.a(addsf3.o)
                0x0001dcbc                __aeabi_fadd
 .text          0x0001dfa8      0x234 /media/ishu/Data/MS/Quarter5/ERTS/lab/ishu/gcc-arm-none-eabi/bin/../lib/gcc/arm-none-eabi/5.4.1/armv6-m/libgcc.a(divsf3.o)
                0x0001dfa8                __aeabi_fdiv
 .text          0x0001e1dc       0x50 /media/ishu/Data/MS/Quarter5/ERTS/lab/ishu/gcc-arm-none-eabi/bin/../lib/gcc/arm-none-eabi/5.4.1/armv6-m/libgcc.a(eqsf2.o)
                0x0001e1dc                __nesf2
                0x0001e1dc                __eqsf2
 .text          0x0001e22c       0x88 /media/ishu/Data/MS/Quarter5/ERTS/lab/ishu/gcc-arm-none-eabi/bin/../lib/gcc/arm-none-eabi/5.4.1/armv6-m/libgcc.a(gesf2.o)
                0x0001e22c                __gtsf2
                0x0001e22c                __gesf2
 .text          0x0001e2b4       0x88 /media/ishu/Data/MS/Quarter5/ERTS/lab/ishu/gcc-arm-none-eabi/bin/../lib/gcc/arm-none-eabi/5.4.1/armv6-m/libgcc.a(lesf2.o)
                0x0001e2b4                __lesf2
                0x0001e2b4                __ltsf2
 .text          0x0001e33c      0x228 /media/ishu/Data/MS/Quarter5/ERTS/lab/ishu/gcc-arm-none-eabi/bin/../lib/gcc/arm-none-eabi/5.4.1/armv6-m/libgcc.a(mulsf3.o)
                0x0001e33c                __aeabi_fmul
 .text          0x0001e564      0x30c /media/ishu/Data/MS/Quarter5/ERTS/lab/ishu/gcc-arm-none-eabi/bin/../lib/gcc/arm-none-eabi/5.4.1/armv6-m/libgcc.a(subsf3.o)
                0x0001e564                __aeabi_fsub
 .text          0x0001e870       0x44 /media/ishu/Data/MS/Quarter5/ERTS/lab/ishu/gcc-arm-none-eabi/bin/../lib/gcc/arm-none-eabi/5.4.1/armv6-m/libgcc.a(fixsfsi.o)
                0x0001e870                __aeabi_f2iz
 .text          0x0001e8b4       0x90 /media/ishu/Data/MS/Quarter5/ERTS/lab/ishu/gcc-arm-none-eabi/bin/../lib/gcc/arm-none-eabi/5.4.1/armv6-m/libgcc.a(floatsisf.o)
                0x0001e8b4                __aeabi_i2f
 .text          0x0001e944       0x7c /media/ishu/Data/MS/Quarter5/ERTS/lab/ishu/gcc-arm-none-eabi/bin/../lib/gcc/arm-none-eabi/5.4.1/armv6-m/libgcc.a(floatunsisf.o)
                0x0001e944                __aeabi_ui2f
 .text          0x0001e9c0      0x658 /media/ishu/Data/MS/Quarter5/ERTS/lab/ishu/gcc-arm-none-eabi/bin/../lib/gcc/arm-none-eabi/5.4.1/armv6-m/libgcc.a(adddf3.o)
                0x0001e9c0                __aeabi_dadd
 .text          0x0001f018      0x62c /media/ishu/Data/MS/Quarter5/ERTS/lab/ishu/gcc-arm-none-eabi/bin/../lib/gcc/arm-none-eabi/5.4.1/armv6-m/libgcc.a(divdf3.o)
                0x0001f018                __aeabi_ddiv
 .text          0x0001f644       0x80 /media/ishu/Data/MS/Quarter5/ERTS/lab/ishu/gcc-arm-none-eabi/bin/../lib/gcc/arm-none-eabi/5.4.1/armv6-m/libgcc.a(eqdf2.o)
                0x0001f644                __eqdf2
                0x0001f644                __nedf2
 .text          0x0001f6c4       0xc8 /media/ishu/Data/MS/Quarter5/ERTS/lab/ishu/gcc-arm-none-eabi/bin/../lib/gcc/arm-none-eabi/5.4.1/armv6-m/libgcc.a(gedf2.o)
                0x0001f6c4                __gtdf2
                0x0001f6c4                __gedf2
 .text          0x0001f78c       0xd4 /media/ishu/Data/MS/Quarter5/ERTS/lab/ishu/gcc-arm-none-eabi/bin/../lib/gcc/arm-none-eabi/5.4.1/armv6-m/libgcc.a(ledf2.o)
                0x0001f78c                __ltdf2
                0x0001f78c                __ledf2
 .text          0x0001f860      0x4f4 /media/ishu/Data/MS/Quarter5/ERTS/lab/ishu/gcc-arm-none-eabi/bin/../lib/gcc/arm-none-eabi/5.4.1/armv6-m/libgcc.a(muldf3.o)
                0x0001f860                __aeabi_dmul
 .text          0x0001fd54      0x6a8 /media/ishu/Data/MS/Quarter5/ERTS/lab/ishu/gcc-arm-none-eabi/bin/../lib/gcc/arm-none-eabi/5.4.1/armv6-m/libgcc.a(subdf3.o)
                0x0001fd54                __aeabi_dsub
 .text          0x000203fc       0x40 /media/ishu/Data/MS/Quarter5/ERTS/lab/ishu/gcc-arm-none-eabi/bin/../lib/gcc/arm-none-eabi/5.4.1/armv6-m/libgcc.a(unorddf2.o)
                0x000203fc                __aeabi_dcmpun
 .text          0x0002043c       0x6c /media/ishu/Data/MS/Quarter5/ERTS/lab/ishu/gcc-arm-none-eabi/bin/../lib/gcc/arm-none-eabi/5.4.1/armv6-m/libgcc.a(fixdfsi.o)
                0x0002043c                __aeabi_d2iz
 .text          0x000204a8       0xa8 /media/ishu/Data/MS/Quarter5/ERTS/lab/ishu/gcc-arm-none-eabi/bin/../lib/gcc/arm-none-eabi/5.4.1/armv6-m/libgcc.a(extendsfdf2.o)
                0x000204a8                __aeabi_f2d
 .text          0x00020550       0x3c /media/ishu/Data/MS/Quarter5/ERTS/lab/ishu/gcc-arm-none-eabi/bin/../lib/gcc/arm-none-eabi/5.4.1/armv6-m/libgcc.a(_clzsi2.o)
                0x00020550                __clzsi2
 .text.__assert_func
                0x0002058c       0x40 /media/ishu/Data/MS/Quarter5/ERTS/lab/ishu/gcc-arm-none-eabi/bin/../lib/gcc/arm-none-eabi/5.4.1/../../../../arm-none-eabi/lib/armv6-m/libc_nano.a(lib_a-assert.o)
                0x0002058c                __assert_func
 .text.__errno  0x000205cc        0xc /media/ishu/Data/MS/Quarter5/ERTS/lab/ishu/gcc-arm-none-eabi/bin/../lib/gcc/arm-none-eabi/5.4.1/../../../../arm-none-eabi/lib/armv6-m/libc_nano.a(lib_a-errno.o)
                0x000205cc                __errno
 .text.fprintf  0x000205d8       0x20 /media/ishu/Data/MS/Quarter5/ERTS/lab/ishu/gcc-arm-none-eabi/bin/../lib/gcc/arm-none-eabi/5.4.1/../../../../arm-none-eabi/lib/armv6-m/libc_nano.a(lib_a-fprintf.o)
                0x000205d8                fprintf
                0x000205d8                fiprintf
 .text.memcmp   0x000205f8       0x1e /media/ishu/Data/MS/Quarter5/ERTS/lab/ishu/gcc-arm-none-eabi/bin/../lib/gcc/arm-none-eabi/5.4.1/../../../../arm-none-eabi/lib/armv6-m/libc_nano.a(lib_a-memcmp.o)
                0x000205f8                memcmp
 .text.memcpy   0x00020616       0x12 /media/ishu/Data/MS/Quarter5/ERTS/lab/ishu/gcc-arm-none-eabi/bin/../lib/gcc/arm-none-eabi/5.4.1/../../../../arm-none-eabi/lib/armv6-m/libc_nano.a(lib_a-memcpy-stub.o)
                0x00020616                memcpy
 .text.__sfputc_r
                0x00020628       0x2a /media/ishu/Data/MS/Quarter5/ERTS/lab/ishu/gcc-arm-none-eabi/bin/../lib/gcc/arm-none-eabi/5.4.1/../../../../arm-none-eabi/lib/armv6-m/libc_nano.a(lib_a-nano-vfprintf.o)
 .text.__sfputs_r
                0x00020652       0x24 /media/ishu/Data/MS/Quarter5/ERTS/lab/ishu/gcc-arm-none-eabi/bin/../lib/gcc/arm-none-eabi/5.4.1/../../../../arm-none-eabi/lib/armv6-m/libc_nano.a(lib_a-nano-vfprintf.o)
                0x00020652                __sfputs_r
 *fill*         0x00020676        0x2 
 .text._vfprintf_r
                0x00020678      0x238 /media/ishu/Data/MS/Quarter5/ERTS/lab/ishu/gcc-arm-none-eabi/bin/../lib/gcc/arm-none-eabi/5.4.1/../../../../arm-none-eabi/lib/armv6-m/libc_nano.a(lib_a-nano-vfprintf.o)
                0x00020678                _vfiprintf_r
                0x00020678                _vfprintf_r
 .text._printf_common
                0x000208b0       0xdc /media/ishu/Data/MS/Quarter5/ERTS/lab/ishu/gcc-arm-none-eabi/bin/../lib/gcc/arm-none-eabi/5.4.1/../../../../arm-none-eabi/lib/armv6-m/libc_nano.a(lib_a-nano-vfprintf_i.o)
                0x000208b0                _printf_common
 .text._printf_i
                0x0002098c      0x244 /media/ishu/Data/MS/Quarter5/ERTS/lab/ishu/gcc-arm-none-eabi/bin/../lib/gcc/arm-none-eabi/5.4.1/../../../../arm-none-eabi/lib/armv6-m/libc_nano.a(lib_a-nano-vfprintf_i.o)
                0x0002098c                _printf_i
 .text.printf   0x00020bd0       0x34 /media/ishu/Data/MS/Quarter5/ERTS/lab/ishu/gcc-arm-none-eabi/bin/../lib/gcc/arm-none-eabi/5.4.1/../../../../arm-none-eabi/lib/armv6-m/libc_nano.a(lib_a-printf.o)
                0x00020bd0                printf
                0x00020bd0                iprintf
 .text.sprintf  0x00020c04       0x44 /media/ishu/Data/MS/Quarter5/ERTS/lab/ishu/gcc-arm-none-eabi/bin/../lib/gcc/arm-none-eabi/5.4.1/../../../../arm-none-eabi/lib/armv6-m/libc_nano.a(lib_a-sprintf.o)
                0x00020c04                sprintf
                0x00020c04                siprintf
 .text          0x00020c48        0xe /media/ishu/Data/MS/Quarter5/ERTS/lab/ishu/gcc-arm-none-eabi/bin/../lib/gcc/arm-none-eabi/5.4.1/../../../../arm-none-eabi/lib/armv6-m/libc_nano.a(lib_a-strlen.o)
                0x00020c48                strlen
 *fill*         0x00020c56        0x2 
 .text.__swbuf_r
                0x00020c58       0xb0 /media/ishu/Data/MS/Quarter5/ERTS/lab/ishu/gcc-arm-none-eabi/bin/../lib/gcc/arm-none-eabi/5.4.1/../../../../arm-none-eabi/lib/armv6-m/libc_nano.a(lib_a-wbuf.o)
                0x00020c58                __swbuf_r
 .text.__swsetup_r
                0x00020d08       0xec /media/ishu/Data/MS/Quarter5/ERTS/lab/ishu/gcc-arm-none-eabi/bin/../lib/gcc/arm-none-eabi/5.4.1/../../../../arm-none-eabi/lib/armv6-m/libc_nano.a(lib_a-wsetup.o)
                0x00020d08                __swsetup_r
 .text.abort    0x00020df4        0xe /media/ishu/Data/MS/Quarter5/ERTS/lab/ishu/gcc-arm-none-eabi/bin/../lib/gcc/arm-none-eabi/5.4.1/../../../../arm-none-eabi/lib/armv6-m/libc_nano.a(lib_a-abort.o)
                0x00020df4                abort
 *fill*         0x00020e02        0x2 
 .text.__sflush_r
                0x00020e04      0x10c /media/ishu/Data/MS/Quarter5/ERTS/lab/ishu/gcc-arm-none-eabi/bin/../lib/gcc/arm-none-eabi/5.4.1/../../../../arm-none-eabi/lib/armv6-m/libc_nano.a(lib_a-fflush.o)
                0x00020e04                __sflush_r
 .text._fflush_r
                0x00020f10       0x58 /media/ishu/Data/MS/Quarter5/ERTS/lab/ishu/gcc-arm-none-eabi/bin/../lib/gcc/arm-none-eabi/5.4.1/../../../../arm-none-eabi/lib/armv6-m/libc_nano.a(lib_a-fflush.o)
                0x00020f10                _fflush_r
 .text._cleanup_r
                0x00020f68       0x10 /media/ishu/Data/MS/Quarter5/ERTS/lab/ishu/gcc-arm-none-eabi/bin/../lib/gcc/arm-none-eabi/5.4.1/../../../../arm-none-eabi/lib/armv6-m/libc_nano.a(lib_a-findfp.o)
                0x00020f68                _cleanup_r
 .text.std.isra.0
                0x00020f78       0x48 /media/ishu/Data/MS/Quarter5/ERTS/lab/ishu/gcc-arm-none-eabi/bin/../lib/gcc/arm-none-eabi/5.4.1/../../../../arm-none-eabi/lib/armv6-m/libc_nano.a(lib_a-findfp.o)
 .text.__sfmoreglue
                0x00020fc0       0x2c /media/ishu/Data/MS/Quarter5/ERTS/lab/ishu/gcc-arm-none-eabi/bin/../lib/gcc/arm-none-eabi/5.4.1/../../../../arm-none-eabi/lib/armv6-m/libc_nano.a(lib_a-findfp.o)
                0x00020fc0                __sfmoreglue
 .text.__sinit  0x00020fec       0x68 /media/ishu/Data/MS/Quarter5/ERTS/lab/ishu/gcc-arm-none-eabi/bin/../lib/gcc/arm-none-eabi/5.4.1/../../../../arm-none-eabi/lib/armv6-m/libc_nano.a(lib_a-findfp.o)
                0x00020fec                __sinit
 .text.__sfp    0x00021054       0x7c /media/ishu/Data/MS/Quarter5/ERTS/lab/ishu/gcc-arm-none-eabi/bin/../lib/gcc/arm-none-eabi/5.4.1/../../../../arm-none-eabi/lib/armv6-m/libc_nano.a(lib_a-findfp.o)
                0x00021054                __sfp
 .text._fwalk_reent
                0x000210d0       0x42 /media/ishu/Data/MS/Quarter5/ERTS/lab/ishu/gcc-arm-none-eabi/bin/../lib/gcc/arm-none-eabi/5.4.1/../../../../arm-none-eabi/lib/armv6-m/libc_nano.a(lib_a-fwalk.o)
                0x000210d0                _fwalk_reent
 *fill*         0x00021112        0x2 
 .text.__swhatbuf_r
                0x00021114       0x4c /media/ishu/Data/MS/Quarter5/ERTS/lab/ishu/gcc-arm-none-eabi/bin/../lib/gcc/arm-none-eabi/5.4.1/../../../../arm-none-eabi/lib/armv6-m/libc_nano.a(lib_a-makebuf.o)
                0x00021114                __swhatbuf_r
 .text.__smakebuf_r
                0x00021160       0x7c /media/ishu/Data/MS/Quarter5/ERTS/lab/ishu/gcc-arm-none-eabi/bin/../lib/gcc/arm-none-eabi/5.4.1/../../../../arm-none-eabi/lib/armv6-m/libc_nano.a(lib_a-makebuf.o)
                0x00021160                __smakebuf_r
 .text.memchr   0x000211dc       0x16 /media/ishu/Data/MS/Quarter5/ERTS/lab/ishu/gcc-arm-none-eabi/bin/../lib/gcc/arm-none-eabi/5.4.1/../../../../arm-none-eabi/lib/armv6-m/libc_nano.a(lib_a-memchr-stub.o)
                0x000211dc                memchr
 .text.memmove  0x000211f2       0x2a /media/ishu/Data/MS/Quarter5/ERTS/lab/ishu/gcc-arm-none-eabi/bin/../lib/gcc/arm-none-eabi/5.4.1/../../../../arm-none-eabi/lib/armv6-m/libc_nano.a(lib_a-memmove.o)
                0x000211f2                memmove
 .text._free_r  0x0002121c       0x98 /media/ishu/Data/MS/Quarter5/ERTS/lab/ishu/gcc-arm-none-eabi/bin/../lib/gcc/arm-none-eabi/5.4.1/../../../../arm-none-eabi/lib/armv6-m/libc_nano.a(lib_a-nano-freer.o)
                0x0002121c                _free_r
 .text._malloc_r
                0x000212b4       0xc0 /media/ishu/Data/MS/Quarter5/ERTS/lab/ishu/gcc-arm-none-eabi/bin/../lib/gcc/arm-none-eabi/5.4.1/../../../../arm-none-eabi/lib/armv6-m/libc_nano.a(lib_a-nano-mallocr.o)
                0x000212b4                _malloc_r
 .text._realloc_r
                0x00021374       0x4c /media/ishu/Data/MS/Quarter5/ERTS/lab/ishu/gcc-arm-none-eabi/bin/../lib/gcc/arm-none-eabi/5.4.1/../../../../arm-none-eabi/lib/armv6-m/libc_nano.a(lib_a-nano-reallocr.o)
                0x00021374                _realloc_r
 .text.__ssputs_r
                0x000213c0       0xc4 /media/ishu/Data/MS/Quarter5/ERTS/lab/ishu/gcc-arm-none-eabi/bin/../lib/gcc/arm-none-eabi/5.4.1/../../../../arm-none-eabi/lib/armv6-m/libc_nano.a(lib_a-nano-svfprintf.o)
                0x000213c0                __ssputs_r
 .text._svfprintf_r
                0x00021484      0x1fc /media/ishu/Data/MS/Quarter5/ERTS/lab/ishu/gcc-arm-none-eabi/bin/../lib/gcc/arm-none-eabi/5.4.1/../../../../arm-none-eabi/lib/armv6-m/libc_nano.a(lib_a-nano-svfprintf.o)
                0x00021484                _svfprintf_r
                0x00021484                _svfiprintf_r
 .text._sbrk_r  0x00021680       0x24 /media/ishu/Data/MS/Quarter5/ERTS/lab/ishu/gcc-arm-none-eabi/bin/../lib/gcc/arm-none-eabi/5.4.1/../../../../arm-none-eabi/lib/armv6-m/libc_nano.a(lib_a-sbrkr.o)
                0x00021680                _sbrk_r
 .text._raise_r
                0x000216a4       0x54 /media/ishu/Data/MS/Quarter5/ERTS/lab/ishu/gcc-arm-none-eabi/bin/../lib/gcc/arm-none-eabi/5.4.1/../../../../arm-none-eabi/lib/armv6-m/libc_nano.a(lib_a-signal.o)
                0x000216a4                _raise_r
 .text.raise    0x000216f8       0x14 /media/ishu/Data/MS/Quarter5/ERTS/lab/ishu/gcc-arm-none-eabi/bin/../lib/gcc/arm-none-eabi/5.4.1/../../../../arm-none-eabi/lib/armv6-m/libc_nano.a(lib_a-signal.o)
                0x000216f8                raise
 .text._kill_r  0x0002170c       0x24 /media/ishu/Data/MS/Quarter5/ERTS/lab/ishu/gcc-arm-none-eabi/bin/../lib/gcc/arm-none-eabi/5.4.1/../../../../arm-none-eabi/lib/armv6-m/libc_nano.a(lib_a-signalr.o)
                0x0002170c                _kill_r
 .text._getpid_r
                0x00021730        0x8 /media/ishu/Data/MS/Quarter5/ERTS/lab/ishu/gcc-arm-none-eabi/bin/../lib/gcc/arm-none-eabi/5.4.1/../../../../arm-none-eabi/lib/armv6-m/libc_nano.a(lib_a-signalr.o)
                0x00021730                _getpid_r
 .text.__sread  0x00021738       0x28 /media/ishu/Data/MS/Quarter5/ERTS/lab/ishu/gcc-arm-none-eabi/bin/../lib/gcc/arm-none-eabi/5.4.1/../../../../arm-none-eabi/lib/armv6-m/libc_nano.a(lib_a-stdio.o)
                0x00021738                __sread
 .text.__swrite
                0x00021760       0x38 /media/ishu/Data/MS/Quarter5/ERTS/lab/ishu/gcc-arm-none-eabi/bin/../lib/gcc/arm-none-eabi/5.4.1/../../../../arm-none-eabi/lib/armv6-m/libc_nano.a(lib_a-stdio.o)
                0x00021760                __swrite
 .text.__sseek  0x00021798       0x2c /media/ishu/Data/MS/Quarter5/ERTS/lab/ishu/gcc-arm-none-eabi/bin/../lib/gcc/arm-none-eabi/5.4.1/../../../../arm-none-eabi/lib/armv6-m/libc_nano.a(lib_a-stdio.o)
                0x00021798                __sseek
 .text.__sclose
                0x000217c4        0xc /media/ishu/Data/MS/Quarter5/ERTS/lab/ishu/gcc-arm-none-eabi/bin/../lib/gcc/arm-none-eabi/5.4.1/../../../../arm-none-eabi/lib/armv6-m/libc_nano.a(lib_a-stdio.o)
                0x000217c4                __sclose
 .text._write_r
                0x000217d0       0x28 /media/ishu/Data/MS/Quarter5/ERTS/lab/ishu/gcc-arm-none-eabi/bin/../lib/gcc/arm-none-eabi/5.4.1/../../../../arm-none-eabi/lib/armv6-m/libc_nano.a(lib_a-writer.o)
                0x000217d0                _write_r
 .text._close_r
                0x000217f8       0x24 /media/ishu/Data/MS/Quarter5/ERTS/lab/ishu/gcc-arm-none-eabi/bin/../lib/gcc/arm-none-eabi/5.4.1/../../../../arm-none-eabi/lib/armv6-m/libc_nano.a(lib_a-closer.o)
                0x000217f8                _close_r
 .text._fstat_r
                0x0002181c       0x24 /media/ishu/Data/MS/Quarter5/ERTS/lab/ishu/gcc-arm-none-eabi/bin/../lib/gcc/arm-none-eabi/5.4.1/../../../../arm-none-eabi/lib/armv6-m/libc_nano.a(lib_a-fstatr.o)
                0x0002181c                _fstat_r
 .text._isatty_r
                0x00021840       0x24 /media/ishu/Data/MS/Quarter5/ERTS/lab/ishu/gcc-arm-none-eabi/bin/../lib/gcc/arm-none-eabi/5.4.1/../../../../arm-none-eabi/lib/armv6-m/libc_nano.a(lib_a-isattyr.o)
                0x00021840                _isatty_r
 .text._lseek_r
                0x00021864       0x28 /media/ishu/Data/MS/Quarter5/ERTS/lab/ishu/gcc-arm-none-eabi/bin/../lib/gcc/arm-none-eabi/5.4.1/../../../../arm-none-eabi/lib/armv6-m/libc_nano.a(lib_a-lseekr.o)
                0x00021864                _lseek_r
 .text.__malloc_lock
                0x0002188c        0x2 /media/ishu/Data/MS/Quarter5/ERTS/lab/ishu/gcc-arm-none-eabi/bin/../lib/gcc/arm-none-eabi/5.4.1/../../../../arm-none-eabi/lib/armv6-m/libc_nano.a(lib_a-mlock.o)
                0x0002188c                __malloc_lock
 .text.__malloc_unlock
                0x0002188e        0x2 /media/ishu/Data/MS/Quarter5/ERTS/lab/ishu/gcc-arm-none-eabi/bin/../lib/gcc/arm-none-eabi/5.4.1/../../../../arm-none-eabi/lib/armv6-m/libc_nano.a(lib_a-mlock.o)
                0x0002188e                __malloc_unlock
 .text._malloc_usable_size_r
                0x00021890       0x16 /media/ishu/Data/MS/Quarter5/ERTS/lab/ishu/gcc-arm-none-eabi/bin/../lib/gcc/arm-none-eabi/5.4.1/../../../../arm-none-eabi/lib/armv6-m/libc_nano.a(lib_a-nano-msizer.o)
                0x00021890                _malloc_usable_size_r
 *fill*         0x000218a6        0x2 
 .text._read_r  0x000218a8       0x28 /media/ishu/Data/MS/Quarter5/ERTS/lab/ishu/gcc-arm-none-eabi/bin/../lib/gcc/arm-none-eabi/5.4.1/../../../../arm-none-eabi/lib/armv6-m/libc_nano.a(lib_a-readr.o)
                0x000218a8                _read_r
 .text._close   0x000218d0       0x10 /media/ishu/Data/MS/Quarter5/ERTS/lab/ishu/gcc-arm-none-eabi/bin/../lib/gcc/arm-none-eabi/5.4.1/../../../../arm-none-eabi/lib/armv6-m/libnosys.a(close.o)
                0x000218d0                _close
 .text._fstat   0x000218e0       0x10 /media/ishu/Data/MS/Quarter5/ERTS/lab/ishu/gcc-arm-none-eabi/bin/../lib/gcc/arm-none-eabi/5.4.1/../../../../arm-none-eabi/lib/armv6-m/libnosys.a(fstat.o)
                0x000218e0                _fstat
 .text._getpid  0x000218f0       0x10 /media/ishu/Data/MS/Quarter5/ERTS/lab/ishu/gcc-arm-none-eabi/bin/../lib/gcc/arm-none-eabi/5.4.1/../../../../arm-none-eabi/lib/armv6-m/libnosys.a(getpid.o)
                0x000218f0                _getpid
 .text._isatty  0x00021900       0x10 /media/ishu/Data/MS/Quarter5/ERTS/lab/ishu/gcc-arm-none-eabi/bin/../lib/gcc/arm-none-eabi/5.4.1/../../../../arm-none-eabi/lib/armv6-m/libnosys.a(isatty.o)
                0x00021900                _isatty
 .text._kill    0x00021910       0x10 /media/ishu/Data/MS/Quarter5/ERTS/lab/ishu/gcc-arm-none-eabi/bin/../lib/gcc/arm-none-eabi/5.4.1/../../../../arm-none-eabi/lib/armv6-m/libnosys.a(kill.o)
                0x00021910                _kill
 .text._lseek   0x00021920       0x10 /media/ishu/Data/MS/Quarter5/ERTS/lab/ishu/gcc-arm-none-eabi/bin/../lib/gcc/arm-none-eabi/5.4.1/../../../../arm-none-eabi/lib/armv6-m/libnosys.a(lseek.o)
                0x00021920                _lseek
 .text._read    0x00021930       0x10 /media/ishu/Data/MS/Quarter5/ERTS/lab/ishu/gcc-arm-none-eabi/bin/../lib/gcc/arm-none-eabi/5.4.1/../../../../arm-none-eabi/lib/armv6-m/libnosys.a(read.o)
                0x00021930                _read
 .text._sbrk    0x00021940       0x1c /media/ishu/Data/MS/Quarter5/ERTS/lab/ishu/gcc-arm-none-eabi/bin/../lib/gcc/arm-none-eabi/5.4.1/../../../../arm-none-eabi/lib/armv6-m/libnosys.a(sbrk.o)
                0x00021940                _sbrk
 *(.init)
 .init          0x0002195c        0x4 /media/ishu/Data/MS/Quarter5/ERTS/lab/ishu/gcc-arm-none-eabi/bin/../lib/gcc/arm-none-eabi/5.4.1/armv6-m/crti.o
                0x0002195c                _init
 .init          0x00021960        0x8 /media/ishu/Data/MS/Quarter5/ERTS/lab/ishu/gcc-arm-none-eabi/bin/../lib/gcc/arm-none-eabi/5.4.1/armv6-m/crtn.o
 *(.fini)
 .fini          0x00021968        0x4 /media/ishu/Data/MS/Quarter5/ERTS/lab/ishu/gcc-arm-none-eabi/bin/../lib/gcc/arm-none-eabi/5.4.1/armv6-m/crti.o
                0x00021968                _fini
 .fini          0x0002196c        0x8 /media/ishu/Data/MS/Quarter5/ERTS/lab/ishu/gcc-arm-none-eabi/bin/../lib/gcc/arm-none-eabi/5.4.1/armv6-m/crtn.o
 *crtbegin.o(.ctors)
 *crtbegin?.o(.ctors)
 *(EXCLUDE_FILE(*crtend.o *crtend?.o) .ctors)
 *(SORT(.ctors.*))
 *(.ctors)
 *crtbegin.o(.dtors)
 *crtbegin?.o(.dtors)
 *(EXCLUDE_FILE(*crtend.o *crtend?.o) .dtors)
 *(SORT(.dtors.*))
 *(.dtors)
 *(.rodata*)
 .rodata.str1.1
                0x00021974        0x2 /media/ishu/Data/MS/Quarter5/ERTS/lab/ishu/gcc-arm-none-eabi/bin/../lib/gcc/arm-none-eabi/5.4.1/../../../../arm-none-eabi/lib/armv6-m/libc_nano.a(lib_a-impure.o)
 *fill*         0x00021976        0x2 
 .rodata._global_impure_ptr
                0x00021978        0x4 /media/ishu/Data/MS/Quarter5/ERTS/lab/ishu/gcc-arm-none-eabi/bin/../lib/gcc/arm-none-eabi/5.4.1/../../../../arm-none-eabi/lib/armv6-m/libc_nano.a(lib_a-impure.o)
                0x00021978                _global_impure_ptr
 .rodata.process_mode
                0x0002197c       0x28 _build/in4073.o
 .rodata.str1.4
                0x000219a4       0x32 _build/in4073.o
 *fill*         0x000219d6        0x2 
 .rodata.__func__.7057
                0x000219d8        0x7 _build/packet_uav.o
 *fill*         0x000219df        0x1 
 .rodata.str1.4
                0x000219e0       0x42 _build/packet_uav.o
 *fill*         0x00021a22        0x2 
 .rodata.quadrupel_timer.7116
                0x00021a24        0x4 _build/timers.o
 .rodata.str1.4
                0x00021a28       0x11 _build/uart.o
 *fill*         0x00021a39        0x3 
 .rodata.str1.4
                0x00021a3c       0x38 _build/twi.o
 .rodata.str1.4
                0x00021a74       0x12 _build/ble.o
 *fill*         0x00021a86        0x2 
 .rodata.test   0x00021a88       0x28 _build/inv_mpu.o
                0x00021a88                test
 .rodata.str1.4
                0x00021ab0       0xa6 _build/inv_mpu.o
 *fill*         0x00021b56        0x2 
 .rodata.hw     0x00021b58        0xc _build/inv_mpu.o
                0x00021b58                hw
 .rodata.reg    0x00021b64       0x1e _build/inv_mpu.o
                0x00021b64                reg
 *fill*         0x00021b82        0x2 
 .rodata        0x00021b84       0x4b _build/inv_mpu_dmp_motion_driver.o
 *fill*         0x00021bcf        0x1 
 .rodata.dmp_memory
                0x00021bd0      0xbf6 _build/inv_mpu_dmp_motion_driver.o
 *fill*         0x000227c6        0x2 
 .rodata.str1.4
                0x000227c8      0x14a _build/mpu_wrapper.o
 *fill*         0x00022912        0x2 
 .rodata.str1.4
                0x00022914       0x27 _build/app_error.o
 *fill*         0x0002293b        0x1 
 .rodata.m_conn_params_timer_id
                0x0002293c        0x4 _build/ble_conn_params.o
 .rodata        0x00022940       0x10 _build/ble_nus.o
 .rodata.str1.4
                0x00022950        0x8 /media/ishu/Data/MS/Quarter5/ERTS/lab/ishu/gcc-arm-none-eabi/bin/../lib/gcc/arm-none-eabi/5.4.1/../../../../arm-none-eabi/lib/armv6-m/libm.a(lib_a-w_asin.o)
                                  0x9 (size before relaxing)
 .rodata.atanlo
                0x00022958       0x20 /media/ishu/Data/MS/Quarter5/ERTS/lab/ishu/gcc-arm-none-eabi/bin/../lib/gcc/arm-none-eabi/5.4.1/../../../../arm-none-eabi/lib/armv6-m/libm.a(lib_a-s_atan.o)
 .rodata.atanhi
                0x00022978       0x20 /media/ishu/Data/MS/Quarter5/ERTS/lab/ishu/gcc-arm-none-eabi/bin/../lib/gcc/arm-none-eabi/5.4.1/../../../../arm-none-eabi/lib/armv6-m/libm.a(lib_a-s_atan.o)
 .rodata        0x00022998       0x80 /media/ishu/Data/MS/Quarter5/ERTS/lab/ishu/gcc-arm-none-eabi/bin/../lib/gcc/arm-none-eabi/5.4.1/armv6-m/libgcc.a(divsf3.o)
 .rodata        0x00022a18       0x40 /media/ishu/Data/MS/Quarter5/ERTS/lab/ishu/gcc-arm-none-eabi/bin/../lib/gcc/arm-none-eabi/5.4.1/armv6-m/libgcc.a(mulsf3.o)
 .rodata        0x00022a58       0x40 /media/ishu/Data/MS/Quarter5/ERTS/lab/ishu/gcc-arm-none-eabi/bin/../lib/gcc/arm-none-eabi/5.4.1/armv6-m/libgcc.a(divdf3.o)
 .rodata        0x00022a98       0x40 /media/ishu/Data/MS/Quarter5/ERTS/lab/ishu/gcc-arm-none-eabi/bin/../lib/gcc/arm-none-eabi/5.4.1/armv6-m/libgcc.a(muldf3.o)
 .rodata.str1.1
                0x00022ad8       0x3c /media/ishu/Data/MS/Quarter5/ERTS/lab/ishu/gcc-arm-none-eabi/bin/../lib/gcc/arm-none-eabi/5.4.1/../../../../arm-none-eabi/lib/armv6-m/libc_nano.a(lib_a-assert.o)
                                 0x3d (size before relaxing)
 .rodata.str1.1
                0x00022b14       0x11 /media/ishu/Data/MS/Quarter5/ERTS/lab/ishu/gcc-arm-none-eabi/bin/../lib/gcc/arm-none-eabi/5.4.1/../../../../arm-none-eabi/lib/armv6-m/libc_nano.a(lib_a-nano-vfprintf.o)
 .rodata.str1.1
                0x00022b25       0x22 /media/ishu/Data/MS/Quarter5/ERTS/lab/ishu/gcc-arm-none-eabi/bin/../lib/gcc/arm-none-eabi/5.4.1/../../../../arm-none-eabi/lib/armv6-m/libc_nano.a(lib_a-nano-vfprintf_i.o)
 *fill*         0x00022b47        0x1 
 .rodata.__sf_fake_stdin
                0x00022b48       0x20 /media/ishu/Data/MS/Quarter5/ERTS/lab/ishu/gcc-arm-none-eabi/bin/../lib/gcc/arm-none-eabi/5.4.1/../../../../arm-none-eabi/lib/armv6-m/libc_nano.a(lib_a-findfp.o)
                0x00022b48                __sf_fake_stdin
 .rodata.__sf_fake_stdout
                0x00022b68       0x20 /media/ishu/Data/MS/Quarter5/ERTS/lab/ishu/gcc-arm-none-eabi/bin/../lib/gcc/arm-none-eabi/5.4.1/../../../../arm-none-eabi/lib/armv6-m/libc_nano.a(lib_a-findfp.o)
                0x00022b68                __sf_fake_stdout
 .rodata.__sf_fake_stderr
                0x00022b88       0x20 /media/ishu/Data/MS/Quarter5/ERTS/lab/ishu/gcc-arm-none-eabi/bin/../lib/gcc/arm-none-eabi/5.4.1/../../../../arm-none-eabi/lib/armv6-m/libc_nano.a(lib_a-findfp.o)
                0x00022b88                __sf_fake_stderr
 .rodata.str1.1
                0x00022ba8       0x11 /media/ishu/Data/MS/Quarter5/ERTS/lab/ishu/gcc-arm-none-eabi/bin/../lib/gcc/arm-none-eabi/5.4.1/../../../../arm-none-eabi/lib/armv6-m/libc_nano.a(lib_a-nano-svfprintf.o)
 *(.eh_frame*)
 .eh_frame      0x00022ba8        0x0 /media/ishu/Data/MS/Quarter5/ERTS/lab/ishu/gcc-arm-none-eabi/bin/../lib/gcc/arm-none-eabi/5.4.1/armv6-m/crtbegin.o
                0x00022bbc                . = ALIGN (0x4)

.glue_7         0x00022ba8        0x0
 .glue_7        0x00022ba8        0x0 linker stubs

.glue_7t        0x00022ba8        0x0
 .glue_7t       0x00022ba8        0x0 linker stubs

.vfp11_veneer   0x00022ba8        0x0
 .vfp11_veneer  0x00022ba8        0x0 linker stubs

.v4_bx          0x00022ba8        0x0
 .v4_bx         0x00022ba8        0x0 linker stubs

.iplt           0x00022ba8        0x0
 .iplt          0x00022ba8        0x0 /media/ishu/Data/MS/Quarter5/ERTS/lab/ishu/gcc-arm-none-eabi/bin/../lib/gcc/arm-none-eabi/5.4.1/armv6-m/crtbegin.o

.ARM.extab      0x00022ba8        0x0
 *(.ARM.extab* .gnu.linkonce.armextab.*)
                0x00022ba8                . = ALIGN (0x4)
                0x00022ba8                __exidx_start = .

.ARM.exidx      0x00022ba8        0x8
 *(.ARM.exidx* .gnu.linkonce.armexidx.*)
 .ARM.exidx     0x00022ba8        0x8 /media/ishu/Data/MS/Quarter5/ERTS/lab/ishu/gcc-arm-none-eabi/bin/../lib/gcc/arm-none-eabi/5.4.1/../../../../arm-none-eabi/lib/armv6-m/crt0.o
 .ARM.exidx     0x00022bb0        0x0 _build/gcc_startup_nrf51.o
                                  0x8 (size before relaxing)
                0x00022bb0                . = ALIGN (0x4)
                0x00022bb0                __exidx_end = .
                0x00022bb0                __etext = .

.rel.dyn        0x00022bb0        0x0
 .rel.iplt      0x00022bb0        0x0 /media/ishu/Data/MS/Quarter5/ERTS/lab/ishu/gcc-arm-none-eabi/bin/../lib/gcc/arm-none-eabi/5.4.1/armv6-m/crtbegin.o

.data           0x20002000       0xb4 load address 0x00022bb0
                0x20002000                __data_start__ = .
 *(vtable)
 *(.data*)
 .data.impure_data
                0x20002000       0x60 /media/ishu/Data/MS/Quarter5/ERTS/lab/ishu/gcc-arm-none-eabi/bin/../lib/gcc/arm-none-eabi/5.4.1/../../../../arm-none-eabi/lib/armv6-m/libc_nano.a(lib_a-impure.o)
 .data._impure_ptr
                0x20002060        0x4 /media/ishu/Data/MS/Quarter5/ERTS/lab/ishu/gcc-arm-none-eabi/bin/../lib/gcc/arm-none-eabi/5.4.1/../../../../arm-none-eabi/lib/armv6-m/libc_nano.a(lib_a-impure.o)
                0x20002060                _impure_ptr
 .data.txd_available
                0x20002064        0x1 _build/uart.o
                0x20002064                txd_available
 *fill*         0x20002065        0x3 
 .data.m_adv_uuids
                0x20002068        0x4 _build/ble.o
 .data.m_conn_handle
                0x2000206c        0x2 _build/ble.o
 *fill*         0x2000206e        0x2 
 .data.st       0x20002070       0x2c _build/inv_mpu.o
 .data.gyro_orientation.7036
                0x2000209c        0x9 _build/mpu_wrapper.o
 *fill*         0x200020a5        0x1 
 .data.current_slave_link_conn_handle.7275
                0x200020a6        0x2 _build/ble_advertising.o
 .data.__fdlib_version
                0x200020a8        0x1 /media/ishu/Data/MS/Quarter5/ERTS/lab/ishu/gcc-arm-none-eabi/bin/../lib/gcc/arm-none-eabi/5.4.1/../../../../arm-none-eabi/lib/armv6-m/libm.a(lib_a-s_lib_ver.o)
                0x200020a8                __fdlib_version
                0x200020ac                . = ALIGN (0x4)
 *fill*         0x200020a9        0x3 
                0x200020ac                PROVIDE (__preinit_array_start, .)
 *(.preinit_array)
                0x200020ac                PROVIDE (__preinit_array_end, .)
                0x200020ac                . = ALIGN (0x4)
                0x200020ac                PROVIDE (__init_array_start, .)
 *(SORT(.init_array.*))
 *(.init_array)
 .init_array    0x200020ac        0x4 /media/ishu/Data/MS/Quarter5/ERTS/lab/ishu/gcc-arm-none-eabi/bin/../lib/gcc/arm-none-eabi/5.4.1/armv6-m/crtbegin.o
                0x200020b0                PROVIDE (__init_array_end, .)
                0x200020b0                . = ALIGN (0x4)
                [!provide]                PROVIDE (__fini_array_start, .)
 *(SORT(.fini_array.*))
 *(.fini_array)
 .fini_array    0x200020b0        0x4 /media/ishu/Data/MS/Quarter5/ERTS/lab/ishu/gcc-arm-none-eabi/bin/../lib/gcc/arm-none-eabi/5.4.1/armv6-m/crtbegin.o
                [!provide]                PROVIDE (__fini_array_end, .)
 *(.jcr)
 .jcr           0x200020b4        0x0 /media/ishu/Data/MS/Quarter5/ERTS/lab/ishu/gcc-arm-none-eabi/bin/../lib/gcc/arm-none-eabi/5.4.1/armv6-m/crtbegin.o
                0x200020b4                . = ALIGN (0x4)
                0x200020b4                __data_end__ = .

.igot.plt       0x200020b4        0x0 load address 0x00022c64
 .igot.plt      0x200020b4        0x0 /media/ishu/Data/MS/Quarter5/ERTS/lab/ishu/gcc-arm-none-eabi/bin/../lib/gcc/arm-none-eabi/5.4.1/armv6-m/crtbegin.o

.bss            0x200020b4      0x9bc load address 0x00022c64
                0x200020b4                . = ALIGN (0x4)
                0x200020b4                __bss_start__ = .
 *(.bss*)
 .bss           0x200020b4       0x1c /media/ishu/Data/MS/Quarter5/ERTS/lab/ishu/gcc-arm-none-eabi/bin/../lib/gcc/arm-none-eabi/5.4.1/armv6-m/crtbegin.o
 .bss.quadrupel_timer_data.7115
                0x200020d0       0x20 _build/timers.o
 .bss.APP_TIMER_BUF.7112
                0x200020f0      0x1c8 _build/timers.o
 .bss.sent      0x200022b8        0x1 _build/twi.o
 .bss.read      0x200022b9        0x1 _build/twi.o
 .bss.loop_count
                0x200022ba        0x1 _build/baro.o
 *fill*         0x200022bb        0x1 
 .bss.prom      0x200022bc       0x10 _build/baro.o
 .bss.data.7029
                0x200022cc        0x2 _build/baro.o
 *fill*         0x200022ce        0x2 
 .bss.data      0x200022d0        0x3 _build/baro.o
 *fill*         0x200022d3        0x1 
 .bss.initTime  0x200022d4        0x4 _build/baro.o
                0x200022d4                initTime
 .bss.BLE_EVT_BUFFER.8960
                0x200022d8       0x48 _build/ble.o
 .bss.m_nus     0x20002320       0x1c _build/ble.o
 .bss.spi_config_table
                0x2000233c        0xc _build/spi_flash.o
 .bss.SPI       0x20002348        0x4 _build/spi_flash.o
 .bss.dmp       0x2000234c       0x10 _build/inv_mpu_dmp_motion_driver.o
 .bss.m_ticks_latest
                0x2000235c        0x4 _build/app_timer.o
 .bss.mp_timer_id_head
                0x20002360        0x4 _build/app_timer.o
 .bss.m_evt_schedule_func
                0x20002364        0x4 _build/app_timer.o
 .bss.m_user_array_size
                0x20002368        0x1 _build/app_timer.o
 *fill*         0x20002369        0x3 
 .bss.mp_users  0x2000236c        0x4 _build/app_timer.o
 .bss.m_ticks_elapsed_q_read_ind
                0x20002370        0x1 _build/app_timer.o
 .bss.m_ticks_elapsed_q_write_ind
                0x20002371        0x1 _build/app_timer.o
 .bss.m_rtc1_reset
                0x20002372        0x1 _build/app_timer.o
 *fill*         0x20002373        0x1 
 .bss.m_ticks_elapsed
                0x20002374        0x8 _build/app_timer.o
 .bss.m_rtc1_running
                0x2000237c        0x1 _build/app_timer.o
 *fill*         0x2000237d        0x3 
 .bss.m_cmd_queue
                0x20002380       0xcc _build/pstorage.o
 .bss.m_flags   0x2000244c        0x4 _build/pstorage.o
 .bss.m_advdata
                0x20002450       0x38 _build/ble_advertising.o
 .bss.m_manuf_specific_data
                0x20002488        0xc _build/ble_advertising.o
 .bss.m_evt_handler
                0x20002494        0x4 _build/ble_advertising.o
 .bss.m_advertising_start_pending
                0x20002498        0x1 _build/ble_advertising.o
 *fill*         0x20002499        0x3 
 .bss.m_manuf_data_array
                0x2000249c       0x1f _build/ble_advertising.o
 .bss.m_whitelist_temporarily_disabled
                0x200024bb        0x1 _build/ble_advertising.o
 .bss.m_error_handler
                0x200024bc        0x4 _build/ble_advertising.o
 .bss.m_peer_address
                0x200024c0        0x7 _build/ble_advertising.o
 *fill*         0x200024c7        0x1 
 .bss.m_adv_modes_config
                0x200024c8       0x24 _build/ble_advertising.o
 .bss.mp_whitelist_addr
                0x200024ec       0x20 _build/ble_advertising.o
 .bss.m_tx_power_level
                0x2000250c        0x1 _build/ble_advertising.o
 *fill*         0x2000250d        0x3 
 .bss.m_whitelist
                0x20002510       0x10 _build/ble_advertising.o
 .bss.m_service_data_array
                0x20002520       0x1f _build/ble_advertising.o
 .bss.m_whitelist_reply_expected
                0x2000253f        0x1 _build/ble_advertising.o
 .bss.mp_whitelist_irk
                0x20002540       0x20 _build/ble_advertising.o
 .bss.m_adv_mode_current
                0x20002560        0x1 _build/ble_advertising.o
 .bss.m_peer_addr_reply_expected
                0x20002561        0x1 _build/ble_advertising.o
 *fill*         0x20002562        0x2 
 .bss.m_slave_conn_int
                0x20002564        0x4 _build/ble_advertising.o
 .bss.m_service_data
                0x20002568        0xc _build/ble_advertising.o
 .bss.m_adv_evt
                0x20002574        0x1 _build/ble_advertising.o
 .bss.m_change_param
                0x20002575        0x1 _build/ble_conn_params.o
 *fill*         0x20002576        0x2 
 .bss.m_current_conn_params
                0x20002578        0x8 _build/ble_conn_params.o
 .bss.m_update_count
                0x20002580        0x1 _build/ble_conn_params.o
 *fill*         0x20002581        0x3 
 .bss.m_conn_params_config
                0x20002584       0x1c _build/ble_conn_params.o
 .bss.m_conn_params_timer_id_data
                0x200025a0       0x20 _build/ble_conn_params.o
 .bss.m_conn_handle
                0x200025c0        0x2 _build/ble_conn_params.o
 *fill*         0x200025c2        0x2 
 .bss.m_preferred_conn_params
                0x200025c4        0x8 _build/ble_conn_params.o
 .bss.m_softdevice_enabled
                0x200025cc        0x1 _build/softdevice_handler.o
 *fill*         0x200025cd        0x1 
 .bss.m_ble_evt_buffer_size
                0x200025ce        0x2 _build/softdevice_handler.o
 .bss.mp_ble_evt_buffer
                0x200025d0        0x4 _build/softdevice_handler.o
 .bss.m_sys_evt_handler
                0x200025d4        0x4 _build/softdevice_handler.o
 .bss.m_ble_evt_handler
                0x200025d8        0x4 _build/softdevice_handler.o
 .bss.m_evt_schedule_func
                0x200025dc        0x4 _build/softdevice_handler.o
 .bss.__malloc_sbrk_start
                0x200025e0        0x4 /media/ishu/Data/MS/Quarter5/ERTS/lab/ishu/gcc-arm-none-eabi/bin/../lib/gcc/arm-none-eabi/5.4.1/../../../../arm-none-eabi/lib/armv6-m/libc_nano.a(lib_a-nano-mallocr.o)
                0x200025e0                __malloc_sbrk_start
 .bss.__malloc_free_list
                0x200025e4        0x4 /media/ishu/Data/MS/Quarter5/ERTS/lab/ishu/gcc-arm-none-eabi/bin/../lib/gcc/arm-none-eabi/5.4.1/../../../../arm-none-eabi/lib/armv6-m/libc_nano.a(lib_a-nano-mallocr.o)
                0x200025e4                __malloc_free_list
 .bss.heap_end.4167
                0x200025e8        0x4 /media/ishu/Data/MS/Quarter5/ERTS/lab/ishu/gcc-arm-none-eabi/bin/../lib/gcc/arm-none-eabi/5.4.1/../../../../arm-none-eabi/lib/armv6-m/libnosys.a(sbrk.o)
 *(COMMON)
 COMMON         0x200025ec      0x46f _build/in4073.o
                0x200025ec                say
                0x200025ee                b
                0x200025f0                psi
                0x200025f2                prev_roll
                0x200025f3                sensor_fifo_count
                0x200025f4                saz
                0x200025f6                Calibration_flag
                0x200025f7                prev_pitch
                0x200025f8                roll_delta
                0x200025fc                rx_queue
                0x20002702                yaw_delta
                0x20002703                current_mode
                0x20002704                phi
                0x20002706                lift_delta
                0x20002707                prev_mode
                0x20002708                temperature
                0x2000270c                theta
                0x20002710                pressure
                0x20002714                mode
                0x20002718                tx_queue
                0x2000281e                sax
                0x20002820                prev_yaw
                0x20002821                lift
                0x20002822                sq
                0x20002824                bat_volt
                0x20002828                ble_rx_queue
                0x2000292e                d
                0x2000292f                pitch_delta
                0x20002930                sp
                0x20002932                radio_active
                0x20002934                motor
                0x2000293c                yaw
                0x20002940                last_correct_checksum_time
                0x20002944                prev_lift
                0x20002945                pitch
                0x20002946                roll
                0x20002948                ble_tx_queue
                0x20002a50                ae
                0x20002a58                sr
                0x20002a5a                demo_done
 *fill*         0x20002a5b        0x1 
 COMMON         0x20002a5c        0x5 _build/timers.o
                0x20002a5c                global_time
                0x20002a60                timer_flag
 *fill*         0x20002a61        0x3 
 COMMON         0x20002a64        0x8 _build/baro.o
                0x20002a64                D2
                0x20002a68                D1
 COMMON         0x20002a6c        0x4 /media/ishu/Data/MS/Quarter5/ERTS/lab/ishu/gcc-arm-none-eabi/bin/../lib/gcc/arm-none-eabi/5.4.1/../../../../arm-none-eabi/lib/armv6-m/libc_nano.a(lib_a-reent.o)
                0x20002a6c                errno
                0x20002a70                . = ALIGN (0x4)
                0x20002a70                __bss_end__ = .

.heap           0x20002a70      0x800
                0x20002a70                __end__ = .
                0x20002a70                end = __end__
 *(.heap*)
 .heap          0x20002a70      0x800 _build/gcc_startup_nrf51.o
                0x20002a70                __HeapBase
                0x20003270                __HeapLimit = .

.stack_dummy    0x20002a70      0x800
 *(.stack*)
 .stack         0x20002a70      0x800 _build/gcc_startup_nrf51.o
                0x20004000                __StackTop = (ORIGIN (RAM) + LENGTH (RAM))
                0x20003800                __StackLimit = (__StackTop - SIZEOF (.stack_dummy))
                0x20004000                PROVIDE (__stack, __StackTop)
                0x00000001                ASSERT ((__StackLimit >= __HeapLimit), region RAM overflowed with stack)
OUTPUT(_build/in4073.out elf32-littlearm)

.ARM.attributes
                0x00000000       0x28
 .ARM.attributes
                0x00000000       0x1e /media/ishu/Data/MS/Quarter5/ERTS/lab/ishu/gcc-arm-none-eabi/bin/../lib/gcc/arm-none-eabi/5.4.1/armv6-m/crti.o
 .ARM.attributes
                0x0000001e       0x2c /media/ishu/Data/MS/Quarter5/ERTS/lab/ishu/gcc-arm-none-eabi/bin/../lib/gcc/arm-none-eabi/5.4.1/armv6-m/crtbegin.o
 .ARM.attributes
                0x0000004a       0x1b /media/ishu/Data/MS/Quarter5/ERTS/lab/ishu/gcc-arm-none-eabi/bin/../lib/gcc/arm-none-eabi/5.4.1/../../../../arm-none-eabi/lib/armv6-m/crt0.o
 .ARM.attributes
                0x00000065       0x2c /media/ishu/Data/MS/Quarter5/ERTS/lab/ishu/gcc-arm-none-eabi/bin/../lib/gcc/arm-none-eabi/5.4.1/../../../../arm-none-eabi/lib/armv6-m/libc_nano.a(lib_a-exit.o)
 .ARM.attributes
                0x00000091       0x2c /media/ishu/Data/MS/Quarter5/ERTS/lab/ishu/gcc-arm-none-eabi/bin/../lib/gcc/arm-none-eabi/5.4.1/../../../../arm-none-eabi/lib/armv6-m/libc_nano.a(lib_a-impure.o)
 .ARM.attributes
                0x000000bd       0x2c /media/ishu/Data/MS/Quarter5/ERTS/lab/ishu/gcc-arm-none-eabi/bin/../lib/gcc/arm-none-eabi/5.4.1/../../../../arm-none-eabi/lib/armv6-m/libc_nano.a(lib_a-init.o)
 .ARM.attributes
                0x000000e9       0x2c /media/ishu/Data/MS/Quarter5/ERTS/lab/ishu/gcc-arm-none-eabi/bin/../lib/gcc/arm-none-eabi/5.4.1/../../../../arm-none-eabi/lib/armv6-m/libc_nano.a(lib_a-memset.o)
 .ARM.attributes
                0x00000115       0x2c /media/ishu/Data/MS/Quarter5/ERTS/lab/ishu/gcc-arm-none-eabi/bin/../lib/gcc/arm-none-eabi/5.4.1/../../../../arm-none-eabi/lib/armv6-m/libnosys.a(_exit.o)
 .ARM.attributes
                0x00000141       0x31 _build/system_nrf51.o
 .ARM.attributes
                0x00000172       0x31 _build/nrf_delay.o
 .ARM.attributes
                0x000001a3       0x31 _build/in4073.o
 .ARM.attributes
                0x000001d4       0x31 _build/control.o
 .ARM.attributes
                0x00000205       0x31 _build/packet.o
 .ARM.attributes
                0x00000236       0x31 _build/packet_uav.o
 .ARM.attributes
                0x00000267       0x31 _build/gpio.o
 .ARM.attributes
                0x00000298       0x31 _build/timers.o
 .ARM.attributes
                0x000002c9       0x31 _build/uart.o
 .ARM.attributes
                0x000002fa       0x31 _build/queue.o
 .ARM.attributes
                0x0000032b       0x31 _build/twi.o
 .ARM.attributes
                0x0000035c       0x31 _build/adc.o
 .ARM.attributes
                0x0000038d       0x31 _build/baro.o
 .ARM.attributes
                0x000003be       0x31 _build/ble.o
 .ARM.attributes
                0x000003ef       0x31 _build/spi_flash.o
 .ARM.attributes
                0x00000420       0x31 _build/inv_mpu.o
 .ARM.attributes
                0x00000451       0x31 _build/inv_mpu_dmp_motion_driver.o
 .ARM.attributes
                0x00000482       0x31 _build/ml.o
 .ARM.attributes
                0x000004b3       0x31 _build/mpu_wrapper.o
 .ARM.attributes
                0x000004e4       0x31 _build/app_error.o
 .ARM.attributes
                0x00000515       0x31 _build/app_timer.o
 .ARM.attributes
                0x00000546       0x31 _build/pstorage.o
 .ARM.attributes
                0x00000577       0x31 _build/ble_advdata.o
 .ARM.attributes
                0x000005a8       0x31 _build/ble_advertising.o
 .ARM.attributes
                0x000005d9       0x31 _build/ble_conn_params.o
 .ARM.attributes
                0x0000060a       0x31 _build/ble_nus.o
 .ARM.attributes
                0x0000063b       0x31 _build/softdevice_handler.o
 .ARM.attributes
                0x0000066c       0x1b _build/gcc_startup_nrf51.o
 .ARM.attributes
                0x00000687       0x2c /media/ishu/Data/MS/Quarter5/ERTS/lab/ishu/gcc-arm-none-eabi/bin/../lib/gcc/arm-none-eabi/5.4.1/../../../../arm-none-eabi/lib/armv6-m/libm.a(lib_a-s_fabs.o)
 .ARM.attributes
                0x000006b3       0x2c /media/ishu/Data/MS/Quarter5/ERTS/lab/ishu/gcc-arm-none-eabi/bin/../lib/gcc/arm-none-eabi/5.4.1/../../../../arm-none-eabi/lib/armv6-m/libm.a(lib_a-w_asin.o)
 .ARM.attributes
                0x000006df       0x2c /media/ishu/Data/MS/Quarter5/ERTS/lab/ishu/gcc-arm-none-eabi/bin/../lib/gcc/arm-none-eabi/5.4.1/../../../../arm-none-eabi/lib/armv6-m/libm.a(lib_a-w_atan2.o)
 .ARM.attributes
                0x0000070b       0x2c /media/ishu/Data/MS/Quarter5/ERTS/lab/ishu/gcc-arm-none-eabi/bin/../lib/gcc/arm-none-eabi/5.4.1/../../../../arm-none-eabi/lib/armv6-m/libm.a(lib_a-e_asin.o)
 .ARM.attributes
                0x00000737       0x2c /media/ishu/Data/MS/Quarter5/ERTS/lab/ishu/gcc-arm-none-eabi/bin/../lib/gcc/arm-none-eabi/5.4.1/../../../../arm-none-eabi/lib/armv6-m/libm.a(lib_a-e_atan2.o)
 .ARM.attributes
                0x00000763       0x2c /media/ishu/Data/MS/Quarter5/ERTS/lab/ishu/gcc-arm-none-eabi/bin/../lib/gcc/arm-none-eabi/5.4.1/../../../../arm-none-eabi/lib/armv6-m/libm.a(lib_a-e_sqrt.o)
 .ARM.attributes
                0x0000078f       0x2c /media/ishu/Data/MS/Quarter5/ERTS/lab/ishu/gcc-arm-none-eabi/bin/../lib/gcc/arm-none-eabi/5.4.1/../../../../arm-none-eabi/lib/armv6-m/libm.a(lib_a-s_atan.o)
 .ARM.attributes
                0x000007bb       0x2c /media/ishu/Data/MS/Quarter5/ERTS/lab/ishu/gcc-arm-none-eabi/bin/../lib/gcc/arm-none-eabi/5.4.1/../../../../arm-none-eabi/lib/armv6-m/libm.a(lib_a-s_lib_ver.o)
 .ARM.attributes
                0x000007e7       0x2c /media/ishu/Data/MS/Quarter5/ERTS/lab/ishu/gcc-arm-none-eabi/bin/../lib/gcc/arm-none-eabi/5.4.1/../../../../arm-none-eabi/lib/armv6-m/libm.a(lib_a-s_matherr.o)
 .ARM.attributes
                0x00000813       0x2c /media/ishu/Data/MS/Quarter5/ERTS/lab/ishu/gcc-arm-none-eabi/bin/../lib/gcc/arm-none-eabi/5.4.1/../../../../arm-none-eabi/lib/armv6-m/libm.a(lib_a-s_nan.o)
 .ARM.attributes
                0x0000083f       0x1e /media/ishu/Data/MS/Quarter5/ERTS/lab/ishu/gcc-arm-none-eabi/bin/../lib/gcc/arm-none-eabi/5.4.1/armv6-m/libgcc.a(_udivsi3.o)
 .ARM.attributes
                0x0000085d       0x1e /media/ishu/Data/MS/Quarter5/ERTS/lab/ishu/gcc-arm-none-eabi/bin/../lib/gcc/arm-none-eabi/5.4.1/armv6-m/libgcc.a(_divsi3.o)
 .ARM.attributes
                0x0000087b       0x1e /media/ishu/Data/MS/Quarter5/ERTS/lab/ishu/gcc-arm-none-eabi/bin/../lib/gcc/arm-none-eabi/5.4.1/armv6-m/libgcc.a(_dvmd_tls.o)
 .ARM.attributes
                0x00000899       0x1e /media/ishu/Data/MS/Quarter5/ERTS/lab/ishu/gcc-arm-none-eabi/bin/../lib/gcc/arm-none-eabi/5.4.1/armv6-m/libgcc.a(_arm_cmpdf2.o)
 .ARM.attributes
                0x000008b7       0x1e /media/ishu/Data/MS/Quarter5/ERTS/lab/ishu/gcc-arm-none-eabi/bin/../lib/gcc/arm-none-eabi/5.4.1/armv6-m/libgcc.a(_arm_cmpsf2.o)
 .ARM.attributes
                0x000008d5       0x2c /media/ishu/Data/MS/Quarter5/ERTS/lab/ishu/gcc-arm-none-eabi/bin/../lib/gcc/arm-none-eabi/5.4.1/armv6-m/libgcc.a(_muldi3.o)
 .ARM.attributes
                0x00000901       0x2c /media/ishu/Data/MS/Quarter5/ERTS/lab/ishu/gcc-arm-none-eabi/bin/../lib/gcc/arm-none-eabi/5.4.1/armv6-m/libgcc.a(_fixunssfsi.o)
 .ARM.attributes
                0x0000092d       0x2c /media/ishu/Data/MS/Quarter5/ERTS/lab/ishu/gcc-arm-none-eabi/bin/../lib/gcc/arm-none-eabi/5.4.1/armv6-m/libgcc.a(addsf3.o)
 .ARM.attributes
                0x00000959       0x2c /media/ishu/Data/MS/Quarter5/ERTS/lab/ishu/gcc-arm-none-eabi/bin/../lib/gcc/arm-none-eabi/5.4.1/armv6-m/libgcc.a(divsf3.o)
 .ARM.attributes
                0x00000985       0x2c /media/ishu/Data/MS/Quarter5/ERTS/lab/ishu/gcc-arm-none-eabi/bin/../lib/gcc/arm-none-eabi/5.4.1/armv6-m/libgcc.a(eqsf2.o)
 .ARM.attributes
                0x000009b1       0x2c /media/ishu/Data/MS/Quarter5/ERTS/lab/ishu/gcc-arm-none-eabi/bin/../lib/gcc/arm-none-eabi/5.4.1/armv6-m/libgcc.a(gesf2.o)
 .ARM.attributes
                0x000009dd       0x2c /media/ishu/Data/MS/Quarter5/ERTS/lab/ishu/gcc-arm-none-eabi/bin/../lib/gcc/arm-none-eabi/5.4.1/armv6-m/libgcc.a(lesf2.o)
 .ARM.attributes
                0x00000a09       0x2c /media/ishu/Data/MS/Quarter5/ERTS/lab/ishu/gcc-arm-none-eabi/bin/../lib/gcc/arm-none-eabi/5.4.1/armv6-m/libgcc.a(mulsf3.o)
 .ARM.attributes
                0x00000a35       0x2c /media/ishu/Data/MS/Quarter5/ERTS/lab/ishu/gcc-arm-none-eabi/bin/../lib/gcc/arm-none-eabi/5.4.1/armv6-m/libgcc.a(subsf3.o)
 .ARM.attributes
                0x00000a61       0x2c /media/ishu/Data/MS/Quarter5/ERTS/lab/ishu/gcc-arm-none-eabi/bin/../lib/gcc/arm-none-eabi/5.4.1/armv6-m/libgcc.a(fixsfsi.o)
 .ARM.attributes
                0x00000a8d       0x2c /media/ishu/Data/MS/Quarter5/ERTS/lab/ishu/gcc-arm-none-eabi/bin/../lib/gcc/arm-none-eabi/5.4.1/armv6-m/libgcc.a(floatsisf.o)
 .ARM.attributes
                0x00000ab9       0x2c /media/ishu/Data/MS/Quarter5/ERTS/lab/ishu/gcc-arm-none-eabi/bin/../lib/gcc/arm-none-eabi/5.4.1/armv6-m/libgcc.a(floatunsisf.o)
 .ARM.attributes
                0x00000ae5       0x2c /media/ishu/Data/MS/Quarter5/ERTS/lab/ishu/gcc-arm-none-eabi/bin/../lib/gcc/arm-none-eabi/5.4.1/armv6-m/libgcc.a(adddf3.o)
 .ARM.attributes
                0x00000b11       0x2c /media/ishu/Data/MS/Quarter5/ERTS/lab/ishu/gcc-arm-none-eabi/bin/../lib/gcc/arm-none-eabi/5.4.1/armv6-m/libgcc.a(divdf3.o)
 .ARM.attributes
                0x00000b3d       0x2c /media/ishu/Data/MS/Quarter5/ERTS/lab/ishu/gcc-arm-none-eabi/bin/../lib/gcc/arm-none-eabi/5.4.1/armv6-m/libgcc.a(eqdf2.o)
 .ARM.attributes
                0x00000b69       0x2c /media/ishu/Data/MS/Quarter5/ERTS/lab/ishu/gcc-arm-none-eabi/bin/../lib/gcc/arm-none-eabi/5.4.1/armv6-m/libgcc.a(gedf2.o)
 .ARM.attributes
                0x00000b95       0x2c /media/ishu/Data/MS/Quarter5/ERTS/lab/ishu/gcc-arm-none-eabi/bin/../lib/gcc/arm-none-eabi/5.4.1/armv6-m/libgcc.a(ledf2.o)
 .ARM.attributes
                0x00000bc1       0x2c /media/ishu/Data/MS/Quarter5/ERTS/lab/ishu/gcc-arm-none-eabi/bin/../lib/gcc/arm-none-eabi/5.4.1/armv6-m/libgcc.a(muldf3.o)
 .ARM.attributes
                0x00000bed       0x2c /media/ishu/Data/MS/Quarter5/ERTS/lab/ishu/gcc-arm-none-eabi/bin/../lib/gcc/arm-none-eabi/5.4.1/armv6-m/libgcc.a(subdf3.o)
 .ARM.attributes
                0x00000c19       0x2c /media/ishu/Data/MS/Quarter5/ERTS/lab/ishu/gcc-arm-none-eabi/bin/../lib/gcc/arm-none-eabi/5.4.1/armv6-m/libgcc.a(unorddf2.o)
 .ARM.attributes
                0x00000c45       0x2c /media/ishu/Data/MS/Quarter5/ERTS/lab/ishu/gcc-arm-none-eabi/bin/../lib/gcc/arm-none-eabi/5.4.1/armv6-m/libgcc.a(fixdfsi.o)
 .ARM.attributes
                0x00000c71       0x2c /media/ishu/Data/MS/Quarter5/ERTS/lab/ishu/gcc-arm-none-eabi/bin/../lib/gcc/arm-none-eabi/5.4.1/armv6-m/libgcc.a(extendsfdf2.o)
 .ARM.attributes
                0x00000c9d       0x1e /media/ishu/Data/MS/Quarter5/ERTS/lab/ishu/gcc-arm-none-eabi/bin/../lib/gcc/arm-none-eabi/5.4.1/armv6-m/libgcc.a(_clzsi2.o)
 .ARM.attributes
                0x00000cbb       0x2c /media/ishu/Data/MS/Quarter5/ERTS/lab/ishu/gcc-arm-none-eabi/bin/../lib/gcc/arm-none-eabi/5.4.1/../../../../arm-none-eabi/lib/armv6-m/libc_nano.a(lib_a-assert.o)
 .ARM.attributes
                0x00000ce7       0x2c /media/ishu/Data/MS/Quarter5/ERTS/lab/ishu/gcc-arm-none-eabi/bin/../lib/gcc/arm-none-eabi/5.4.1/../../../../arm-none-eabi/lib/armv6-m/libc_nano.a(lib_a-errno.o)
 .ARM.attributes
                0x00000d13       0x2c /media/ishu/Data/MS/Quarter5/ERTS/lab/ishu/gcc-arm-none-eabi/bin/../lib/gcc/arm-none-eabi/5.4.1/../../../../arm-none-eabi/lib/armv6-m/libc_nano.a(lib_a-fprintf.o)
 .ARM.attributes
                0x00000d3f       0x2c /media/ishu/Data/MS/Quarter5/ERTS/lab/ishu/gcc-arm-none-eabi/bin/../lib/gcc/arm-none-eabi/5.4.1/../../../../arm-none-eabi/lib/armv6-m/libc_nano.a(lib_a-memcmp.o)
 .ARM.attributes
                0x00000d6b       0x2c /media/ishu/Data/MS/Quarter5/ERTS/lab/ishu/gcc-arm-none-eabi/bin/../lib/gcc/arm-none-eabi/5.4.1/../../../../arm-none-eabi/lib/armv6-m/libc_nano.a(lib_a-memcpy-stub.o)
 .ARM.attributes
                0x00000d97       0x2c /media/ishu/Data/MS/Quarter5/ERTS/lab/ishu/gcc-arm-none-eabi/bin/../lib/gcc/arm-none-eabi/5.4.1/../../../../arm-none-eabi/lib/armv6-m/libc_nano.a(lib_a-nano-vfprintf.o)
 .ARM.attributes
                0x00000dc3       0x2c /media/ishu/Data/MS/Quarter5/ERTS/lab/ishu/gcc-arm-none-eabi/bin/../lib/gcc/arm-none-eabi/5.4.1/../../../../arm-none-eabi/lib/armv6-m/libc_nano.a(lib_a-nano-vfprintf_i.o)
 .ARM.attributes
                0x00000def       0x2c /media/ishu/Data/MS/Quarter5/ERTS/lab/ishu/gcc-arm-none-eabi/bin/../lib/gcc/arm-none-eabi/5.4.1/../../../../arm-none-eabi/lib/armv6-m/libc_nano.a(lib_a-printf.o)
 .ARM.attributes
                0x00000e1b       0x2c /media/ishu/Data/MS/Quarter5/ERTS/lab/ishu/gcc-arm-none-eabi/bin/../lib/gcc/arm-none-eabi/5.4.1/../../../../arm-none-eabi/lib/armv6-m/libc_nano.a(lib_a-sprintf.o)
 .ARM.attributes
                0x00000e47       0x1c /media/ishu/Data/MS/Quarter5/ERTS/lab/ishu/gcc-arm-none-eabi/bin/../lib/gcc/arm-none-eabi/5.4.1/../../../../arm-none-eabi/lib/armv6-m/libc_nano.a(lib_a-strlen.o)
 .ARM.attributes
                0x00000e63       0x2c /media/ishu/Data/MS/Quarter5/ERTS/lab/ishu/gcc-arm-none-eabi/bin/../lib/gcc/arm-none-eabi/5.4.1/../../../../arm-none-eabi/lib/armv6-m/libc_nano.a(lib_a-wbuf.o)
 .ARM.attributes
                0x00000e8f       0x2c /media/ishu/Data/MS/Quarter5/ERTS/lab/ishu/gcc-arm-none-eabi/bin/../lib/gcc/arm-none-eabi/5.4.1/../../../../arm-none-eabi/lib/armv6-m/libc_nano.a(lib_a-wsetup.o)
 .ARM.attributes
                0x00000ebb       0x2c /media/ishu/Data/MS/Quarter5/ERTS/lab/ishu/gcc-arm-none-eabi/bin/../lib/gcc/arm-none-eabi/5.4.1/../../../../arm-none-eabi/lib/armv6-m/libc_nano.a(lib_a-abort.o)
 .ARM.attributes
                0x00000ee7       0x2c /media/ishu/Data/MS/Quarter5/ERTS/lab/ishu/gcc-arm-none-eabi/bin/../lib/gcc/arm-none-eabi/5.4.1/../../../../arm-none-eabi/lib/armv6-m/libc_nano.a(lib_a-fflush.o)
 .ARM.attributes
                0x00000f13       0x2c /media/ishu/Data/MS/Quarter5/ERTS/lab/ishu/gcc-arm-none-eabi/bin/../lib/gcc/arm-none-eabi/5.4.1/../../../../arm-none-eabi/lib/armv6-m/libc_nano.a(lib_a-findfp.o)
 .ARM.attributes
                0x00000f3f       0x2c /media/ishu/Data/MS/Quarter5/ERTS/lab/ishu/gcc-arm-none-eabi/bin/../lib/gcc/arm-none-eabi/5.4.1/../../../../arm-none-eabi/lib/armv6-m/libc_nano.a(lib_a-fwalk.o)
 .ARM.attributes
                0x00000f6b       0x2c /media/ishu/Data/MS/Quarter5/ERTS/lab/ishu/gcc-arm-none-eabi/bin/../lib/gcc/arm-none-eabi/5.4.1/../../../../arm-none-eabi/lib/armv6-m/libc_nano.a(lib_a-makebuf.o)
 .ARM.attributes
                0x00000f97       0x2c /media/ishu/Data/MS/Quarter5/ERTS/lab/ishu/gcc-arm-none-eabi/bin/../lib/gcc/arm-none-eabi/5.4.1/../../../../arm-none-eabi/lib/armv6-m/libc_nano.a(lib_a-memchr-stub.o)
 .ARM.attributes
                0x00000fc3       0x2c /media/ishu/Data/MS/Quarter5/ERTS/lab/ishu/gcc-arm-none-eabi/bin/../lib/gcc/arm-none-eabi/5.4.1/../../../../arm-none-eabi/lib/armv6-m/libc_nano.a(lib_a-memmove.o)
 .ARM.attributes
                0x00000fef       0x2c /media/ishu/Data/MS/Quarter5/ERTS/lab/ishu/gcc-arm-none-eabi/bin/../lib/gcc/arm-none-eabi/5.4.1/../../../../arm-none-eabi/lib/armv6-m/libc_nano.a(lib_a-nano-freer.o)
 .ARM.attributes
                0x0000101b       0x2c /media/ishu/Data/MS/Quarter5/ERTS/lab/ishu/gcc-arm-none-eabi/bin/../lib/gcc/arm-none-eabi/5.4.1/../../../../arm-none-eabi/lib/armv6-m/libc_nano.a(lib_a-nano-mallocr.o)
 .ARM.attributes
                0x00001047       0x2c /media/ishu/Data/MS/Quarter5/ERTS/lab/ishu/gcc-arm-none-eabi/bin/../lib/gcc/arm-none-eabi/5.4.1/../../../../arm-none-eabi/lib/armv6-m/libc_nano.a(lib_a-nano-reallocr.o)
 .ARM.attributes
                0x00001073       0x2c /media/ishu/Data/MS/Quarter5/ERTS/lab/ishu/gcc-arm-none-eabi/bin/../lib/gcc/arm-none-eabi/5.4.1/../../../../arm-none-eabi/lib/armv6-m/libc_nano.a(lib_a-nano-svfprintf.o)
 .ARM.attributes
                0x0000109f       0x2c /media/ishu/Data/MS/Quarter5/ERTS/lab/ishu/gcc-arm-none-eabi/bin/../lib/gcc/arm-none-eabi/5.4.1/../../../../arm-none-eabi/lib/armv6-m/libc_nano.a(lib_a-sbrkr.o)
 .ARM.attributes
                0x000010cb       0x2c /media/ishu/Data/MS/Quarter5/ERTS/lab/ishu/gcc-arm-none-eabi/bin/../lib/gcc/arm-none-eabi/5.4.1/../../../../arm-none-eabi/lib/armv6-m/libc_nano.a(lib_a-signal.o)
 .ARM.attributes
                0x000010f7       0x2c /media/ishu/Data/MS/Quarter5/ERTS/lab/ishu/gcc-arm-none-eabi/bin/../lib/gcc/arm-none-eabi/5.4.1/../../../../arm-none-eabi/lib/armv6-m/libc_nano.a(lib_a-signalr.o)
 .ARM.attributes
                0x00001123       0x2c /media/ishu/Data/MS/Quarter5/ERTS/lab/ishu/gcc-arm-none-eabi/bin/../lib/gcc/arm-none-eabi/5.4.1/../../../../arm-none-eabi/lib/armv6-m/libc_nano.a(lib_a-stdio.o)
 .ARM.attributes
                0x0000114f       0x2c /media/ishu/Data/MS/Quarter5/ERTS/lab/ishu/gcc-arm-none-eabi/bin/../lib/gcc/arm-none-eabi/5.4.1/../../../../arm-none-eabi/lib/armv6-m/libc_nano.a(lib_a-writer.o)
 .ARM.attributes
                0x0000117b       0x2c /media/ishu/Data/MS/Quarter5/ERTS/lab/ishu/gcc-arm-none-eabi/bin/../lib/gcc/arm-none-eabi/5.4.1/../../../../arm-none-eabi/lib/armv6-m/libc_nano.a(lib_a-closer.o)
 .ARM.attributes
                0x000011a7       0x2c /media/ishu/Data/MS/Quarter5/ERTS/lab/ishu/gcc-arm-none-eabi/bin/../lib/gcc/arm-none-eabi/5.4.1/../../../../arm-none-eabi/lib/armv6-m/libc_nano.a(lib_a-fstatr.o)
 .ARM.attributes
                0x000011d3       0x2c /media/ishu/Data/MS/Quarter5/ERTS/lab/ishu/gcc-arm-none-eabi/bin/../lib/gcc/arm-none-eabi/5.4.1/../../../../arm-none-eabi/lib/armv6-m/libc_nano.a(lib_a-isattyr.o)
 .ARM.attributes
                0x000011ff       0x2c /media/ishu/Data/MS/Quarter5/ERTS/lab/ishu/gcc-arm-none-eabi/bin/../lib/gcc/arm-none-eabi/5.4.1/../../../../arm-none-eabi/lib/armv6-m/libc_nano.a(lib_a-lseekr.o)
 .ARM.attributes
                0x0000122b       0x2c /media/ishu/Data/MS/Quarter5/ERTS/lab/ishu/gcc-arm-none-eabi/bin/../lib/gcc/arm-none-eabi/5.4.1/../../../../arm-none-eabi/lib/armv6-m/libc_nano.a(lib_a-mlock.o)
 .ARM.attributes
                0x00001257       0x2c /media/ishu/Data/MS/Quarter5/ERTS/lab/ishu/gcc-arm-none-eabi/bin/../lib/gcc/arm-none-eabi/5.4.1/../../../../arm-none-eabi/lib/armv6-m/libc_nano.a(lib_a-nano-msizer.o)
 .ARM.attributes
                0x00001283       0x2c /media/ishu/Data/MS/Quarter5/ERTS/lab/ishu/gcc-arm-none-eabi/bin/../lib/gcc/arm-none-eabi/5.4.1/../../../../arm-none-eabi/lib/armv6-m/libc_nano.a(lib_a-readr.o)
 .ARM.attributes
                0x000012af       0x2c /media/ishu/Data/MS/Quarter5/ERTS/lab/ishu/gcc-arm-none-eabi/bin/../lib/gcc/arm-none-eabi/5.4.1/../../../../arm-none-eabi/lib/armv6-m/libc_nano.a(lib_a-reent.o)
 .ARM.attributes
                0x000012db       0x1e /media/ishu/Data/MS/Quarter5/ERTS/lab/ishu/gcc-arm-none-eabi/bin/../lib/gcc/arm-none-eabi/5.4.1/armv6-m/crtn.o
 .ARM.attributes
                0x000012f9       0x2c /media/ishu/Data/MS/Quarter5/ERTS/lab/ishu/gcc-arm-none-eabi/bin/../lib/gcc/arm-none-eabi/5.4.1/../../../../arm-none-eabi/lib/armv6-m/libnosys.a(close.o)
 .ARM.attributes
                0x00001325       0x2c /media/ishu/Data/MS/Quarter5/ERTS/lab/ishu/gcc-arm-none-eabi/bin/../lib/gcc/arm-none-eabi/5.4.1/../../../../arm-none-eabi/lib/armv6-m/libnosys.a(fstat.o)
 .ARM.attributes
                0x00001351       0x2c /media/ishu/Data/MS/Quarter5/ERTS/lab/ishu/gcc-arm-none-eabi/bin/../lib/gcc/arm-none-eabi/5.4.1/../../../../arm-none-eabi/lib/armv6-m/libnosys.a(getpid.o)
 .ARM.attributes
                0x0000137d       0x2c /media/ishu/Data/MS/Quarter5/ERTS/lab/ishu/gcc-arm-none-eabi/bin/../lib/gcc/arm-none-eabi/5.4.1/../../../../arm-none-eabi/lib/armv6-m/libnosys.a(isatty.o)
 .ARM.attributes
                0x000013a9       0x2c /media/ishu/Data/MS/Quarter5/ERTS/lab/ishu/gcc-arm-none-eabi/bin/../lib/gcc/arm-none-eabi/5.4.1/../../../../arm-none-eabi/lib/armv6-m/libnosys.a(kill.o)
 .ARM.attributes
                0x000013d5       0x2c /media/ishu/Data/MS/Quarter5/ERTS/lab/ishu/gcc-arm-none-eabi/bin/../lib/gcc/arm-none-eabi/5.4.1/../../../../arm-none-eabi/lib/armv6-m/libnosys.a(lseek.o)
 .ARM.attributes
                0x00001401       0x2c /media/ishu/Data/MS/Quarter5/ERTS/lab/ishu/gcc-arm-none-eabi/bin/../lib/gcc/arm-none-eabi/5.4.1/../../../../arm-none-eabi/lib/armv6-m/libnosys.a(read.o)
 .ARM.attributes
                0x0000142d       0x2c /media/ishu/Data/MS/Quarter5/ERTS/lab/ishu/gcc-arm-none-eabi/bin/../lib/gcc/arm-none-eabi/5.4.1/../../../../arm-none-eabi/lib/armv6-m/libnosys.a(sbrk.o)

.comment        0x00000000       0x6e
 .comment       0x00000000       0x6e _build/system_nrf51.o
                                 0x6f (size before relaxing)
 .comment       0x0000006e       0x6f _build/nrf_delay.o
 .comment       0x0000006e       0x6f _build/in4073.o
 .comment       0x0000006e       0x6f _build/control.o
 .comment       0x0000006e       0x6f _build/packet.o
 .comment       0x0000006e       0x6f _build/packet_uav.o
 .comment       0x0000006e       0x6f _build/gpio.o
 .comment       0x0000006e       0x6f _build/timers.o
 .comment       0x0000006e       0x6f _build/uart.o
 .comment       0x0000006e       0x6f _build/queue.o
 .comment       0x0000006e       0x6f _build/twi.o
 .comment       0x0000006e       0x6f _build/adc.o
 .comment       0x0000006e       0x6f _build/baro.o
 .comment       0x0000006e       0x6f _build/ble.o
 .comment       0x0000006e       0x6f _build/spi_flash.o
 .comment       0x0000006e       0x6f _build/inv_mpu.o
 .comment       0x0000006e       0x6f _build/inv_mpu_dmp_motion_driver.o
 .comment       0x0000006e       0x6f _build/ml.o
 .comment       0x0000006e       0x6f _build/mpu_wrapper.o
 .comment       0x0000006e       0x6f _build/app_error.o
 .comment       0x0000006e       0x6f _build/app_timer.o
 .comment       0x0000006e       0x6f _build/pstorage.o
 .comment       0x0000006e       0x6f _build/ble_advdata.o
 .comment       0x0000006e       0x6f _build/ble_advertising.o
 .comment       0x0000006e       0x6f _build/ble_conn_params.o
 .comment       0x0000006e       0x6f _build/ble_nus.o
 .comment       0x0000006e       0x6f _build/softdevice_handler.o

.debug_frame    0x00000000     0x1218
 .debug_frame   0x00000000       0x28 /media/ishu/Data/MS/Quarter5/ERTS/lab/ishu/gcc-arm-none-eabi/bin/../lib/gcc/arm-none-eabi/5.4.1/../../../../arm-none-eabi/lib/armv6-m/libc_nano.a(lib_a-exit.o)
 .debug_frame   0x00000028       0x2c /media/ishu/Data/MS/Quarter5/ERTS/lab/ishu/gcc-arm-none-eabi/bin/../lib/gcc/arm-none-eabi/5.4.1/../../../../arm-none-eabi/lib/armv6-m/libc_nano.a(lib_a-init.o)
 .debug_frame   0x00000054       0x20 /media/ishu/Data/MS/Quarter5/ERTS/lab/ishu/gcc-arm-none-eabi/bin/../lib/gcc/arm-none-eabi/5.4.1/../../../../arm-none-eabi/lib/armv6-m/libc_nano.a(lib_a-memset.o)
 .debug_frame   0x00000074       0x20 /media/ishu/Data/MS/Quarter5/ERTS/lab/ishu/gcc-arm-none-eabi/bin/../lib/gcc/arm-none-eabi/5.4.1/../../../../arm-none-eabi/lib/armv6-m/libnosys.a(_exit.o)
 .debug_frame   0x00000094       0x20 /media/ishu/Data/MS/Quarter5/ERTS/lab/ishu/gcc-arm-none-eabi/bin/../lib/gcc/arm-none-eabi/5.4.1/../../../../arm-none-eabi/lib/armv6-m/libm.a(lib_a-s_fabs.o)
 .debug_frame   0x000000b4       0x38 /media/ishu/Data/MS/Quarter5/ERTS/lab/ishu/gcc-arm-none-eabi/bin/../lib/gcc/arm-none-eabi/5.4.1/../../../../arm-none-eabi/lib/armv6-m/libm.a(lib_a-w_asin.o)
 .debug_frame   0x000000ec       0x28 /media/ishu/Data/MS/Quarter5/ERTS/lab/ishu/gcc-arm-none-eabi/bin/../lib/gcc/arm-none-eabi/5.4.1/../../../../arm-none-eabi/lib/armv6-m/libm.a(lib_a-w_atan2.o)
 .debug_frame   0x00000114       0x38 /media/ishu/Data/MS/Quarter5/ERTS/lab/ishu/gcc-arm-none-eabi/bin/../lib/gcc/arm-none-eabi/5.4.1/../../../../arm-none-eabi/lib/armv6-m/libm.a(lib_a-e_asin.o)
 .debug_frame   0x0000014c       0x38 /media/ishu/Data/MS/Quarter5/ERTS/lab/ishu/gcc-arm-none-eabi/bin/../lib/gcc/arm-none-eabi/5.4.1/../../../../arm-none-eabi/lib/armv6-m/libm.a(lib_a-e_atan2.o)
 .debug_frame   0x00000184       0x3c /media/ishu/Data/MS/Quarter5/ERTS/lab/ishu/gcc-arm-none-eabi/bin/../lib/gcc/arm-none-eabi/5.4.1/../../../../arm-none-eabi/lib/armv6-m/libm.a(lib_a-e_sqrt.o)
 .debug_frame   0x000001c0       0x3c /media/ishu/Data/MS/Quarter5/ERTS/lab/ishu/gcc-arm-none-eabi/bin/../lib/gcc/arm-none-eabi/5.4.1/../../../../arm-none-eabi/lib/armv6-m/libm.a(lib_a-s_atan.o)
 .debug_frame   0x000001fc       0x20 /media/ishu/Data/MS/Quarter5/ERTS/lab/ishu/gcc-arm-none-eabi/bin/../lib/gcc/arm-none-eabi/5.4.1/../../../../arm-none-eabi/lib/armv6-m/libm.a(lib_a-s_matherr.o)
 .debug_frame   0x0000021c       0x20 /media/ishu/Data/MS/Quarter5/ERTS/lab/ishu/gcc-arm-none-eabi/bin/../lib/gcc/arm-none-eabi/5.4.1/../../../../arm-none-eabi/lib/armv6-m/libm.a(lib_a-s_nan.o)
 .debug_frame   0x0000023c       0x20 /media/ishu/Data/MS/Quarter5/ERTS/lab/ishu/gcc-arm-none-eabi/bin/../lib/gcc/arm-none-eabi/5.4.1/armv6-m/libgcc.a(_udivsi3.o)
 .debug_frame   0x0000025c       0x20 /media/ishu/Data/MS/Quarter5/ERTS/lab/ishu/gcc-arm-none-eabi/bin/../lib/gcc/arm-none-eabi/5.4.1/armv6-m/libgcc.a(_divsi3.o)
 .debug_frame   0x0000027c       0x34 /media/ishu/Data/MS/Quarter5/ERTS/lab/ishu/gcc-arm-none-eabi/bin/../lib/gcc/arm-none-eabi/5.4.1/armv6-m/libgcc.a(_muldi3.o)
 .debug_frame   0x000002b0       0x28 /media/ishu/Data/MS/Quarter5/ERTS/lab/ishu/gcc-arm-none-eabi/bin/../lib/gcc/arm-none-eabi/5.4.1/armv6-m/libgcc.a(_fixunssfsi.o)
 .debug_frame   0x000002d8       0x30 /media/ishu/Data/MS/Quarter5/ERTS/lab/ishu/gcc-arm-none-eabi/bin/../lib/gcc/arm-none-eabi/5.4.1/armv6-m/libgcc.a(addsf3.o)
 .debug_frame   0x00000308       0x3c /media/ishu/Data/MS/Quarter5/ERTS/lab/ishu/gcc-arm-none-eabi/bin/../lib/gcc/arm-none-eabi/5.4.1/armv6-m/libgcc.a(divsf3.o)
 .debug_frame   0x00000344       0x2c /media/ishu/Data/MS/Quarter5/ERTS/lab/ishu/gcc-arm-none-eabi/bin/../lib/gcc/arm-none-eabi/5.4.1/armv6-m/libgcc.a(eqsf2.o)
 .debug_frame   0x00000370       0x30 /media/ishu/Data/MS/Quarter5/ERTS/lab/ishu/gcc-arm-none-eabi/bin/../lib/gcc/arm-none-eabi/5.4.1/armv6-m/libgcc.a(gesf2.o)
 .debug_frame   0x000003a0       0x30 /media/ishu/Data/MS/Quarter5/ERTS/lab/ishu/gcc-arm-none-eabi/bin/../lib/gcc/arm-none-eabi/5.4.1/armv6-m/libgcc.a(lesf2.o)
 .debug_frame   0x000003d0       0x38 /media/ishu/Data/MS/Quarter5/ERTS/lab/ishu/gcc-arm-none-eabi/bin/../lib/gcc/arm-none-eabi/5.4.1/armv6-m/libgcc.a(mulsf3.o)
 .debug_frame   0x00000408       0x30 /media/ishu/Data/MS/Quarter5/ERTS/lab/ishu/gcc-arm-none-eabi/bin/../lib/gcc/arm-none-eabi/5.4.1/armv6-m/libgcc.a(subsf3.o)
 .debug_frame   0x00000438       0x20 /media/ishu/Data/MS/Quarter5/ERTS/lab/ishu/gcc-arm-none-eabi/bin/../lib/gcc/arm-none-eabi/5.4.1/armv6-m/libgcc.a(fixsfsi.o)
 .debug_frame   0x00000458       0x2c /media/ishu/Data/MS/Quarter5/ERTS/lab/ishu/gcc-arm-none-eabi/bin/../lib/gcc/arm-none-eabi/5.4.1/armv6-m/libgcc.a(floatsisf.o)
 .debug_frame   0x00000484       0x2c /media/ishu/Data/MS/Quarter5/ERTS/lab/ishu/gcc-arm-none-eabi/bin/../lib/gcc/arm-none-eabi/5.4.1/armv6-m/libgcc.a(floatunsisf.o)
 .debug_frame   0x000004b0       0x3c /media/ishu/Data/MS/Quarter5/ERTS/lab/ishu/gcc-arm-none-eabi/bin/../lib/gcc/arm-none-eabi/5.4.1/armv6-m/libgcc.a(adddf3.o)