Archive member included to satisfy reference by file (symbol)

/home/constantinos/RTES/init_software/gcc-arm-none-eabi/bin/../lib/gcc/arm-none-eabi/5.4.1/../../../../arm-none-eabi/lib/armv6-m/libc_nano.a(lib_a-exit.o)
                              /home/constantinos/RTES/init_software/gcc-arm-none-eabi/bin/../lib/gcc/arm-none-eabi/5.4.1/../../../../arm-none-eabi/lib/armv6-m/crt0.o (exit)
/home/constantinos/RTES/init_software/gcc-arm-none-eabi/bin/../lib/gcc/arm-none-eabi/5.4.1/../../../../arm-none-eabi/lib/armv6-m/libc_nano.a(lib_a-impure.o)
                              /home/constantinos/RTES/init_software/gcc-arm-none-eabi/bin/../lib/gcc/arm-none-eabi/5.4.1/../../../../arm-none-eabi/lib/armv6-m/libc_nano.a(lib_a-exit.o) (_global_impure_ptr)
/home/constantinos/RTES/init_software/gcc-arm-none-eabi/bin/../lib/gcc/arm-none-eabi/5.4.1/../../../../arm-none-eabi/lib/armv6-m/libc_nano.a(lib_a-init.o)
                              /home/constantinos/RTES/init_software/gcc-arm-none-eabi/bin/../lib/gcc/arm-none-eabi/5.4.1/../../../../arm-none-eabi/lib/armv6-m/crt0.o (__libc_init_array)
/home/constantinos/RTES/init_software/gcc-arm-none-eabi/bin/../lib/gcc/arm-none-eabi/5.4.1/../../../../arm-none-eabi/lib/armv6-m/libc_nano.a(lib_a-memset.o)
                              /home/constantinos/RTES/init_software/gcc-arm-none-eabi/bin/../lib/gcc/arm-none-eabi/5.4.1/../../../../arm-none-eabi/lib/armv6-m/crt0.o (memset)
/home/constantinos/RTES/init_software/gcc-arm-none-eabi/bin/../lib/gcc/arm-none-eabi/5.4.1/../../../../arm-none-eabi/lib/armv6-m/libnosys.a(_exit.o)
                              /home/constantinos/RTES/init_software/gcc-arm-none-eabi/bin/../lib/gcc/arm-none-eabi/5.4.1/../../../../arm-none-eabi/lib/armv6-m/libc_nano.a(lib_a-exit.o) (_exit)
/home/constantinos/RTES/init_software/gcc-arm-none-eabi/bin/../lib/gcc/arm-none-eabi/5.4.1/../../../../arm-none-eabi/lib/armv6-m/libm.a(lib_a-s_fabs.o)
                              _build/inv_mpu.o (fabs)
/home/constantinos/RTES/init_software/gcc-arm-none-eabi/bin/../lib/gcc/arm-none-eabi/5.4.1/../../../../arm-none-eabi/lib/armv6-m/libm.a(lib_a-w_asin.o)
                              _build/mpu_wrapper.o (asin)
/home/constantinos/RTES/init_software/gcc-arm-none-eabi/bin/../lib/gcc/arm-none-eabi/5.4.1/../../../../arm-none-eabi/lib/armv6-m/libm.a(lib_a-w_atan2.o)
                              _build/mpu_wrapper.o (atan2)
/home/constantinos/RTES/init_software/gcc-arm-none-eabi/bin/../lib/gcc/arm-none-eabi/5.4.1/../../../../arm-none-eabi/lib/armv6-m/libm.a(lib_a-e_asin.o)
                              /home/constantinos/RTES/init_software/gcc-arm-none-eabi/bin/../lib/gcc/arm-none-eabi/5.4.1/../../../../arm-none-eabi/lib/armv6-m/libm.a(lib_a-w_asin.o) (__ieee754_asin)
/home/constantinos/RTES/init_software/gcc-arm-none-eabi/bin/../lib/gcc/arm-none-eabi/5.4.1/../../../../arm-none-eabi/lib/armv6-m/libm.a(lib_a-e_atan2.o)
                              /home/constantinos/RTES/init_software/gcc-arm-none-eabi/bin/../lib/gcc/arm-none-eabi/5.4.1/../../../../arm-none-eabi/lib/armv6-m/libm.a(lib_a-w_atan2.o) (__ieee754_atan2)
/home/constantinos/RTES/init_software/gcc-arm-none-eabi/bin/../lib/gcc/arm-none-eabi/5.4.1/../../../../arm-none-eabi/lib/armv6-m/libm.a(lib_a-e_sqrt.o)
                              /home/constantinos/RTES/init_software/gcc-arm-none-eabi/bin/../lib/gcc/arm-none-eabi/5.4.1/../../../../arm-none-eabi/lib/armv6-m/libm.a(lib_a-e_asin.o) (__ieee754_sqrt)
/home/constantinos/RTES/init_software/gcc-arm-none-eabi/bin/../lib/gcc/arm-none-eabi/5.4.1/../../../../arm-none-eabi/lib/armv6-m/libm.a(lib_a-s_atan.o)
                              /home/constantinos/RTES/init_software/gcc-arm-none-eabi/bin/../lib/gcc/arm-none-eabi/5.4.1/../../../../arm-none-eabi/lib/armv6-m/libm.a(lib_a-e_atan2.o) (atan)
/home/constantinos/RTES/init_software/gcc-arm-none-eabi/bin/../lib/gcc/arm-none-eabi/5.4.1/../../../../arm-none-eabi/lib/armv6-m/libm.a(lib_a-s_lib_ver.o)
                              /home/constantinos/RTES/init_software/gcc-arm-none-eabi/bin/../lib/gcc/arm-none-eabi/5.4.1/../../../../arm-none-eabi/lib/armv6-m/libm.a(lib_a-w_asin.o) (__fdlib_version)
/home/constantinos/RTES/init_software/gcc-arm-none-eabi/bin/../lib/gcc/arm-none-eabi/5.4.1/../../../../arm-none-eabi/lib/armv6-m/libm.a(lib_a-s_matherr.o)
                              /home/constantinos/RTES/init_software/gcc-arm-none-eabi/bin/../lib/gcc/arm-none-eabi/5.4.1/../../../../arm-none-eabi/lib/armv6-m/libm.a(lib_a-w_asin.o) (matherr)
/home/constantinos/RTES/init_software/gcc-arm-none-eabi/bin/../lib/gcc/arm-none-eabi/5.4.1/../../../../arm-none-eabi/lib/armv6-m/libm.a(lib_a-s_nan.o)
                              /home/constantinos/RTES/init_software/gcc-arm-none-eabi/bin/../lib/gcc/arm-none-eabi/5.4.1/../../../../arm-none-eabi/lib/armv6-m/libm.a(lib_a-w_asin.o) (nan)
/home/constantinos/RTES/init_software/gcc-arm-none-eabi/bin/../lib/gcc/arm-none-eabi/5.4.1/armv6-m/libgcc.a(_udivsi3.o)
[...]
Memory Configuration

Name             Origin             Length             Attributes
FLASH            0x00018000         0x00028000         xr
RAM              0x20002000         0x00002000         xrw
*default*        0x00000000         0xffffffff

Linker script and memory map

LOAD /home/constantinos/RTES/init_software/gcc-arm-none-eabi/bin/../lib/gcc/arm-none-eabi/5.4.1/armv6-m/crti.o
LOAD /home/constantinos/RTES/init_software/gcc-arm-none-eabi/bin/../lib/gcc/arm-none-eabi/5.4.1/armv6-m/crtbegin.o
LOAD /home/constantinos/RTES/init_software/gcc-arm-none-eabi/bin/../lib/gcc/arm-none-eabi/5.4.1/../../../../arm-none-eabi/lib/armv6-m/crt0.o
LOAD /home/constantinos/RTES/init_software/gcc-arm-none-eabi/bin/../lib/gcc/arm-none-eabi/5.4.1/../../../../arm-none-eabi/lib/armv6-m/libc_nano.a
LOAD /home/constantinos/RTES/init_software/gcc-arm-none-eabi/bin/../lib/gcc/arm-none-eabi/5.4.1/../../../../arm-none-eabi/lib/armv6-m/libnosys.a
LOAD /home/constantinos/RTES/init_software/gcc-arm-none-eabi/bin/../lib/gcc/arm-none-eabi/5.4.1/../../../../arm-none-eabi/lib/armv6-m/libm.a
LOAD _build/system_nrf51.o
LOAD _build/nrf_delay.o
LOAD _build/in4073.o
LOAD _build/control.o
LOAD _build/crc.o
LOAD _build/packet.o
LOAD _build/packet_uav.o
LOAD _build/gpio.o
LOAD _build/timers.o
LOAD _build/uart.o
LOAD _build/queue.o
LOAD _build/twi.o
LOAD _build/adc.o
LOAD _build/baro.o
LOAD _build/ble.o
LOAD _build/spi_flash.o
LOAD _build/inv_mpu.o
LOAD _build/inv_mpu_dmp_motion_driver.o
LOAD _build/ml.o
LOAD _build/mpu_wrapper.o
LOAD _build/app_error.o
LOAD _build/app_timer.o
LOAD _build/nrf_assert.o
LOAD _build/nrf_drv_common.o
LOAD _build/pstorage.o
LOAD _build/ble_advdata.o
LOAD _build/ble_advertising.o
LOAD _build/ble_conn_params.o
LOAD _build/ble_nus.o
LOAD _build/ble_srv_common.o
LOAD _build/softdevice_handler.o
LOAD _build/gcc_startup_nrf51.o
LOAD /home/constantinos/RTES/init_software/gcc-arm-none-eabi/bin/../lib/gcc/arm-none-eabi/5.4.1/../../../../arm-none-eabi/lib/armv6-m/libm.a
START GROUP
LOAD /home/constantinos/RTES/init_software/gcc-arm-none-eabi/bin/../lib/gcc/arm-none-eabi/5.4.1/armv6-m/libgcc.a
LOAD /home/constantinos/RTES/init_software/gcc-arm-none-eabi/bin/../lib/gcc/arm-none-eabi/5.4.1/../../../../arm-none-eabi/lib/armv6-m/libc_nano.a
END GROUP
START GROUP
LOAD /home/constantinos/RTES/init_software/gcc-arm-none-eabi/bin/../lib/gcc/arm-none-eabi/5.4.1/armv6-m/libgcc.a
LOAD /home/constantinos/RTES/init_software/gcc-arm-none-eabi/bin/../lib/gcc/arm-none-eabi/5.4.1/../../../../arm-none-eabi/lib/armv6-m/libc_nano.a
END GROUP
LOAD /home/constantinos/RTES/init_software/gcc-arm-none-eabi/bin/../lib/gcc/arm-none-eabi/5.4.1/armv6-m/crtend.o
LOAD /home/constantinos/RTES/init_software/gcc-arm-none-eabi/bin/../lib/gcc/arm-none-eabi/5.4.1/armv6-m/crtn.o
START GROUP
LOAD /home/constantinos/RTES/init_software/gcc-arm-none-eabi/bin/../lib/gcc/arm-none-eabi/5.4.1/armv6-m/libgcc.a
LOAD /home/constantinos/RTES/init_software/gcc-arm-none-eabi/bin/../lib/gcc/arm-none-eabi/5.4.1/../../../../arm-none-eabi/lib/armv6-m/libc.a
LOAD /home/constantinos/RTES/init_software/gcc-arm-none-eabi/bin/../lib/gcc/arm-none-eabi/5.4.1/../../../../arm-none-eabi/lib/armv6-m/libnosys.a
END GROUP

.fs_data_out    0x00000000        0x0
                [!provide]                PROVIDE (__start_fs_data, .)
 *(fs_data)
                [!provide]                PROVIDE (__stop_fs_data, .)

.text           0x00018000     0xab58
 *(.Vectors)
 .Vectors       0x00018000       0xc0 _build/gcc_startup_nrf51.o
                0x00018000                __Vectors
 *(.text*)
 .text          0x000180c0       0x60 /home/constantinos/RTES/init_software/gcc-arm-none-eabi/bin/../lib/gcc/arm-none-eabi/5.4.1/armv6-m/crtbegin.o
 .text          0x00018120       0x78 /home/constantinos/RTES/init_software/gcc-arm-none-eabi/bin/../lib/gcc/arm-none-eabi/5.4.1/../../../../arm-none-eabi/lib/armv6-m/crt0.o
                0x00018120                _mainCRTStartup
                0x00018120                _start
 .text.exit     0x00018198       0x2c /home/constantinos/RTES/init_software/gcc-arm-none-eabi/bin/../lib/gcc/arm-none-eabi/5.4.1/../../../../arm-none-eabi/lib/armv6-m/libc_nano.a(lib_a-exit.o)
                0x00018198                exit
 .text.__libc_init_array
                0x000181c4       0x4c /home/constantinos/RTES/init_software/gcc-arm-none-eabi/bin/../lib/gcc/arm-none-eabi/5.4.1/../../../../arm-none-eabi/lib/armv6-m/libc_nano.a(lib_a-init.o)
                0x000181c4                __libc_init_array
 .text.memset   0x00018210       0x10 /home/constantinos/RTES/init_software/gcc-arm-none-eabi/bin/../lib/gcc/arm-none-eabi/5.4.1/../../../../arm-none-eabi/lib/armv6-m/libc_nano.a(lib_a-memset.o)
                0x00018210                memset
 .text._exit    0x00018220        0x4 /home/constantinos/RTES/init_software/gcc-arm-none-eabi/bin/../lib/gcc/arm-none-eabi/5.4.1/../../../../arm-none-eabi/lib/armv6-m/libnosys.a(_exit.o)
                0x00018220                _exit
 .text.SystemInit
                0x00018224       0x94 _build/system_nrf51.o
                0x00018224                SystemInit
 .text.nrf_delay_ms
                0x000182b8       0x3c _build/nrf_delay.o
                0x000182b8                nrf_delay_ms
 .text.startup.main
                0x000182f4      0x1e0 _build/in4073.o
                0x000182f4                main
 .text.run_filters_and_control
                0x000184d4       0x20 _build/control.o
                0x000184d4                run_filters_and_control
 .text.crc_core
                0x000184f4       0x24 _build/crc.o
                0x000184f4                crc_core
 .text.generate_core
                0x00018518       0x18 _build/packet.o
                0x00018518                generate_core
 .text.decode   0x00018530       0xcc _build/packet_uav.o
                0x00018530                decode
 .text.gpio_init
                0x000185fc       0x8c _build/gpio.o
                0x000185fc                gpio_init
 .text.quadrupel_timer_handler
                0x00018688        0xc _build/timers.o
                0x00018688                quadrupel_timer_handler
 .text.TIMER2_IRQHandler
                0x00018694       0xb8 _build/timers.o
                0x00018694                TIMER2_IRQHandler
 .text.TIMER1_IRQHandler
                0x0001874c       0xac _build/timers.o
                0x0001874c                TIMER1_IRQHandler
 .text.get_time_us
                0x000187f8       0x20 _build/timers.o
                0x000187f8                get_time_us
 .text.check_timer_flag
                0x00018818        0xc _build/timers.o
                0x00018818                check_timer_flag
 .text.clear_timer_flag
                0x00018824        0xc _build/timers.o
                0x00018824                clear_timer_flag
 .text.timers_init
                0x00018830      0x1d4 _build/timers.o
                0x00018830                timers_init
 .text._write   0x00018a04       0x84 _build/uart.o
                0x00018a04                _write
 .text.UART0_IRQHandler
                0x00018a88       0x84 _build/uart.o
                0x00018a88                UART0_IRQHandler
 .text.uart_init
                0x00018b0c       0xa0 _build/uart.o
                0x00018b0c                uart_init
 .text.init_queue
                0x00018bac       0x14 _build/queue.o
                0x00018bac                init_queue
 .text.enqueue  0x00018bc0       0x1c _build/queue.o
                0x00018bc0                enqueue
 .text.dequeue  0x00018bdc       0x20 _build/queue.o
                0x00018bdc                dequeue
 .text.i2c_read
                0x00018bfc       0xc0 _build/twi.o
                0x00018bfc                i2c_read
 .text.i2c_write
                0x00018cbc       0x70 _build/twi.o
                0x00018cbc                i2c_write
 .text.SPI0_TWI0_IRQHandler
                0x00018d2c       0x70 _build/twi.o
                0x00018d2c                SPI0_TWI0_IRQHandler
 .text.twi_init
                0x00018d9c       0x84 _build/twi.o
                0x00018d9c                twi_init
 .text.adc_request_sample
                0x00018e20       0x18 _build/adc.o
                0x00018e20                adc_request_sample
 .text.ADC_IRQHandler
                0x00018e38       0x24 _build/adc.o
                0x00018e38                ADC_IRQHandler
 .text.adc_init
                0x00018e5c       0x3c _build/adc.o
                0x00018e5c                adc_init
 .text.read_baro
                0x00018e98      0x1b4 _build/baro.o
                0x00018e98                read_baro
 .text.baro_init
                0x0001904c       0x34 _build/baro.o
                0x0001904c                baro_init
 .text.sd_ble_gap_disconnect
                0x00019080        0x4 _build/ble.o
 .text.sd_ble_gap_ppcp_set
                0x00019084        0x4 _build/ble.o
 .text.sd_ble_gap_device_name_set
                0x00019088        0x4 _build/ble.o
 .text.sd_ble_gap_sec_params_reply
                0x0001908c        0x4 _build/ble.o
 .text.sd_ble_gatts_sys_attr_set
                0x00019090        0x4 _build/ble.o
 .text.sd_ble_enable
                0x00019094        0x4 _build/ble.o
 .text.sd_nvic_EnableIRQ
                0x00019098        0x4 _build/ble.o
 .text.sd_nvic_ClearPendingIRQ
                0x0001909c        0x4 _build/ble.o
 .text.sd_nvic_SetPriority
                0x000190a0        0x4 _build/ble.o
 .text.sd_radio_notification_cfg_set
                0x000190a4        0x4 _build/ble.o
 .text.conn_params_error_handler
                0x000190a8       0x1c _build/ble.o
 .text.nus_data_handler
                0x000190c4       0x20 _build/ble.o
 .text.ble_evt_dispatch
                0x000190e4       0x94 _build/ble.o
 .text.on_conn_params_evt
                0x00019178       0x38 _build/ble.o
 .text.SWI1_IRQHandler
                0x000191b0       0x10 _build/ble.o
                0x000191b0                SWI1_IRQHandler
 .text.ble_init
                0x000191c0      0x204 _build/ble.o
                0x000191c0                ble_init
 .text.spi_flash_init
                0x000193c4      0x230 _build/spi_flash.o
                0x000193c4                spi_flash_init
 .text.mpu_reset_fifo
                0x000195f4      0x15c _build/inv_mpu.o
                0x000195f4                mpu_reset_fifo
 .text.mpu_lp_accel_mode
                0x00019750      0x1b8 _build/inv_mpu.o
                0x00019750                mpu_lp_accel_mode
 .text.mpu_get_accel_fsr
                0x00019908       0x4c _build/inv_mpu.o
                0x00019908                mpu_get_accel_fsr
 .text.mpu_set_lpf
                0x00019954       0x78 _build/inv_mpu.o
                0x00019954                mpu_set_lpf
 .text.mpu_set_sample_rate
                0x000199cc      0x168 _build/inv_mpu.o
                0x000199cc                mpu_set_sample_rate
 .text.mpu_configure_fifo
                0x00019b34       0xd0 _build/inv_mpu.o
                0x00019b34                mpu_configure_fifo
 .text.mpu_set_sensors
                0x00019c04      0x140 _build/inv_mpu.o
                0x00019c04                mpu_set_sensors
 .text.mpu_init
                0x00019d44      0x1f4 _build/inv_mpu.o
                0x00019d44                mpu_init
 .text.mpu_read_fifo_stream
                0x00019f38       0xb0 _build/inv_mpu.o
                0x00019f38                mpu_read_fifo_stream
 .text.mpu_set_int_level
                0x00019fe8       0x10 _build/inv_mpu.o
                0x00019fe8                mpu_set_int_level
 .text.mpu_set_int_latched
                0x00019ff8       0x68 _build/inv_mpu.o
                0x00019ff8                mpu_set_int_latched
 .text.mpu_write_mem
                0x0001a060       0x58 _build/inv_mpu.o
                0x0001a060                mpu_write_mem
 .text.mpu_load_firmware
                0x0001a0b8      0x15c _build/inv_mpu.o
                0x0001a0b8                mpu_load_firmware
 .text.mpu_set_dmp_state
                0x0001a214      0x174 _build/inv_mpu.o
                0x0001a214                mpu_set_dmp_state
 .text.dmp_load_motion_driver_firmware
                0x0001a388       0x1c _build/inv_mpu_dmp_motion_driver.o
                0x0001a388                dmp_load_motion_driver_firmware
 .text.dmp_set_orientation
                0x0001a3a4      0x118 _build/inv_mpu_dmp_motion_driver.o
                0x0001a3a4                dmp_set_orientation
 .text.dmp_set_fifo_rate
                0x0001a4bc       0x64 _build/inv_mpu_dmp_motion_driver.o
                0x0001a4bc                dmp_set_fifo_rate
 .text.dmp_set_tap_thresh
                0x0001a520      0x164 _build/inv_mpu_dmp_motion_driver.o
                0x0001a520                dmp_set_tap_thresh
 .text.dmp_enable_feature
                0x0001a684      0x28c _build/inv_mpu_dmp_motion_driver.o
                0x0001a684                dmp_enable_feature
 .text.dmp_read_fifo
                0x0001a910      0x20c _build/inv_mpu_dmp_motion_driver.o
                0x0001a910                dmp_read_fifo
 .text.inv_orientation_matrix_to_scalar
                0x0001ab1c      0x11c _build/ml.o
                0x0001ab1c                inv_orientation_matrix_to_scalar
 .text.get_dmp_data
                0x0001ac38      0x218 _build/mpu_wrapper.o
                0x0001ac38                get_dmp_data
 .text.check_sensor_int_flag
                0x0001ae50       0x20 _build/mpu_wrapper.o
                0x0001ae50                check_sensor_int_flag
 .text.imu_init
                0x0001ae70      0x10c _build/mpu_wrapper.o
                0x0001ae70                imu_init
 .text.app_error_handler
                0x0001af7c       0x40 _build/app_error.o
                0x0001af7c                app_error_handler
 .text.rtc1_stop
                0x0001afbc       0x78 _build/app_timer.o
 .text.RTC1_IRQHandler
                0x0001b034       0xe0 _build/app_timer.o
                0x0001b034                RTC1_IRQHandler
 .text.SWI0_IRQHandler
                0x0001b114      0x4cc _build/app_timer.o
                0x0001b114                SWI0_IRQHandler
 .text.app_timer_init
                0x0001b5e0       0xe4 _build/app_timer.o
                0x0001b5e0                app_timer_init
 .text.app_timer_create
                0x0001b6c4       0x34 _build/app_timer.o
                0x0001b6c4                app_timer_create
 .text.app_timer_start
                0x0001b6f8       0xec _build/app_timer.o
                0x0001b6f8                app_timer_start
 .text.app_timer_stop
                0x0001b7e4       0xc4 _build/app_timer.o
                0x0001b7e4                app_timer_stop
 .text.pstorage_access_status_get
                0x0001b8a8       0x28 _build/pstorage.o
                0x0001b8a8                pstorage_access_status_get
 .text.sd_ble_gap_address_get
                0x0001b8d0        0x4 _build/ble_advdata.o
 .text.sd_ble_gap_adv_data_set
                0x0001b8d4        0x4 _build/ble_advdata.o
 .text.sd_ble_gap_appearance_get
                0x0001b8d8        0x4 _build/ble_advdata.o
 .text.sd_ble_gap_device_name_get
                0x0001b8dc        0x4 _build/ble_advdata.o
 .text.sd_ble_uuid_encode
                0x0001b8e0        0x4 _build/ble_advdata.o
 .text.uuid_list_sized_encode
                0x0001b8e4       0xf8 _build/ble_advdata.o
 .text.adv_data_encode
                0x0001b9dc      0x5b8 _build/ble_advdata.o
                0x0001b9dc                adv_data_encode
 .text.ble_advdata_set
                0x0001bf94       0x68 _build/ble_advdata.o
                0x0001bf94                ble_advdata_set
 .text.sd_ble_gap_adv_start
                0x0001bffc        0x4 _build/ble_advertising.o
 .text.ble_advertising_start.part.1
                0x0001c000      0x2a8 _build/ble_advertising.o
 .text.ble_advertising_init
                0x0001c2a8      0x144 _build/ble_advertising.o
                0x0001c2a8                ble_advertising_init
 .text.ble_advertising_start
                0x0001c3ec       0x3c _build/ble_advertising.o
                0x0001c3ec                ble_advertising_start
 .text.ble_advertising_on_ble_evt
                0x0001c428       0xec _build/ble_advertising.o
                0x0001c428                ble_advertising_on_ble_evt
 .text.sd_ble_gap_conn_param_update
                0x0001c514        0x4 _build/ble_conn_params.o
 .text.sd_ble_gap_disconnect
                0x0001c518        0x4 _build/ble_conn_params.o
 .text.sd_ble_gap_ppcp_set
                0x0001c51c        0x4 _build/ble_conn_params.o
 .text.sd_ble_gap_ppcp_get
                0x0001c520        0x4 _build/ble_conn_params.o
 .text.update_timeout_handler
                0x0001c524       0x78 _build/ble_conn_params.o
 .text.conn_params_negotiation
                0x0001c59c       0x88 _build/ble_conn_params.o
 .text.ble_conn_params_init
                0x0001c624       0x78 _build/ble_conn_params.o
                0x0001c624                ble_conn_params_init
 .text.ble_conn_params_on_ble_evt
                0x0001c69c       0xac _build/ble_conn_params.o
                0x0001c69c                ble_conn_params_on_ble_evt
 .text.sd_ble_gatts_service_add
                0x0001c748        0x4 _build/ble_nus.o
 .text.sd_ble_gatts_characteristic_add
                0x0001c74c        0x4 _build/ble_nus.o
 .text.sd_ble_uuid_vs_add
                0x0001c750        0x4 _build/ble_nus.o
 .text.ble_nus_on_ble_evt
                0x0001c754       0x60 _build/ble_nus.o
                0x0001c754                ble_nus_on_ble_evt
 .text.ble_nus_init
                0x0001c7b4      0x208 _build/ble_nus.o
                0x0001c7b4                ble_nus_init
 .text.sd_nvic_EnableIRQ
                0x0001c9bc        0x4 _build/softdevice_handler.o
 .text.sd_evt_get
                0x0001c9c0        0x4 _build/softdevice_handler.o
 .text.sd_softdevice_enable
                0x0001c9c4        0x4 _build/softdevice_handler.o
 .text.sd_ble_evt_get
                0x0001c9c8        0x4 _build/softdevice_handler.o
 .text.softdevice_assertion_handler
                0x0001c9cc        0xc _build/softdevice_handler.o
                0x0001c9cc                softdevice_assertion_handler
 .text.intern_softdevice_events_execute.part.0
                0x0001c9d8       0xec _build/softdevice_handler.o
 .text.softdevice_handler_init
                0x0001cac4       0x4c _build/softdevice_handler.o
                0x0001cac4                softdevice_handler_init
 .text.softdevice_ble_evt_handler_set
                0x0001cb10       0x14 _build/softdevice_handler.o
                0x0001cb10                softdevice_ble_evt_handler_set
 .text.SWI2_IRQHandler
                0x0001cb24       0x34 _build/softdevice_handler.o
                0x0001cb24                SWI2_IRQHandler
 .text          0x0001cb58       0x54 _build/gcc_startup_nrf51.o
                0x0001cb58                Reset_Handler
                0x0001cba0                NMI_Handler
                0x0001cba2                HardFault_Handler
                0x0001cba4                SVC_Handler
                0x0001cba6                PendSV_Handler
                0x0001cba8                SysTick_Handler
                0x0001cbaa                RTC0_IRQHandler
                0x0001cbaa                GPIOTE_IRQHandler
                0x0001cbaa                POWER_CLOCK_IRQHandler
                0x0001cbaa                RADIO_IRQHandler
                0x0001cbaa                LPCOMP_IRQHandler
                0x0001cbaa                SWI4_IRQHandler
                0x0001cbaa                TEMP_IRQHandler
                0x0001cbaa                QDEC_IRQHandler
                0x0001cbaa                SWI5_IRQHandler
                0x0001cbaa                TIMER0_IRQHandler
                0x0001cbaa                ECB_IRQHandler
                0x0001cbaa                Default_Handler
                0x0001cbaa                SWI3_IRQHandler
                0x0001cbaa                CCM_AAR_IRQHandler
                0x0001cbaa                WDT_IRQHandler
                0x0001cbaa                RNG_IRQHandler
                0x0001cbaa                SPI1_TWI1_IRQHandler
 .text.fabs     0x0001cbac        0x8 /home/constantinos/RTES/init_software/gcc-arm-none-eabi/bin/../lib/gcc/arm-none-eabi/5.4.1/../../../../arm-none-eabi/lib/armv6-m/libm.a(lib_a-s_fabs.o)
                0x0001cbac                fabs
 .text.asin     0x0001cbb4       0xc4 /home/constantinos/RTES/init_software/gcc-arm-none-eabi/bin/../lib/gcc/arm-none-eabi/5.4.1/../../../../arm-none-eabi/lib/armv6-m/libm.a(lib_a-w_asin.o)
                0x0001cbb4                asin
 .text.atan2    0x0001cc78        0x8 /home/constantinos/RTES/init_software/gcc-arm-none-eabi/bin/../lib/gcc/arm-none-eabi/5.4.1/../../../../arm-none-eabi/lib/armv6-m/libm.a(lib_a-w_atan2.o)
                0x0001cc78                atan2
 .text.__ieee754_asin
                0x0001cc80      0x3cc /home/constantinos/RTES/init_software/gcc-arm-none-eabi/bin/../lib/gcc/arm-none-eabi/5.4.1/../../../../arm-none-eabi/lib/armv6-m/libm.a(lib_a-e_asin.o)
                0x0001cc80                __ieee754_asin
 .text.__ieee754_atan2
                0x0001d04c      0x178 /home/constantinos/RTES/init_software/gcc-arm-none-eabi/bin/../lib/gcc/arm-none-eabi/5.4.1/../../../../arm-none-eabi/lib/armv6-m/libm.a(lib_a-e_atan2.o)
                0x0001d04c                __ieee754_atan2
 .text.__ieee754_sqrt
                0x0001d1c4      0x1ec /home/constantinos/RTES/init_software/gcc-arm-none-eabi/bin/../lib/gcc/arm-none-eabi/5.4.1/../../../../arm-none-eabi/lib/armv6-m/libm.a(lib_a-e_sqrt.o)
                0x0001d1c4                __ieee754_sqrt
 .text.atan     0x0001d3b0      0x33c /home/constantinos/RTES/init_software/gcc-arm-none-eabi/bin/../lib/gcc/arm-none-eabi/5.4.1/../../../../arm-none-eabi/lib/armv6-m/libm.a(lib_a-s_atan.o)
                0x0001d3b0                atan
 .text.matherr  0x0001d6ec        0x4 /home/constantinos/RTES/init_software/gcc-arm-none-eabi/bin/../lib/gcc/arm-none-eabi/5.4.1/../../../../arm-none-eabi/lib/armv6-m/libm.a(lib_a-s_matherr.o)
                0x0001d6ec                matherr
 .text.nan      0x0001d6f0        0xc /home/constantinos/RTES/init_software/gcc-arm-none-eabi/bin/../lib/gcc/arm-none-eabi/5.4.1/../../../../arm-none-eabi/lib/armv6-m/libm.a(lib_a-s_nan.o)
                0x0001d6f0                nan
 .text          0x0001d6fc      0x114 /home/constantinos/RTES/init_software/gcc-arm-none-eabi/bin/../lib/gcc/arm-none-eabi/5.4.1/armv6-m/libgcc.a(_udivsi3.o)
                0x0001d6fc                __udivsi3
                0x0001d6fc                __aeabi_uidiv
                0x0001d808                __aeabi_uidivmod
 .text          0x0001d810      0x1d4 /home/constantinos/RTES/init_software/gcc-arm-none-eabi/bin/../lib/gcc/arm-none-eabi/5.4.1/armv6-m/libgcc.a(_divsi3.o)
                0x0001d810                __aeabi_idiv
                0x0001d810                __divsi3
                0x0001d9dc                __aeabi_idivmod
 .text          0x0001d9e4        0x4 /home/constantinos/RTES/init_software/gcc-arm-none-eabi/bin/../lib/gcc/arm-none-eabi/5.4.1/armv6-m/libgcc.a(_dvmd_tls.o)
                0x0001d9e4                __aeabi_ldiv0
                0x0001d9e4                __aeabi_idiv0
 .text          0x0001d9e8       0x7c /home/constantinos/RTES/init_software/gcc-arm-none-eabi/bin/../lib/gcc/arm-none-eabi/5.4.1/armv6-m/libgcc.a(_arm_cmpdf2.o)
                0x0001d9e8                __aeabi_cdrcmple
                0x0001d9f8                __aeabi_cdcmple
                0x0001d9f8                __aeabi_cdcmpeq
                0x0001da08                __aeabi_dcmpeq
                0x0001da14                __aeabi_dcmplt
                0x0001da28                __aeabi_dcmple
                0x0001da3c                __aeabi_dcmpgt
                0x0001da50                __aeabi_dcmpge
 .text          0x0001da64       0x74 /home/constantinos/RTES/init_software/gcc-arm-none-eabi/bin/../lib/gcc/arm-none-eabi/5.4.1/armv6-m/libgcc.a(_arm_cmpsf2.o)
                0x0001da64                __aeabi_cfrcmple
                0x0001da6c                __aeabi_cfcmple
                0x0001da6c                __aeabi_cfcmpeq
                0x0001da7c                __aeabi_fcmpeq
                0x0001da88                __aeabi_fcmplt
                0x0001da9c                __aeabi_fcmple
                0x0001dab0                __aeabi_fcmpgt
                0x0001dac4                __aeabi_fcmpge
 .text          0x0001dad8       0x58 /home/constantinos/RTES/init_software/gcc-arm-none-eabi/bin/../lib/gcc/arm-none-eabi/5.4.1/armv6-m/libgcc.a(_muldi3.o)
                0x0001dad8                __aeabi_lmul
                0x0001dad8                __muldi3
 .text          0x0001db30       0x30 /home/constantinos/RTES/init_software/gcc-arm-none-eabi/bin/../lib/gcc/arm-none-eabi/5.4.1/armv6-m/libgcc.a(_fixunssfsi.o)
                0x0001db30                __aeabi_f2uiz
                0x0001db30                __fixunssfsi
 .text          0x0001db60      0x2ec /home/constantinos/RTES/init_software/gcc-arm-none-eabi/bin/../lib/gcc/arm-none-eabi/5.4.1/armv6-m/libgcc.a(addsf3.o)
                0x0001db60                __aeabi_fadd
 .text          0x0001de4c      0x234 /home/constantinos/RTES/init_software/gcc-arm-none-eabi/bin/../lib/gcc/arm-none-eabi/5.4.1/armv6-m/libgcc.a(divsf3.o)
                0x0001de4c                __aeabi_fdiv
 .text          0x0001e080       0x50 /home/constantinos/RTES/init_software/gcc-arm-none-eabi/bin/../lib/gcc/arm-none-eabi/5.4.1/armv6-m/libgcc.a(eqsf2.o)
                0x0001e080                __nesf2
                0x0001e080                __eqsf2
 .text          0x0001e0d0       0x88 /home/constantinos/RTES/init_software/gcc-arm-none-eabi/bin/../lib/gcc/arm-none-eabi/5.4.1/armv6-m/libgcc.a(gesf2.o)
                0x0001e0d0                __gtsf2
                0x0001e0d0                __gesf2
 .text          0x0001e158       0x88 /home/constantinos/RTES/init_software/gcc-arm-none-eabi/bin/../lib/gcc/arm-none-eabi/5.4.1/armv6-m/libgcc.a(lesf2.o)
                0x0001e158                __lesf2
                0x0001e158                __ltsf2
 .text          0x0001e1e0      0x228 /home/constantinos/RTES/init_software/gcc-arm-none-eabi/bin/../lib/gcc/arm-none-eabi/5.4.1/armv6-m/libgcc.a(mulsf3.o)
                0x0001e1e0                __aeabi_fmul
 .text          0x0001e408      0x30c /home/constantinos/RTES/init_software/gcc-arm-none-eabi/bin/../lib/gcc/arm-none-eabi/5.4.1/armv6-m/libgcc.a(subsf3.o)
                0x0001e408                __aeabi_fsub
 .text          0x0001e714       0x44 /home/constantinos/RTES/init_software/gcc-arm-none-eabi/bin/../lib/gcc/arm-none-eabi/5.4.1/armv6-m/libgcc.a(fixsfsi.o)
                0x0001e714                __aeabi_f2iz
 .text          0x0001e758       0x90 /home/constantinos/RTES/init_software/gcc-arm-none-eabi/bin/../lib/gcc/arm-none-eabi/5.4.1/armv6-m/libgcc.a(floatsisf.o)
                0x0001e758                __aeabi_i2f
 .text          0x0001e7e8       0x7c /home/constantinos/RTES/init_software/gcc-arm-none-eabi/bin/../lib/gcc/arm-none-eabi/5.4.1/armv6-m/libgcc.a(floatunsisf.o)
                0x0001e7e8                __aeabi_ui2f
 .text          0x0001e864      0x658 /home/constantinos/RTES/init_software/gcc-arm-none-eabi/bin/../lib/gcc/arm-none-eabi/5.4.1/armv6-m/libgcc.a(adddf3.o)
                0x0001e864                __aeabi_dadd
 .text          0x0001eebc      0x62c /home/constantinos/RTES/init_software/gcc-arm-none-eabi/bin/../lib/gcc/arm-none-eabi/5.4.1/armv6-m/libgcc.a(divdf3.o)
                0x0001eebc                __aeabi_ddiv
 .text          0x0001f4e8       0x80 /home/constantinos/RTES/init_software/gcc-arm-none-eabi/bin/../lib/gcc/arm-none-eabi/5.4.1/armv6-m/libgcc.a(eqdf2.o)
                0x0001f4e8                __eqdf2
                0x0001f4e8                __nedf2
 .text          0x0001f568       0xc8 /home/constantinos/RTES/init_software/gcc-arm-none-eabi/bin/../lib/gcc/arm-none-eabi/5.4.1/armv6-m/libgcc.a(gedf2.o)
                0x0001f568                __gtdf2
                0x0001f568                __gedf2
 .text          0x0001f630       0xd4 /home/constantinos/RTES/init_software/gcc-arm-none-eabi/bin/../lib/gcc/arm-none-eabi/5.4.1/armv6-m/libgcc.a(ledf2.o)
                0x0001f630                __ltdf2
                0x0001f630                __ledf2
 .text          0x0001f704      0x4f4 /home/constantinos/RTES/init_software/gcc-arm-none-eabi/bin/../lib/gcc/arm-none-eabi/5.4.1/armv6-m/libgcc.a(muldf3.o)
                0x0001f704                __aeabi_dmul
 .text          0x0001fbf8      0x6a8 /home/constantinos/RTES/init_software/gcc-arm-none-eabi/bin/../lib/gcc/arm-none-eabi/5.4.1/armv6-m/libgcc.a(subdf3.o)
                0x0001fbf8                __aeabi_dsub
 .text          0x000202a0       0x40 /home/constantinos/RTES/init_software/gcc-arm-none-eabi/bin/../lib/gcc/arm-none-eabi/5.4.1/armv6-m/libgcc.a(unorddf2.o)
                0x000202a0                __aeabi_dcmpun
 .text          0x000202e0       0x6c /home/constantinos/RTES/init_software/gcc-arm-none-eabi/bin/../lib/gcc/arm-none-eabi/5.4.1/armv6-m/libgcc.a(fixdfsi.o)
                0x000202e0                __aeabi_d2iz
 .text          0x0002034c       0xa8 /home/constantinos/RTES/init_software/gcc-arm-none-eabi/bin/../lib/gcc/arm-none-eabi/5.4.1/armv6-m/libgcc.a(extendsfdf2.o)
                0x0002034c                __aeabi_f2d
 .text          0x000203f4       0x3c /home/constantinos/RTES/init_software/gcc-arm-none-eabi/bin/../lib/gcc/arm-none-eabi/5.4.1/armv6-m/libgcc.a(_clzsi2.o)
                0x000203f4                __clzsi2
 .text.__assert_func
                0x00020430       0x40 /home/constantinos/RTES/init_software/gcc-arm-none-eabi/bin/../lib/gcc/arm-none-eabi/5.4.1/../../../../arm-none-eabi/lib/armv6-m/libc_nano.a(lib_a-assert.o)
                0x00020430                __assert_func
 .text.__errno  0x00020470        0xc /home/constantinos/RTES/init_software/gcc-arm-none-eabi/bin/../lib/gcc/arm-none-eabi/5.4.1/../../../../arm-none-eabi/lib/armv6-m/libc_nano.a(lib_a-errno.o)
                0x00020470                __errno
 .text.fprintf  0x0002047c       0x20 /home/constantinos/RTES/init_software/gcc-arm-none-eabi/bin/../lib/gcc/arm-none-eabi/5.4.1/../../../../arm-none-eabi/lib/armv6-m/libc_nano.a(lib_a-fprintf.o)
                0x0002047c                fprintf
                0x0002047c                fiprintf
 .text.memcmp   0x0002049c       0x1e /home/constantinos/RTES/init_software/gcc-arm-none-eabi/bin/../lib/gcc/arm-none-eabi/5.4.1/../../../../arm-none-eabi/lib/armv6-m/libc_nano.a(lib_a-memcmp.o)
                0x0002049c                memcmp
 .text.memcpy   0x000204ba       0x12 /home/constantinos/RTES/init_software/gcc-arm-none-eabi/bin/../lib/gcc/arm-none-eabi/5.4.1/../../../../arm-none-eabi/lib/armv6-m/libc_nano.a(lib_a-memcpy-stub.o)
                0x000204ba                memcpy
 .text.__sfputc_r
                0x000204cc       0x2a /home/constantinos/RTES/init_software/gcc-arm-none-eabi/bin/../lib/gcc/arm-none-eabi/5.4.1/../../../../arm-none-eabi/lib/armv6-m/libc_nano.a(lib_a-nano-vfprintf.o)
 .text.__sfputs_r
                0x000204f6       0x24 /home/constantinos/RTES/init_software/gcc-arm-none-eabi/bin/../lib/gcc/arm-none-eabi/5.4.1/../../../../arm-none-eabi/lib/armv6-m/libc_nano.a(lib_a-nano-vfprintf.o)
                0x000204f6                __sfputs_r
 *fill*         0x0002051a        0x2 
 .text._vfprintf_r
                0x0002051c      0x238 /home/constantinos/RTES/init_software/gcc-arm-none-eabi/bin/../lib/gcc/arm-none-eabi/5.4.1/../../../../arm-none-eabi/lib/armv6-m/libc_nano.a(lib_a-nano-vfprintf.o)
                0x0002051c                _vfiprintf_r
                0x0002051c                _vfprintf_r
 .text._printf_common
                0x00020754       0xdc /home/constantinos/RTES/init_software/gcc-arm-none-eabi/bin/../lib/gcc/arm-none-eabi/5.4.1/../../../../arm-none-eabi/lib/armv6-m/libc_nano.a(lib_a-nano-vfprintf_i.o)
                0x00020754                _printf_common
 .text._printf_i
                0x00020830      0x244 /home/constantinos/RTES/init_software/gcc-arm-none-eabi/bin/../lib/gcc/arm-none-eabi/5.4.1/../../../../arm-none-eabi/lib/armv6-m/libc_nano.a(lib_a-nano-vfprintf_i.o)
                0x00020830                _printf_i
 .text.printf   0x00020a74       0x34 /home/constantinos/RTES/init_software/gcc-arm-none-eabi/bin/../lib/gcc/arm-none-eabi/5.4.1/../../../../arm-none-eabi/lib/armv6-m/libc_nano.a(lib_a-printf.o)
                0x00020a74                printf
                0x00020a74                iprintf
 .text.sprintf  0x00020aa8       0x44 /home/constantinos/RTES/init_software/gcc-arm-none-eabi/bin/../lib/gcc/arm-none-eabi/5.4.1/../../../../arm-none-eabi/lib/armv6-m/libc_nano.a(lib_a-sprintf.o)
                0x00020aa8                sprintf
                0x00020aa8                siprintf
 .text          0x00020aec        0xe /home/constantinos/RTES/init_software/gcc-arm-none-eabi/bin/../lib/gcc/arm-none-eabi/5.4.1/../../../../arm-none-eabi/lib/armv6-m/libc_nano.a(lib_a-strlen.o)
                0x00020aec                strlen
 *fill*         0x00020afa        0x2 
 .text.__swbuf_r
                0x00020afc       0xb0 /home/constantinos/RTES/init_software/gcc-arm-none-eabi/bin/../lib/gcc/arm-none-eabi/5.4.1/../../../../arm-none-eabi/lib/armv6-m/libc_nano.a(lib_a-wbuf.o)
                0x00020afc                __swbuf_r
 .text.__swsetup_r
                0x00020bac       0xec /home/constantinos/RTES/init_software/gcc-arm-none-eabi/bin/../lib/gcc/arm-none-eabi/5.4.1/../../../../arm-none-eabi/lib/armv6-m/libc_nano.a(lib_a-wsetup.o)
                0x00020bac                __swsetup_r
 .text.abort    0x00020c98        0xe /home/constantinos/RTES/init_software/gcc-arm-none-eabi/bin/../lib/gcc/arm-none-eabi/5.4.1/../../../../arm-none-eabi/lib/armv6-m/libc_nano.a(lib_a-abort.o)
                0x00020c98                abort
 *fill*         0x00020ca6        0x2 
 .text.__sflush_r
                0x00020ca8      0x10c /home/constantinos/RTES/init_software/gcc-arm-none-eabi/bin/../lib/gcc/arm-none-eabi/5.4.1/../../../../arm-none-eabi/lib/armv6-m/libc_nano.a(lib_a-fflush.o)
                0x00020ca8                __sflush_r
 .text._fflush_r
                0x00020db4       0x58 /home/constantinos/RTES/init_software/gcc-arm-none-eabi/bin/../lib/gcc/arm-none-eabi/5.4.1/../../../../arm-none-eabi/lib/armv6-m/libc_nano.a(lib_a-fflush.o)
                0x00020db4                _fflush_r
 .text._cleanup_r
                0x00020e0c       0x10 /home/constantinos/RTES/init_software/gcc-arm-none-eabi/bin/../lib/gcc/arm-none-eabi/5.4.1/../../../../arm-none-eabi/lib/armv6-m/libc_nano.a(lib_a-findfp.o)
                0x00020e0c                _cleanup_r
 .text.std.isra.0
                0x00020e1c       0x48 /home/constantinos/RTES/init_software/gcc-arm-none-eabi/bin/../lib/gcc/arm-none-eabi/5.4.1/../../../../arm-none-eabi/lib/armv6-m/libc_nano.a(lib_a-findfp.o)
 .text.__sfmoreglue
                0x00020e64       0x2c /home/constantinos/RTES/init_software/gcc-arm-none-eabi/bin/../lib/gcc/arm-none-eabi/5.4.1/../../../../arm-none-eabi/lib/armv6-m/libc_nano.a(lib_a-findfp.o)
                0x00020e64                __sfmoreglue
 .text.__sinit  0x00020e90       0x68 /home/constantinos/RTES/init_software/gcc-arm-none-eabi/bin/../lib/gcc/arm-none-eabi/5.4.1/../../../../arm-none-eabi/lib/armv6-m/libc_nano.a(lib_a-findfp.o)
                0x00020e90                __sinit
 .text.__sfp    0x00020ef8       0x7c /home/constantinos/RTES/init_software/gcc-arm-none-eabi/bin/../lib/gcc/arm-none-eabi/5.4.1/../../../../arm-none-eabi/lib/armv6-m/libc_nano.a(lib_a-findfp.o)
                0x00020ef8                __sfp
 .text._fwalk_reent
                0x00020f74       0x42 /home/constantinos/RTES/init_software/gcc-arm-none-eabi/bin/../lib/gcc/arm-none-eabi/5.4.1/../../../../arm-none-eabi/lib/armv6-m/libc_nano.a(lib_a-fwalk.o)
                0x00020f74                _fwalk_reent
 *fill*         0x00020fb6        0x2 
 .text.__swhatbuf_r
                0x00020fb8       0x4c /home/constantinos/RTES/init_software/gcc-arm-none-eabi/bin/../lib/gcc/arm-none-eabi/5.4.1/../../../../arm-none-eabi/lib/armv6-m/libc_nano.a(lib_a-makebuf.o)
                0x00020fb8                __swhatbuf_r
 .text.__smakebuf_r
                0x00021004       0x7c /home/constantinos/RTES/init_software/gcc-arm-none-eabi/bin/../lib/gcc/arm-none-eabi/5.4.1/../../../../arm-none-eabi/lib/armv6-m/libc_nano.a(lib_a-makebuf.o)
                0x00021004                __smakebuf_r
 .text.memchr   0x00021080       0x16 /home/constantinos/RTES/init_software/gcc-arm-none-eabi/bin/../lib/gcc/arm-none-eabi/5.4.1/../../../../arm-none-eabi/lib/armv6-m/libc_nano.a(lib_a-memchr-stub.o)
                0x00021080                memchr
 .text.memmove  0x00021096       0x2a /home/constantinos/RTES/init_software/gcc-arm-none-eabi/bin/../lib/gcc/arm-none-eabi/5.4.1/../../../../arm-none-eabi/lib/armv6-m/libc_nano.a(lib_a-memmove.o)
                0x00021096                memmove
 .text._free_r  0x000210c0       0x98 /home/constantinos/RTES/init_software/gcc-arm-none-eabi/bin/../lib/gcc/arm-none-eabi/5.4.1/../../../../arm-none-eabi/lib/armv6-m/libc_nano.a(lib_a-nano-freer.o)
                0x000210c0                _free_r
 .text._malloc_r
                0x00021158       0xc0 /home/constantinos/RTES/init_software/gcc-arm-none-eabi/bin/../lib/gcc/arm-none-eabi/5.4.1/../../../../arm-none-eabi/lib/armv6-m/libc_nano.a(lib_a-nano-mallocr.o)
                0x00021158                _malloc_r
 .text._realloc_r
                0x00021218       0x4c /home/constantinos/RTES/init_software/gcc-arm-none-eabi/bin/../lib/gcc/arm-none-eabi/5.4.1/../../../../arm-none-eabi/lib/armv6-m/libc_nano.a(lib_a-nano-reallocr.o)
                0x00021218                _realloc_r
 .text.__ssputs_r
                0x00021264       0xc4 /home/constantinos/RTES/init_software/gcc-arm-none-eabi/bin/../lib/gcc/arm-none-eabi/5.4.1/../../../../arm-none-eabi/lib/armv6-m/libc_nano.a(lib_a-nano-svfprintf.o)
                0x00021264                __ssputs_r
 .text._svfprintf_r
                0x00021328      0x1fc /home/constantinos/RTES/init_software/gcc-arm-none-eabi/bin/../lib/gcc/arm-none-eabi/5.4.1/../../../../arm-none-eabi/lib/armv6-m/libc_nano.a(lib_a-nano-svfprintf.o)
                0x00021328                _svfprintf_r
                0x00021328                _svfiprintf_r
 .text._sbrk_r  0x00021524       0x24 /home/constantinos/RTES/init_software/gcc-arm-none-eabi/bin/../lib/gcc/arm-none-eabi/5.4.1/../../../../arm-none-eabi/lib/armv6-m/libc_nano.a(lib_a-sbrkr.o)
                0x00021524                _sbrk_r
 .text._raise_r
                0x00021548       0x54 /home/constantinos/RTES/init_software/gcc-arm-none-eabi/bin/../lib/gcc/arm-none-eabi/5.4.1/../../../../arm-none-eabi/lib/armv6-m/libc_nano.a(lib_a-signal.o)
                0x00021548                _raise_r
 .text.raise    0x0002159c       0x14 /home/constantinos/RTES/init_software/gcc-arm-none-eabi/bin/../lib/gcc/arm-none-eabi/5.4.1/../../../../arm-none-eabi/lib/armv6-m/libc_nano.a(lib_a-signal.o)
                0x0002159c                raise
 .text._kill_r  0x000215b0       0x24 /home/constantinos/RTES/init_software/gcc-arm-none-eabi/bin/../lib/gcc/arm-none-eabi/5.4.1/../../../../arm-none-eabi/lib/armv6-m/libc_nano.a(lib_a-signalr.o)
                0x000215b0                _kill_r
 .text._getpid_r
                0x000215d4        0x8 /home/constantinos/RTES/init_software/gcc-arm-none-eabi/bin/../lib/gcc/arm-none-eabi/5.4.1/../../../../arm-none-eabi/lib/armv6-m/libc_nano.a(lib_a-signalr.o)
                0x000215d4                _getpid_r
 .text.__sread  0x000215dc       0x28 /home/constantinos/RTES/init_software/gcc-arm-none-eabi/bin/../lib/gcc/arm-none-eabi/5.4.1/../../../../arm-none-eabi/lib/armv6-m/libc_nano.a(lib_a-stdio.o)
                0x000215dc                __sread
 .text.__swrite
                0x00021604       0x38 /home/constantinos/RTES/init_software/gcc-arm-none-eabi/bin/../lib/gcc/arm-none-eabi/5.4.1/../../../../arm-none-eabi/lib/armv6-m/libc_nano.a(lib_a-stdio.o)
                0x00021604                __swrite
 .text.__sseek  0x0002163c       0x2c /home/constantinos/RTES/init_software/gcc-arm-none-eabi/bin/../lib/gcc/arm-none-eabi/5.4.1/../../../../arm-none-eabi/lib/armv6-m/libc_nano.a(lib_a-stdio.o)
                0x0002163c                __sseek
 .text.__sclose
                0x00021668        0xc /home/constantinos/RTES/init_software/gcc-arm-none-eabi/bin/../lib/gcc/arm-none-eabi/5.4.1/../../../../arm-none-eabi/lib/armv6-m/libc_nano.a(lib_a-stdio.o)
                0x00021668                __sclose
 .text._write_r
                0x00021674       0x28 /home/constantinos/RTES/init_software/gcc-arm-none-eabi/bin/../lib/gcc/arm-none-eabi/5.4.1/../../../../arm-none-eabi/lib/armv6-m/libc_nano.a(lib_a-writer.o)
                0x00021674                _write_r
 .text._close_r
                0x0002169c       0x24 /home/constantinos/RTES/init_software/gcc-arm-none-eabi/bin/../lib/gcc/arm-none-eabi/5.4.1/../../../../arm-none-eabi/lib/armv6-m/libc_nano.a(lib_a-closer.o)
                0x0002169c                _close_r
 .text._fstat_r
                0x000216c0       0x24 /home/constantinos/RTES/init_software/gcc-arm-none-eabi/bin/../lib/gcc/arm-none-eabi/5.4.1/../../../../arm-none-eabi/lib/armv6-m/libc_nano.a(lib_a-fstatr.o)
                0x000216c0                _fstat_r
 .text._isatty_r
                0x000216e4       0x24 /home/constantinos/RTES/init_software/gcc-arm-none-eabi/bin/../lib/gcc/arm-none-eabi/5.4.1/../../../../arm-none-eabi/lib/armv6-m/libc_nano.a(lib_a-isattyr.o)
                0x000216e4                _isatty_r
 .text._lseek_r
                0x00021708       0x28 /home/constantinos/RTES/init_software/gcc-arm-none-eabi/bin/../lib/gcc/arm-none-eabi/5.4.1/../../../../arm-none-eabi/lib/armv6-m/libc_nano.a(lib_a-lseekr.o)
                0x00021708                _lseek_r
 .text.__malloc_lock
                0x00021730        0x2 /home/constantinos/RTES/init_software/gcc-arm-none-eabi/bin/../lib/gcc/arm-none-eabi/5.4.1/../../../../arm-none-eabi/lib/armv6-m/libc_nano.a(lib_a-mlock.o)
                0x00021730                __malloc_lock
 .text.__malloc_unlock
                0x00021732        0x2 /home/constantinos/RTES/init_software/gcc-arm-none-eabi/bin/../lib/gcc/arm-none-eabi/5.4.1/../../../../arm-none-eabi/lib/armv6-m/libc_nano.a(lib_a-mlock.o)
                0x00021732                __malloc_unlock
 .text._malloc_usable_size_r
                0x00021734       0x16 /home/constantinos/RTES/init_software/gcc-arm-none-eabi/bin/../lib/gcc/arm-none-eabi/5.4.1/../../../../arm-none-eabi/lib/armv6-m/libc_nano.a(lib_a-nano-msizer.o)
                0x00021734                _malloc_usable_size_r
 *fill*         0x0002174a        0x2 
 .text._read_r  0x0002174c       0x28 /home/constantinos/RTES/init_software/gcc-arm-none-eabi/bin/../lib/gcc/arm-none-eabi/5.4.1/../../../../arm-none-eabi/lib/armv6-m/libc_nano.a(lib_a-readr.o)
                0x0002174c                _read_r
 .text._close   0x00021774       0x10 /home/constantinos/RTES/init_software/gcc-arm-none-eabi/bin/../lib/gcc/arm-none-eabi/5.4.1/../../../../arm-none-eabi/lib/armv6-m/libnosys.a(close.o)
                0x00021774                _close
 .text._fstat   0x00021784       0x10 /home/constantinos/RTES/init_software/gcc-arm-none-eabi/bin/../lib/gcc/arm-none-eabi/5.4.1/../../../../arm-none-eabi/lib/armv6-m/libnosys.a(fstat.o)
                0x00021784                _fstat
 .text._getpid  0x00021794       0x10 /home/constantinos/RTES/init_software/gcc-arm-none-eabi/bin/../lib/gcc/arm-none-eabi/5.4.1/../../../../arm-none-eabi/lib/armv6-m/libnosys.a(getpid.o)
                0x00021794                _getpid
 .text._isatty  0x000217a4       0x10 /home/constantinos/RTES/init_software/gcc-arm-none-eabi/bin/../lib/gcc/arm-none-eabi/5.4.1/../../../../arm-none-eabi/lib/armv6-m/libnosys.a(isatty.o)
                0x000217a4                _isatty
 .text._kill    0x000217b4       0x10 /home/constantinos/RTES/init_software/gcc-arm-none-eabi/bin/../lib/gcc/arm-none-eabi/5.4.1/../../../../arm-none-eabi/lib/armv6-m/libnosys.a(kill.o)
                0x000217b4                _kill
 .text._lseek   0x000217c4       0x10 /home/constantinos/RTES/init_software/gcc-arm-none-eabi/bin/../lib/gcc/arm-none-eabi/5.4.1/../../../../arm-none-eabi/lib/armv6-m/libnosys.a(lseek.o)
                0x000217c4                _lseek
 .text._read    0x000217d4       0x10 /home/constantinos/RTES/init_software/gcc-arm-none-eabi/bin/../lib/gcc/arm-none-eabi/5.4.1/../../../../arm-none-eabi/lib/armv6-m/libnosys.a(read.o)
                0x000217d4                _read
 .text._sbrk    0x000217e4       0x1c /home/constantinos/RTES/init_software/gcc-arm-none-eabi/bin/../lib/gcc/arm-none-eabi/5.4.1/../../../../arm-none-eabi/lib/armv6-m/libnosys.a(sbrk.o)
                0x000217e4                _sbrk
 *(.init)
 .init          0x00021800        0x4 /home/constantinos/RTES/init_software/gcc-arm-none-eabi/bin/../lib/gcc/arm-none-eabi/5.4.1/armv6-m/crti.o
                0x00021800                _init
 .init          0x00021804        0x8 /home/constantinos/RTES/init_software/gcc-arm-none-eabi/bin/../lib/gcc/arm-none-eabi/5.4.1/armv6-m/crtn.o
 *(.fini)
 .fini          0x0002180c        0x4 /home/constantinos/RTES/init_software/gcc-arm-none-eabi/bin/../lib/gcc/arm-none-eabi/5.4.1/armv6-m/crti.o
                0x0002180c                _fini
 .fini          0x00021810        0x8 /home/constantinos/RTES/init_software/gcc-arm-none-eabi/bin/../lib/gcc/arm-none-eabi/5.4.1/armv6-m/crtn.o
 *crtbegin.o(.ctors)
 *crtbegin?.o(.ctors)
 *(EXCLUDE_FILE(*crtend.o *crtend?.o) .ctors)
 *(SORT(.ctors.*))
 *(.ctors)
 *crtbegin.o(.dtors)
 *crtbegin?.o(.dtors)
 *(EXCLUDE_FILE(*crtend.o *crtend?.o) .dtors)
 *(SORT(.dtors.*))
 *(.dtors)
 *(.rodata*)
 .rodata.str1.1
                0x00021818        0x2 /home/constantinos/RTES/init_software/gcc-arm-none-eabi/bin/../lib/gcc/arm-none-eabi/5.4.1/../../../../arm-none-eabi/lib/armv6-m/libc_nano.a(lib_a-impure.o)
 *fill*         0x0002181a        0x2 
 .rodata._global_impure_ptr
                0x0002181c        0x4 /home/constantinos/RTES/init_software/gcc-arm-none-eabi/bin/../lib/gcc/arm-none-eabi/5.4.1/../../../../arm-none-eabi/lib/armv6-m/libc_nano.a(lib_a-impure.o)
                0x0002181c                _global_impure_ptr
 .rodata.str1.4
                0x00021820       0x76 _build/in4073.o
 *fill*         0x00021896        0x2 
 .rodata.crclut
                0x00021898      0x100 _build/crc.o
                0x00021898                crclut
 .rodata.__func__.7049
                0x00021998        0x7 _build/packet_uav.o
 *fill*         0x0002199f        0x1 
 .rodata.str1.4
                0x000219a0       0x32 _build/packet_uav.o
 *fill*         0x000219d2        0x2 
 .rodata.quadrupel_timer.7098
                0x000219d4        0x4 _build/timers.o
 .rodata.str1.4
                0x000219d8       0x11 _build/uart.o
 *fill*         0x000219e9        0x3 
 .rodata.str1.4
                0x000219ec       0x38 _build/twi.o
 .rodata.str1.4
                0x00021a24       0x12 _build/ble.o
 *fill*         0x00021a36        0x2 
 .rodata.test   0x00021a38       0x28 _build/inv_mpu.o
                0x00021a38                test
 .rodata.str1.4
                0x00021a60       0xa6 _build/inv_mpu.o
 *fill*         0x00021b06        0x2 
 .rodata.hw     0x00021b08        0xc _build/inv_mpu.o
                0x00021b08                hw
 .rodata.reg    0x00021b14       0x1e _build/inv_mpu.o
                0x00021b14                reg
 *fill*         0x00021b32        0x2 
 .rodata        0x00021b34       0x4b _build/inv_mpu_dmp_motion_driver.o
 *fill*         0x00021b7f        0x1 
 .rodata.dmp_memory
                0x00021b80      0xbf6 _build/inv_mpu_dmp_motion_driver.o
 *fill*         0x00022776        0x2 
 .rodata.str1.4
                0x00022778      0x14a _build/mpu_wrapper.o
 *fill*         0x000228c2        0x2 
 .rodata.str1.4
                0x000228c4       0x27 _build/app_error.o
 *fill*         0x000228eb        0x1 
 .rodata.m_conn_params_timer_id
                0x000228ec        0x4 _build/ble_conn_params.o
 .rodata        0x000228f0       0x10 _build/ble_nus.o
 .rodata.str1.4
                0x00022900        0x8 /home/constantinos/RTES/init_software/gcc-arm-none-eabi/bin/../lib/gcc/arm-none-eabi/5.4.1/../../../../arm-none-eabi/lib/armv6-m/libm.a(lib_a-w_asin.o)
                                  0x9 (size before relaxing)
 .rodata.atanlo
                0x00022908       0x20 /home/constantinos/RTES/init_software/gcc-arm-none-eabi/bin/../lib/gcc/arm-none-eabi/5.4.1/../../../../arm-none-eabi/lib/armv6-m/libm.a(lib_a-s_atan.o)
 .rodata.atanhi
                0x00022928       0x20 /home/constantinos/RTES/init_software/gcc-arm-none-eabi/bin/../lib/gcc/arm-none-eabi/5.4.1/../../../../arm-none-eabi/lib/armv6-m/libm.a(lib_a-s_atan.o)
 .rodata        0x00022948       0x80 /home/constantinos/RTES/init_software/gcc-arm-none-eabi/bin/../lib/gcc/arm-none-eabi/5.4.1/armv6-m/libgcc.a(divsf3.o)
 .rodata        0x000229c8       0x40 /home/constantinos/RTES/init_software/gcc-arm-none-eabi/bin/../lib/gcc/arm-none-eabi/5.4.1/armv6-m/libgcc.a(mulsf3.o)
 .rodata        0x00022a08       0x40 /home/constantinos/RTES/init_software/gcc-arm-none-eabi/bin/../lib/gcc/arm-none-eabi/5.4.1/armv6-m/libgcc.a(divdf3.o)
 .rodata        0x00022a48       0x40 /home/constantinos/RTES/init_software/gcc-arm-none-eabi/bin/../lib/gcc/arm-none-eabi/5.4.1/armv6-m/libgcc.a(muldf3.o)
 .rodata.str1.1
                0x00022a88       0x3c /home/constantinos/RTES/init_software/gcc-arm-none-eabi/bin/../lib/gcc/arm-none-eabi/5.4.1/../../../../arm-none-eabi/lib/armv6-m/libc_nano.a(lib_a-assert.o)
                                 0x3d (size before relaxing)
 .rodata.str1.1
                0x00022ac4       0x11 /home/constantinos/RTES/init_software/gcc-arm-none-eabi/bin/../lib/gcc/arm-none-eabi/5.4.1/../../../../arm-none-eabi/lib/armv6-m/libc_nano.a(lib_a-nano-vfprintf.o)
 .rodata.str1.1
                0x00022ad5       0x22 /home/constantinos/RTES/init_software/gcc-arm-none-eabi/bin/../lib/gcc/arm-none-eabi/5.4.1/../../../../arm-none-eabi/lib/armv6-m/libc_nano.a(lib_a-nano-vfprintf_i.o)
 *fill*         0x00022af7        0x1 
 .rodata.__sf_fake_stdin
                0x00022af8       0x20 /home/constantinos/RTES/init_software/gcc-arm-none-eabi/bin/../lib/gcc/arm-none-eabi/5.4.1/../../../../arm-none-eabi/lib/armv6-m/libc_nano.a(lib_a-findfp.o)
                0x00022af8                __sf_fake_stdin
 .rodata.__sf_fake_stdout
                0x00022b18       0x20 /home/constantinos/RTES/init_software/gcc-arm-none-eabi/bin/../lib/gcc/arm-none-eabi/5.4.1/../../../../arm-none-eabi/lib/armv6-m/libc_nano.a(lib_a-findfp.o)
                0x00022b18                __sf_fake_stdout
 .rodata.__sf_fake_stderr
                0x00022b38       0x20 /home/constantinos/RTES/init_software/gcc-arm-none-eabi/bin/../lib/gcc/arm-none-eabi/5.4.1/../../../../arm-none-eabi/lib/armv6-m/libc_nano.a(lib_a-findfp.o)
                0x00022b38                __sf_fake_stderr
 .rodata.str1.1
                0x00022b58       0x11 /home/constantinos/RTES/init_software/gcc-arm-none-eabi/bin/../lib/gcc/arm-none-eabi/5.4.1/../../../../arm-none-eabi/lib/armv6-m/libc_nano.a(lib_a-nano-svfprintf.o)
 *(.eh_frame*)
 .eh_frame      0x00022b58        0x0 /home/constantinos/RTES/init_software/gcc-arm-none-eabi/bin/../lib/gcc/arm-none-eabi/5.4.1/armv6-m/crtbegin.o
                0x00022b6c                . = ALIGN (0x4)

.glue_7         0x00022b58        0x0
 .glue_7        0x00022b58        0x0 linker stubs

.glue_7t        0x00022b58        0x0
 .glue_7t       0x00022b58        0x0 linker stubs

.vfp11_veneer   0x00022b58        0x0
 .vfp11_veneer  0x00022b58        0x0 linker stubs

.v4_bx          0x00022b58        0x0
 .v4_bx         0x00022b58        0x0 linker stubs

.iplt           0x00022b58        0x0
 .iplt          0x00022b58        0x0 /home/constantinos/RTES/init_software/gcc-arm-none-eabi/bin/../lib/gcc/arm-none-eabi/5.4.1/armv6-m/crtbegin.o

.ARM.extab      0x00022b58        0x0
 *(.ARM.extab* .gnu.linkonce.armextab.*)
                0x00022b58                . = ALIGN (0x4)
                0x00022b58                __exidx_start = .

.ARM.exidx      0x00022b58        0x8
 *(.ARM.exidx* .gnu.linkonce.armexidx.*)
 .ARM.exidx     0x00022b58        0x8 /home/constantinos/RTES/init_software/gcc-arm-none-eabi/bin/../lib/gcc/arm-none-eabi/5.4.1/../../../../arm-none-eabi/lib/armv6-m/crt0.o
 .ARM.exidx     0x00022b60        0x0 _build/gcc_startup_nrf51.o
                                  0x8 (size before relaxing)
                0x00022b60                . = ALIGN (0x4)
                0x00022b60                __exidx_end = .
                0x00022b60                __etext = .

.rel.dyn        0x00022b60        0x0
 .rel.iplt      0x00022b60        0x0 /home/constantinos/RTES/init_software/gcc-arm-none-eabi/bin/../lib/gcc/arm-none-eabi/5.4.1/armv6-m/crtbegin.o

.data           0x20002000       0xb4 load address 0x00022b60
                0x20002000                __data_start__ = .
 *(vtable)
 *(.data*)
 .data.impure_data
                0x20002000       0x60 /home/constantinos/RTES/init_software/gcc-arm-none-eabi/bin/../lib/gcc/arm-none-eabi/5.4.1/../../../../arm-none-eabi/lib/armv6-m/libc_nano.a(lib_a-impure.o)
 .data._impure_ptr
                0x20002060        0x4 /home/constantinos/RTES/init_software/gcc-arm-none-eabi/bin/../lib/gcc/arm-none-eabi/5.4.1/../../../../arm-none-eabi/lib/armv6-m/libc_nano.a(lib_a-impure.o)
                0x20002060                _impure_ptr
 .data.txd_available
                0x20002064        0x1 _build/uart.o
                0x20002064                txd_available
 *fill*         0x20002065        0x3 
 .data.m_adv_uuids
                0x20002068        0x4 _build/ble.o
 .data.m_conn_handle
                0x2000206c        0x2 _build/ble.o
 *fill*         0x2000206e        0x2 
 .data.st       0x20002070       0x2c _build/inv_mpu.o
 .data.gyro_orientation.7018
                0x2000209c        0x9 _build/mpu_wrapper.o
 *fill*         0x200020a5        0x1 
 .data.current_slave_link_conn_handle.7275
                0x200020a6        0x2 _build/ble_advertising.o
 .data.__fdlib_version
                0x200020a8        0x1 /home/constantinos/RTES/init_software/gcc-arm-none-eabi/bin/../lib/gcc/arm-none-eabi/5.4.1/../../../../arm-none-eabi/lib/armv6-m/libm.a(lib_a-s_lib_ver.o)
                0x200020a8                __fdlib_version
                0x200020ac                . = ALIGN (0x4)
 *fill*         0x200020a9        0x3 
                0x200020ac                PROVIDE (__preinit_array_start, .)
 *(.preinit_array)
                0x200020ac                PROVIDE (__preinit_array_end, .)
                0x200020ac                . = ALIGN (0x4)
                0x200020ac                PROVIDE (__init_array_start, .)
 *(SORT(.init_array.*))
 *(.init_array)
 .init_array    0x200020ac        0x4 /home/constantinos/RTES/init_software/gcc-arm-none-eabi/bin/../lib/gcc/arm-none-eabi/5.4.1/armv6-m/crtbegin.o
                0x200020b0                PROVIDE (__init_array_end, .)
                0x200020b0                . = ALIGN (0x4)
                [!provide]                PROVIDE (__fini_array_start, .)
 *(SORT(.fini_array.*))
 *(.fini_array)
 .fini_array    0x200020b0        0x4 /home/constantinos/RTES/init_software/gcc-arm-none-eabi/bin/../lib/gcc/arm-none-eabi/5.4.1/armv6-m/crtbegin.o
                [!provide]                PROVIDE (__fini_array_end, .)
 *(.jcr)
 .jcr           0x200020b4        0x0 /home/constantinos/RTES/init_software/gcc-arm-none-eabi/bin/../lib/gcc/arm-none-eabi/5.4.1/armv6-m/crtbegin.o
                0x200020b4                . = ALIGN (0x4)
                0x200020b4                __data_end__ = .

.igot.plt       0x200020b4        0x0 load address 0x00022c14
 .igot.plt      0x200020b4        0x0 /home/constantinos/RTES/init_software/gcc-arm-none-eabi/bin/../lib/gcc/arm-none-eabi/5.4.1/armv6-m/crtbegin.o

.bss            0x200020b4      0x9a0 load address 0x00022c14
                0x200020b4                . = ALIGN (0x4)
                0x200020b4                __bss_start__ = .
 *(.bss*)
 .bss           0x200020b4       0x1c /home/constantinos/RTES/init_software/gcc-arm-none-eabi/bin/../lib/gcc/arm-none-eabi/5.4.1/armv6-m/crtbegin.o
 .bss.APP_TIMER_BUF.7094
                0x200020d0      0x1c8 _build/timers.o
 .bss.quadrupel_timer_data.7097
                0x20002298       0x20 _build/timers.o
 .bss.sent      0x200022b8        0x1 _build/twi.o
 .bss.read      0x200022b9        0x1 _build/twi.o
 .bss.loop_count
                0x200022ba        0x1 _build/baro.o
 *fill*         0x200022bb        0x1 
 .bss.prom      0x200022bc       0x10 _build/baro.o
 .bss.data      0x200022cc        0x3 _build/baro.o
 *fill*         0x200022cf        0x1 
 .bss.initTime  0x200022d0        0x4 _build/baro.o
                0x200022d0                initTime
 .bss.data.7011
                0x200022d4        0x2 _build/baro.o
 *fill*         0x200022d6        0x2 
 .bss.BLE_EVT_BUFFER.8942
                0x200022d8       0x48 _build/ble.o
 .bss.m_nus     0x20002320       0x1c _build/ble.o
 .bss.spi_config_table
                0x2000233c        0xc _build/spi_flash.o
 .bss.SPI       0x20002348        0x4 _build/spi_flash.o
 .bss.dmp       0x2000234c       0x10 _build/inv_mpu_dmp_motion_driver.o
 .bss.m_ticks_latest
                0x2000235c        0x4 _build/app_timer.o
 .bss.mp_timer_id_head
                0x20002360        0x4 _build/app_timer.o
 .bss.m_evt_schedule_func
                0x20002364        0x4 _build/app_timer.o
 .bss.m_user_array_size
                0x20002368        0x1 _build/app_timer.o
 *fill*         0x20002369        0x3 
 .bss.mp_users  0x2000236c        0x4 _build/app_timer.o
 .bss.m_ticks_elapsed_q_read_ind
                0x20002370        0x1 _build/app_timer.o
 .bss.m_ticks_elapsed_q_write_ind
                0x20002371        0x1 _build/app_timer.o
 .bss.m_rtc1_reset
                0x20002372        0x1 _build/app_timer.o
 *fill*         0x20002373        0x1 
 .bss.m_ticks_elapsed
                0x20002374        0x8 _build/app_timer.o
 .bss.m_rtc1_running
                0x2000237c        0x1 _build/app_timer.o
 *fill*         0x2000237d        0x3 
 .bss.m_cmd_queue
                0x20002380       0xcc _build/pstorage.o
 .bss.m_flags   0x2000244c        0x4 _build/pstorage.o
 .bss.m_advdata
                0x20002450       0x38 _build/ble_advertising.o
 .bss.m_manuf_specific_data
                0x20002488        0xc _build/ble_advertising.o
 .bss.m_evt_handler
                0x20002494        0x4 _build/ble_advertising.o
 .bss.m_advertising_start_pending
                0x20002498        0x1 _build/ble_advertising.o
 *fill*         0x20002499        0x3 
 .bss.m_manuf_data_array
                0x2000249c       0x1f _build/ble_advertising.o
 .bss.m_whitelist_temporarily_disabled
                0x200024bb        0x1 _build/ble_advertising.o
 .bss.m_error_handler
                0x200024bc        0x4 _build/ble_advertising.o
 .bss.m_peer_address
                0x200024c0        0x7 _build/ble_advertising.o
 *fill*         0x200024c7        0x1 
 .bss.m_adv_modes_config
                0x200024c8       0x24 _build/ble_advertising.o
 .bss.mp_whitelist_addr
                0x200024ec       0x20 _build/ble_advertising.o
 .bss.m_tx_power_level
                0x2000250c        0x1 _build/ble_advertising.o
 *fill*         0x2000250d        0x3 
 .bss.m_whitelist
                0x20002510       0x10 _build/ble_advertising.o
 .bss.m_service_data_array
                0x20002520       0x1f _build/ble_advertising.o
 .bss.m_whitelist_reply_expected
                0x2000253f        0x1 _build/ble_advertising.o
 .bss.mp_whitelist_irk
                0x20002540       0x20 _build/ble_advertising.o
 .bss.m_adv_mode_current
                0x20002560        0x1 _build/ble_advertising.o
 .bss.m_peer_addr_reply_expected
                0x20002561        0x1 _build/ble_advertising.o
 *fill*         0x20002562        0x2 
 .bss.m_slave_conn_int
                0x20002564        0x4 _build/ble_advertising.o
 .bss.m_service_data
                0x20002568        0xc _build/ble_advertising.o
 .bss.m_adv_evt
                0x20002574        0x1 _build/ble_advertising.o
 .bss.m_change_param
                0x20002575        0x1 _build/ble_conn_params.o
 *fill*         0x20002576        0x2 
 .bss.m_current_conn_params
                0x20002578        0x8 _build/ble_conn_params.o
 .bss.m_update_count
                0x20002580        0x1 _build/ble_conn_params.o
 *fill*         0x20002581        0x3 
 .bss.m_conn_params_config
                0x20002584       0x1c _build/ble_conn_params.o
 .bss.m_conn_params_timer_id_data
                0x200025a0       0x20 _build/ble_conn_params.o
 .bss.m_conn_handle
                0x200025c0        0x2 _build/ble_conn_params.o
 *fill*         0x200025c2        0x2 
 .bss.m_preferred_conn_params
                0x200025c4        0x8 _build/ble_conn_params.o
 .bss.m_softdevice_enabled
                0x200025cc        0x1 _build/softdevice_handler.o
 *fill*         0x200025cd        0x1 
 .bss.m_ble_evt_buffer_size
                0x200025ce        0x2 _build/softdevice_handler.o
 .bss.mp_ble_evt_buffer
                0x200025d0        0x4 _build/softdevice_handler.o
 .bss.m_sys_evt_handler
                0x200025d4        0x4 _build/softdevice_handler.o
 .bss.m_ble_evt_handler
                0x200025d8        0x4 _build/softdevice_handler.o
 .bss.m_evt_schedule_func
                0x200025dc        0x4 _build/softdevice_handler.o
 .bss.__malloc_sbrk_start
                0x200025e0        0x4 /home/constantinos/RTES/init_software/gcc-arm-none-eabi/bin/../lib/gcc/arm-none-eabi/5.4.1/../../../../arm-none-eabi/lib/armv6-m/libc_nano.a(lib_a-nano-mallocr.o)
                0x200025e0                __malloc_sbrk_start
 .bss.__malloc_free_list
                0x200025e4        0x4 /home/constantinos/RTES/init_software/gcc-arm-none-eabi/bin/../lib/gcc/arm-none-eabi/5.4.1/../../../../arm-none-eabi/lib/armv6-m/libc_nano.a(lib_a-nano-mallocr.o)
                0x200025e4                __malloc_free_list
 .bss.heap_end.4167
                0x200025e8        0x4 /home/constantinos/RTES/init_software/gcc-arm-none-eabi/bin/../lib/gcc/arm-none-eabi/5.4.1/../../../../arm-none-eabi/lib/armv6-m/libnosys.a(sbrk.o)
 *(COMMON)
 COMMON         0x200025ec      0x453 _build/in4073.o
                0x200025ec                say
                0x200025ee                psi
                0x200025f0                sensor_fifo_count
                0x200025f2                saz
                0x200025f4                rx_queue
                0x200026fa                phi
                0x200026fc                temperature
                0x20002700                theta
                0x20002704                pressure
                0x20002708                tx_queue
                0x2000280e                sax
                0x20002810                sq
                0x20002812                bat_volt
                0x20002814                ble_rx_queue
                0x2000291a                sp
                0x2000291c                radio_active
                0x20002920                motor
                0x20002928                last_correct_checksum_time
                0x2000292c                ble_tx_queue
                0x20002a34                ae
                0x20002a3c                sr
                0x20002a3e                demo_done
 *fill*         0x20002a3f        0x1 
 COMMON         0x20002a40        0x5 _build/timers.o
                0x20002a40                global_time
                0x20002a44                timer_flag
 *fill*         0x20002a45        0x3 
 COMMON         0x20002a48        0x8 _build/baro.o
                0x20002a48                D2
                0x20002a4c                D1
 COMMON         0x20002a50        0x4 /home/constantinos/RTES/init_software/gcc-arm-none-eabi/bin/../lib/gcc/arm-none-eabi/5.4.1/../../../../arm-none-eabi/lib/armv6-m/libc_nano.a(lib_a-reent.o)
                0x20002a50                errno
                0x20002a54                . = ALIGN (0x4)
                0x20002a54                __bss_end__ = .

.heap           0x20002a58      0x800
                0x20002a58                __end__ = .
                0x20002a58                end = __end__
 *(.heap*)
 .heap          0x20002a58      0x800 _build/gcc_startup_nrf51.o
                0x20002a58                __HeapBase
                0x20003258                __HeapLimit = .

.stack_dummy    0x20002a58      0x800
 *(.stack*)
 .stack         0x20002a58      0x800 _build/gcc_startup_nrf51.o
                0x20004000                __StackTop = (ORIGIN (RAM) + LENGTH (RAM))
                0x20003800                __StackLimit = (__StackTop - SIZEOF (.stack_dummy))
                0x20004000                PROVIDE (__stack, __StackTop)
                0x00000001                ASSERT ((__StackLimit >= __HeapLimit), region RAM overflowed with stack)
OUTPUT(_build/in4073.out elf32-littlearm)

.ARM.attributes
                0x00000000       0x28
 .ARM.attributes
                0x00000000       0x1e /home/constantinos/RTES/init_software/gcc-arm-none-eabi/bin/../lib/gcc/arm-none-eabi/5.4.1/armv6-m/crti.o
 .ARM.attributes
                0x0000001e       0x2c /home/constantinos/RTES/init_software/gcc-arm-none-eabi/bin/../lib/gcc/arm-none-eabi/5.4.1/armv6-m/crtbegin.o
 .ARM.attributes
                0x0000004a       0x1b /home/constantinos/RTES/init_software/gcc-arm-none-eabi/bin/../lib/gcc/arm-none-eabi/5.4.1/../../../../arm-none-eabi/lib/armv6-m/crt0.o
 .ARM.attributes
                0x00000065       0x2c /home/constantinos/RTES/init_software/gcc-arm-none-eabi/bin/../lib/gcc/arm-none-eabi/5.4.1/../../../../arm-none-eabi/lib/armv6-m/libc_nano.a(lib_a-exit.o)
 .ARM.attributes
                0x00000091       0x2c /home/constantinos/RTES/init_software/gcc-arm-none-eabi/bin/../lib/gcc/arm-none-eabi/5.4.1/../../../../arm-none-eabi/lib/armv6-m/libc_nano.a(lib_a-impure.o)
 .ARM.attributes
                0x000000bd       0x2c /home/constantinos/RTES/init_software/gcc-arm-none-eabi/bin/../lib/gcc/arm-none-eabi/5.4.1/../../../../arm-none-eabi/lib/armv6-m/libc_nano.a(lib_a-init.o)
 .ARM.attributes
                0x000000e9       0x2c /home/constantinos/RTES/init_software/gcc-arm-none-eabi/bin/../lib/gcc/arm-none-eabi/5.4.1/../../../../arm-none-eabi/lib/armv6-m/libc_nano.a(lib_a-memset.o)
 .ARM.attributes
                0x00000115       0x2c /home/constantinos/RTES/init_software/gcc-arm-none-eabi/bin/../lib/gcc/arm-none-eabi/5.4.1/../../../../arm-none-eabi/lib/armv6-m/libnosys.a(_exit.o)
 .ARM.attributes
                0x00000141       0x31 _build/system_nrf51.o
 .ARM.attributes
                0x00000172       0x31 _build/nrf_delay.o
 .ARM.attributes
                0x000001a3       0x31 _build/in4073.o
 .ARM.attributes
                0x000001d4       0x31 _build/control.o
 .ARM.attributes
                0x00000205       0x31 _build/crc.o
 .ARM.attributes
                0x00000236       0x31 _build/packet.o
 .ARM.attributes
                0x00000267       0x31 _build/packet_uav.o
 .ARM.attributes
                0x00000298       0x31 _build/gpio.o
 .ARM.attributes
                0x000002c9       0x31 _build/timers.o
 .ARM.attributes
                0x000002fa       0x31 _build/uart.o
 .ARM.attributes
                0x0000032b       0x31 _build/queue.o
 .ARM.attributes
                0x0000035c       0x31 _build/twi.o
 .ARM.attributes
                0x0000038d       0x31 _build/adc.o
 .ARM.attributes
                0x000003be       0x31 _build/baro.o
 .ARM.attributes
                0x000003ef       0x31 _build/ble.o
 .ARM.attributes
                0x00000420       0x31 _build/spi_flash.o
 .ARM.attributes
                0x00000451       0x31 _build/inv_mpu.o
 .ARM.attributes
                0x00000482       0x31 _build/inv_mpu_dmp_motion_driver.o
 .ARM.attributes
                0x000004b3       0x31 _build/ml.o
 .ARM.attributes
                0x000004e4       0x31 _build/mpu_wrapper.o
 .ARM.attributes
                0x00000515       0x31 _build/app_error.o
 .ARM.attributes
                0x00000546       0x31 _build/app_timer.o
 .ARM.attributes
                0x00000577       0x31 _build/pstorage.o
 .ARM.attributes
                0x000005a8       0x31 _build/ble_advdata.o
 .ARM.attributes
                0x000005d9       0x31 _build/ble_advertising.o
 .ARM.attributes
                0x0000060a       0x31 _build/ble_conn_params.o
 .ARM.attributes
                0x0000063b       0x31 _build/ble_nus.o
 .ARM.attributes
                0x0000066c       0x31 _build/softdevice_handler.o
 .ARM.attributes
                0x0000069d       0x1b _build/gcc_startup_nrf51.o
 .ARM.attributes
                0x000006b8       0x2c /home/constantinos/RTES/init_software/gcc-arm-none-eabi/bin/../lib/gcc/arm-none-eabi/5.4.1/../../../../arm-none-eabi/lib/armv6-m/libm.a(lib_a-s_fabs.o)
 .ARM.attributes
                0x000006e4       0x2c /home/constantinos/RTES/init_software/gcc-arm-none-eabi/bin/../lib/gcc/arm-none-eabi/5.4.1/../../../../arm-none-eabi/lib/armv6-m/libm.a(lib_a-w_asin.o)
 .ARM.attributes
                0x00000710       0x2c /home/constantinos/RTES/init_software/gcc-arm-none-eabi/bin/../lib/gcc/arm-none-eabi/5.4.1/../../../../arm-none-eabi/lib/armv6-m/libm.a(lib_a-w_atan2.o)
 .ARM.attributes
                0x0000073c       0x2c /home/constantinos/RTES/init_software/gcc-arm-none-eabi/bin/../lib/gcc/arm-none-eabi/5.4.1/../../../../arm-none-eabi/lib/armv6-m/libm.a(lib_a-e_asin.o)
 .ARM.attributes
                0x00000768       0x2c /home/constantinos/RTES/init_software/gcc-arm-none-eabi/bin/../lib/gcc/arm-none-eabi/5.4.1/../../../../arm-none-eabi/lib/armv6-m/libm.a(lib_a-e_atan2.o)
 .ARM.attributes
                0x00000794       0x2c /home/constantinos/RTES/init_software/gcc-arm-none-eabi/bin/../lib/gcc/arm-none-eabi/5.4.1/../../../../arm-none-eabi/lib/armv6-m/libm.a(lib_a-e_sqrt.o)
 .ARM.attributes
                0x000007c0       0x2c /home/constantinos/RTES/init_software/gcc-arm-none-eabi/bin/../lib/gcc/arm-none-eabi/5.4.1/../../../../arm-none-eabi/lib/armv6-m/libm.a(lib_a-s_atan.o)
 .ARM.attributes
                0x000007ec       0x2c /home/constantinos/RTES/init_software/gcc-arm-none-eabi/bin/../lib/gcc/arm-none-eabi/5.4.1/../../../../arm-none-eabi/lib/armv6-m/libm.a(lib_a-s_lib_ver.o)
 .ARM.attributes
                0x00000818       0x2c /home/constantinos/RTES/init_software/gcc-arm-none-eabi/bin/../lib/gcc/arm-none-eabi/5.4.1/../../../../arm-none-eabi/lib/armv6-m/libm.a(lib_a-s_matherr.o)
 .ARM.attributes
                0x00000844       0x2c /home/constantinos/RTES/init_software/gcc-arm-none-eabi/bin/../lib/gcc/arm-none-eabi/5.4.1/../../../../arm-none-eabi/lib/armv6-m/libm.a(lib_a-s_nan.o)
 .ARM.attributes
                0x00000870       0x1e /home/constantinos/RTES/init_software/gcc-arm-none-eabi/bin/../lib/gcc/arm-none-eabi/5.4.1/armv6-m/libgcc.a(_udivsi3.o)
 .ARM.attributes
                0x0000088e       0x1e /home/constantinos/RTES/init_software/gcc-arm-none-eabi/bin/../lib/gcc/arm-none-eabi/5.4.1/armv6-m/libgcc.a(_divsi3.o)
 .ARM.attributes
                0x000008ac       0x1e /home/constantinos/RTES/init_software/gcc-arm-none-eabi/bin/../lib/gcc/arm-none-eabi/5.4.1/armv6-m/libgcc.a(_dvmd_tls.o)
 .ARM.attributes
                0x000008ca       0x1e /home/constantinos/RTES/init_software/gcc-arm-none-eabi/bin/../lib/gcc/arm-none-eabi/5.4.1/armv6-m/libgcc.a(_arm_cmpdf2.o)
 .ARM.attributes
                0x000008e8       0x1e /home/constantinos/RTES/init_software/gcc-arm-none-eabi/bin/../lib/gcc/arm-none-eabi/5.4.1/armv6-m/libgcc.a(_arm_cmpsf2.o)
 .ARM.attributes
                0x00000906       0x2c /home/constantinos/RTES/init_software/gcc-arm-none-eabi/bin/../lib/gcc/arm-none-eabi/5.4.1/armv6-m/libgcc.a(_muldi3.o)
 .ARM.attributes
                0x00000932       0x2c /home/constantinos/RTES/init_software/gcc-arm-none-eabi/bin/../lib/gcc/arm-none-eabi/5.4.1/armv6-m/libgcc.a(_fixunssfsi.o)
 .ARM.attributes
                0x0000095e       0x2c /home/constantinos/RTES/init_software/gcc-arm-none-eabi/bin/../lib/gcc/arm-none-eabi/5.4.1/armv6-m/libgcc.a(addsf3.o)
 .ARM.attributes
                0x0000098a       0x2c /home/constantinos/RTES/init_software/gcc-arm-none-eabi/bin/../lib/gcc/arm-none-eabi/5.4.1/armv6-m/libgcc.a(divsf3.o)
 .ARM.attributes
                0x000009b6       0x2c /home/constantinos/RTES/init_software/gcc-arm-none-eabi/bin/../lib/gcc/arm-none-eabi/5.4.1/armv6-m/libgcc.a(eqsf2.o)
 .ARM.attributes
                0x000009e2       0x2c /home/constantinos/RTES/init_software/gcc-arm-none-eabi/bin/../lib/gcc/arm-none-eabi/5.4.1/armv6-m/libgcc.a(gesf2.o)
 .ARM.attributes
                0x00000a0e       0x2c /home/constantinos/RTES/init_software/gcc-arm-none-eabi/bin/../lib/gcc/arm-none-eabi/5.4.1/armv6-m/libgcc.a(lesf2.o)
 .ARM.attributes
                0x00000a3a       0x2c /home/constantinos/RTES/init_software/gcc-arm-none-eabi/bin/../lib/gcc/arm-none-eabi/5.4.1/armv6-m/libgcc.a(mulsf3.o)
 .ARM.attributes
                0x00000a66       0x2c /home/constantinos/RTES/init_software/gcc-arm-none-eabi/bin/../lib/gcc/arm-none-eabi/5.4.1/armv6-m/libgcc.a(subsf3.o)
 .ARM.attributes
                0x00000a92       0x2c /home/constantinos/RTES/init_software/gcc-arm-none-eabi/bin/../lib/gcc/arm-none-eabi/5.4.1/armv6-m/libgcc.a(fixsfsi.o)
 .ARM.attributes
                0x00000abe       0x2c /home/constantinos/RTES/init_software/gcc-arm-none-eabi/bin/../lib/gcc/arm-none-eabi/5.4.1/armv6-m/libgcc.a(floatsisf.o)
 .ARM.attributes
                0x00000aea       0x2c /home/constantinos/RTES/init_software/gcc-arm-none-eabi/bin/../lib/gcc/arm-none-eabi/5.4.1/armv6-m/libgcc.a(floatunsisf.o)
 .ARM.attributes
                0x00000b16       0x2c /home/constantinos/RTES/init_software/gcc-arm-none-eabi/bin/../lib/gcc/arm-none-eabi/5.4.1/armv6-m/libgcc.a(adddf3.o)
 .ARM.attributes
                0x00000b42       0x2c /home/constantinos/RTES/init_software/gcc-arm-none-eabi/bin/../lib/gcc/arm-none-eabi/5.4.1/armv6-m/libgcc.a(divdf3.o)
 .ARM.attributes
                0x00000b6e       0x2c /home/constantinos/RTES/init_software/gcc-arm-none-eabi/bin/../lib/gcc/arm-none-eabi/5.4.1/armv6-m/libgcc.a(eqdf2.o)
 .ARM.attributes
                0x00000b9a       0x2c /home/constantinos/RTES/init_software/gcc-arm-none-eabi/bin/../lib/gcc/arm-none-eabi/5.4.1/armv6-m/libgcc.a(gedf2.o)
 .ARM.attributes
                0x00000bc6       0x2c /home/constantinos/RTES/init_software/gcc-arm-none-eabi/bin/../lib/gcc/arm-none-eabi/5.4.1/armv6-m/libgcc.a(ledf2.o)
 .ARM.attributes
                0x00000bf2       0x2c /home/constantinos/RTES/init_software/gcc-arm-none-eabi/bin/../lib/gcc/arm-none-eabi/5.4.1/armv6-m/libgcc.a(muldf3.o)
 .ARM.attributes
                0x00000c1e       0x2c /home/constantinos/RTES/init_software/gcc-arm-none-eabi/bin/../lib/gcc/arm-none-eabi/5.4.1/armv6-m/libgcc.a(subdf3.o)
 .ARM.attributes
                0x00000c4a       0x2c /home/constantinos/RTES/init_software/gcc-arm-none-eabi/bin/../lib/gcc/arm-none-eabi/5.4.1/armv6-m/libgcc.a(unorddf2.o)
 .ARM.attributes
                0x00000c76       0x2c /home/constantinos/RTES/init_software/gcc-arm-none-eabi/bin/../lib/gcc/arm-none-eabi/5.4.1/armv6-m/libgcc.a(fixdfsi.o)
 .ARM.attributes
                0x00000ca2       0x2c /home/constantinos/RTES/init_software/gcc-arm-none-eabi/bin/../lib/gcc/arm-none-eabi/5.4.1/armv6-m/libgcc.a(extendsfdf2.o)
 .ARM.attributes
                0x00000cce       0x1e /home/constantinos/RTES/init_software/gcc-arm-none-eabi/bin/../lib/gcc/arm-none-eabi/5.4.1/armv6-m/libgcc.a(_clzsi2.o)
 .ARM.attributes
                0x00000cec       0x2c /home/constantinos/RTES/init_software/gcc-arm-none-eabi/bin/../lib/gcc/arm-none-eabi/5.4.1/../../../../arm-none-eabi/lib/armv6-m/libc_nano.a(lib_a-assert.o)
 .ARM.attributes
                0x00000d18       0x2c /home/constantinos/RTES/init_software/gcc-arm-none-eabi/bin/../lib/gcc/arm-none-eabi/5.4.1/../../../../arm-none-eabi/lib/armv6-m/libc_nano.a(lib_a-errno.o)
 .ARM.attributes
                0x00000d44       0x2c /home/constantinos/RTES/init_software/gcc-arm-none-eabi/bin/../lib/gcc/arm-none-eabi/5.4.1/../../../../arm-none-eabi/lib/armv6-m/libc_nano.a(lib_a-fprintf.o)
 .ARM.attributes
                0x00000d70       0x2c /home/constantinos/RTES/init_software/gcc-arm-none-eabi/bin/../lib/gcc/arm-none-eabi/5.4.1/../../../../arm-none-eabi/lib/armv6-m/libc_nano.a(lib_a-memcmp.o)
 .ARM.attributes
                0x00000d9c       0x2c /home/constantinos/RTES/init_software/gcc-arm-none-eabi/bin/../lib/gcc/arm-none-eabi/5.4.1/../../../../arm-none-eabi/lib/armv6-m/libc_nano.a(lib_a-memcpy-stub.o)
 .ARM.attributes
                0x00000dc8       0x2c /home/constantinos/RTES/init_software/gcc-arm-none-eabi/bin/../lib/gcc/arm-none-eabi/5.4.1/../../../../arm-none-eabi/lib/armv6-m/libc_nano.a(lib_a-nano-vfprintf.o)
 .ARM.attributes
                0x00000df4       0x2c /home/constantinos/RTES/init_software/gcc-arm-none-eabi/bin/../lib/gcc/arm-none-eabi/5.4.1/../../../../arm-none-eabi/lib/armv6-m/libc_nano.a(lib_a-nano-vfprintf_i.o)
 .ARM.attributes
                0x00000e20       0x2c /home/constantinos/RTES/init_software/gcc-arm-none-eabi/bin/../lib/gcc/arm-none-eabi/5.4.1/../../../../arm-none-eabi/lib/armv6-m/libc_nano.a(lib_a-printf.o)
 .ARM.attributes
                0x00000e4c       0x2c /home/constantinos/RTES/init_software/gcc-arm-none-eabi/bin/../lib/gcc/arm-none-eabi/5.4.1/../../../../arm-none-eabi/lib/armv6-m/libc_nano.a(lib_a-sprintf.o)
 .ARM.attributes
                0x00000e78       0x1c /home/constantinos/RTES/init_software/gcc-arm-none-eabi/bin/../lib/gcc/arm-none-eabi/5.4.1/../../../../arm-none-eabi/lib/armv6-m/libc_nano.a(lib_a-strlen.o)
 .ARM.attributes
                0x00000e94       0x2c /home/constantinos/RTES/init_software/gcc-arm-none-eabi/bin/../lib/gcc/arm-none-eabi/5.4.1/../../../../arm-none-eabi/lib/armv6-m/libc_nano.a(lib_a-wbuf.o)
 .ARM.attributes
                0x00000ec0       0x2c /home/constantinos/RTES/init_software/gcc-arm-none-eabi/bin/../lib/gcc/arm-none-eabi/5.4.1/../../../../arm-none-eabi/lib/armv6-m/libc_nano.a(lib_a-wsetup.o)
 .ARM.attributes
                0x00000eec       0x2c /home/constantinos/RTES/init_software/gcc-arm-none-eabi/bin/../lib/gcc/arm-none-eabi/5.4.1/../../../../arm-none-eabi/lib/armv6-m/libc_nano.a(lib_a-abort.o)
 .ARM.attributes
                0x00000f18       0x2c /home/constantinos/RTES/init_software/gcc-arm-none-eabi/bin/../lib/gcc/arm-none-eabi/5.4.1/../../../../arm-none-eabi/lib/armv6-m/libc_nano.a(lib_a-fflush.o)
 .ARM.attributes
                0x00000f44       0x2c /home/constantinos/RTES/init_software/gcc-arm-none-eabi/bin/../lib/gcc/arm-none-eabi/5.4.1/../../../../arm-none-eabi/lib/armv6-m/libc_nano.a(lib_a-findfp.o)
 .ARM.attributes
                0x00000f70       0x2c /home/constantinos/RTES/init_software/gcc-arm-none-eabi/bin/../lib/gcc/arm-none-eabi/5.4.1/../../../../arm-none-eabi/lib/armv6-m/libc_nano.a(lib_a-fwalk.o)
 .ARM.attributes
                0x00000f9c       0x2c /home/constantinos/RTES/init_software/gcc-arm-none-eabi/bin/../lib/gcc/arm-none-eabi/5.4.1/../../../../arm-none-eabi/lib/armv6-m/libc_nano.a(lib_a-makebuf.o)
 .ARM.attributes
                0x00000fc8       0x2c /home/constantinos/RTES/init_software/gcc-arm-none-eabi/bin/../lib/gcc/arm-none-eabi/5.4.1/../../../../arm-none-eabi/lib/armv6-m/libc_nano.a(lib_a-memchr-stub.o)
 .ARM.attributes
                0x00000ff4       0x2c /home/constantinos/RTES/init_software/gcc-arm-none-eabi/bin/../lib/gcc/arm-none-eabi/5.4.1/../../../../arm-none-eabi/lib/armv6-m/libc_nano.a(lib_a-memmove.o)
 .ARM.attributes
                0x00001020       0x2c /home/constantinos/RTES/init_software/gcc-arm-none-eabi/bin/../lib/gcc/arm-none-eabi/5.4.1/../../../../arm-none-eabi/lib/armv6-m/libc_nano.a(lib_a-nano-freer.o)
 .ARM.attributes
                0x0000104c       0x2c /home/constantinos/RTES/init_software/gcc-arm-none-eabi/bin/../lib/gcc/arm-none-eabi/5.4.1/../../../../arm-none-eabi/lib/armv6-m/libc_nano.a(lib_a-nano-mallocr.o)
 .ARM.attributes
                0x00001078       0x2c /home/constantinos/RTES/init_software/gcc-arm-none-eabi/bin/../lib/gcc/arm-none-eabi/5.4.1/../../../../arm-none-eabi/lib/armv6-m/libc_nano.a(lib_a-nano-reallocr.o)
 .ARM.attributes
                0x000010a4       0x2c /home/constantinos/RTES/init_software/gcc-arm-none-eabi/bin/../lib/gcc/arm-none-eabi/5.4.1/../../../../arm-none-eabi/lib/armv6-m/libc_nano.a(lib_a-nano-svfprintf.o)
 .ARM.attributes
                0x000010d0       0x2c /home/constantinos/RTES/init_software/gcc-arm-none-eabi/bin/../lib/gcc/arm-none-eabi/5.4.1/../../../../arm-none-eabi/lib/armv6-m/libc_nano.a(lib_a-sbrkr.o)
 .ARM.attributes
                0x000010fc       0x2c /home/constantinos/RTES/init_software/gcc-arm-none-eabi/bin/../lib/gcc/arm-none-eabi/5.4.1/../../../../arm-none-eabi/lib/armv6-m/libc_nano.a(lib_a-signal.o)
 .ARM.attributes
                0x00001128       0x2c /home/constantinos/RTES/init_software/gcc-arm-none-eabi/bin/../lib/gcc/arm-none-eabi/5.4.1/../../../../arm-none-eabi/lib/armv6-m/libc_nano.a(lib_a-signalr.o)
 .ARM.attributes
                0x00001154       0x2c /home/constantinos/RTES/init_software/gcc-arm-none-eabi/bin/../lib/gcc/arm-none-eabi/5.4.1/../../../../arm-none-eabi/lib/armv6-m/libc_nano.a(lib_a-stdio.o)
 .ARM.attributes
                0x00001180       0x2c /home/constantinos/RTES/init_software/gcc-arm-none-eabi/bin/../lib/gcc/arm-none-eabi/5.4.1/../../../../arm-none-eabi/lib/armv6-m/libc_nano.a(lib_a-writer.o)
 .ARM.attributes
                0x000011ac       0x2c /home/constantinos/RTES/init_software/gcc-arm-none-eabi/bin/../lib/gcc/arm-none-eabi/5.4.1/../../../../arm-none-eabi/lib/armv6-m/libc_nano.a(lib_a-closer.o)
 .ARM.attributes
                0x000011d8       0x2c /home/constantinos/RTES/init_software/gcc-arm-none-eabi/bin/../lib/gcc/arm-none-eabi/5.4.1/../../../../arm-none-eabi/lib/armv6-m/libc_nano.a(lib_a-fstatr.o)
 .ARM.attributes
                0x00001204       0x2c /home/constantinos/RTES/init_software/gcc-arm-none-eabi/bin/../lib/gcc/arm-none-eabi/5.4.1/../../../../arm-none-eabi/lib/armv6-m/libc_nano.a(lib_a-isattyr.o)
 .ARM.attributes
                0x00001230       0x2c /home/constantinos/RTES/init_software/gcc-arm-none-eabi/bin/../lib/gcc/arm-none-eabi/5.4.1/../../../../arm-none-eabi/lib/armv6-m/libc_nano.a(lib_a-lseekr.o)
 .ARM.attributes
                0x0000125c       0x2c /home/constantinos/RTES/init_software/gcc-arm-none-eabi/bin/../lib/gcc/arm-none-eabi/5.4.1/../../../../arm-none-eabi/lib/armv6-m/libc_nano.a(lib_a-mlock.o)
 .ARM.attributes
                0x00001288       0x2c /home/constantinos/RTES/init_software/gcc-arm-none-eabi/bin/../lib/gcc/arm-none-eabi/5.4.1/../../../../arm-none-eabi/lib/armv6-m/libc_nano.a(lib_a-nano-msizer.o)
 .ARM.attributes
                0x000012b4       0x2c /home/constantinos/RTES/init_software/gcc-arm-none-eabi/bin/../lib/gcc/arm-none-eabi/5.4.1/../../../../arm-none-eabi/lib/armv6-m/libc_nano.a(lib_a-readr.o)
 .ARM.attributes
                0x000012e0       0x2c /home/constantinos/RTES/init_software/gcc-arm-none-eabi/bin/../lib/gcc/arm-none-eabi/5.4.1/../../../../arm-none-eabi/lib/armv6-m/libc_nano.a(lib_a-reent.o)
 .ARM.attributes
                0x0000130c       0x1e /home/constantinos/RTES/init_software/gcc-arm-none-eabi/bin/../lib/gcc/arm-none-eabi/5.4.1/armv6-m/crtn.o
 .ARM.attributes
                0x0000132a       0x2c /home/constantinos/RTES/init_software/gcc-arm-none-eabi/bin/../lib/gcc/arm-none-eabi/5.4.1/../../../../arm-none-eabi/lib/armv6-m/libnosys.a(close.o)
 .ARM.attributes
                0x00001356       0x2c /home/constantinos/RTES/init_software/gcc-arm-none-eabi/bin/../lib/gcc/arm-none-eabi/5.4.1/../../../../arm-none-eabi/lib/armv6-m/libnosys.a(fstat.o)
 .ARM.attributes
                0x00001382       0x2c /home/constantinos/RTES/init_software/gcc-arm-none-eabi/bin/../lib/gcc/arm-none-eabi/5.4.1/../../../../arm-none-eabi/lib/armv6-m/libnosys.a(getpid.o)
 .ARM.attributes
                0x000013ae       0x2c /home/constantinos/RTES/init_software/gcc-arm-none-eabi/bin/../lib/gcc/arm-none-eabi/5.4.1/../../../../arm-none-eabi/lib/armv6-m/libnosys.a(isatty.o)
 .ARM.attributes
                0x000013da       0x2c /home/constantinos/RTES/init_software/gcc-arm-none-eabi/bin/../lib/gcc/arm-none-eabi/5.4.1/../../../../arm-none-eabi/lib/armv6-m/libnosys.a(kill.o)
 .ARM.attributes
                0x00001406       0x2c /home/constantinos/RTES/init_software/gcc-arm-none-eabi/bin/../lib/gcc/arm-none-eabi/5.4.1/../../../../arm-none-eabi/lib/armv6-m/libnosys.a(lseek.o)
 .ARM.attributes
                0x00001432       0x2c /home/constantinos/RTES/init_software/gcc-arm-none-eabi/bin/../lib/gcc/arm-none-eabi/5.4.1/../../../../arm-none-eabi/lib/armv6-m/libnosys.a(read.o)
 .ARM.attributes
                0x0000145e       0x2c /home/constantinos/RTES/init_software/gcc-arm-none-eabi/bin/../lib/gcc/arm-none-eabi/5.4.1/../../../../arm-none-eabi/lib/armv6-m/libnosys.a(sbrk.o)

.comment        0x00000000       0x6e
 .comment       0x00000000       0x6e _build/system_nrf51.o
                                 0x6f (size before relaxing)
 .comment       0x0000006e       0x6f _build/nrf_delay.o
 .comment       0x0000006e       0x6f _build/in4073.o
 .comment       0x0000006e       0x6f _build/control.o
 .comment       0x0000006e       0x6f _build/crc.o
 .comment       0x0000006e       0x6f _build/packet.o
 .comment       0x0000006e       0x6f _build/packet_uav.o
 .comment       0x0000006e       0x6f _build/gpio.o
 .comment       0x0000006e       0x6f _build/timers.o
 .comment       0x0000006e       0x6f _build/uart.o
 .comment       0x0000006e       0x6f _build/queue.o
 .comment       0x0000006e       0x6f _build/twi.o
 .comment       0x0000006e       0x6f _build/adc.o
 .comment       0x0000006e       0x6f _build/baro.o
 .comment       0x0000006e       0x6f _build/ble.o
 .comment       0x0000006e       0x6f _build/spi_flash.o
 .comment       0x0000006e       0x6f _build/inv_mpu.o
 .comment       0x0000006e       0x6f _build/inv_mpu_dmp_motion_driver.o
 .comment       0x0000006e       0x6f _build/ml.o
 .comment       0x0000006e       0x6f _build/mpu_wrapper.o
 .comment       0x0000006e       0x6f _build/app_error.o
 .comment       0x0000006e       0x6f _build/app_timer.o
 .comment       0x0000006e       0x6f _build/pstorage.o
 .comment       0x0000006e       0x6f _build/ble_advdata.o
 .comment       0x0000006e       0x6f _build/ble_advertising.o
 .comment       0x0000006e       0x6f _build/ble_conn_params.o
 .comment       0x0000006e       0x6f _build/ble_nus.o
 .comment       0x0000006e       0x6f _build/softdevice_handler.o

.debug_frame    0x00000000     0x1218
 .debug_frame   0x00000000       0x28 /home/constantinos/RTES/init_software/gcc-arm-none-eabi/bin/../lib/gcc/arm-none-eabi/5.4.1/../../../../arm-none-eabi/lib/armv6-m/libc_nano.a(lib_a-exit.o)
 .debug_frame   0x00000028       0x2c /home/constantinos/RTES/init_software/gcc-arm-none-eabi/bin/../lib/gcc/arm-none-eabi/5.4.1/../../../../arm-none-eabi/lib/armv6-m/libc_nano.a(lib_a-init.o)
 .debug_frame   0x00000054       0x20 /home/constantinos/RTES/init_software/gcc-arm-none-eabi/bin/../lib/gcc/arm-none-eabi/5.4.1/../../../../arm-none-eabi/lib/armv6-m/libc_nano.a(lib_a-memset.o)
 .debug_frame   0x00000074       0x20 /home/constantinos/RTES/init_software/gcc-arm-none-eabi/bin/../lib/gcc/arm-none-eabi/5.4.1/../../../../arm-none-eabi/lib/armv6-m/libnosys.a(_exit.o)
 .debug_frame   0x00000094       0x20 /home/constantinos/RTES/init_software/gcc-arm-none-eabi/bin/../lib/gcc/arm-none-eabi/5.4.1/../../../../arm-none-eabi/lib/armv6-m/libm.a(lib_a-s_fabs.o)
 .debug_frame   0x000000b4       0x38 /home/constantinos/RTES/init_software/gcc-arm-none-eabi/bin/../lib/gcc/arm-none-eabi/5.4.1/../../../../arm-none-eabi/lib/armv6-m/libm.a(lib_a-w_asin.o)
 .debug_frame   0x000000ec       0x28 /home/constantinos/RTES/init_software/gcc-arm-none-eabi/bin/../lib/gcc/arm-none-eabi/5.4.1/../../../../arm-none-eabi/lib/armv6-m/libm.a(lib_a-w_atan2.o)
 .debug_frame   0x00000114       0x38 /home/constantinos/RTES/init_software/gcc-arm-none-eabi/bin/../lib/gcc/arm-none-eabi/5.4.1/../../../../arm-none-eabi/lib/armv6-m/libm.a(lib_a-e_asin.o)
 .debug_frame   0x0000014c       0x38 /home/constantinos/RTES/init_software/gcc-arm-none-eabi/bin/../lib/gcc/arm-none-eabi/5.4.1/../../../../arm-none-eabi/lib/armv6-m/libm.a(lib_a-e_atan2.o)
 .debug_frame   0x00000184       0x3c /home/constantinos/RTES/init_software/gcc-arm-none-eabi/bin/../lib/gcc/arm-none-eabi/5.4.1/../../../../arm-none-eabi/lib/armv6-m/libm.a(lib_a-e_sqrt.o)
 .debug_frame   0x000001c0       0x3c /home/constantinos/RTES/init_software/gcc-arm-none-eabi/bin/../lib/gcc/arm-none-eabi/5.4.1/../../../../arm-none-eabi/lib/armv6-m/libm.a(lib_a-s_atan.o)
 .debug_frame   0x000001fc       0x20 /home/constantinos/RTES/init_software/gcc-arm-none-eabi/bin/../lib/gcc/arm-none-eabi/5.4.1/../../../../arm-none-eabi/lib/armv6-m/libm.a(lib_a-s_matherr.o)
 .debug_frame   0x0000021c       0x20 /home/constantinos/RTES/init_software/gcc-arm-none-eabi/bin/../lib/gcc/arm-none-eabi/5.4.1/../../../../arm-none-eabi/lib/armv6-m/libm.a(lib_a-s_nan.o)
 .debug_frame   0x0000023c       0x20 /home/constantinos/RTES/init_software/gcc-arm-none-eabi/bin/../lib/gcc/arm-none-eabi/5.4.1/armv6-m/libgcc.a(_udivsi3.o)
 .debug_frame   0x0000025c       0x20 /home/constantinos/RTES/init_software/gcc-arm-none-eabi/bin/../lib/gcc/arm-none-eabi/5.4.1/armv6-m/libgcc.a(_divsi3.o)
 .debug_frame   0x0000027c       0x34 /home/constantinos/RTES/init_software/gcc-arm-none-eabi/bin/../lib/gcc/arm-none-eabi/5.4.1/armv6-m/libgcc.a(_muldi3.o)
 .debug_frame   0x000002b0       0x28 /home/constantinos/RTES/init_software/gcc-arm-none-eabi/bin/../lib/gcc/arm-none-eabi/5.4.1/armv6-m/libgcc.a(_fixunssfsi.o)
 .debug_frame   0x000002d8       0x30 /home/constantinos/RTES/init_software/gcc-arm-none-eabi/bin/../lib/gcc/arm-none-eabi/5.4.1/armv6-m/libgcc.a(addsf3.o)
 .debug_frame   0x00000308       0x3c /home/constantinos/RTES/init_software/gcc-arm-none-eabi/bin/../lib/gcc/arm-none-eabi/5.4.1/armv6-m/libgcc.a(divsf3.o)
 .debug_frame   0x00000344       0x2c /home/constantinos/RTES/init_software/gcc-arm-none-eabi/bin/../lib/gcc/arm-none-eabi/5.4.1/armv6-m/libgcc.a(eqsf2.o)
 .debug_frame   0x00000370       0x30 /home/constantinos/RTES/init_software/gcc-arm-none-eabi/bin/../lib/gcc/arm-none-eabi/5.4.1/armv6-m/libgcc.a(gesf2.o)
 .debug_frame   0x000003a0       0x30 /home/constantinos/RTES/init_software/gcc-arm-none-eabi/bin/../lib/gcc/arm-none-eabi/5.4.1/armv6-m/libgcc.a(lesf2.o)
 .debug_frame   0x000003d0       0x38 /home/constantinos/RTES/init_software/gcc-arm-none-eabi/bin/../lib/gcc/arm-none-eabi/5.4.1/armv6-m/libgcc.a(mulsf3.o)
 .debug_frame   0x00000408       0x30 /home/constantinos/RTES/init_software/gcc-arm-none-eabi/bin/../lib/gcc/arm-none-eabi/5.4.1/armv6-m/libgcc.a(subsf3.o)
 .debug_frame   0x00000438       0x20 /home/constantinos/RTES/init_software/gcc-arm-none-eabi/bin/../lib/gcc/arm-none-eabi/5.4.1/armv6-m/libgcc.a(fixsfsi.o)
 .debug_frame   0x00000458       0x2c /home/constantinos/RTES/init_software/gcc-arm-none-eabi/bin/../lib/gcc/arm-none-eabi/5.4.1/armv6-m/libgcc.a(floatsisf.o)
 .debug_frame   0x00000484       0x2c /home/constantinos/RTES/init_software/gcc-arm-none-eabi/bin/../lib/gcc/arm-none-eabi/5.4.1/armv6-m/libgcc.a(floatunsisf.o)
 .debug_frame   0x000004b0       0x3c /home/constantinos/RTES/init_software/gcc-arm-none-eabi/bin/../lib/gcc/arm-none-eabi/5.4.1/armv6-m/libgcc.a(adddf3.o)
 .debug_frame   0x000004ec       0x3c /home/constantinos/RTES/init_software/gcc-arm-none-eabi/bin/../lib/gcc/arm-none-eabi/5.4.1/armv6-m/libgcc.a(divdf3.o)
 .debug_frame   0x00000528       0x38 /home/constantinos/RTES/init_software/gcc-arm-none-eabi/bin/../lib/gcc/arm-none-eabi/5.4.1/armv6-m/libgcc.a(eqdf2.o)
 .debug_frame   0x00000560       0x38 /home/constantinos/RTES/init_software/gcc-arm-none-eabi/bin/../lib/gcc/arm-none-eabi/5.4.1/armv6-m/libgcc.a(gedf2.o)
 .debug_frame   0x00000598       0x38 /home/constantinos/RTES/init_software/gcc-arm-none-eabi/bin/../lib/gcc/arm-none-eabi/5.4.1/armv6-m/libgcc.a(ledf2.o)
 .debug_frame   0x000005d0       0x3c /home/constantinos/RTES/init_software/gcc-arm-none-eabi/bin/../lib/gcc/arm-none-eabi/5.4.1/armv6-m/libgcc.a(muldf3.o)
 .debug_frame   0x0000060c       0x38 /home/constantinos/RTES/init_software/gcc-arm-none-eabi/bin/../lib/gcc/arm-none-eabi/5.4.1/armv6-m/libgcc.a(subdf3.o)
 .debug_frame   0x00000644       0x2c /home/constantinos/RTES/init_software/gcc-arm-none-eabi/bin/../lib/gcc/arm-none-eabi/5.4.1/armv6-m/libgcc.a(unorddf2.o)
 .debug_frame   0x00000670       0x2c /home/constantinos/RTES/init_software/gcc-arm-none-eabi/bin/../lib/gcc/arm-none-eabi/5.4.1/armv6-m/libgcc.a(fixdfsi.o)
 .debug_frame   0x0000069c       0x2c /home/constantinos/RTES/init_software/gcc-arm-none-eabi/bin/../lib/gcc/arm-none-eabi/5.4.1/armv6-m/libgcc.a(extendsfdf2.o)
 .debug_frame   0x000006c8       0x4c /home/constantinos/RTES/init_software/gcc-arm-none-eabi/bin/../lib/gcc/arm-none-eabi/5.4.1/../../../../arm-none-eabi/lib/armv6-m/libc_nano.a(lib_a-assert.o)
 .debug_frame   0x00000714       0x20 /home/constantinos/RTES/init_software/gcc-arm-none-eabi/bin/../lib/gcc/arm-none-eabi/5.4.1/../../../../arm-none-eabi/lib/armv6-m/libc_nano.a(lib_a-errno.o)
 .debug_frame   0x00000734       0x4c /home/constantinos/RTES/init_software/gcc-arm-none-eabi/bin/../lib/gcc/arm-none-eabi/5.4.1/../../../../arm-none-eabi/lib/armv6-m/libc_nano.a(lib_a-fprintf.o)
 .debug_frame   0x00000780       0x2c /home/constantinos/RTES/init_software/gcc-arm-none-eabi/bin/../lib/gcc/arm-none-eabi/5.4.1/../../../../arm-none-eabi/lib/armv6-m/libc_nano.a(lib_a-memcmp.o)